Device: GPU
Key directory: /root/heaan_setting/FGb/keys/
Keys preloaded: enc, mult, conj, 45 rotation keys
Key loaded
Warm-up encrypt start [GPU]
Warm-up encrypt done
Warm-up bootstrap start
Warm-up bootstrap done

HEAAN ENGINE LOAD SUCCESS [device=GPU]


==== bench start 2026-10-06 07:45:03  PREDS=['geo', 'edr', 'phone'] MULTIPLES=[1, 2, 4, 8] REPS=30
OK geo   radius 1.0 km      1x  1 ct    32768 rows  mean    0.45s  std  0.00s  (warm-up   0.46s)  bs   4  cheb    8  reps 30
OK geo   radius 1.0 km      2x  2 ct    65536 rows  mean    0.89s  std  0.00s  (warm-up   0.90s)  bs   8  cheb   16  reps 30
OK geo   radius 1.0 km      4x  4 ct   131072 rows  mean    1.79s  std  0.01s  (warm-up   1.80s)  bs  16  cheb   32  reps 30
OK geo   radius 1.0 km      8x  8 ct   262144 rows  mean    3.58s  std  0.00s  (warm-up   3.56s)  bs  32  cheb   64  reps 30
OK edr   speed threshold    1x  1 ct    32768 rows  mean    0.44s  std  0.00s  (warm-up   0.43s)  bs   4  cheb    8  reps 30
OK edr   time window        1x  1 ct    32768 rows  mean    0.89s  std  0.00s  (warm-up   0.88s)  bs   8  cheb   16  reps 30
OK edr   speed threshold    2x  2 ct    65536 rows  mean    0.89s  std  0.00s  (warm-up   0.88s)  bs   8  cheb   16  reps 30
OK edr   time window        2x  2 ct    65536 rows  mean    1.78s  std  0.00s  (warm-up   1.77s)  bs  16  cheb   32  reps 30
OK edr   speed threshold    4x  4 ct   131072 rows  mean    1.78s  std  0.00s  (warm-up   1.76s)  bs  16  cheb   32  reps 30
OK edr   time window        4x  4 ct   131072 rows  mean    3.55s  std  0.00s  (warm-up   3.55s)  bs  32  cheb   64  reps 30
OK edr   speed threshold    8x  8 ct   262144 rows  mean    3.55s  std  0.00s  (warm-up   3.54s)  bs  32  cheb   64  reps 30
OK edr   time window        8x  8 ct   262144 rows  mean    7.11s  std  0.00s  (warm-up   7.11s)  bs  64  cheb  128  reps 30
bootstrapping!!
bootstrapping!!
bootstrapping!!
bootstrapping!!
bootstrapping!!
bootstrapping!!
bootstrapping!!
bootstrapping!!
bootstrapping!!
bootstrapping!!
bootstrapping!!
bootstrapping!!
bootstrapping!!
bootstrapping!!
bootstrapping!!
bootstrapping!!
bootstrapping!!
bootstrapping!!
bootstrapping!!
bootstrapping!!
bootstrapping!!
bootstrapping!!
bootstrapping!!
bootstrapping!!
bootstrapping!!
bootstrapping!!
bootstrapping!!
bootstrapping!!
bootstrapping!!
bootstrapping!!
bootstrapping!!
bootstrapping!!
bootstrapping!!
bootstrapping!!
bootstrapping!!
bootstrapping!!
bootstrapping!!
bootstrapping!!
bootstrapping!!
bootstrapping!!
bootstrapping!!
bootstrapping!!
bootstrapping!!
bootstrapping!!
bootstrapping!!
bootstrapping!!
bootstrapping!!
bootstrapping!!
bootstrapping!!
bootstrapping!!
bootstrapping!!
bootstrapping!!
bootstrapping!!
bootstrapping!!
bootstrapping!!
bootstrapping!!
bootstrapping!!
bootstrapping!!
bootstrapping!!
bootstrapping!!
bootstrapping!!
bootstrapping!!
bootstrapping!!
bootstrapping!!
bootstrapping!!
bootstrapping!!
bootstrapping!!
bootstrapping!!
bootstrapping!!
bootstrapping!!
bootstrapping!!
bootstrapping!!
bootstrapping!!
bootstrapping!!
bootstrapping!!
bootstrapping!!
bootstrapping!!
bootstrapping!!
bootstrapping!!
bootstrapping!!
bootstrapping!!
bootstrapping!!
bootstrapping!!
bootstrapping!!
bootstrapping!!
bootstrapping!!
bootstrapping!!
bootstrapping!!
bootstrapping!!
bootstrapping!!
bootstrapping!!
bootstrapping!!
bootstrapping!!
OK phone match + existence  1x  1 ct    32768 rows  mean    3.35s  std  0.00s  (warm-up   3.34s)  bs  31  cheb   56  reps 30
bootstrapping!!
bootstrapping!!
bootstrapping!!
bootstrapping!!
bootstrapping!!
bootstrapping!!
bootstrapping!!
bootstrapping!!
bootstrapping!!
bootstrapping!!
bootstrapping!!
bootstrapping!!
bootstrapping!!
bootstrapping!!
bootstrapping!!
bootstrapping!!
bootstrapping!!
bootstrapping!!
bootstrapping!!
bootstrapping!!
bootstrapping!!
bootstrapping!!
bootstrapping!!
bootstrapping!!
bootstrapping!!
bootstrapping!!
bootstrapping!!
bootstrapping!!
bootstrapping!!
bootstrapping!!
bootstrapping!!
bootstrapping!!
bootstrapping!!
bootstrapping!!
bootstrapping!!
bootstrapping!!
bootstrapping!!
bootstrapping!!
bootstrapping!!
bootstrapping!!
bootstrapping!!
bootstrapping!!
bootstrapping!!
bootstrapping!!
bootstrapping!!
bootstrapping!!
bootstrapping!!
bootstrapping!!
bootstrapping!!
bootstrapping!!
bootstrapping!!
bootstrapping!!
bootstrapping!!
bootstrapping!!
bootstrapping!!
bootstrapping!!
bootstrapping!!
bootstrapping!!
bootstrapping!!
bootstrapping!!
bootstrapping!!
bootstrapping!!
bootstrapping!!
bootstrapping!!
bootstrapping!!
bootstrapping!!
bootstrapping!!
bootstrapping!!
bootstrapping!!
bootstrapping!!
bootstrapping!!
bootstrapping!!
bootstrapping!!
bootstrapping!!
bootstrapping!!
bootstrapping!!
bootstrapping!!
bootstrapping!!
bootstrapping!!
bootstrapping!!
bootstrapping!!
bootstrapping!!
bootstrapping!!
bootstrapping!!
bootstrapping!!
bootstrapping!!
bootstrapping!!
bootstrapping!!
bootstrapping!!
bootstrapping!!
bootstrapping!!
bootstrapping!!
bootstrapping!!
OK phone match + existence  2x  2 ct    65536 rows  mean    6.24s  std  0.00s  (warm-up   6.23s)  bs  58  cheb  104  reps 30
bootstrapping!!
bootstrapping!!
bootstrapping!!
bootstrapping!!
bootstrapping!!
bootstrapping!!
bootstrapping!!
bootstrapping!!
bootstrapping!!
bootstrapping!!
bootstrapping!!
bootstrapping!!
bootstrapping!!
bootstrapping!!
bootstrapping!!
bootstrapping!!
bootstrapping!!
bootstrapping!!
bootstrapping!!
bootstrapping!!
bootstrapping!!
bootstrapping!!
bootstrapping!!
bootstrapping!!
bootstrapping!!
bootstrapping!!
bootstrapping!!
bootstrapping!!
bootstrapping!!
bootstrapping!!
bootstrapping!!
bootstrapping!!
bootstrapping!!
bootstrapping!!
bootstrapping!!
bootstrapping!!
bootstrapping!!
bootstrapping!!
bootstrapping!!
bootstrapping!!
bootstrapping!!
bootstrapping!!
bootstrapping!!
bootstrapping!!
bootstrapping!!
bootstrapping!!
bootstrapping!!
bootstrapping!!
bootstrapping!!
bootstrapping!!
bootstrapping!!
bootstrapping!!
bootstrapping!!
bootstrapping!!
bootstrapping!!
bootstrapping!!
bootstrapping!!
bootstrapping!!
bootstrapping!!
bootstrapping!!
bootstrapping!!
bootstrapping!!
bootstrapping!!
bootstrapping!!
bootstrapping!!
bootstrapping!!
bootstrapping!!
bootstrapping!!
bootstrapping!!
bootstrapping!!
bootstrapping!!
bootstrapping!!
bootstrapping!!
bootstrapping!!
bootstrapping!!
bootstrapping!!
bootstrapping!!
bootstrapping!!
bootstrapping!!
bootstrapping!!
bootstrapping!!
bootstrapping!!
bootstrapping!!
bootstrapping!!
bootstrapping!!
bootstrapping!!
bootstrapping!!
bootstrapping!!
bootstrapping!!
bootstrapping!!
bootstrapping!!
bootstrapping!!
bootstrapping!!
OK phone match + existence  4x  4 ct   131072 rows  mean   12.04s  std  0.00s  (warm-up  12.02s)  bs 112  cheb  200  reps 30
bootstrapping!!
bootstrapping!!
bootstrapping!!
bootstrapping!!
bootstrapping!!
bootstrapping!!
bootstrapping!!
bootstrapping!!
bootstrapping!!
bootstrapping!!
bootstrapping!!
bootstrapping!!
bootstrapping!!
bootstrapping!!
bootstrapping!!
bootstrapping!!
bootstrapping!!
bootstrapping!!
bootstrapping!!
bootstrapping!!
bootstrapping!!
bootstrapping!!
bootstrapping!!
bootstrapping!!
bootstrapping!!
bootstrapping!!
bootstrapping!!
bootstrapping!!
bootstrapping!!
bootstrapping!!
bootstrapping!!
bootstrapping!!
bootstrapping!!
bootstrapping!!
bootstrapping!!
bootstrapping!!
bootstrapping!!
bootstrapping!!
bootstrapping!!
bootstrapping!!
bootstrapping!!
bootstrapping!!
bootstrapping!!
bootstrapping!!
bootstrapping!!
bootstrapping!!
bootstrapping!!
bootstrapping!!
bootstrapping!!
bootstrapping!!
bootstrapping!!
bootstrapping!!
bootstrapping!!
bootstrapping!!
bootstrapping!!
bootstrapping!!
bootstrapping!!
bootstrapping!!
bootstrapping!!
bootstrapping!!
bootstrapping!!
bootstrapping!!
bootstrapping!!
bootstrapping!!
bootstrapping!!
bootstrapping!!
bootstrapping!!
bootstrapping!!
bootstrapping!!
bootstrapping!!
bootstrapping!!
bootstrapping!!
bootstrapping!!
bootstrapping!!
bootstrapping!!
bootstrapping!!
bootstrapping!!
bootstrapping!!
bootstrapping!!
bootstrapping!!
bootstrapping!!
bootstrapping!!
bootstrapping!!
bootstrapping!!
bootstrapping!!
bootstrapping!!
bootstrapping!!
bootstrapping!!
bootstrapping!!
bootstrapping!!
bootstrapping!!
bootstrapping!!
bootstrapping!!
OK phone match + existence  8x  8 ct   262144 rows  mean   23.63s  std  0.00s  (warm-up  23.65s)  bs 220  cheb  392  reps 30
==== bench done 2026-10-06 08:22:27
 
 ****************************************************************************** 
 *                                                                            * 
 *               STARTING cba72948-545f-3cab-9ee3-f6078a90bf4e                * 
 *                                                                            * 
 ****************************************************************************** 
 executing: bash
