Device: GPU
Key directory: /root/heaan_setting/FGb/keys/
Keys preloaded: enc, mult, conj, 45 rotation keys
Key loaded
Warm-up encrypt start [GPU]
Warm-up encrypt done
Warm-up bootstrap start
Warm-up bootstrap done

HEAAN ENGINE LOAD SUCCESS [device=GPU]


[k5_kitkat] 6820 of 6820 rows used, 246 rows with coordinates
Query center 37.31808 127.12741  projected to 211293.56 524321.29

  stat    radius     plain   cipher     agreement   outside worst   inside worst   inside best      TIME    ENC TIME     PLAIN TIME
  OK       0.2 km        3        3   32768/32768     3.193e-09     0.7659147630   0.9999999997     0.46s    33.890ms      0.086ms   bs  4  cheb   8
  first 20 slots : [-8.040567378719933e-11, -3.638875232481406e-10, 5.261467042308275e-10, -2.0760333842730464e-10, 3.17294492470728e-10, -1.660109767500696e-10, -4.347332728291407e-10, 1.8178825024792884e-10, 1.077239840935903e-09, 2.2008009481304833e-10, 3.809689803505685e-10, 8.952458797614466e-10, -6.747992962743168e-10, -4.763354356577368e-11, 4.985525873125422e-10, -3.04232766848666e-10, -4.882611026496801e-10, 2.9140926647285884e-10, -4.442414959344636e-10, 1.5926661835669818e-10]
  plain            : [0, 0, 0, 0, 0, 0, 0, 0, 0, 0, 0, 0, 0, 0, 0, 0, 0, 0, 0, 0]
  OK       0.5 km       13       13   32768/32768     3.323e-09     0.9999999994   1.0000000010     0.44s    35.138ms      0.087ms   bs  4  cheb   8
  first 20 slots : [4.5164739145950636e-10, 3.874308480716124e-10, -4.137930493750234e-10, -2.8528393244129475e-10, 1.0000000001966605, -3.2161342352560587e-10, -1.0203407507151366e-10, 1.298824059011064e-09, -4.99366386982084e-10, -1.4703502943463046e-10, -4.881097497503511e-10, -1.943952795903019e-10, -3.9841008629234143e-10, 7.405370040547042e-10, -5.647875616193882e-10, -5.456689094025796e-11, -5.811488783272356e-10, 0.9999999994725599, 8.360026437679681e-10, -1.4077640823044631e-10]
  plain            : [0, 0, 0, 0, 1, 0, 0, 0, 0, 0, 0, 0, 0, 0, 0, 0, 0, 1, 0, 0]
  OK       1.0 km       52       52   32768/32768     3.492e-09     0.9999999984   1.0000000007     0.43s    44.317ms      0.111ms   bs  4  cheb   8
  first 20 slots : [3.97763323326246e-10, -3.003584187399099e-10, 3.99295244698084e-10, 1.4130454225109964e-11, 0.9999999999215681, 6.161224135143218e-10, 1.0553521000232437e-10, -4.0310181835044756e-10, 8.395491072054975e-11, -5.365082889496932e-10, -2.598660895533879e-10, 2.2732936760887272e-10, 1.4316958020592329e-09, 1.511048406593581e-10, -2.4815976355022224e-10, 5.687622872828913e-10, 3.984514769096571e-10, 0.9999999998239106, 1.8074545791156178e-10, -3.176424344662709e-10]
  plain            : [0, 0, 0, 0, 1, 0, 0, 0, 0, 0, 0, 0, 0, 0, 0, 0, 0, 1, 0, 0]
  OK       2.0 km       56       56   32768/32768     3.059e-09     0.9999999990   1.0000000006     0.43s    39.384ms      0.087ms   bs  4  cheb   8
  first 20 slots : [-3.9094470793262464e-10, -4.649726213531487e-10, -1.1081820604149266e-10, -2.4757419490394378e-11, 1.000000000251795, -9.320636245196832e-11, -3.9677671309688395e-10, -9.015995968876779e-10, 8.037747117500175e-10, 2.744067801101939e-10, -3.443522697672283e-10, 3.7046686823608183e-10, -1.1280768067018739e-09, 8.845398210249679e-10, -4.2208446743192076e-10, 5.621623978547595e-10, -2.5385345638094473e-10, 1.0000000004360081, 3.4622496021336135e-10, -4.674341046240518e-10]
  plain            : [0, 0, 0, 0, 1, 0, 0, 0, 0, 0, 0, 0, 0, 0, 0, 0, 0, 1, 0, 0]
  OK       3.0 km       58       58   32768/32768     3.114e-09     0.9999999982   1.0000000010     0.43s    37.467ms      0.458ms   bs  4  cheb   8
  first 20 slots : [3.487730478410536e-10, 1.269362710132857e-09, 7.818798000459991e-11, -5.876349255695675e-10, 1.0000000003931229, -1.5328911496985688e-09, 8.581413415531278e-13, 2.426820943303692e-10, 1.5883994769195949e-09, 3.0348611608898836e-10, -9.82548731764017e-11, -6.89718628181233e-10, -4.63632181232871e-10, 8.58923654080697e-10, -1.9181609355284673e-10, -3.7823856357239963e-10, 1.707860209184603e-10, 1.0000000010012395, 5.2524259385018e-10, -9.534521063661061e-11]
  plain            : [0, 0, 0, 0, 1, 0, 0, 0, 0, 0, 0, 0, 0, 0, 0, 0, 0, 1, 0, 0]
  OK       5.0 km       58       58   32768/32768     3.439e-09     0.9999999989   1.0000000017     0.43s    36.638ms      0.089ms   bs  4  cheb   8
  first 20 slots : [3.592792556821586e-11, -5.201692681275401e-10, -2.763436007306961e-10, -1.958097796699172e-10, 0.9999999999400252, -2.8916332380196215e-10, -5.256142963883065e-10, -7.6958399719914e-10, 3.832572241657392e-10, 5.976604701209371e-10, -4.93119434552276e-10, -3.290432027053186e-10, 5.948088699355633e-10, 2.367636256300234e-10, -4.757071192767598e-10, -1.8606750657483072e-10, 4.068790500688827e-10, 0.9999999999799499, -2.0084870897833568e-10, -4.31867105416089e-10]
  plain            : [0, 0, 0, 0, 1, 0, 0, 0, 0, 0, 0, 0, 0, 0, 0, 0, 0, 1, 0, 0]

[k5_jellybean] 613 of 613 rows used, 330 rows with coordinates
Query center 37.86484 127.05997  projected to 205276.97 584999.58

  stat    radius     plain   cipher     agreement   outside worst   inside worst   inside best      TIME    ENC TIME     PLAIN TIME
  OK       0.2 km        4        4   32768/32768     3.553e-09     0.9982728286   1.0000000002     0.43s    41.925ms      0.090ms   bs  4  cheb   8
  first 20 slots : [-5.23501850716371e-10, -1.1002289781002117e-10, -7.148276228989537e-11, -1.2988381103654743e-10, -9.250609103097099e-10, -6.346038731133243e-12, 8.191991898815026e-10, 6.041560931999914e-11, -1.9283451849783232e-10, 6.080443736355649e-10, -2.875969207754161e-10, -4.2541761407972346e-10, 5.730520252556636e-10, 2.175860486282761e-10, -5.481223983825202e-10, 1.4128563405680806e-10, 8.68674649190908e-11, -8.057974669174252e-10, -4.792853743332645e-10, -7.350848300424465e-10]
  plain            : [0, 0, 0, 0, 0, 0, 0, 0, 0, 0, 0, 0, 0, 0, 0, 0, 0, 0, 0, 0]
  OK       0.5 km        4        4   32768/32768     3.294e-09     0.9999999998   1.0000000004     0.44s    36.366ms      0.347ms   bs  4  cheb   8
  first 20 slots : [7.834152925138133e-11, -2.1371037423139447e-10, -3.351707492219584e-10, 3.2310709538480796e-10, 6.302119194184633e-10, 1.0372747704302998e-11, 6.203230206071704e-10, 4.771871732748987e-11, 1.5706716355144442e-09, -3.4796439400335504e-10, -1.770044477226259e-11, 1.3509336653490256e-10, 4.2818969214176945e-10, 2.1464686205775793e-10, 7.275415848561784e-10, 2.1454041458635805e-10, 1.0272171239002642e-09, -4.086094451060247e-10, -3.662552832984798e-10, 2.9473708780268794e-10]
  plain            : [0, 0, 0, 0, 0, 0, 0, 0, 0, 0, 0, 0, 0, 0, 0, 0, 0, 0, 0, 0]
  OK       1.0 km        5        5   32768/32768     3.130e-09     0.9999999998   1.0000000006     0.45s    43.446ms      0.450ms   bs  4  cheb   8
  first 20 slots : [3.2383953700588867e-10, -1.742896513310741e-10, -1.1454554075351817e-10, 3.135471509723957e-10, -4.4054838314704e-11, 6.781012143852661e-10, 4.447164863330658e-10, 2.6452399142543147e-10, 3.749136974360021e-10, 3.0659285935085703e-10, -2.822258209514268e-10, 6.75200967702336e-10, -2.9259950535231946e-10, -5.449220922382102e-10, 2.5521953149255327e-10, 1.3699541792831055e-10, 2.724230365943825e-11, -1.578667225069239e-09, -2.4749047375471566e-10, 4.717413866713708e-10]
  plain            : [0, 0, 0, 0, 0, 0, 0, 0, 0, 0, 0, 0, 0, 0, 0, 0, 0, 0, 0, 0]
  OK       2.0 km        5        5   32768/32768     2.803e-09     0.9999999995   1.0000000003     0.45s    43.759ms      0.089ms   bs  4  cheb   8
  first 20 slots : [5.479447942427659e-10, 3.418607318368466e-10, -4.651439656829079e-10, 2.645084629894052e-10, 2.902996448715334e-10, -6.803035875502378e-10, 5.90175679514769e-10, 2.5834525781118975e-10, -4.967649354709383e-10, 1.2020590244360698e-10, -1.5534737472586824e-10, -2.7967724906155973e-10, 2.0798799607866095e-10, -2.8231615652286086e-10, 3.213695228109981e-11, 2.4585527207492067e-10, 3.6906300616200276e-10, 6.583807688448999e-10, -9.246720586298065e-10, -2.5954835199792417e-10]
  plain            : [0, 0, 0, 0, 0, 0, 0, 0, 0, 0, 0, 0, 0, 0, 0, 0, 0, 0, 0, 0]
  OK       3.0 km       53       53   32768/32768     3.369e-09     0.9999999980   1.0000000016     0.43s    53.224ms      0.088ms   bs  4  cheb   8
  first 20 slots : [-3.915239283226397e-10, 1.0000000003441027, -5.860096454911748e-10, 0.9999999999318303, 9.520029959326147e-12, -5.83989379679238e-10, 3.788638037838166e-11, -1.0474873310343355e-10, -5.299459923522309e-10, -5.470029039047231e-10, -2.393053557208389e-10, -4.51579437069774e-11, 1.4287323582573926e-10, 0.9999999996101775, -2.5734556687867016e-10, -3.0253753479993924e-10, 6.403399006113759e-10, -4.890511447163003e-10, -6.481258160014819e-11, 1.0000000001851244]
  plain            : [0, 1, 0, 1, 0, 0, 0, 0, 0, 0, 0, 0, 0, 1, 0, 0, 0, 0, 0, 1]
  OK       5.0 km      254      254   32768/32768     3.447e-09     0.9999999986   1.0000000015     0.43s    65.772ms      0.085ms   bs  4  cheb   8
  first 20 slots : [-4.57356779318118e-10, 1.0000000001841185, 1.2497705713609767e-10, 0.9999999998977191, 6.07674306900031e-10, 6.190672687722279e-10, -1.8685956715270543e-10, -2.1124302131385811e-10, -4.4926836673118846e-11, -4.723017737286776e-10, 5.050336171240729e-10, 3.2746783886177906e-10, 5.574355038215954e-10, 1.00000000014817, -4.6194532692271775e-11, -5.281789905315308e-10, 1.0000000007032623, -7.36974237278521e-10, -4.858970585990006e-10, 0.999999999474809]
  plain            : [0, 1, 0, 1, 0, 0, 0, 0, 0, 0, 0, 0, 0, 1, 0, 0, 1, 0, 0, 1]

SUMMARY
  k5_kitkat         0.2 km  plain      3  cipher      3   match   0.46s / 0.086ms   bs 4  cheb 8
  k5_kitkat         0.5 km  plain     13  cipher     13   match   0.44s / 0.087ms   bs 4  cheb 8
  k5_kitkat         1.0 km  plain     52  cipher     52   match   0.43s / 0.111ms   bs 4  cheb 8
  k5_kitkat         2.0 km  plain     56  cipher     56   match   0.43s / 0.087ms   bs 4  cheb 8
  k5_kitkat         3.0 km  plain     58  cipher     58   match   0.43s / 0.458ms   bs 4  cheb 8
  k5_kitkat         5.0 km  plain     58  cipher     58   match   0.43s / 0.089ms   bs 4  cheb 8
  k5_jellybean      0.2 km  plain      4  cipher      4   match   0.43s / 0.090ms   bs 4  cheb 8
  k5_jellybean      0.5 km  plain      4  cipher      4   match   0.44s / 0.347ms   bs 4  cheb 8
  k5_jellybean      1.0 km  plain      5  cipher      5   match   0.45s / 0.450ms   bs 4  cheb 8
  k5_jellybean      2.0 km  plain      5  cipher      5   match   0.45s / 0.089ms   bs 4  cheb 8
  k5_jellybean      3.0 km  plain     53  cipher     53   match   0.43s / 0.088ms   bs 4  cheb 8
  k5_jellybean      5.0 km  plain    254  cipher    254   match   0.43s / 0.085ms   bs 4  cheb 8

 12 queries in total, 0 mismatched
Saved: results/result2.txt, results/exp1_<dataset>_summary.csv, results/exp1_all_summary.csv
Device: GPU
Key directory: /root/heaan_setting/FGb/keys/
Keys preloaded: enc, mult, conj, 45 rotation keys
Key loaded
Warm-up encrypt start [GPU]
Warm-up encrypt done
Warm-up bootstrap start
Warm-up bootstrap done

HEAAN ENGINE LOAD SUCCESS [device=GPU]


Niro call log: 204 rows   19 recorded numbers   4 distinct
Number split (3, 4, 4)   normalization denominators (999, 9999, 9999)

Per-row match and existence bit at C = 32
query number   description              exp  answer   exist value    plain  cipher   agreement   nonmatch worst   match worst    MATCH TIME  EXIST TIME  ENC TIME  PLAIN TIME
------------------------------------------------------------------------------------------------------------------------------------------------------
bootstrapping!!
bootstrapping!!
bootstrapping!!
010-5000-2924  original                    1       1   1.0000000003     12     12     32768/32768     1.168e-09     0.9999996738      2.89s      0.46s 238.981ms     0.126ms  bs 27/4
  first 20 slots : [-6.741804629134695e-11, -1.700142034242563e-10, 4.4448225542435463e-10, 8.623378039040762e-11, 3.546349063298205e-10, -9.862132804772415e-11, -7.11900878816338e-11, 1.3287602834847746e-10, -4.827930471824532e-10, 4.629032583282394e-12, 4.8035330289017696e-11, -8.091274845435862e-11, 9.480026500721259e-11, -3.262181815152369e-10, -1.93619815339848e-11, 2.492173165474617e-11, -2.2917435574132346e-10, 3.401819991046455e-10, -1.478287718035037e-10, -1.723495463761194e-11]
  plain            : [0, 0, 0, 0, 0, 0, 0, 0, 0, 0, 0, 0, 0, 0, 0, 0, 0, 0, 0, 0]
bootstrapping!!
bootstrapping!!
bootstrapping!!
010-5000-2925  one digit, last group       0       0  -0.0000000000      0      0     32768/32768     6.238e-08       n/a        2.86s      0.46s 242.333ms     0.120ms  bs 27/4
bootstrapping!!
bootstrapping!!
bootstrapping!!
010-5100-9080  original                    1       1   1.0000000000      3      3     32768/32768     1.183e-09     0.9999996289      2.86s      0.46s 289.554ms     0.168ms  bs 27/4
  first 20 slots : [-6.293951017137541e-11, -2.5795637149647273e-10, -1.7138658574204145e-10, 3.794814994532205e-11, -2.2437134863988797e-10, -4.3578491877647665e-11, 1.185510545907103e-10, -9.172448047849427e-11, 1.1880389087551296e-10, 7.362811409849266e-11, 5.609134512230586e-12, -9.722556902422109e-11, 1.1479970230089518e-10, -4.5844996932805317e-11, 3.017172227451879e-11, -8.99867738525449e-11, -2.4919280271507804e-10, -1.3769865799138883e-10, 2.2424590782722825e-10, -8.639862650570072e-11]
  plain            : [0, 0, 0, 0, 0, 0, 0, 0, 0, 0, 0, 0, 0, 0, 0, 0, 0, 0, 0, 0]
bootstrapping!!
bootstrapping!!
bootstrapping!!
010-5100-9081  one digit, last group       0       0  -0.0000000003      0      0     32768/32768     4.817e-09       n/a        2.86s      0.46s 252.990ms     0.121ms  bs 27/4
bootstrapping!!
bootstrapping!!
bootstrapping!!
010-5200-1582  original                    1       1   0.9999999999      2      2     32768/32768     1.213e-09     0.9999996850      2.86s      0.46s 268.858ms     0.118ms  bs 27/4
  first 20 slots : [3.1353258612532227e-11, 8.05228793467253e-11, -2.7638446326718925e-11, 5.71319526496314e-11, 2.0565268047882513e-10, -5.1770232717964076e-11, -7.16052697812013e-11, -1.494846927792355e-10, 9.116366831549767e-12, -8.190781898663397e-11, 1.1650112846083135e-11, 7.276721605350011e-12, 4.0031802012649875e-10, -1.1412832542097585e-10, -9.170909567582366e-12, 4.0985816514024315e-11, 6.724681762501226e-11, 3.0251252156811305e-10, 4.0708587850585203e-13, -6.2539952707121e-11]
  plain            : [0, 0, 0, 0, 0, 0, 0, 0, 0, 0, 0, 0, 0, 0, 0, 0, 0, 0, 0, 0]
bootstrapping!!
bootstrapping!!
bootstrapping!!
010-5200-1583  one digit, last group       0       0  -0.0000000002      0      0     32768/32768     3.455e-09       n/a        2.86s      0.46s 347.896ms     0.169ms  bs 27/4
bootstrapping!!
bootstrapping!!
bootstrapping!!
006-5300-4858  original                    1       1   1.0000000001      2      2     32768/32768     1.278e-09     0.9999996915      2.86s      0.46s 249.589ms     0.180ms  bs 27/4
  first 20 slots : [-1.8752005995690933e-11, 1.443650169382784e-10, 9.528045741220723e-11, 8.182920451572494e-11, -1.254101353560443e-10, -1.2747727230613234e-10, 7.74560385141989e-11, -1.4159084983237406e-10, -4.062138016211016e-10, 3.189450443372061e-11, -2.451236812293602e-12, 1.3547580126334735e-10, -1.6307473453235854e-10, 1.6244146275368726e-10, -3.917110303331173e-11, 2.4298270141689375e-11, 1.3092224795213246e-10, 7.655372244950314e-11, -1.4945346511064325e-11, 3.499063623103969e-11]
  plain            : [0, 0, 0, 0, 0, 0, 0, 0, 0, 0, 0, 0, 0, 0, 0, 0, 0, 0, 0, 0]
bootstrapping!!
bootstrapping!!
bootstrapping!!
006-5300-4859  one digit, last group       0       0  -0.0000000003      0      0     32768/32768     1.074e-09       n/a        2.86s      0.46s 244.761ms     0.124ms  bs 27/4
bootstrapping!!
bootstrapping!!
bootstrapping!!
020-5000-2924  one digit, first group      0       0  -0.0000000004      0      0     32768/32768     5.014e-09       n/a        2.86s      0.46s 253.062ms     0.124ms  bs 27/4
bootstrapping!!
bootstrapping!!
bootstrapping!!
010-5010-2924  one digit, middle group     0       0  -0.0000000003      0      0     32768/32768     8.490e-09       n/a        2.86s      0.46s 329.799ms     0.126ms  bs 27/4
bootstrapping!!
bootstrapping!!
bootstrapping!!
010-1111-2222  not in the log              0       0   0.0000000002      0      0     32768/32768     1.220e-09       n/a        2.86s      0.46s 269.303ms     0.151ms  bs 27/4

 11 queries in total, 0 wrong

Existence bit as the declared bound C grows
query number        C   exp  answer    exist value   verdict      EXIST TIME
--------------------------------------------------------------------------------------------------------
010-5000-2924        32     1       1   1.0000000003     correct          0.44s
010-5000-2924       256     1       1   0.9999999997     correct          0.44s
010-5000-2924      2048     1       1   1.0000000004     correct          0.44s
010-1111-2222        32     0       0   0.0000000002     correct          0.44s
010-1111-2222       256     0       0   0.0000000005     correct          0.44s
010-1111-2222      2048     0       0  -0.0000000003     correct          0.44s

SUMMARY
  match check  11 queries, 0 wrong
  bound check  6 existence calls over C in [32, 256, 2048] , 0 wrong
Saved: results/result2.txt, results/exp2_niro_match_summary.csv, results/exp2_niro_maxcount_sweep.csv
Device: GPU
Key directory: /root/heaan_setting/FGb/keys/
Keys preloaded: enc, mult, conj, 45 rotation keys
Key loaded
Warm-up encrypt start [GPU]
Warm-up encrypt done
Warm-up bootstrap start
Warm-up bootstrap done

HEAAN ENGINE LOAD SUCCESS [device=GPU]


Avante EDR log: 16 recorded rows, 11 rows with a recorded speed
Query parameters encrypted in 128.839 ms

Speed increase (1 means the speed rose from the previous row)
  cipher [1, 1, 1, 1, 1, 1, 1, 1, 1, 1, 0]
  plain  [1, 1, 1, 1, 1, 1, 1, 1, 1, 1, 0]
  agree  11 / 11
  rows where false   worst reading  5.736e-11
  rows where true    worst reading  0.9999999992   best 1.0000000006
  TIME 0.44 s   PLAIN TIME 0.291 ms   BS 4  CHEB 8

Overspeed (1 means the speed exceeds 60 km/h)
  cipher [0, 0, 0, 0, 0, 0, 1, 1, 1, 1, 0]
  plain  [0, 0, 0, 0, 0, 0, 1, 1, 1, 1, 0]
  agree  11 / 11
  rows where false   worst reading  8.796e-10
  rows where true    worst reading  0.9999999991   best 1.0000000007
  TIME 0.43 s   PLAIN TIME 0.098 ms   BS 4  CHEB 8

Time window: -3000.0 to -1000.0
  cipher [0, 0, 0, 0, 0, 1, 1, 1, 1, 0, 0, 0, 0, 0, 0, 0]
  plain  [0, 0, 0, 0, 0, 1, 1, 1, 1, 0, 0, 0, 0, 0, 0, 0]
  agree  32768 / 32768   (padding included)
  rows where false   worst reading  2.613e-09
  rows where true    worst reading  0.9999999993   best 1.0000000008
  TIME 0.87 s   PLAIN TIME 0.121 ms   BS 8  CHEB 16

row  t_rel  speed |    incr out  p |     over out  p |      win out  p
--------------------------------------------------------------------------
  0   -5020     42 |  1.0000000006  1 | -0.0000000001  0 | -0.0000000004  0
  1   -4520     46 |  1.0000000000  1 | -0.0000000009  0 |  0.0000000002  0
  2   -4020     50 |  0.9999999992  1 |  0.0000000006  0 |  0.0000000001  0
  3   -3520     53 |  1.0000000003  1 | -0.0000000003  0 | -0.0000000002  0
  4   -3020     56 |  1.0000000002  1 | -0.0000000001  0 | -0.0000000001  0
  5   -2520     59 |  1.0000000004  1 |  0.0000000004  0 |  1.0000000008  1
  6   -2020     61 |  0.9999999997  1 |  1.0000000002  1 |  0.9999999993  1
  7   -1520     64 |  1.0000000005  1 |  0.9999999991  1 |  0.9999999997  1
  8   -1020     66 |  1.0000000004  1 |  1.0000000007  1 |  1.0000000008  1
  9    -520     68 |  1.0000000004  1 |  1.0000000002  1 | -0.0000000003  0
 10     -20      5 |  0.0000000001  0 | -0.0000000001  0 |  0.0000000002  0
 11     -20     -1 |             .  . |             .  . |  0.0000000001  0
 12      -3     -1 |             .  . |             .  . | -0.0000000000  0
 13       0     -1 |             .  . |             .  . | -0.0000000003  0
 14       5     -1 |             .  . |             .  . | -0.0000000006  0
 15      11     -1 |             .  . |             .  . |  0.0000000004  0

 3 predicates in total, 0 mismatched
Saved: results/result2.txt, results/exp3_avante_summary.csv, results/exp3_avante_rows.csv
 
 ****************************************************************************** 
 *                                                                            * 
 *               STARTING cba72948-545f-3cab-9ee3-f6078a90bf4e                * 
 *                                                                            * 
 ****************************************************************************** 
 executing: bash
