Device: GPU
Key directory: /root/heaan_setting/FGb/keys/
Keys preloaded: enc, mult, conj, 45 rotation keys
Key loaded
Warm-up encrypt start [GPU]
Warm-up encrypt done
Warm-up bootstrap start
Warm-up bootstrap done

HEAAN ENGINE LOAD SUCCESS [device=GPU]


[k5_kitkat] 6820 of 6820 rows used, 246 rows with coordinates
Query center 37.31808 127.12741  projected to 211293.56 524321.29

  stat    radius     plain   cipher     agreement   outside worst   inside worst   inside best      TIME    ENC TIME     PLAIN TIME
  OK       0.2 km        3        3   32768/32768     4.122e-09     0.7948522714   1.0000000005     0.46s    45.230ms      0.085ms   bs  4  cheb   8
  first 20 slots : [1.9621484726007815e-10, 3.117929209954246e-10, 7.283004743620071e-10, -3.2797907186927074e-10, 4.3429253979177806e-10, 2.0173284969406494e-10, 1.4754296682003668e-11, 4.419469677567014e-10, 5.402098715037773e-10, -9.62492514388289e-11, 1.7912375450132964e-10, 5.28980660251302e-10, -2.6485475743846176e-10, 6.28172843300683e-10, 1.4694295925685095e-10, -6.660083076395814e-10, -8.790083489524874e-10, -6.551648084074097e-10, -6.669140619133972e-10, 1.2393406103426135e-10]
  plain            : [0, 0, 0, 0, 0, 0, 0, 0, 0, 0, 0, 0, 0, 0, 0, 0, 0, 0, 0, 0]
  OK       0.5 km       13       13   32768/32768     3.268e-09     0.9999999994   1.0000000008     0.43s    33.923ms      0.086ms   bs  4  cheb   8
  first 20 slots : [4.1234079983363867e-10, 2.2506693578550997e-10, 2.392679620402948e-10, -5.911529108813796e-11, 1.0000000007488512, 6.788896648856013e-10, 1.4680076946046862e-10, 1.434483387911978e-10, -3.139965151535823e-11, 5.59275622619257e-10, -5.515870809168004e-10, -2.237010907168249e-10, -1.7635334012100161e-10, 6.237034839004667e-11, 2.808476606630799e-10, -6.384390164594899e-11, 7.627590307958515e-11, 0.9999999993879867, 2.525373635969543e-10, -3.870393670165352e-10]
  plain            : [0, 0, 0, 0, 1, 0, 0, 0, 0, 0, 0, 0, 0, 0, 0, 0, 0, 1, 0, 0]
  OK       1.0 km       52       52   32768/32768     3.907e-09     0.9999999988   1.0000000012     0.43s    63.920ms      0.088ms   bs  4  cheb   8
  first 20 slots : [-3.61861180692873e-10, -2.964773168933053e-10, -8.879173839772828e-10, 3.784913619318985e-10, 1.0000000006755778, -6.36408553598809e-10, -3.8512502704160744e-10, 8.304890787240798e-10, 2.3805153333433384e-10, 2.827290821396386e-10, -1.840148079027763e-10, -3.703026507124135e-10, 3.5323555345557714e-10, 1.560131612653463e-10, -1.8203940001726526e-10, 6.550431678853569e-10, -1.1194925411371942e-09, 0.9999999999112987, 3.458488287019316e-10, -1.0575250710095419e-10]
  plain            : [0, 0, 0, 0, 1, 0, 0, 0, 0, 0, 0, 0, 0, 0, 0, 0, 0, 1, 0, 0]
  OK       2.0 km       56       56   32768/32768     3.174e-09     0.9999999985   1.0000000010     0.43s    47.311ms      0.097ms   bs  4  cheb   8
  first 20 slots : [-2.775924817322116e-10, 6.145750403314362e-10, 5.442906015609619e-10, 1.6839083835706058e-10, 1.0000000004261613, -2.2120414795399386e-10, 3.920949530023404e-10, 5.26086507372777e-10, 1.1033011440372827e-10, 5.82307584075201e-10, -5.2680926834204666e-11, -5.251433501083004e-10, 3.9356419118124223e-10, -1.468472309637535e-10, 1.4234996876830511e-10, 2.1950249660743118e-10, -4.937972164450262e-10, 1.0000000007939558, 8.582446983297264e-10, -3.3310582274270725e-10]
  plain            : [0, 0, 0, 0, 1, 0, 0, 0, 0, 0, 0, 0, 0, 0, 0, 0, 0, 1, 0, 0]
  OK       3.0 km       58       58   32768/32768     3.276e-09     0.9999999985   1.0000000010     0.45s    57.914ms      0.107ms   bs  4  cheb   8
  first 20 slots : [2.2110250970516595e-10, -1.8590227165402702e-10, 2.9324119014459225e-10, -5.325777772572286e-10, 1.0000000009437096, 3.1104488371197085e-10, -6.131033811448773e-10, -5.487762389861282e-10, 3.7521882897397595e-10, 4.4124021542061503e-10, -1.0178164496140481e-10, 1.7451327653914082e-10, -3.203266475772641e-10, 1.9356670845196554e-10, 3.3616634503828217e-10, -1.7504111980129496e-10, -2.4166438072411188e-11, 0.9999999998659351, -1.2427563301037648e-10, -1.8666280757983877e-10]
  plain            : [0, 0, 0, 0, 1, 0, 0, 0, 0, 0, 0, 0, 0, 0, 0, 0, 0, 1, 0, 0]
  OK       5.0 km       58       58   32768/32768     3.071e-09     0.9999999984   1.0000000011     0.44s    60.161ms      0.513ms   bs  4  cheb   8
  first 20 slots : [-4.2909759040172007e-10, 3.967704912318039e-10, 9.084359929454649e-11, -2.2705280672555593e-10, 0.9999999999186767, -9.895106078213374e-10, -1.6094951481778396e-10, -4.913931833652741e-10, 1.381167490418562e-10, 1.6695731483685638e-10, -4.3077975273595277e-10, -7.093446251362906e-10, -3.460986881629563e-10, 6.348780947461648e-10, 3.0873699944975546e-10, -2.375275753373822e-10, -4.0987411381317437e-10, 0.9999999984157988, 1.7439899768670872e-10, -5.1798769674461835e-11]
  plain            : [0, 0, 0, 0, 1, 0, 0, 0, 0, 0, 0, 0, 0, 0, 0, 0, 0, 1, 0, 0]

[k5_jellybean] 613 of 613 rows used, 330 rows with coordinates
Query center 37.86484 127.05997  projected to 205276.97 584999.58

  stat    radius     plain   cipher     agreement   outside worst   inside worst   inside best      TIME    ENC TIME     PLAIN TIME
  OK       0.2 km        4        4   32768/32768     2.872e-09     0.9978195589   1.0000000003     0.46s    48.371ms      0.113ms   bs  4  cheb   8
  first 20 slots : [-5.721597028478563e-10, -8.277004203490834e-11, -3.5615330317743273e-10, -8.022497621255485e-11, -7.031127676826549e-10, -5.338761069009493e-10, -5.322952523385983e-10, 7.369329195329249e-10, 1.0257981313471638e-11, 4.38517688675138e-10, 4.871062960806214e-10, -1.9727075526599578e-10, -9.911465585723442e-10, 4.063005727597602e-10, -2.52605161521929e-10, -4.2264919575449746e-10, 3.4857692628047724e-10, 7.014309089742719e-10, -6.098702027862912e-10, -4.169573468610254e-10]
  plain            : [0, 0, 0, 0, 0, 0, 0, 0, 0, 0, 0, 0, 0, 0, 0, 0, 0, 0, 0, 0]
  OK       0.5 km        4        4   32768/32768     3.630e-09     0.9999999998   1.0000000003     0.45s    33.457ms      0.087ms   bs  4  cheb   8
  first 20 slots : [-9.774013766862341e-11, 8.449815716056991e-10, -1.1036201106069647e-09, 2.697198732348554e-10, 7.56954743846985e-10, 9.818083667753273e-10, 1.7784267107812372e-10, 9.307009597010409e-10, 7.350225341780198e-11, -9.328130613289052e-11, -2.2674756687217947e-10, -4.778280424775094e-10, 3.067003105047393e-10, -4.165966147562e-10, 7.744092243210534e-11, 2.4402018229636616e-10, 3.4118478364638724e-10, 3.156796760387142e-10, 1.3401385227310173e-10, 4.905968569352203e-10]
  plain            : [0, 0, 0, 0, 0, 0, 0, 0, 0, 0, 0, 0, 0, 0, 0, 0, 0, 0, 0, 0]
  OK       1.0 km        5        5   32768/32768     3.789e-09     0.9999999997   1.0000000007     0.44s    47.529ms      0.087ms   bs  4  cheb   8
  first 20 slots : [3.7589664440369404e-10, -3.766313141901897e-10, -2.3222237017176895e-10, 5.796908684502985e-10, -3.2604436604948535e-10, 1.1613772795349622e-11, 6.843690956396009e-10, 3.5866485817092046e-10, -1.2949791762583604e-10, -7.748897727609785e-11, -3.689857956104606e-10, -1.1535264852749708e-09, -1.2092862720763203e-09, -2.582516500648444e-10, 6.315670227957347e-10, 1.457430543965201e-10, 4.6507828205876636e-10, -1.1091649283732625e-10, -4.020639691888796e-10, 5.731544497595643e-10]
  plain            : [0, 0, 0, 0, 0, 0, 0, 0, 0, 0, 0, 0, 0, 0, 0, 0, 0, 0, 0, 0]
  OK       2.0 km        5        5   32768/32768     3.150e-09     0.9999999992   1.0000000004     0.44s    60.184ms      0.090ms   bs  4  cheb   8
  first 20 slots : [-9.544677611651011e-11, 2.139809146136642e-10, -2.364061770235479e-11, 4.11598848556819e-10, -1.2555323276524908e-10, 1.6808894116271114e-09, 5.334967255196e-10, 2.340109301650742e-11, 9.349659840751508e-10, 1.5970367344167218e-10, 5.915780967455325e-11, 9.512784244871422e-10, -2.4299509543882506e-10, -1.0669679651877012e-09, 4.3137836863732695e-10, 1.6631073885036862e-10, -1.8220616900446154e-10, -3.6894944555223923e-10, 1.8896419560423311e-10, -5.324355694682314e-10]
  plain            : [0, 0, 0, 0, 0, 0, 0, 0, 0, 0, 0, 0, 0, 0, 0, 0, 0, 0, 0, 0]
  OK       3.0 km       53       53   32768/32768     3.538e-09     0.9999999986   1.0000000009     0.43s    40.247ms      0.087ms   bs  4  cheb   8
  first 20 slots : [-4.2613300212185045e-10, 1.000000000561121, -3.8522508149233244e-10, 1.0000000001663747, -4.336725891702787e-11, 1.44199130627154e-10, 1.4396944040108184e-10, 7.966915403517108e-11, 1.9698860481867637e-11, -2.574791941247801e-10, 2.3083619368263832e-10, 2.0413805331869735e-10, 7.655815438988975e-10, 0.9999999997744038, -4.253220717724848e-10, -3.2794062154590066e-10, 9.92474436968368e-10, -7.137056224155698e-10, 1.6709668442374213e-10, 1.0000000002840985]
  plain            : [0, 1, 0, 1, 0, 0, 0, 0, 0, 0, 0, 0, 0, 1, 0, 0, 0, 0, 0, 1]
  OK       5.0 km      254      254   32768/32768     3.209e-09     0.9999999992   1.0000000018     0.43s    44.487ms      0.092ms   bs  4  cheb   8
  first 20 slots : [4.817990798895482e-10, 1.0000000009700827, -3.241177548788431e-10, 0.9999999999905007, -9.292133114175428e-10, 4.337349409737397e-10, -3.5460097216657563e-10, 3.600748484151253e-11, -5.670377824073551e-10, -3.768622843718083e-10, 3.8625502278654464e-10, 1.0674387379364207e-09, -1.3524845810007684e-09, 1.0000000001804188, -6.606079965732138e-10, 1.4273239929511775e-10, 1.000000001327435, 1.3624623520337284e-09, 4.653498258452904e-10, 0.9999999996790909]
  plain            : [0, 1, 0, 1, 0, 0, 0, 0, 0, 0, 0, 0, 0, 1, 0, 0, 1, 0, 0, 1]

SUMMARY
  k5_kitkat         0.2 km  plain      3  cipher      3   match   0.46s / 0.085ms   bs 4  cheb 8
  k5_kitkat         0.5 km  plain     13  cipher     13   match   0.43s / 0.086ms   bs 4  cheb 8
  k5_kitkat         1.0 km  plain     52  cipher     52   match   0.43s / 0.088ms   bs 4  cheb 8
  k5_kitkat         2.0 km  plain     56  cipher     56   match   0.43s / 0.097ms   bs 4  cheb 8
  k5_kitkat         3.0 km  plain     58  cipher     58   match   0.45s / 0.107ms   bs 4  cheb 8
  k5_kitkat         5.0 km  plain     58  cipher     58   match   0.44s / 0.513ms   bs 4  cheb 8
  k5_jellybean      0.2 km  plain      4  cipher      4   match   0.46s / 0.113ms   bs 4  cheb 8
  k5_jellybean      0.5 km  plain      4  cipher      4   match   0.45s / 0.087ms   bs 4  cheb 8
  k5_jellybean      1.0 km  plain      5  cipher      5   match   0.44s / 0.087ms   bs 4  cheb 8
  k5_jellybean      2.0 km  plain      5  cipher      5   match   0.44s / 0.090ms   bs 4  cheb 8
  k5_jellybean      3.0 km  plain     53  cipher     53   match   0.43s / 0.087ms   bs 4  cheb 8
  k5_jellybean      5.0 km  plain    254  cipher    254   match   0.43s / 0.092ms   bs 4  cheb 8

 12 queries in total, 0 mismatched
Saved: results/result2.txt, results/exp1_<dataset>_summary.csv, results/exp1_all_summary.csv
Device: GPU
Key directory: /root/heaan_setting/FGb/keys/
Keys preloaded: enc, mult, conj, 45 rotation keys
Key loaded
Warm-up encrypt start [GPU]
Warm-up encrypt done
Warm-up bootstrap start
Warm-up bootstrap done

HEAAN ENGINE LOAD SUCCESS [device=GPU]


Niro call log: 204 rows   19 recorded numbers   4 distinct
Number split (3, 4, 4)   normalization denominators (999, 9999, 9999)

Per-row match and existence bit at C = 32
query number   description              exp  answer   exist value    plain  cipher   agreement   nonmatch worst   match worst    MATCH TIME  EXIST TIME  ENC TIME  PLAIN TIME
------------------------------------------------------------------------------------------------------------------------------------------------------
bootstrapping!!
bootstrapping!!
bootstrapping!!
010-5000-2924  original                    1       1   1.0000000001     12     12     32768/32768     1.381e-09     0.9999996667      2.90s      0.46s 261.992ms     0.129ms  bs 27/4
  first 20 slots : [-6.252044342705142e-11, 2.43477323065231e-11, -1.8216865196482668e-10, -3.6779949762482284e-11, -2.7595571259427473e-10, 6.998324539057821e-11, 1.0791713726107539e-11, -1.1462898887831462e-10, -1.3864689061137072e-10, -8.901298936495345e-11, -7.0583437815214634e-12, -4.76670312212809e-11, -2.762779136132276e-10, 6.018194257987097e-11, -3.790001031343772e-11, 1.0654996382941474e-10, -1.5769594561236663e-10, 6.720255070416991e-10, 5.526075383989621e-11, -2.0642620752912427e-11]
  plain            : [0, 0, 0, 0, 0, 0, 0, 0, 0, 0, 0, 0, 0, 0, 0, 0, 0, 0, 0, 0]
bootstrapping!!
bootstrapping!!
bootstrapping!!
010-5000-2925  one digit, last group       0       0  -0.0000000003      0      0     32768/32768     8.841e-09       n/a        2.86s      0.46s 218.030ms     0.125ms  bs 27/4
bootstrapping!!
bootstrapping!!
bootstrapping!!
010-5100-9080  original                    1       1   1.0000000002      3      3     32768/32768     1.353e-09     0.9999996426      2.86s      0.46s 257.339ms     0.126ms  bs 27/4
  first 20 slots : [1.056046354180114e-10, 1.670750699191433e-10, 3.092332958906157e-10, 5.895205532201574e-11, 2.5075388771880673e-10, -1.087290771064102e-10, -2.1496734384440014e-11, 3.803118281033247e-11, -1.3540955272527375e-10, 9.729815959720348e-12, -3.430384736973904e-11, -1.5894846357167313e-10, -5.096286940128112e-10, -1.4211724367529408e-10, 1.2325129090426306e-10, -1.5135650633534205e-11, 5.007809622023609e-12, -4.0533081193954867e-10, -3.923184840143275e-11, 1.0051008099442543e-10]
  plain            : [0, 0, 0, 0, 0, 0, 0, 0, 0, 0, 0, 0, 0, 0, 0, 0, 0, 0, 0, 0]
bootstrapping!!
bootstrapping!!
bootstrapping!!
010-5100-9081  one digit, last group       0       0  -0.0000000005      0      0     32768/32768     8.548e-09       n/a        2.86s      0.46s 253.484ms     0.160ms  bs 27/4
bootstrapping!!
bootstrapping!!
bootstrapping!!
010-5200-1582  original                    1       1   0.9999999995      2      2     32768/32768     1.206e-09     0.9999996875      2.86s      0.46s 370.624ms     0.122ms  bs 27/4
  first 20 slots : [1.1793061179828952e-10, -2.345931611986654e-10, 1.6629951224112239e-10, 2.8274586051630773e-11, 3.263167068110552e-11, 6.042551766859352e-11, 4.202946272257315e-11, 1.181372090055333e-10, 3.178888468204394e-10, 9.997482584636637e-12, -8.00839757290533e-12, 2.3762372118358315e-10, -3.036119887506722e-10, -1.1507966389170259e-10, -1.1765610701742646e-11, -3.5262888442646605e-11, -3.096293303681383e-10, 2.0843191633238983e-10, 5.876377356120354e-11, -4.8499423116109e-11]
  plain            : [0, 0, 0, 0, 0, 0, 0, 0, 0, 0, 0, 0, 0, 0, 0, 0, 0, 0, 0, 0]
bootstrapping!!
bootstrapping!!
bootstrapping!!
010-5200-1583  one digit, last group       0       0   0.0000000003      0      0     32768/32768     3.250e-09       n/a        2.86s      0.46s 253.147ms     0.123ms  bs 27/4
bootstrapping!!
bootstrapping!!
bootstrapping!!
006-5300-4858  original                    1       1   1.0000000002      2      2     32768/32768     1.105e-09     0.9999996823      2.86s      0.46s 255.682ms     0.123ms  bs 27/4
  first 20 slots : [-9.675324439797713e-11, 5.128293932243126e-11, 6.974435796634152e-11, -2.724026106158376e-11, 4.4992411070754684e-11, -3.357240619981537e-10, -2.776263889411973e-10, 3.111832929317893e-11, 5.457827833994292e-11, 1.9265456699224664e-10, -1.7793161118949205e-12, -6.532558453308239e-11, 5.634260007648545e-11, -2.8673995627392265e-10, 3.87612833280909e-12, -4.026790429497129e-11, 1.7242709583258417e-10, 4.3772182612702307e-10, 2.975185663671623e-10, 5.408114580563154e-11]
  plain            : [0, 0, 0, 0, 0, 0, 0, 0, 0, 0, 0, 0, 0, 0, 0, 0, 0, 0, 0, 0]
bootstrapping!!
bootstrapping!!
bootstrapping!!
006-5300-4859  one digit, last group       0       0   0.0000000003      0      0     32768/32768     5.133e-09       n/a        2.86s      0.46s 212.929ms     0.122ms  bs 27/4
bootstrapping!!
bootstrapping!!
bootstrapping!!
020-5000-2924  one digit, first group      0       0  -0.0000000003      0      0     32768/32768     1.128e-08       n/a        2.86s      0.46s 290.431ms     0.148ms  bs 27/4
bootstrapping!!
bootstrapping!!
bootstrapping!!
010-5010-2924  one digit, middle group     0       0   0.0000000002      0      0     32768/32768     4.585e-09       n/a        2.87s      0.46s 237.879ms     0.161ms  bs 27/4
bootstrapping!!
bootstrapping!!
bootstrapping!!
010-1111-2222  not in the log              0       0  -0.0000000002      0      0     32768/32768     1.458e-09       n/a        2.86s      0.46s 251.447ms     0.153ms  bs 27/4

 11 queries in total, 0 wrong

Existence bit as the declared bound C grows
query number        C   exp  answer    exist value   verdict      EXIST TIME
--------------------------------------------------------------------------------------------------------
010-5000-2924        32     1       1   1.0000000001     correct          0.44s
010-5000-2924       256     1       1   1.0000000003     correct          0.44s
010-5000-2924      2048     1       1   1.0000000002     correct          0.44s
010-1111-2222        32     0       0  -0.0000000002     correct          0.44s
010-1111-2222       256     0       0   0.0000000004     correct          0.44s
010-1111-2222      2048     0       0  -0.0000000006     correct          0.44s

SUMMARY
  match check  11 queries, 0 wrong
  bound check  6 existence calls over C in [32, 256, 2048] , 0 wrong
Saved: results/result2.txt, results/exp2_niro_match_summary.csv, results/exp2_niro_maxcount_sweep.csv
Device: GPU
Key directory: /root/heaan_setting/FGb/keys/
Keys preloaded: enc, mult, conj, 45 rotation keys
Key loaded
Warm-up encrypt start [GPU]
Warm-up encrypt done
Warm-up bootstrap start
Warm-up bootstrap done

HEAAN ENGINE LOAD SUCCESS [device=GPU]


Avante EDR log: 16 recorded rows, 11 rows with a recorded speed
Query parameters encrypted in 125.104 ms

Speed increase (1 means the speed rose from the previous row)
  cipher [1, 1, 1, 1, 1, 1, 1, 1, 1, 1, 0]
  plain  [1, 1, 1, 1, 1, 1, 1, 1, 1, 1, 0]
  agree  11 / 11
  rows where false   worst reading  4.269e-11
  rows where true    worst reading  0.9999999991   best 1.0000000007
  TIME 0.45 s   PLAIN TIME 0.291 ms   BS 4  CHEB 8

Overspeed (1 means the speed exceeds 60 km/h)
  cipher [0, 0, 0, 0, 0, 0, 1, 1, 1, 1, 0]
  plain  [0, 0, 0, 0, 0, 0, 1, 1, 1, 1, 0]
  agree  11 / 11
  rows where false   worst reading  1.047e-09
  rows where true    worst reading  0.9999999993   best 1.0000000007
  TIME 0.43 s   PLAIN TIME 0.341 ms   BS 4  CHEB 8

Time window: -3000.0 to -1000.0
  cipher [0, 0, 0, 0, 0, 1, 1, 1, 1, 0, 0, 0, 0, 0, 0, 0]
  plain  [0, 0, 0, 0, 0, 1, 1, 1, 1, 0, 0, 0, 0, 0, 0, 0]
  agree  32768 / 32768   (padding included)
  rows where false   worst reading  2.794e-09
  rows where true    worst reading  0.9999999993   best 1.0000000009
  TIME 0.87 s   PLAIN TIME 0.143 ms   BS 8  CHEB 16

row  t_rel  speed |    incr out  p |     over out  p |      win out  p
--------------------------------------------------------------------------
  0   -5020     42 |  1.0000000007  1 |  0.0000000002  0 | -0.0000000002  0
  1   -4520     46 |  0.9999999993  1 | -0.0000000009  0 | -0.0000000003  0
  2   -4020     50 |  0.9999999991  1 |  0.0000000006  0 |  0.0000000002  0
  3   -3520     53 |  1.0000000004  1 | -0.0000000001  0 | -0.0000000003  0
  4   -3020     56 |  0.9999999996  1 |  0.0000000006  0 |  0.0000000001  0
  5   -2520     59 |  1.0000000004  1 |  0.0000000010  0 |  0.9999999993  1
  6   -2020     61 |  1.0000000004  1 |  0.9999999993  1 |  0.9999999993  1
  7   -1520     64 |  1.0000000006  1 |  1.0000000002  1 |  1.0000000009  1
  8   -1020     66 |  1.0000000005  1 |  1.0000000007  1 |  0.9999999996  1
  9    -520     68 |  1.0000000002  1 |  1.0000000001  1 | -0.0000000003  0
 10     -20      5 | -0.0000000000  0 | -0.0000000000  0 |  0.0000000001  0
 11     -20     -1 |             .  . |             .  . |  0.0000000007  0
 12      -3     -1 |             .  . |             .  . | -0.0000000000  0
 13       0     -1 |             .  . |             .  . |  0.0000000005  0
 14       5     -1 |             .  . |             .  . | -0.0000000002  0
 15      11     -1 |             .  . |             .  . |  0.0000000005  0

 3 predicates in total, 0 mismatched
Saved: results/result2.txt, results/exp3_avante_summary.csv, results/exp3_avante_rows.csv
 
 ****************************************************************************** 
 *                                                                            * 
 *               STARTING cba72948-545f-3cab-9ee3-f6078a90bf4e                * 
 *                                                                            * 
 ****************************************************************************** 
 executing: bash
