Device: GPU
Key directory: /root/heaan_setting/FGb/keys/
Keys preloaded: enc, mult, conj, 45 rotation keys
Key loaded
Warm-up encrypt start [GPU]
Warm-up encrypt done
Warm-up bootstrap start
Warm-up bootstrap done

HEAAN ENGINE LOAD SUCCESS [device=GPU]


[k5_kitkat] 6820 of 6820 rows used, 246 rows with coordinates
Query center 37.31808 127.12741  projected to 211293.56 524321.29

  stat    radius     plain   cipher     agreement   outside worst   inside worst   inside best      TIME    ENC TIME     PLAIN TIME
  OK       0.2 km        3        3   32768/32768     3.727e-09     0.7715646078   1.0000000007     0.46s    36.494ms      0.098ms   bs  4  cheb   8
  first 20 slots : [-5.486610617218692e-10, 7.880464886689742e-10, 5.3644739166015676e-11, -1.9758287162756385e-10, -2.92009521386556e-11, -1.0795639434703834e-09, 4.2222901882739923e-10, 9.885109836192194e-12, -3.7114946934144866e-10, -2.0669163043693542e-10, 7.279667168696364e-11, -2.9367056057188284e-10, -6.082066476913977e-10, -1.7275489736314842e-10, 4.5666544191495294e-10, -5.778415397574273e-10, -6.981468919046581e-10, -1.2638750221369906e-09, 4.924520760554183e-10, -1.847034031243645e-11]
  plain            : [0, 0, 0, 0, 0, 0, 0, 0, 0, 0, 0, 0, 0, 0, 0, 0, 0, 0, 0, 0]
  OK       0.5 km       13       13   32768/32768     3.157e-09     0.9999999993   1.0000000009     0.44s    43.268ms      0.088ms   bs  4  cheb   8
  first 20 slots : [-3.824690573323853e-10, 3.6170429433026754e-10, -8.879317812858002e-10, 4.1414329532666564e-10, 1.0000000005287968, -2.302850052656985e-12, 1.5446760777406355e-10, -5.304756388306856e-11, -3.3070667782574173e-11, -2.709953774512069e-10, 3.240837694101518e-10, 1.0417703472030032e-10, 1.3455205191268856e-09, -1.1881341074055255e-09, -2.360193838664738e-10, -2.8226671207286015e-10, 4.667489272553846e-10, 1.0000000004559557, -4.679778780138993e-11, -8.235161527916073e-11]
  plain            : [0, 0, 0, 0, 1, 0, 0, 0, 0, 0, 0, 0, 0, 0, 0, 0, 0, 1, 0, 0]
  OK       1.0 km       52       52   32768/32768     3.299e-09     0.9999999985   1.0000000015     0.44s    45.407ms      0.086ms   bs  4  cheb   8
  first 20 slots : [4.238076152707396e-10, -1.2547032321182213e-09, -3.551174517928153e-10, 5.245080170424497e-10, 1.0000000000202416, 1.381666528626496e-10, -5.778165463801799e-10, 4.542096668216145e-10, 8.181406422016987e-10, 2.9083772866296043e-11, -1.7262537033251144e-10, 2.202637493712233e-10, 1.3815245159710446e-09, -3.2464877060700164e-10, -2.4171023356029287e-10, 3.93943770405813e-10, -8.503260092992695e-10, 1.0000000014629165, -1.0093171043028741e-09, 1.619703301058137e-10]
  plain            : [0, 0, 0, 0, 1, 0, 0, 0, 0, 0, 0, 0, 0, 0, 0, 0, 0, 1, 0, 0]
  OK       2.0 km       56       56   32768/32768     3.827e-09     0.9999999987   1.0000000015     0.44s    41.062ms      0.115ms   bs  4  cheb   8
  first 20 slots : [1.59360073392622e-10, -1.5435940113651725e-10, -9.530183662117542e-10, 4.501873718898197e-10, 0.9999999998933491, 1.0220389709044292e-09, -1.2373137918077212e-09, 9.029214790583622e-11, -7.333594051908155e-10, 4.8202017754822724e-11, -3.551845761221844e-10, 1.536702548573275e-10, 1.4921587467883852e-09, 8.140574686087143e-10, 6.300346674422428e-11, 4.88145569460089e-10, -5.396946354649e-10, 1.000000000681881, -3.6234762765280107e-10, -1.297385447956439e-10]
  plain            : [0, 0, 0, 0, 1, 0, 0, 0, 0, 0, 0, 0, 0, 0, 0, 0, 0, 1, 0, 0]
  OK       3.0 km       58       58   32768/32768     3.110e-09     0.9999999987   1.0000000011     0.44s    37.172ms      0.458ms   bs  4  cheb   8
  first 20 slots : [-5.373579724266828e-10, 2.7984440800189305e-10, -2.2043052083538878e-10, -1.584928971606719e-10, 1.0000000008381824, 1.5099022703467656e-09, 6.91645932151944e-11, -2.285486013521034e-12, -1.0822231079323829e-09, -4.365618083939396e-10, 4.3620968947311537e-10, -7.844839033609523e-11, -1.593799184480641e-09, 4.290775345480655e-10, 2.1287030491419648e-10, -5.121736111755935e-10, -2.930159295758636e-10, 0.999999999941988, -1.4674596067144166e-10, -5.132413315364515e-10]
  plain            : [0, 0, 0, 0, 1, 0, 0, 0, 0, 0, 0, 0, 0, 0, 0, 0, 0, 1, 0, 0]
  OK       5.0 km       58       58   32768/32768     2.852e-09     0.9999999987   1.0000000009     0.44s    36.028ms      0.086ms   bs  4  cheb   8
  first 20 slots : [-3.847097939099504e-10, 1.3447865216923116e-10, -1.4529018598270475e-10, -5.6935608353803666e-11, 1.000000000301637, -5.476563708792926e-10, -3.812904445305972e-10, -3.5797726743415866e-10, -2.5365296707169403e-10, -4.5339692475344027e-10, -1.0197666537967975e-10, -7.360002850864202e-10, 4.368518006370717e-10, 5.874880574115235e-10, 7.204533901410508e-10, -2.72923789211633e-10, -1.117983132558414e-09, 0.9999999987031929, -1.4857549978213015e-09, -2.3850313548174747e-10]
  plain            : [0, 0, 0, 0, 1, 0, 0, 0, 0, 0, 0, 0, 0, 0, 0, 0, 0, 1, 0, 0]

[k5_jellybean] 613 of 613 rows used, 330 rows with coordinates
Query center 37.86484 127.05997  projected to 205276.97 584999.58

  stat    radius     plain   cipher     agreement   outside worst   inside worst   inside best      TIME    ENC TIME     PLAIN TIME
  OK       0.2 km        4        4   32768/32768     3.138e-09     0.9966959356   1.0000000004     0.44s    52.549ms      0.086ms   bs  4  cheb   8
  first 20 slots : [-4.280982956257728e-10, 2.4989493078071637e-10, -7.928525017017793e-10, -3.539175627309316e-11, -3.7021743260099795e-10, -1.7448713518218264e-10, 5.306585752896011e-10, -5.518962775429009e-10, 6.618393059290363e-10, 1.4946778839218927e-10, -4.4341829133832285e-10, -6.600822811523396e-10, 1.3769493664146088e-09, -4.815805071491495e-10, -6.934239461760845e-10, -2.5591019495534444e-10, -1.5796440731841328e-09, 4.298159183471e-10, -7.823444533390623e-10, -2.750297501944042e-10]
  plain            : [0, 0, 0, 0, 0, 0, 0, 0, 0, 0, 0, 0, 0, 0, 0, 0, 0, 0, 0, 0]
  OK       0.5 km        4        4   32768/32768     3.093e-09     0.9999999992   1.0000000004     0.44s    46.656ms      0.591ms   bs  4  cheb   8
  first 20 slots : [-4.883662414853372e-11, 2.8759817860631123e-10, 2.6671141639207083e-10, 4.314376967688797e-10, 5.405135160038536e-10, -1.2684190514221686e-10, -1.710237205627036e-10, 4.759260953035861e-10, 4.1499979256921513e-10, -5.225201288262684e-10, 3.500405505044789e-10, -3.3262330133647143e-10, 2.0864391612360467e-10, -6.549411918382737e-10, 3.525968729131772e-10, 3.621538384433977e-10, 5.734405610455729e-10, -1.689840183040635e-10, -1.2915644557906761e-11, 2.47804933609277e-10]
  plain            : [0, 0, 0, 0, 0, 0, 0, 0, 0, 0, 0, 0, 0, 0, 0, 0, 0, 0, 0, 0]
  OK       1.0 km        5        5   32768/32768     3.304e-09     0.9999999999   1.0000000006     0.44s    47.221ms      1.599ms   bs  4  cheb   8
  first 20 slots : [5.255546734834928e-11, -1.4835595116322594e-10, 2.7798046085588485e-10, 1.8717745532284208e-10, 5.822829330125182e-10, -6.963495786439234e-10, 3.7288998390376517e-10, 1.4695138645477036e-10, -8.511082413939594e-10, -2.2776545640947567e-11, 1.980352904385112e-10, 3.139036127494864e-10, -1.0050647203396786e-09, -3.965981329141165e-10, 4.364687333414517e-10, 2.756183434399257e-10, 2.6249235479147846e-10, 2.3906316183214913e-10, -7.561486912152918e-10, 3.8370894010464005e-10]
  plain            : [0, 0, 0, 0, 0, 0, 0, 0, 0, 0, 0, 0, 0, 0, 0, 0, 0, 0, 0, 0]
  OK       2.0 km        5        5   32768/32768     3.030e-09     0.9999999989   1.0000000002     0.45s    61.962ms      0.523ms   bs  4  cheb   8
  first 20 slots : [1.189110933291199e-10, -4.2016604767994914e-10, -2.119362227170547e-10, 2.965997301200748e-10, -4.4923503946677443e-10, -2.6542775103581587e-10, 2.8494079940487426e-10, -1.324280523992938e-10, 2.010735040794616e-10, -8.083043169414889e-11, 2.77923108781832e-10, 9.403683108727908e-10, 5.1258688616482464e-11, -1.0433816569983313e-09, 3.26272608334266e-10, 2.4850490685547225e-10, 1.089187176305746e-10, -1.2161331981194154e-09, 1.9213188955033286e-10, -2.5571878104389787e-10]
  plain            : [0, 0, 0, 0, 0, 0, 0, 0, 0, 0, 0, 0, 0, 0, 0, 0, 0, 0, 0, 0]
  OK       3.0 km       53       53   32768/32768     4.059e-09     0.9999999986   1.0000000013     0.45s    57.530ms      0.103ms   bs  4  cheb   8
  first 20 slots : [-4.566372215772859e-10, 1.0000000005541305, -4.2582991186803157e-10, 0.9999999999689984, 4.0351058365602804e-11, -3.255899955770203e-10, -1.7727239894853597e-10, -4.809673740413459e-10, -4.443746774708411e-10, -6.248027155203717e-10, -3.01758029052817e-10, -1.4644165787102742e-10, -3.2501910432559e-10, 0.9999999995660831, -4.0546938524358396e-10, -4.453432573736795e-10, 2.0832941800441154e-10, -3.524491484935753e-10, -5.967283925680454e-10, 1.0000000005598402]
  plain            : [0, 1, 0, 1, 0, 0, 0, 0, 0, 0, 0, 0, 0, 1, 0, 0, 0, 0, 0, 1]
  OK       5.0 km      254      254   32768/32768     3.944e-09     0.9999999990   1.0000000014     0.44s    50.700ms      0.094ms   bs  4  cheb   8
  first 20 slots : [4.300702479868569e-10, 1.000000000221171, -1.492448374898751e-09, 0.9999999999898828, 1.1241612134585779e-10, -7.383608560894676e-10, -1.0399621289975865e-09, 1.0656914005264094e-09, 4.4023805788659217e-10, -3.6968054862052023e-10, 1.293330114617919e-11, 9.813539706296288e-10, 6.007261540456773e-10, 1.000000000214977, -1.064045081518369e-10, -2.6022416394144394e-10, 1.0000000002874194, 7.685125019908511e-10, 7.734297676809696e-10, 0.9999999996222915]
  plain            : [0, 1, 0, 1, 0, 0, 0, 0, 0, 0, 0, 0, 0, 1, 0, 0, 1, 0, 0, 1]

SUMMARY
  k5_kitkat         0.2 km  plain      3  cipher      3   match   0.46s / 0.098ms   bs 4  cheb 8
  k5_kitkat         0.5 km  plain     13  cipher     13   match   0.44s / 0.088ms   bs 4  cheb 8
  k5_kitkat         1.0 km  plain     52  cipher     52   match   0.44s / 0.086ms   bs 4  cheb 8
  k5_kitkat         2.0 km  plain     56  cipher     56   match   0.44s / 0.115ms   bs 4  cheb 8
  k5_kitkat         3.0 km  plain     58  cipher     58   match   0.44s / 0.458ms   bs 4  cheb 8
  k5_kitkat         5.0 km  plain     58  cipher     58   match   0.44s / 0.086ms   bs 4  cheb 8
  k5_jellybean      0.2 km  plain      4  cipher      4   match   0.44s / 0.086ms   bs 4  cheb 8
  k5_jellybean      0.5 km  plain      4  cipher      4   match   0.44s / 0.591ms   bs 4  cheb 8
  k5_jellybean      1.0 km  plain      5  cipher      5   match   0.44s / 1.599ms   bs 4  cheb 8
  k5_jellybean      2.0 km  plain      5  cipher      5   match   0.45s / 0.523ms   bs 4  cheb 8
  k5_jellybean      3.0 km  plain     53  cipher     53   match   0.45s / 0.103ms   bs 4  cheb 8
  k5_jellybean      5.0 km  plain    254  cipher    254   match   0.44s / 0.094ms   bs 4  cheb 8

 12 queries in total, 0 mismatched
Saved: results/result2.txt, results/exp1_<dataset>_summary.csv, results/exp1_all_summary.csv
Device: GPU
Key directory: /root/heaan_setting/FGb/keys/
Keys preloaded: enc, mult, conj, 45 rotation keys
Key loaded
Warm-up encrypt start [GPU]
Warm-up encrypt done
Warm-up bootstrap start
Warm-up bootstrap done

HEAAN ENGINE LOAD SUCCESS [device=GPU]


Niro call log: 204 rows   19 recorded numbers   4 distinct
Number split (3, 4, 4)   normalization denominators (999, 9999, 9999)

Per-row match and existence bit at C = 32
query number   description              exp  answer   exist value    plain  cipher   agreement   nonmatch worst   match worst    MATCH TIME  EXIST TIME  ENC TIME  PLAIN TIME
------------------------------------------------------------------------------------------------------------------------------------------------------
bootstrapping!!
bootstrapping!!
bootstrapping!!
010-5000-2924  original                    1       1   1.0000000005     12     12     32768/32768     1.282e-09     0.9999996771      2.90s      0.46s 236.344ms     0.133ms  bs 27/4
  first 20 slots : [-4.054363861195944e-11, -1.3694437654281356e-10, 8.572891798218791e-11, 4.293890392386183e-11, 1.6450730610795272e-10, -4.330351453068021e-10, -3.114955449913932e-11, 1.5790617507425383e-10, -2.4378025740494823e-10, 3.785451008276024e-12, -5.697232460411996e-11, -1.4214286790558686e-10, 3.5763985851871517e-10, -2.5171443730819123e-11, -2.9983189897421865e-11, 3.177713459323572e-11, 3.316279791628013e-10, 2.4513618983560274e-10, 9.39346481939426e-11, -2.1993953529325857e-12]
  plain            : [0, 0, 0, 0, 0, 0, 0, 0, 0, 0, 0, 0, 0, 0, 0, 0, 0, 0, 0, 0]
bootstrapping!!
bootstrapping!!
bootstrapping!!
010-5000-2925  one digit, last group       0       0   0.0000000005      0      0     32768/32768     1.343e-08       n/a        2.88s      0.46s 339.396ms     0.130ms  bs 27/4
bootstrapping!!
bootstrapping!!
bootstrapping!!
010-5100-9080  original                    1       1   1.0000000001      3      3     32768/32768     1.350e-09     0.9999996802      2.88s      0.46s 262.895ms     0.128ms  bs 27/4
  first 20 slots : [-6.502891097534413e-11, 1.2609044764963716e-10, -8.939102605513708e-11, 3.604499835563289e-11, 4.1214772530711243e-10, -8.670836529090702e-11, 1.4559851037112027e-11, -1.6638086662954364e-10, -2.68961307970905e-12, -5.895660870769514e-11, 6.443496269720947e-11, 3.0862759799460414e-11, 6.395158804425626e-11, 1.2837842019185484e-10, -5.6552790099245074e-11, -1.6012245590408053e-10, -1.4260032719711232e-10, -5.595158283551558e-11, -5.619875833829105e-11, 3.7127326357099344e-11]
  plain            : [0, 0, 0, 0, 0, 0, 0, 0, 0, 0, 0, 0, 0, 0, 0, 0, 0, 0, 0, 0]
bootstrapping!!
bootstrapping!!
bootstrapping!!
010-5100-9081  one digit, last group       0       0   0.0000000001      0      0     32768/32768     2.240e-09       n/a        2.88s      0.46s 244.604ms     0.126ms  bs 27/4
bootstrapping!!
bootstrapping!!
bootstrapping!!
010-5200-1582  original                    1       1   1.0000000000      2      2     32768/32768     1.274e-09     0.9999996656      2.88s      0.46s 243.100ms     0.126ms  bs 27/4
  first 20 slots : [-7.13584903796168e-11, -9.0151761133588e-11, 1.6809313913117585e-11, -9.134097459701636e-12, 1.0717426589829991e-10, -1.522026043802212e-10, 3.011178042442496e-11, 6.564220114832872e-11, -7.566881997932219e-12, 1.7727579402814024e-10, -2.1537956109264174e-11, 9.112528212503582e-11, -1.7584788617474154e-10, 6.776268983407922e-11, -1.0668576411539816e-10, -4.5268186505291086e-11, -2.822976052983946e-10, 3.0569968399728394e-10, -4.819081043934325e-11, 5.7192424717038414e-11]
  plain            : [0, 0, 0, 0, 0, 0, 0, 0, 0, 0, 0, 0, 0, 0, 0, 0, 0, 0, 0, 0]
bootstrapping!!
bootstrapping!!
bootstrapping!!
010-5200-1583  one digit, last group       0       0  -0.0000000000      0      0     32768/32768     3.082e-09       n/a        2.88s      0.46s 247.738ms     0.132ms  bs 27/4
bootstrapping!!
bootstrapping!!
bootstrapping!!
006-5300-4858  original                    1       1   1.0000000000      2      2     32768/32768     1.259e-09     0.9999996900      2.88s      0.46s 245.062ms     0.127ms  bs 27/4
  first 20 slots : [-1.0374027777695035e-10, 1.472445617171614e-10, 2.59916563493909e-10, -3.570357269253908e-12, -1.7009867857919423e-10, 1.610971703730097e-10, -7.295170067651542e-12, 1.07802838512375e-10, 8.19316221210195e-11, -2.1517676391593858e-11, 1.3315384161440669e-11, 5.239044139321119e-11, -2.0363608012127579e-10, 3.178339988414728e-11, -5.925841690756088e-11, -2.639265295763739e-12, -2.9419804172285755e-10, 1.159649854219975e-10, -1.867186490133279e-10, -9.81896296411039e-11]
  plain            : [0, 0, 0, 0, 0, 0, 0, 0, 0, 0, 0, 0, 0, 0, 0, 0, 0, 0, 0, 0]
bootstrapping!!
bootstrapping!!
bootstrapping!!
006-5300-4859  one digit, last group       0       0   0.0000000001      0      0     32768/32768     3.409e-09       n/a        2.88s      0.46s 251.461ms     0.134ms  bs 27/4
bootstrapping!!
bootstrapping!!
bootstrapping!!
020-5000-2924  one digit, first group      0       0  -0.0000000003      0      0     32768/32768     7.461e-09       n/a        2.88s      0.46s 333.413ms     0.125ms  bs 27/4
bootstrapping!!
bootstrapping!!
bootstrapping!!
010-5010-2924  one digit, middle group     0       0  -0.0000000001      0      0     32768/32768     2.302e-08       n/a        2.88s      0.46s 233.652ms     0.131ms  bs 27/4
bootstrapping!!
bootstrapping!!
bootstrapping!!
010-1111-2222  not in the log              0       0  -0.0000000002      0      0     32768/32768     1.262e-09       n/a        2.88s      0.46s 213.937ms     0.136ms  bs 27/4

 11 queries in total, 0 wrong

Existence bit as the declared bound C grows
query number        C   exp  answer    exist value   verdict      EXIST TIME
--------------------------------------------------------------------------------------------------------
010-5000-2924        32     1       1   1.0000000005     correct          0.44s
010-5000-2924       256     1       1   0.9999999998     correct          0.44s
010-5000-2924      2048     1       1   1.0000000000     correct          0.44s
010-1111-2222        32     0       0  -0.0000000002     correct          0.44s
010-1111-2222       256     0       0   0.0000000007     correct          0.44s
010-1111-2222      2048     0       0   0.0000000001     correct          0.44s

SUMMARY
  match check  11 queries, 0 wrong
  bound check  6 existence calls over C in [32, 256, 2048] , 0 wrong
Saved: results/result2.txt, results/exp2_niro_match_summary.csv, results/exp2_niro_maxcount_sweep.csv
Device: GPU
Key directory: /root/heaan_setting/FGb/keys/
Keys preloaded: enc, mult, conj, 45 rotation keys
Key loaded
Warm-up encrypt start [GPU]
Warm-up encrypt done
Warm-up bootstrap start
Warm-up bootstrap done

HEAAN ENGINE LOAD SUCCESS [device=GPU]


Avante EDR log: 16 recorded rows, 11 rows with a recorded speed
Query parameters encrypted in 120.976 ms

Speed increase (1 means the speed rose from the previous row)
  cipher [1, 1, 1, 1, 1, 1, 1, 1, 1, 1, 0]
  plain  [1, 1, 1, 1, 1, 1, 1, 1, 1, 1, 0]
  agree  11 / 11
  rows where false   worst reading  4.780e-11
  rows where true    worst reading  1.0000000000   best 1.0000000013
  TIME 0.46 s   PLAIN TIME 0.308 ms   BS 4  CHEB 8

Overspeed (1 means the speed exceeds 60 km/h)
  cipher [0, 0, 0, 0, 0, 0, 1, 1, 1, 1, 0]
  plain  [0, 0, 0, 0, 0, 0, 1, 1, 1, 1, 0]
  agree  11 / 11
  rows where false   worst reading  9.634e-10
  rows where true    worst reading  0.9999999991   best 1.0000000002
  TIME 0.43 s   PLAIN TIME 0.088 ms   BS 4  CHEB 8

Time window: -3000.0 to -1000.0
  cipher [0, 0, 0, 0, 0, 1, 1, 1, 1, 0, 0, 0, 0, 0, 0, 0]
  plain  [0, 0, 0, 0, 0, 1, 1, 1, 1, 0, 0, 0, 0, 0, 0, 0]
  agree  32768 / 32768   (padding included)
  rows where false   worst reading  2.864e-09
  rows where true    worst reading  0.9999999993   best 0.9999999997
  TIME 0.87 s   PLAIN TIME 0.159 ms   BS 8  CHEB 16

row  t_rel  speed |    incr out  p |     over out  p |      win out  p
--------------------------------------------------------------------------
  0   -5020     42 |  1.0000000004  1 | -0.0000000000  0 | -0.0000000005  0
  1   -4520     46 |  1.0000000000  1 |  0.0000000001  0 | -0.0000000002  0
  2   -4020     50 |  1.0000000004  1 | -0.0000000004  0 |  0.0000000001  0
  3   -3520     53 |  1.0000000006  1 | -0.0000000001  0 | -0.0000000002  0
  4   -3020     56 |  1.0000000000  1 |  0.0000000010  0 | -0.0000000002  0
  5   -2520     59 |  1.0000000003  1 | -0.0000000001  0 |  0.9999999993  1
  6   -2020     61 |  1.0000000003  1 |  1.0000000002  1 |  0.9999999997  1
  7   -1520     64 |  1.0000000013  1 |  0.9999999991  1 |  0.9999999996  1
  8   -1020     66 |  1.0000000001  1 |  1.0000000001  1 |  0.9999999996  1
  9    -520     68 |  1.0000000003  1 |  1.0000000000  1 | -0.0000000003  0
 10     -20      5 |  0.0000000000  0 | -0.0000000001  0 |  0.0000000003  0
 11     -20     -1 |             .  . |             .  . | -0.0000000002  0
 12      -3     -1 |             .  . |             .  . | -0.0000000000  0
 13       0     -1 |             .  . |             .  . |  0.0000000012  0
 14       5     -1 |             .  . |             .  . | -0.0000000002  0
 15      11     -1 |             .  . |             .  . |  0.0000000004  0

 3 predicates in total, 0 mismatched
Saved: results/result2.txt, results/exp3_avante_summary.csv, results/exp3_avante_rows.csv
 
 ****************************************************************************** 
 *                                                                            * 
 *               STARTING cba72948-545f-3cab-9ee3-f6078a90bf4e                * 
 *                                                                            * 
 ****************************************************************************** 
 executing: bash
