Device: GPU
Key directory: /root/heaan_setting/FGb/keys/
Keys preloaded: enc, mult, conj, 45 rotation keys
Key loaded
Warm-up encrypt start [GPU]
Warm-up encrypt done
Warm-up bootstrap start
Warm-up bootstrap done

HEAAN ENGINE LOAD SUCCESS [device=GPU]


[k5_kitkat] 6820 of 6820 rows used, 246 rows with coordinates
Query center 37.31808 127.12741  projected to 211293.56 524321.29

  stat    radius     plain   cipher     agreement   outside worst   inside worst   inside best      TIME    ENC TIME     PLAIN TIME
  OK       0.2 km        3        3   32768/32768     3.096e-09     0.7736358090   1.0000000003     0.45s    45.372ms      0.099ms   bs  4  cheb   8
  first 20 slots : [-1.5202164676400137e-10, -7.935061812465376e-10, 5.739666858637271e-10, -4.943333570777429e-10, 9.836301729417826e-10, 2.9636534992201894e-12, 1.4589223913484683e-10, 7.095295415048646e-10, -1.0355276413494797e-09, 2.0401762197006146e-10, -1.4802962203736543e-10, 1.1578584288745482e-09, 9.221164671590364e-12, 4.779243403230003e-10, -4.699194514772574e-10, -2.0006686164579177e-10, -5.899227856919359e-10, 8.523270979541822e-10, 3.6747820822220796e-10, -2.954582270179825e-10]
  plain            : [0, 0, 0, 0, 0, 0, 0, 0, 0, 0, 0, 0, 0, 0, 0, 0, 0, 0, 0, 0]
  OK       0.5 km       13       13   32768/32768     3.053e-09     0.9999999990   1.0000000017     0.44s    45.876ms      0.090ms   bs  4  cheb   8
  first 20 slots : [4.3036026876167476e-10, -4.817660089951162e-10, -5.227930466024924e-10, -1.6068490472893078e-11, 1.0000000002224176, 3.6781040191629636e-10, 2.2412340628530303e-11, -5.092542579559457e-10, 9.878215988751217e-11, 2.8546543517653966e-11, -2.110401353852785e-10, -6.857128693258388e-10, 2.5255736863893285e-11, -5.256805722775856e-10, -4.199214263329527e-10, -2.589052924403328e-10, 2.427100199023043e-10, 1.0000000016900772, -5.59144057863405e-10, 3.108508775804349e-10]
  plain            : [0, 0, 0, 0, 1, 0, 0, 0, 0, 0, 0, 0, 0, 0, 0, 0, 0, 1, 0, 0]
  OK       1.0 km       52       52   32768/32768     3.457e-09     0.9999999985   1.0000000015     0.44s    48.584ms      0.091ms   bs  4  cheb   8
  first 20 slots : [4.0798214666933197e-10, -1.0567345164998816e-10, -1.635739863342386e-10, 2.1891102634554041e-10, 0.999999999679402, -1.4452515024671704e-09, -6.639378599179175e-11, -5.387058885501135e-10, 9.179384551016816e-11, -2.4285155812976523e-10, 1.7580705734532853e-10, -1.0423620283585682e-10, 7.322995287626478e-10, 1.3390345754288994e-09, 3.4844695978073693e-11, 2.568822138414075e-10, -4.004649603052568e-11, 0.9999999999740821, -8.872878641239082e-10, 2.2611726806665697e-10]
  plain            : [0, 0, 0, 0, 1, 0, 0, 0, 0, 0, 0, 0, 0, 0, 0, 0, 0, 1, 0, 0]
  OK       2.0 km       56       56   32768/32768     3.044e-09     0.9999999983   1.0000000012     0.44s    38.079ms      0.096ms   bs  4  cheb   8
  first 20 slots : [9.149087255248516e-11, 1.3797631559249525e-10, -6.844356051534892e-10, 9.348388001800373e-11, 1.0000000003683005, -1.3270275117966726e-10, 2.325155582878586e-10, 1.0968037417137259e-10, 3.2869832300491884e-10, -2.3954911810461217e-10, 6.134033092834843e-11, -1.2455877555967193e-10, 1.0519437575020047e-09, 1.082081859979943e-12, -2.972362279929216e-10, 1.641790544465531e-10, 2.4042348707571617e-10, 0.9999999999174011, 1.7752671146546412e-10, 2.549341880950168e-10]
  plain            : [0, 0, 0, 0, 1, 0, 0, 0, 0, 0, 0, 0, 0, 0, 0, 0, 0, 1, 0, 0]
  OK       3.0 km       58       58   32768/32768     3.404e-09     0.9999999985   1.0000000010     0.44s    39.810ms      0.095ms   bs  4  cheb   8
  first 20 slots : [4.104761614520866e-10, -5.110984403629012e-10, -3.657854485901357e-10, -5.237397110889296e-10, 1.0000000007472645, 6.40461849921464e-10, 7.868956857803023e-10, -4.802342768380384e-10, -1.5268832232340887e-10, 1.448118918402378e-10, -3.9728534500559166e-10, 7.243381199451678e-10, -1.1033235884130022e-09, 6.975367589288377e-10, -4.1976963823510324e-10, -4.082285901716242e-10, -5.453677841747219e-10, 1.0000000004055583, -2.5857731982444917e-10, -1.7504989202959647e-10]
  plain            : [0, 0, 0, 0, 1, 0, 0, 0, 0, 0, 0, 0, 0, 0, 0, 0, 0, 1, 0, 0]
  OK       5.0 km       58       58   32768/32768     2.997e-09     0.9999999981   1.0000000008     0.44s    37.694ms      0.101ms   bs  4  cheb   8
  first 20 slots : [1.8680343393120946e-10, 1.209562570788065e-10, -4.85662001505522e-10, -5.6747194679405714e-11, 1.0000000005009166, -3.3920127819607324e-10, 5.520277085597848e-10, 1.423416331358296e-10, -2.0107433881191933e-10, -3.443298473031687e-10, -2.0724612482582713e-10, -6.820051275249463e-10, -8.512865333598765e-10, -3.067815304375979e-10, 5.473415762622404e-10, -1.4630976273338644e-10, 1.9744807867049023e-10, 0.9999999996377904, -4.625784775840146e-11, 1.0660902041147771e-10]
  plain            : [0, 0, 0, 0, 1, 0, 0, 0, 0, 0, 0, 0, 0, 0, 0, 0, 0, 1, 0, 0]

[k5_jellybean] 613 of 613 rows used, 330 rows with coordinates
Query center 37.86484 127.05997  projected to 205276.97 584999.58

  stat    radius     plain   cipher     agreement   outside worst   inside worst   inside best      TIME    ENC TIME     PLAIN TIME
  OK       0.2 km        4        4   32768/32768     3.207e-09     0.9982901920   1.0000000005     0.44s    45.869ms      0.276ms   bs  4  cheb   8
  first 20 slots : [-6.160855354328214e-11, -3.933881635690884e-10, -3.292131135696534e-10, -3.880396660128463e-12, -3.511578503640051e-10, -7.685621880888569e-10, -1.1357292243760255e-10, -1.976914368631271e-10, 5.176664140702216e-10, 5.197773904072286e-10, -8.331371769399709e-11, -1.3027096439195093e-09, -4.3780382472384716e-10, 4.768843398045559e-11, -3.560315723782475e-10, -4.558430076139098e-10, -1.2633545744518624e-10, -1.6465014013578865e-10, 4.180724028792745e-10, -2.2937295786463977e-10]
  plain            : [0, 0, 0, 0, 0, 0, 0, 0, 0, 0, 0, 0, 0, 0, 0, 0, 0, 0, 0, 0]
  OK       0.5 km        4        4   32768/32768     3.703e-09     0.9999999998   1.0000000002     0.44s    59.402ms      0.353ms   bs  4  cheb   8
  first 20 slots : [-3.3524789650187863e-10, 2.744095390534171e-10, 1.9964781783974234e-10, 2.4600813669938867e-10, 1.6129967347906846e-10, -8.754262034394018e-11, 8.841738926989862e-10, -2.425522280146849e-10, -3.206066360501921e-10, -4.081070257778197e-10, 4.2465983359657425e-10, 3.5212785798852343e-10, -8.383718357303919e-11, 8.098024578788857e-10, -2.8131556135655117e-11, 2.1562364701981947e-10, 3.5168287056711527e-10, 1.7160319305855142e-09, 7.116816677965722e-10, 8.324129937606841e-10]
  plain            : [0, 0, 0, 0, 0, 0, 0, 0, 0, 0, 0, 0, 0, 0, 0, 0, 0, 0, 0, 0]
  OK       1.0 km        5        5   32768/32768     3.439e-09     0.9999999990   1.0000000008     0.44s    59.290ms      0.316ms   bs  4  cheb   8
  first 20 slots : [-3.118406331720062e-12, -4.527876630382962e-10, -4.099426705483542e-10, 3.2791485041266625e-10, 3.3423798114491e-10, -2.3822669061961494e-10, 1.7387671702663362e-10, 3.888796983246709e-11, -3.022451264894224e-10, 3.968848108541675e-10, 3.248126656729926e-10, 6.092755539782898e-11, -1.0347727309771339e-09, 3.96604956444397e-10, 3.193376992511364e-11, 3.0198548878559544e-10, 6.237155133574884e-10, -7.435794550489077e-12, 1.2879144700794418e-10, 5.165814522982609e-10]
  plain            : [0, 0, 0, 0, 0, 0, 0, 0, 0, 0, 0, 0, 0, 0, 0, 0, 0, 0, 0, 0]
  OK       2.0 km        5        5   32768/32768     3.541e-09     0.9999999989   1.0000000006     0.43s    55.059ms      0.111ms   bs  4  cheb   8
  first 20 slots : [1.6561269441046235e-10, 4.372757751885147e-10, 1.8134001667363865e-10, 2.1270972148891856e-10, -4.427726015287008e-11, -1.3009442833574885e-10, 3.5252586996045873e-10, 8.588032248618951e-10, -7.323854916175678e-11, 3.9625465118350545e-10, 3.1193712452314405e-10, 4.851604050464062e-10, 1.3998543245563423e-09, -1.6053656010038462e-09, 8.546884968226458e-11, 3.5360268138374965e-10, 3.811063141303795e-11, 8.308905422043196e-10, 7.508826054112971e-10, -1.9886314629209492e-10]
  plain            : [0, 0, 0, 0, 0, 0, 0, 0, 0, 0, 0, 0, 0, 0, 0, 0, 0, 0, 0, 0]
  OK       3.0 km       53       53   32768/32768     2.773e-09     0.9999999991   1.0000000015     0.44s    43.183ms      0.086ms   bs  4  cheb   8
  first 20 slots : [-6.731158343063491e-10, 1.0000000008874146, -1.4772180025391601e-09, 1.000000000258888, -3.1312833628978154e-11, 3.21155894734463e-10, -7.420689831388088e-10, 2.1259885087386727e-10, 3.930420922876505e-10, -1.0441747497064531e-10, -3.3116448001645e-10, -5.456637784314579e-11, -3.9752456287723054e-10, 0.9999999994541396, -1.2510366206701613e-10, -4.066309160272479e-10, 5.77314135437113e-10, -4.2712214546172287e-10, -1.6521745168291363e-10, 1.0000000004256722]
  plain            : [0, 1, 0, 1, 0, 0, 0, 0, 0, 0, 0, 0, 0, 1, 0, 0, 0, 0, 0, 1]
  OK       5.0 km      254      254   32768/32768     3.785e-09     0.9999999983   1.0000000014     0.44s    68.753ms      0.091ms   bs  4  cheb   8
  first 20 slots : [4.741460761760129e-10, 0.9999999999561473, 1.2248403019834872e-10, 0.9999999999659182, 6.567983932645776e-10, -1.179067887913319e-09, -1.965902234499905e-10, 7.426698577014124e-10, -1.3071398798021488e-10, -6.832719184968052e-10, -2.8282538394735824e-10, 1.2165191714509239e-09, -2.4233831149442423e-10, 0.9999999993605369, 4.640199142892876e-10, 3.6510695057281436e-11, 0.9999999992530588, 9.728896445932065e-10, -1.729196770194028e-10, 0.9999999996551538]
  plain            : [0, 1, 0, 1, 0, 0, 0, 0, 0, 0, 0, 0, 0, 1, 0, 0, 1, 0, 0, 1]

SUMMARY
  k5_kitkat         0.2 km  plain      3  cipher      3   match   0.45s / 0.099ms   bs 4  cheb 8
  k5_kitkat         0.5 km  plain     13  cipher     13   match   0.44s / 0.090ms   bs 4  cheb 8
  k5_kitkat         1.0 km  plain     52  cipher     52   match   0.44s / 0.091ms   bs 4  cheb 8
  k5_kitkat         2.0 km  plain     56  cipher     56   match   0.44s / 0.096ms   bs 4  cheb 8
  k5_kitkat         3.0 km  plain     58  cipher     58   match   0.44s / 0.095ms   bs 4  cheb 8
  k5_kitkat         5.0 km  plain     58  cipher     58   match   0.44s / 0.101ms   bs 4  cheb 8
  k5_jellybean      0.2 km  plain      4  cipher      4   match   0.44s / 0.276ms   bs 4  cheb 8
  k5_jellybean      0.5 km  plain      4  cipher      4   match   0.44s / 0.353ms   bs 4  cheb 8
  k5_jellybean      1.0 km  plain      5  cipher      5   match   0.44s / 0.316ms   bs 4  cheb 8
  k5_jellybean      2.0 km  plain      5  cipher      5   match   0.43s / 0.111ms   bs 4  cheb 8
  k5_jellybean      3.0 km  plain     53  cipher     53   match   0.44s / 0.086ms   bs 4  cheb 8
  k5_jellybean      5.0 km  plain    254  cipher    254   match   0.44s / 0.091ms   bs 4  cheb 8

 12 queries in total, 0 mismatched
Saved: results/result2.txt, results/exp1_<dataset>_summary.csv, results/exp1_all_summary.csv
Device: GPU
Key directory: /root/heaan_setting/FGb/keys/
Keys preloaded: enc, mult, conj, 45 rotation keys
Key loaded
Warm-up encrypt start [GPU]
Warm-up encrypt done
Warm-up bootstrap start
Warm-up bootstrap done

HEAAN ENGINE LOAD SUCCESS [device=GPU]


Niro call log: 204 rows   19 recorded numbers   4 distinct
Number split (3, 4, 4)   normalization denominators (999, 9999, 9999)

Per-row match and existence bit at C = 32
query number   description              exp  answer   exist value    plain  cipher   agreement   nonmatch worst   match worst    MATCH TIME  EXIST TIME  ENC TIME  PLAIN TIME
------------------------------------------------------------------------------------------------------------------------------------------------------
bootstrapping!!
bootstrapping!!
bootstrapping!!
010-5000-2924  original                    1       1   1.0000000006     12     12     32768/32768     1.135e-09     0.9999996561      2.90s      0.46s 266.489ms     0.129ms  bs 27/4
  first 20 slots : [7.353898694584168e-11, -1.3792222562922048e-11, -1.6324111679145084e-12, -3.5272719707610496e-11, -2.0166174564898019e-10, -3.922762488589537e-10, -1.1192010889778435e-11, -1.0879276351033715e-10, 1.0917350253618779e-10, -9.851247619686207e-12, 4.406562736535866e-11, -1.3644612030509364e-10, 1.7983976511243603e-10, -1.5165845147712624e-10, -1.2684879299745258e-11, -2.2433885311628593e-11, 1.7836289905860432e-10, -3.1281650361526916e-10, 1.6877611862270633e-10, -6.859957931230553e-11]
  plain            : [0, 0, 0, 0, 0, 0, 0, 0, 0, 0, 0, 0, 0, 0, 0, 0, 0, 0, 0, 0]
bootstrapping!!
bootstrapping!!
bootstrapping!!
010-5000-2925  one digit, last group       0       0  -0.0000000003      0      0     32768/32768     4.506e-08       n/a        2.86s      0.46s 341.534ms     0.126ms  bs 27/4
bootstrapping!!
bootstrapping!!
bootstrapping!!
010-5100-9080  original                    1       1   1.0000000000      3      3     32768/32768     1.516e-09     0.9999996535      2.86s      0.46s 258.145ms     0.124ms  bs 27/4
  first 20 slots : [1.4191202165576857e-11, 9.267629281994337e-11, -2.0619482322380825e-10, -1.029004968417732e-11, 7.500977626269853e-11, 4.752611770509669e-10, 1.8374917258708567e-11, -1.09605825377934e-10, 1.1900855116551112e-10, -7.593184656307984e-11, 2.966384548509901e-11, 1.7487071493058307e-10, 5.7449870518330974e-11, -1.3956231088114286e-10, 6.504839196544744e-11, -5.769696441965802e-12, -5.880992477367737e-10, 1.7614175681301523e-10, 1.4186487367121553e-10, -4.947376372408029e-11]
  plain            : [0, 0, 0, 0, 0, 0, 0, 0, 0, 0, 0, 0, 0, 0, 0, 0, 0, 0, 0, 0]
bootstrapping!!
bootstrapping!!
bootstrapping!!
010-5100-9081  one digit, last group       0       0  -0.0000000002      0      0     32768/32768     1.300e-07       n/a        2.86s      0.46s 271.149ms     0.131ms  bs 27/4
bootstrapping!!
bootstrapping!!
bootstrapping!!
010-5200-1582  original                    1       1   1.0000000005      2      2     32768/32768     1.205e-09     0.9999996722      2.86s      0.46s 245.377ms     0.124ms  bs 27/4
  first 20 slots : [3.4239271130474884e-11, -1.0745405206439524e-10, -1.470459510184217e-11, -3.282224650004919e-11, -1.2139054843637142e-10, -7.811328295099936e-10, 7.426683275719166e-11, 1.8922153544525205e-10, -1.4811233937752974e-10, 1.010734498028673e-10, -1.7678004656143335e-11, -3.237748170832074e-11, -4.6578821594204696e-12, 9.77041873766165e-11, -1.1521951010299322e-10, -1.842238467335917e-12, 7.208371734223151e-10, 2.4651795104684174e-11, -1.202155065062305e-10, 7.964425581389046e-11]
  plain            : [0, 0, 0, 0, 0, 0, 0, 0, 0, 0, 0, 0, 0, 0, 0, 0, 0, 0, 0, 0]
bootstrapping!!
bootstrapping!!
bootstrapping!!
010-5200-1583  one digit, last group       0       0  -0.0000000003      0      0     32768/32768     4.862e-09       n/a        2.86s      0.46s 361.669ms     0.155ms  bs 27/4
bootstrapping!!
bootstrapping!!
bootstrapping!!
006-5300-4858  original                    1       1   1.0000000000      2      2     32768/32768     1.189e-09     0.9999996829      2.86s      0.46s 234.293ms     0.139ms  bs 27/4
  first 20 slots : [8.310994052940537e-11, 2.0118895902906767e-12, -1.8744907974974105e-10, -2.078604298031828e-11, -6.02538199918642e-11, 3.1329999722149447e-10, -2.0746398678802726e-11, 2.1053877789412076e-10, 4.0130814990926967e-10, -5.422767322726862e-12, 6.929706030031987e-11, -1.9960183828956512e-10, -2.2981397596761593e-10, -2.1270902523680698e-10, -1.0050424127427179e-10, -2.5943577986443402e-11, 1.2579717238477908e-10, -8.558265148158583e-11, -1.0143679994798133e-10, 1.1779773605532167e-11]
  plain            : [0, 0, 0, 0, 0, 0, 0, 0, 0, 0, 0, 0, 0, 0, 0, 0, 0, 0, 0, 0]
bootstrapping!!
bootstrapping!!
bootstrapping!!
006-5300-4859  one digit, last group       0       0   0.0000000001      0      0     32768/32768     2.039e-09       n/a        2.86s      0.46s 259.670ms     0.123ms  bs 27/4
bootstrapping!!
bootstrapping!!
bootstrapping!!
020-5000-2924  one digit, first group      0       0   0.0000000001      0      0     32768/32768     3.862e-08       n/a        2.86s      0.46s 233.931ms     0.129ms  bs 27/4
bootstrapping!!
bootstrapping!!
bootstrapping!!
010-5010-2924  one digit, middle group     0       0  -0.0000000002      0      0     32768/32768     5.574e-08       n/a        2.86s      0.46s 264.040ms     0.160ms  bs 27/4
bootstrapping!!
bootstrapping!!
bootstrapping!!
010-1111-2222  not in the log              0       0   0.0000000005      0      0     32768/32768     1.480e-09       n/a        2.87s      0.46s 274.114ms     0.130ms  bs 27/4

 11 queries in total, 0 wrong

Existence bit as the declared bound C grows
query number        C   exp  answer    exist value   verdict      EXIST TIME
--------------------------------------------------------------------------------------------------------
010-5000-2924        32     1       1   1.0000000006     correct          0.44s
010-5000-2924       256     1       1   0.9999999995     correct          0.44s
010-5000-2924      2048     1       1   1.0000000001     correct          0.44s
010-1111-2222        32     0       0   0.0000000005     correct          0.44s
010-1111-2222       256     0       0   0.0000000001     correct          0.44s
010-1111-2222      2048     0       0  -0.0000000001     correct          0.44s

SUMMARY
  match check  11 queries, 0 wrong
  bound check  6 existence calls over C in [32, 256, 2048] , 0 wrong
Saved: results/result2.txt, results/exp2_niro_match_summary.csv, results/exp2_niro_maxcount_sweep.csv
Device: GPU
Key directory: /root/heaan_setting/FGb/keys/
Keys preloaded: enc, mult, conj, 45 rotation keys
Key loaded
Warm-up encrypt start [GPU]
Warm-up encrypt done
Warm-up bootstrap start
Warm-up bootstrap done

HEAAN ENGINE LOAD SUCCESS [device=GPU]


Avante EDR log: 16 recorded rows, 11 rows with a recorded speed
Query parameters encrypted in 105.865 ms

Speed increase (1 means the speed rose from the previous row)
  cipher [1, 1, 1, 1, 1, 1, 1, 1, 1, 1, 0]
  plain  [1, 1, 1, 1, 1, 1, 1, 1, 1, 1, 0]
  agree  11 / 11
  rows where false   worst reading  7.614e-11
  rows where true    worst reading  0.9999999990   best 1.0000000012
  TIME 0.44 s   PLAIN TIME 0.526 ms   BS 4  CHEB 8

Overspeed (1 means the speed exceeds 60 km/h)
  cipher [0, 0, 0, 0, 0, 0, 1, 1, 1, 1, 0]
  plain  [0, 0, 0, 0, 0, 0, 1, 1, 1, 1, 0]
  agree  11 / 11
  rows where false   worst reading  7.385e-10
  rows where true    worst reading  0.9999999999   best 1.0000000008
  TIME 0.43 s   PLAIN TIME 0.102 ms   BS 4  CHEB 8

Time window: -3000.0 to -1000.0
  cipher [0, 0, 0, 0, 0, 1, 1, 1, 1, 0, 0, 0, 0, 0, 0, 0]
  plain  [0, 0, 0, 0, 0, 1, 1, 1, 1, 0, 0, 0, 0, 0, 0, 0]
  agree  32768 / 32768   (padding included)
  rows where false   worst reading  3.557e-09
  rows where true    worst reading  0.9999999998   best 1.0000000005
  TIME 0.87 s   PLAIN TIME 0.111 ms   BS 8  CHEB 16

row  t_rel  speed |    incr out  p |     over out  p |      win out  p
--------------------------------------------------------------------------
  0   -5020     42 |  1.0000000005  1 |  0.0000000000  0 | -0.0000000004  0
  1   -4520     46 |  0.9999999998  1 | -0.0000000007  0 |  0.0000000001  0
  2   -4020     50 |  0.9999999990  1 | -0.0000000005  0 |  0.0000000003  0
  3   -3520     53 |  1.0000000003  1 | -0.0000000003  0 | -0.0000000002  0
  4   -3020     56 |  1.0000000004  1 |  0.0000000004  0 | -0.0000000012  0
  5   -2520     59 |  1.0000000012  1 | -0.0000000000  0 |  1.0000000005  1
  6   -2020     61 |  1.0000000007  1 |  0.9999999999  1 |  1.0000000002  1
  7   -1520     64 |  1.0000000002  1 |  1.0000000001  1 |  0.9999999998  1
  8   -1020     66 |  1.0000000006  1 |  1.0000000008  1 |  1.0000000000  1
  9    -520     68 |  1.0000000002  1 |  1.0000000004  1 | -0.0000000006  0
 10     -20      5 |  0.0000000001  0 | -0.0000000000  0 |  0.0000000002  0
 11     -20     -1 |             .  . |             .  . |  0.0000000004  0
 12      -3     -1 |             .  . |             .  . |  0.0000000000  0
 13       0     -1 |             .  . |             .  . |  0.0000000008  0
 14       5     -1 |             .  . |             .  . | -0.0000000002  0
 15      11     -1 |             .  . |             .  . |  0.0000000005  0

 3 predicates in total, 0 mismatched
Saved: results/result2.txt, results/exp3_avante_summary.csv, results/exp3_avante_rows.csv
 
 ****************************************************************************** 
 *                                                                            * 
 *               STARTING cba72948-545f-3cab-9ee3-f6078a90bf4e                * 
 *                                                                            * 
 ****************************************************************************** 
 executing: bash
