Device: GPU
Key directory: /root/heaan_setting/FGb/keys/
Keys preloaded: enc, mult, conj, 45 rotation keys
Key loaded
Warm-up encrypt start [GPU]
Warm-up encrypt done
Warm-up bootstrap start
Warm-up bootstrap done

HEAAN ENGINE LOAD SUCCESS [device=GPU]


[k5_kitkat] 6820 of 6820 rows used, 246 rows with coordinates
Query center 37.31808 127.12741  projected to 211293.56 524321.29

  stat    radius     plain   cipher     agreement   outside worst   inside worst   inside best      TIME    ENC TIME     PLAIN TIME
  OK       0.2 km        3        3   32768/32768     2.924e-09     0.7793723587   1.0000000006     0.47s    54.484ms      0.489ms   bs  4  cheb   8
  first 20 slots : [1.1045999641117892e-10, -3.6170043545643514e-10, -1.137668032286402e-10, 7.062987007691548e-11, 4.167269637573458e-10, -3.365199896651373e-10, -5.65690354877784e-10, 6.271329144430288e-10, -1.4950340369877967e-10, 7.161880704926978e-10, -3.6047592780783173e-10, 5.900235694863804e-10, -7.957129549978545e-10, 1.2261963174082032e-09, -4.6418043306983124e-10, 4.3831394874813403e-10, 3.4208066014826454e-10, 6.238072211071688e-10, 3.1032271045403064e-10, 3.8915158024587556e-10]
  plain            : [0, 0, 0, 0, 0, 0, 0, 0, 0, 0, 0, 0, 0, 0, 0, 0, 0, 0, 0, 0]
  OK       0.5 km       13       13   32768/32768     3.246e-09     0.9999999989   1.0000000007     0.43s    71.694ms      0.093ms   bs  4  cheb   8
  first 20 slots : [3.201651030054261e-10, -3.446219451443821e-10, -8.263005284442613e-10, -2.8562267577402347e-10, 1.0000000003259903, 7.388669836747827e-10, 5.363376499287048e-10, 2.5549387573783e-10, -3.702461715884002e-10, -4.6085713325531474e-10, 4.898970909117236e-10, -1.0303541951499393e-09, -6.669614409226487e-10, -5.498579024811858e-10, 3.811143418480253e-10, -2.07588914046558e-10, -4.3010251764321577e-10, 0.9999999997089531, -5.716514684293006e-10, -2.3414852167777497e-10]
  plain            : [0, 0, 0, 0, 1, 0, 0, 0, 0, 0, 0, 0, 0, 0, 0, 0, 0, 1, 0, 0]
  OK       1.0 km       52       52   32768/32768     3.440e-09     0.9999999984   1.0000000010     0.44s    69.273ms      0.093ms   bs  4  cheb   8
  first 20 slots : [-3.3192302443166355e-10, -3.9063821404125064e-10, 2.6860119244254504e-10, -1.7159532489183896e-11, 1.0000000007165384, -3.4622427064379143e-10, -1.0372124027361136e-10, -2.8440462677952533e-10, -3.131533804659542e-10, -2.7919052613545605e-10, 2.7584850358006465e-10, 2.6943810478502236e-10, 2.677358230144642e-11, 4.2865094136383344e-10, -5.70237277260211e-10, -7.620455251903455e-10, -3.932160255006669e-11, 1.0000000007511631, 2.1385062426841193e-11, -5.763779702408116e-10]
  plain            : [0, 0, 0, 0, 1, 0, 0, 0, 0, 0, 0, 0, 0, 0, 0, 0, 0, 1, 0, 0]
  OK       2.0 km       56       56   32768/32768     3.167e-09     0.9999999986   1.0000000019     0.43s    56.723ms      0.109ms   bs  4  cheb   8
  first 20 slots : [5.92414156653449e-10, 5.670253204602722e-10, -2.3779958289001405e-11, -3.52282461063237e-11, 1.0000000000903682, -4.727782787520042e-10, -2.543435621935409e-10, 1.4314839271138362e-10, -1.6813917547075298e-10, -2.1255760957797074e-10, -2.7040858363312e-10, 1.1508307530441757e-09, -4.530747112112351e-10, 6.554384571692268e-10, 3.5386098947427055e-10, -3.231671602973621e-10, 5.933275947636302e-10, 1.0000000018675013, 1.6011731765734046e-11, -3.233510886009266e-10]
  plain            : [0, 0, 0, 0, 1, 0, 0, 0, 0, 0, 0, 0, 0, 0, 0, 0, 0, 1, 0, 0]
  OK       3.0 km       58       58   32768/32768     3.223e-09     0.9999999990   1.0000000015     0.43s    40.507ms      0.092ms   bs  4  cheb   8
  first 20 slots : [1.881117614396341e-11, 2.2006926109900403e-10, 4.6410771504022457e-10, -5.421661853973785e-10, 1.0000000001434572, -2.9959753557753643e-10, -6.340152604316634e-11, 3.2533844763265195e-10, 1.5470165008584783e-10, -5.711530159663179e-10, 3.0794109139496025e-10, -9.334601658129552e-10, -1.8246683706072255e-09, -8.94104676322805e-10, 1.873123642672668e-10, 7.82658226850575e-11, 3.1287543921757106e-10, 1.0000000014998363, 6.084154544835348e-11, 1.591007136247213e-10]
  plain            : [0, 0, 0, 0, 1, 0, 0, 0, 0, 0, 0, 0, 0, 0, 0, 0, 0, 1, 0, 0]
  OK       5.0 km       58       58   32768/32768     2.944e-09     0.9999999986   1.0000000016     0.43s    42.887ms      0.444ms   bs  4  cheb   8
  first 20 slots : [7.975623968734099e-10, 5.079169443359269e-11, -9.048417793591399e-11, -3.59621078426768e-10, 1.0000000005302923, -2.761923502419037e-10, 8.391310548700491e-12, -2.775329445962338e-10, 2.581275044634511e-10, -3.907908346082532e-10, 1.651736707085121e-10, -3.8211056226727393e-10, -5.59900198822552e-10, 1.3688132801371917e-10, 7.2630308291601e-10, -3.714634470790662e-10, 3.7417599183006144e-10, 1.0000000015015196, -3.3097099372754954e-10, -4.2567355507482423e-10]
  plain            : [0, 0, 0, 0, 1, 0, 0, 0, 0, 0, 0, 0, 0, 0, 0, 0, 0, 1, 0, 0]

[k5_jellybean] 613 of 613 rows used, 330 rows with coordinates
Query center 37.86484 127.05997  projected to 205276.97 584999.58

  stat    radius     plain   cipher     agreement   outside worst   inside worst   inside best      TIME    ENC TIME     PLAIN TIME
  OK       0.2 km        4        4   32768/32768     2.910e-09     0.9982570745   1.0000000004     0.43s    39.639ms      0.084ms   bs  4  cheb   8
  first 20 slots : [-8.365993158696506e-10, -7.027427010413649e-10, -2.385571417047272e-10, -6.580127180820766e-11, -6.966198652221135e-10, -1.989824367035596e-09, -6.825605572574343e-10, 1.7586535178130646e-10, -7.619211384654567e-10, -8.234125390501176e-11, -4.175578073101869e-10, -1.2627056820365103e-10, 4.778215877784424e-10, 9.062202289026556e-10, -5.763347163548691e-12, 1.662275185205119e-10, -6.975597091985758e-11, -7.183805561328536e-11, -1.659317058285542e-10, -3.9335560816256423e-10]
  plain            : [0, 0, 0, 0, 0, 0, 0, 0, 0, 0, 0, 0, 0, 0, 0, 0, 0, 0, 0, 0]
  OK       0.5 km        4        4   32768/32768     3.759e-09     0.9999999997   1.0000000004     0.44s    35.884ms      0.110ms   bs  4  cheb   8
  first 20 slots : [1.4654106866987559e-10, 4.060164460301176e-10, -2.4284723688076245e-10, 3.560995973410114e-10, 3.8676928840781323e-10, 5.28642465757568e-10, 5.847732671654577e-10, 9.827783978764546e-10, -5.391886904124592e-10, -4.4194164254319915e-10, 1.625450745675578e-10, -1.2285795769312523e-09, 1.388872283524473e-09, 2.846803591074819e-10, -2.2270998051778923e-10, 3.912325348987959e-10, -8.324140319430954e-10, -6.391752040267874e-10, 7.192535018651676e-10, 5.976289670438243e-10]
  plain            : [0, 0, 0, 0, 0, 0, 0, 0, 0, 0, 0, 0, 0, 0, 0, 0, 0, 0, 0, 0]
  OK       1.0 km        5        5   32768/32768     3.613e-09     0.9999999988   1.0000000005     0.43s    40.806ms      0.361ms   bs  4  cheb   8
  first 20 slots : [-2.213333989455053e-10, -4.2083474007221784e-10, 3.145745709240676e-10, 3.0892446957580644e-10, 3.114702857467505e-10, -3.038857725583173e-10, 9.64470752228418e-12, 4.892485048266053e-10, -2.828421555126479e-10, 8.404944196428067e-11, 3.761102580209613e-11, -3.3560902698127695e-11, 5.984021260253654e-10, 1.0411426224792672e-10, -6.039429153534306e-10, 3.436490825226402e-10, -9.927566034323523e-11, -8.296040864429616e-10, -4.864698120599154e-12, 4.5193351186918203e-10]
  plain            : [0, 0, 0, 0, 0, 0, 0, 0, 0, 0, 0, 0, 0, 0, 0, 0, 0, 0, 0, 0]
  OK       2.0 km        5        5   32768/32768     3.253e-09     0.9999999993   1.0000000007     0.43s    47.864ms      0.091ms   bs  4  cheb   8
  first 20 slots : [-3.0019374109504567e-10, 3.246823625182152e-10, 6.28219500290313e-10, 5.76242108000632e-10, 7.879927127652497e-10, -3.1801133995533943e-10, 4.359693176703705e-10, 2.481936969732509e-10, 1.4092461186597814e-10, -1.1595348472703889e-10, 3.500093287121056e-11, 1.1217209049606336e-10, -8.045837910080464e-10, -3.131639007255268e-11, 2.918063107653042e-11, 4.2438059678521013e-10, -7.888450824371725e-10, 2.4584470922589113e-10, -7.427783839149778e-10, -4.874389453591896e-10]
  plain            : [0, 0, 0, 0, 0, 0, 0, 0, 0, 0, 0, 0, 0, 0, 0, 0, 0, 0, 0, 0]
  OK       3.0 km       53       53   32768/32768     2.923e-09     0.9999999987   1.0000000017     0.44s    46.091ms      0.086ms   bs  4  cheb   8
  first 20 slots : [-5.229057949523655e-10, 1.0000000001058607, -7.193355323646709e-10, 1.0000000002720404, -3.603232325658549e-10, -9.619780353818597e-10, -5.095660736309393e-10, 2.634738604951859e-10, 2.0505752092477534e-10, -5.047426634822653e-10, -3.136279646057334e-10, 3.6280404106510845e-10, 3.5750834354640803e-10, 0.9999999990105404, -2.2909110520465435e-10, -2.048512473448895e-10, -1.1124935870123318e-09, -4.845771213224823e-10, -4.960549954569193e-10, 1.000000000205289]
  plain            : [0, 1, 0, 1, 0, 0, 0, 0, 0, 0, 0, 0, 0, 1, 0, 0, 0, 0, 0, 1]
  OK       5.0 km      254      254   32768/32768     3.407e-09     0.9999999987   1.0000000015     0.43s    47.224ms      0.473ms   bs  4  cheb   8
  first 20 slots : [2.3091863195371707e-10, 1.0000000000968188, -3.891131896006978e-10, 0.999999999961577, 5.592551798902107e-10, 2.298815886133836e-10, 2.5811861969165642e-11, -3.8371901346953327e-10, -1.7813323371816266e-10, -1.4698691296578664e-10, 3.6653912599777037e-10, 2.666965090283499e-10, -1.2494981903069062e-10, 0.9999999991645648, 4.037353145351886e-10, -3.904041227894622e-10, 0.9999999998932755, -7.819241991096408e-11, -3.187563632129083e-10, 0.9999999995509443]
  plain            : [0, 1, 0, 1, 0, 0, 0, 0, 0, 0, 0, 0, 0, 1, 0, 0, 1, 0, 0, 1]

SUMMARY
  k5_kitkat         0.2 km  plain      3  cipher      3   match   0.47s / 0.489ms   bs 4  cheb 8
  k5_kitkat         0.5 km  plain     13  cipher     13   match   0.43s / 0.093ms   bs 4  cheb 8
  k5_kitkat         1.0 km  plain     52  cipher     52   match   0.44s / 0.093ms   bs 4  cheb 8
  k5_kitkat         2.0 km  plain     56  cipher     56   match   0.43s / 0.109ms   bs 4  cheb 8
  k5_kitkat         3.0 km  plain     58  cipher     58   match   0.43s / 0.092ms   bs 4  cheb 8
  k5_kitkat         5.0 km  plain     58  cipher     58   match   0.43s / 0.444ms   bs 4  cheb 8
  k5_jellybean      0.2 km  plain      4  cipher      4   match   0.43s / 0.084ms   bs 4  cheb 8
  k5_jellybean      0.5 km  plain      4  cipher      4   match   0.44s / 0.110ms   bs 4  cheb 8
  k5_jellybean      1.0 km  plain      5  cipher      5   match   0.43s / 0.361ms   bs 4  cheb 8
  k5_jellybean      2.0 km  plain      5  cipher      5   match   0.43s / 0.091ms   bs 4  cheb 8
  k5_jellybean      3.0 km  plain     53  cipher     53   match   0.44s / 0.086ms   bs 4  cheb 8
  k5_jellybean      5.0 km  plain    254  cipher    254   match   0.43s / 0.473ms   bs 4  cheb 8

 12 queries in total, 0 mismatched
Saved: results/result2.txt, results/exp1_<dataset>_summary.csv, results/exp1_all_summary.csv
Device: GPU
Key directory: /root/heaan_setting/FGb/keys/
Keys preloaded: enc, mult, conj, 45 rotation keys
Key loaded
Warm-up encrypt start [GPU]
Warm-up encrypt done
Warm-up bootstrap start
Warm-up bootstrap done

HEAAN ENGINE LOAD SUCCESS [device=GPU]


Niro call log: 204 rows   19 recorded numbers   4 distinct
Number split (3, 4, 4)   normalization denominators (999, 9999, 9999)

Per-row match and existence bit at C = 32
query number   description              exp  answer   exist value    plain  cipher   agreement   nonmatch worst   match worst    MATCH TIME  EXIST TIME  ENC TIME  PLAIN TIME
------------------------------------------------------------------------------------------------------------------------------------------------------
bootstrapping!!
bootstrapping!!
bootstrapping!!
010-5000-2924  original                    1       1   0.9999999998     12     12     32768/32768     1.265e-09     0.9999996637      2.88s      0.46s 311.545ms     0.124ms  bs 27/4
  first 20 slots : [6.944507790299047e-11, 4.9872872406491004e-11, -1.2624737558035255e-10, 1.780969981705233e-11, -6.908549828214419e-11, 2.3050475070906953e-11, -3.2704884392727037e-11, 1.5473445510064832e-10, -2.745988906432905e-10, 1.1121446071890307e-10, -1.9784504361437535e-11, 1.7846349416264623e-10, 1.3876859046227312e-10, 1.256796483106202e-10, 3.213638069709833e-11, -1.3249112529525636e-12, -3.0949372171007294e-10, 8.57362579997686e-11, 1.7698003339841847e-10, -5.3810711269702015e-11]
  plain            : [0, 0, 0, 0, 0, 0, 0, 0, 0, 0, 0, 0, 0, 0, 0, 0, 0, 0, 0, 0]
bootstrapping!!
bootstrapping!!
bootstrapping!!
010-5000-2925  one digit, last group       0       0  -0.0000000002      0      0     32768/32768     1.384e-08       n/a        2.86s      0.46s 238.904ms     0.126ms  bs 27/4
bootstrapping!!
bootstrapping!!
bootstrapping!!
010-5100-9080  original                    1       1   0.9999999999      3      3     32768/32768     1.094e-09     0.9999996804      2.86s      0.46s 224.245ms     0.129ms  bs 27/4
  first 20 slots : [1.6123316671398234e-10, 2.346689471780489e-10, 2.869835023679695e-10, -1.0949280588361149e-10, -1.3079851762127395e-10, 1.810250871963117e-10, -1.682525213559794e-11, 4.1486794820715644e-10, -1.935473455821038e-10, -8.51405412333794e-11, 4.4229409846865495e-11, -1.774996473726431e-10, -3.535613876680049e-11, -2.9829429316278524e-10, -6.125227863142968e-11, 3.1169187643818675e-12, -1.513333584191874e-10, 3.5787593166424663e-10, -1.184424819807224e-10, 2.2411667340463226e-11]
  plain            : [0, 0, 0, 0, 0, 0, 0, 0, 0, 0, 0, 0, 0, 0, 0, 0, 0, 0, 0, 0]
bootstrapping!!
bootstrapping!!
bootstrapping!!
010-5100-9081  one digit, last group       0       0   0.0000000002      0      0     32768/32768     4.381e-09       n/a        2.86s      0.46s 356.385ms     0.136ms  bs 27/4
bootstrapping!!
bootstrapping!!
bootstrapping!!
010-5200-1582  original                    1       1   1.0000000002      2      2     32768/32768     1.169e-09     0.9999996250      2.86s      0.46s 244.792ms     0.156ms  bs 27/4
  first 20 slots : [-1.371672191548621e-10, 1.0090341552868119e-10, 2.1920462975333058e-10, -2.4854397989614042e-11, 1.1045525593252641e-10, 3.839716329193307e-10, -3.706881727526794e-11, -2.6432124671631926e-11, 1.380205923000605e-10, -4.176107862553621e-11, 4.185081735213179e-11, 3.0617143747700007e-10, 5.860887065619798e-11, 2.891019690312965e-10, -6.422453492013532e-12, -2.0464410854299492e-11, 3.5756957410331513e-10, 5.738471932894183e-10, -1.8286689540528064e-10, 1.4063629217577858e-11]
  plain            : [0, 0, 0, 0, 0, 0, 0, 0, 0, 0, 0, 0, 0, 0, 0, 0, 0, 0, 0, 0]
bootstrapping!!
bootstrapping!!
bootstrapping!!
010-5200-1583  one digit, last group       0       0  -0.0000000003      0      0     32768/32768     2.024e-09       n/a        2.86s      0.46s 280.300ms     0.125ms  bs 27/4
bootstrapping!!
bootstrapping!!
bootstrapping!!
006-5300-4858  original                    1       1   0.9999999996      2      2     32768/32768     1.146e-09     0.9999996863      2.86s      0.46s 278.268ms     0.129ms  bs 27/4
  first 20 slots : [2.144078547004032e-10, 3.7125028754518875e-11, 3.4399952194358377e-10, 6.504022577602188e-11, 2.602045011611491e-10, -1.172450733821276e-10, -2.6398019352078113e-11, 8.920485243002002e-11, -9.14410485766219e-11, 3.036877834715126e-11, -9.060885243775004e-11, 2.72762523943844e-10, -8.615851422452817e-11, 1.515956228003566e-10, -2.3461526759172173e-11, -2.9008038637734038e-11, -3.6031038164345703e-10, 7.689597389258834e-11, -3.0289180270560214e-10, -3.468095574212792e-11]
  plain            : [0, 0, 0, 0, 0, 0, 0, 0, 0, 0, 0, 0, 0, 0, 0, 0, 0, 0, 0, 0]
bootstrapping!!
bootstrapping!!
bootstrapping!!
006-5300-4859  one digit, last group       0       0  -0.0000000002      0      0     32768/32768     3.691e-09       n/a        2.86s      0.46s 340.460ms     0.132ms  bs 27/4
bootstrapping!!
bootstrapping!!
bootstrapping!!
020-5000-2924  one digit, first group      0       0   0.0000000003      0      0     32768/32768     2.737e-08       n/a        2.86s      0.46s 240.962ms     0.127ms  bs 27/4
bootstrapping!!
bootstrapping!!
bootstrapping!!
010-5010-2924  one digit, middle group     0       0   0.0000000000      0      0     32768/32768     3.196e-08       n/a        2.86s      0.46s 253.739ms     0.129ms  bs 27/4
bootstrapping!!
bootstrapping!!
bootstrapping!!
010-1111-2222  not in the log              0       0   0.0000000001      0      0     32768/32768     1.368e-09       n/a        2.86s      0.46s 354.066ms     0.157ms  bs 27/4

 11 queries in total, 0 wrong

Existence bit as the declared bound C grows
query number        C   exp  answer    exist value   verdict      EXIST TIME
--------------------------------------------------------------------------------------------------------
010-5000-2924        32     1       1   0.9999999998     correct          0.44s
010-5000-2924       256     1       1   0.9999999998     correct          0.44s
010-5000-2924      2048     1       1   1.0000000003     correct          0.44s
010-1111-2222        32     0       0   0.0000000001     correct          0.44s
010-1111-2222       256     0       0   0.0000000003     correct          0.44s
010-1111-2222      2048     0       0  -0.0000000003     correct          0.44s

SUMMARY
  match check  11 queries, 0 wrong
  bound check  6 existence calls over C in [32, 256, 2048] , 0 wrong
Saved: results/result2.txt, results/exp2_niro_match_summary.csv, results/exp2_niro_maxcount_sweep.csv
Device: GPU
Key directory: /root/heaan_setting/FGb/keys/
Keys preloaded: enc, mult, conj, 45 rotation keys
Key loaded
Warm-up encrypt start [GPU]
Warm-up encrypt done
Warm-up bootstrap start
Warm-up bootstrap done

HEAAN ENGINE LOAD SUCCESS [device=GPU]


Avante EDR log: 16 recorded rows, 11 rows with a recorded speed
Query parameters encrypted in 170.57 ms

Speed increase (1 means the speed rose from the previous row)
  cipher [1, 1, 1, 1, 1, 1, 1, 1, 1, 1, 0]
  plain  [1, 1, 1, 1, 1, 1, 1, 1, 1, 1, 0]
  agree  11 / 11
  rows where false   worst reading  1.465e-11
  rows where true    worst reading  0.9999999994   best 1.0000000022
  TIME 0.45 s   PLAIN TIME 0.591 ms   BS 4  CHEB 8

Overspeed (1 means the speed exceeds 60 km/h)
  cipher [0, 0, 0, 0, 0, 0, 1, 1, 1, 1, 0]
  plain  [0, 0, 0, 0, 0, 0, 1, 1, 1, 1, 0]
  agree  11 / 11
  rows where false   worst reading  5.085e-10
  rows where true    worst reading  0.9999999993   best 1.0000000006
  TIME 0.44 s   PLAIN TIME 0.089 ms   BS 4  CHEB 8

Time window: -3000.0 to -1000.0
  cipher [0, 0, 0, 0, 0, 1, 1, 1, 1, 0, 0, 0, 0, 0, 0, 0]
  plain  [0, 0, 0, 0, 0, 1, 1, 1, 1, 0, 0, 0, 0, 0, 0, 0]
  agree  32768 / 32768   (padding included)
  rows where false   worst reading  3.229e-09
  rows where true    worst reading  0.9999999987   best 1.0000000008
  TIME 0.88 s   PLAIN TIME 0.123 ms   BS 8  CHEB 16

row  t_rel  speed |    incr out  p |     over out  p |      win out  p
--------------------------------------------------------------------------
  0   -5020     42 |  1.0000000008  1 | -0.0000000000  0 | -0.0000000007  0
  1   -4520     46 |  0.9999999994  1 | -0.0000000004  0 |  0.0000000003  0
  2   -4020     50 |  1.0000000009  1 | -0.0000000005  0 |  0.0000000005  0
  3   -3520     53 |  1.0000000004  1 | -0.0000000000  0 | -0.0000000004  0
  4   -3020     56 |  1.0000000004  1 | -0.0000000001  0 | -0.0000000005  0
  5   -2520     59 |  1.0000000022  1 |  0.0000000001  0 |  0.9999999997  1
  6   -2020     61 |  1.0000000002  1 |  0.9999999998  1 |  0.9999999987  1
  7   -1520     64 |  1.0000000004  1 |  0.9999999993  1 |  0.9999999989  1
  8   -1020     66 |  1.0000000007  1 |  1.0000000006  1 |  1.0000000008  1
  9    -520     68 |  1.0000000003  1 |  1.0000000003  1 | -0.0000000001  0
 10     -20      5 | -0.0000000000  0 | -0.0000000003  0 |  0.0000000003  0
 11     -20     -1 |             .  . |             .  . |  0.0000000008  0
 12      -3     -1 |             .  . |             .  . | -0.0000000009  0
 13       0     -1 |             .  . |             .  . |  0.0000000009  0
 14       5     -1 |             .  . |             .  . | -0.0000000000  0
 15      11     -1 |             .  . |             .  . |  0.0000000005  0

 3 predicates in total, 0 mismatched
Saved: results/result2.txt, results/exp3_avante_summary.csv, results/exp3_avante_rows.csv
 
 ****************************************************************************** 
 *                                                                            * 
 *               STARTING cba72948-545f-3cab-9ee3-f6078a90bf4e                * 
 *                                                                            * 
 ****************************************************************************** 
 executing: bash
