Device: GPU
Key directory: /root/heaan_setting/FGb/keys/
Keys preloaded: enc, mult, conj, 45 rotation keys
Key loaded
Warm-up encrypt start [GPU]
Warm-up encrypt done
Warm-up bootstrap start
Warm-up bootstrap done

HEAAN ENGINE LOAD SUCCESS [device=GPU]


[k5_kitkat] 6820 of 6820 rows used, 246 rows with coordinates
Query center 37.31808 127.12741  projected to 211293.56 524321.29

  stat    radius     plain   cipher     agreement   outside worst   inside worst   inside best      TIME    ENC TIME     PLAIN TIME
  OK       0.2 km        3        3   32768/32768     3.381e-09     0.7771740999   1.0000000004     0.45s    38.699ms      0.326ms   bs  4  cheb   8
  first 20 slots : [7.129622386601139e-10, -2.778392244665872e-11, 9.264257240565064e-10, -4.431727149550018e-10, 5.928806553461371e-10, -2.335792549558781e-10, -9.403654315289067e-10, 1.8172717013326514e-10, -1.887563220463809e-10, 1.7706533401309845e-11, -2.366996969746992e-10, 8.793831720436855e-10, 8.44899117546311e-10, -9.287982486251745e-10, -5.904905841996332e-10, -3.3902929236633146e-10, -6.051665983481346e-10, -5.116713031908314e-10, 4.873185034179206e-10, 1.6078079335673885e-10]
  plain            : [0, 0, 0, 0, 0, 0, 0, 0, 0, 0, 0, 0, 0, 0, 0, 0, 0, 0, 0, 0]
  OK       0.5 km       13       13   32768/32768     3.908e-09     0.9999999992   1.0000000008     0.43s    45.699ms      0.441ms   bs  4  cheb   8
  first 20 slots : [1.7174067586753537e-10, -1.1679330972859238e-10, 7.750377865967756e-10, -1.4577444118457892e-10, 0.9999999998762747, 1.7391484411371922e-10, 4.4265378357588576e-10, 5.017890800821783e-10, -2.8434458525855797e-10, -1.7825554070645272e-10, -3.9285144624671444e-10, -7.612995941390191e-10, -5.472454064658884e-10, 1.0107179721327966e-09, 2.520852002643016e-10, 1.4276212549226776e-10, 7.198702563084413e-11, 1.0000000008146672, -1.5095546346197074e-10, -3.428500497486678e-10]
  plain            : [0, 0, 0, 0, 1, 0, 0, 0, 0, 0, 0, 0, 0, 0, 0, 0, 0, 1, 0, 0]
  OK       1.0 km       52       52   32768/32768     3.741e-09     0.9999999980   1.0000000018     0.43s    43.278ms      0.349ms   bs  4  cheb   8
  first 20 slots : [-5.861247835451773e-10, -4.525040222856361e-10, -2.8047816854554435e-10, 2.8551644559889034e-10, 1.0000000005252538, 6.530620188144653e-10, -1.2822791994883262e-10, 3.057262833743706e-10, -4.842265450004109e-11, -4.3024825250451295e-10, 3.04643374463591e-10, 2.826049369223634e-10, -5.730975908881702e-10, 5.270696210818819e-10, 6.000767906194055e-10, 2.0123571520568555e-10, -8.966013257144571e-10, 0.9999999992350864, 1.564010881075425e-10, 8.83708745923057e-11]
  plain            : [0, 0, 0, 0, 1, 0, 0, 0, 0, 0, 0, 0, 0, 0, 0, 0, 0, 1, 0, 0]
  OK       2.0 km       56       56   32768/32768     2.649e-09     0.9999999985   1.0000000010     0.43s    41.668ms      0.100ms   bs  4  cheb   8
  first 20 slots : [-2.5842024638775645e-10, -7.470147733008444e-11, 9.336698832924728e-11, -4.329283908129144e-11, 0.9999999999300162, 1.5112604394638723e-09, -1.737936143362179e-10, -3.5835132867600245e-10, 2.468049412408127e-10, -1.3453725427537578e-10, -1.1311335825883011e-11, 1.212542725125067e-10, -2.653278086251699e-10, -5.319079882830239e-10, -6.687916675290284e-10, 2.098787904091869e-10, 8.701859293684087e-11, 0.9999999998746192, 9.552146458058066e-10, -2.2727927560637467e-10]
  plain            : [0, 0, 0, 0, 1, 0, 0, 0, 0, 0, 0, 0, 0, 0, 0, 0, 0, 1, 0, 0]
  OK       3.0 km       58       58   32768/32768     3.322e-09     0.9999999980   1.0000000007     0.43s    54.991ms      0.346ms   bs  4  cheb   8
  first 20 slots : [-3.014974371046194e-10, 1.020836514356619e-09, 8.024575855388131e-10, -3.038808887211244e-10, 1.000000000056049, 1.1622972170547922e-09, -7.558523862261054e-10, 6.4170075752384e-10, 3.718428656321909e-10, 7.394881930654405e-11, -3.748998516770631e-10, -3.4358646574016e-10, 2.3970163481491896e-10, -1.4615477751440012e-10, 2.1635938112006737e-10, -3.7834574982255573e-10, 5.55064429598534e-10, 1.0000000006176168, -2.3066622383725018e-10, -2.0720472546515793e-10]
  plain            : [0, 0, 0, 0, 1, 0, 0, 0, 0, 0, 0, 0, 0, 0, 0, 0, 0, 1, 0, 0]
  OK       5.0 km       58       58   32768/32768     2.978e-09     0.9999999985   1.0000000012     0.43s    40.554ms      0.093ms   bs  4  cheb   8
  first 20 slots : [-3.4604263194035696e-10, 2.408254625678385e-10, 1.09628881089617e-10, 9.744110187827195e-12, 1.000000000833511, 6.474277033564549e-10, 1.2895564568559508e-10, 3.967090551424112e-10, 1.0965560724818833e-09, -6.970949725197446e-10, 5.907015309836557e-10, 1.1255903991891572e-09, -2.17593319832934e-10, -4.6319173227994296e-10, 9.900913222807416e-11, -1.693366658083013e-10, 5.257310872000816e-10, 1.0000000001047837, 2.2846172967571264e-10, -3.8681533642756533e-10]
  plain            : [0, 0, 0, 0, 1, 0, 0, 0, 0, 0, 0, 0, 0, 0, 0, 0, 0, 1, 0, 0]

[k5_jellybean] 613 of 613 rows used, 330 rows with coordinates
Query center 37.86484 127.05997  projected to 205276.97 584999.58

  stat    radius     plain   cipher     agreement   outside worst   inside worst   inside best      TIME    ENC TIME     PLAIN TIME
  OK       0.2 km        4        4   32768/32768     2.827e-09     0.9978873181   1.0000000005     0.43s    52.201ms      0.098ms   bs  4  cheb   8
  first 20 slots : [1.6818224082641594e-10, 6.148358957411536e-10, 6.330525832936939e-10, 2.8575779855538968e-11, 1.1478384765082032e-10, -1.4823225732997e-09, -5.336270198924983e-10, 4.039795826664649e-10, 1.159620055779212e-09, 2.1040368007345883e-10, -3.5443371397443303e-10, -8.289730080336691e-10, -2.3772185563823795e-10, -9.814720588249595e-10, -2.397084998875596e-10, -2.24305878859756e-10, -6.089120448084831e-10, 5.410068263087779e-10, 1.1725703835363664e-10, -3.2814420129047146e-10]
  plain            : [0, 0, 0, 0, 0, 0, 0, 0, 0, 0, 0, 0, 0, 0, 0, 0, 0, 0, 0, 0]
  OK       0.5 km        4        4   32768/32768     3.164e-09     0.9999999998   1.0000000004     0.43s    35.051ms      0.095ms   bs  4  cheb   8
  first 20 slots : [2.5720205856040234e-10, 1.384157461163553e-10, 6.256021725800175e-10, 1.8992878108940005e-10, 1.7525029333787756e-10, -7.806832103171353e-10, 7.775424327290605e-10, 4.994928923634975e-10, 2.367954364585439e-10, -2.4955664511411376e-10, 2.209279445398138e-10, 9.71477592752282e-10, 6.5445562359645e-10, 7.682446540272526e-10, 4.246634993032171e-10, 4.3327777342476025e-10, 4.1151318762851325e-10, -2.5310050193810184e-10, 6.191765826895704e-10, 1.3655003483987426e-10]
  plain            : [0, 0, 0, 0, 0, 0, 0, 0, 0, 0, 0, 0, 0, 0, 0, 0, 0, 0, 0, 0]
  OK       1.0 km        5        5   32768/32768     3.209e-09     1.0000000000   1.0000000010     0.43s    37.853ms      0.087ms   bs  4  cheb   8
  first 20 slots : [4.809572734926572e-10, -4.362384663849544e-10, 6.665904326676868e-10, 3.204204599477724e-10, 1.0965929837269155e-09, -1.0425047782306473e-09, 6.242065093795848e-11, 6.901211334330166e-10, -9.826542201395913e-11, 3.6065457611521834e-10, 9.303916658616476e-12, -8.144996801535726e-10, -5.747084199682191e-10, 2.0509078869155637e-10, 8.924155260547487e-11, 1.3125862058168775e-10, 3.879432774684182e-10, 4.30840918271635e-10, -4.281797674028872e-10, 4.792657662685878e-10]
  plain            : [0, 0, 0, 0, 0, 0, 0, 0, 0, 0, 0, 0, 0, 0, 0, 0, 0, 0, 0, 0]
  OK       2.0 km        5        5   32768/32768     2.797e-09     0.9999999982   1.0000000008     0.43s    44.750ms      0.419ms   bs  4  cheb   8
  first 20 slots : [3.8633846255169885e-10, 1.965168420964869e-10, 2.5737947074577044e-10, 4.14996035099577e-10, -4.83739690843559e-11, 3.4057926377709516e-10, -3.187911606125976e-11, 1.512132504383755e-10, -4.780530291914095e-11, -1.9528541370056197e-10, 1.0332855335164839e-10, 9.558838199162588e-10, -1.032128775128403e-09, -9.77173114629736e-10, 2.937968967254983e-10, 2.482749764517413e-10, -5.253507467427038e-10, 1.2564945148667208e-09, 6.003714565101751e-10, -2.3021140594498403e-10]
  plain            : [0, 0, 0, 0, 0, 0, 0, 0, 0, 0, 0, 0, 0, 0, 0, 0, 0, 0, 0, 0]
  OK       3.0 km       53       53   32768/32768     2.645e-09     0.9999999986   1.0000000014     0.43s    43.356ms      0.088ms   bs  4  cheb   8
  first 20 slots : [-8.939282378996133e-11, 0.9999999999872122, -1.03019040599842e-09, 1.000000000309571, -7.659820397861404e-10, -3.8547212155759624e-10, -5.097755471258483e-10, -4.271835495278766e-10, 5.229355778523764e-10, -7.003889546132648e-10, -5.445752098789193e-10, 2.890166426250357e-10, 2.2603634334895459e-10, 0.9999999986038163, 6.677710751582411e-12, -3.1113862574501883e-10, 3.363644192772501e-10, 6.086175465337101e-10, -5.585383591653488e-10, 1.000000000119356]
  plain            : [0, 1, 0, 1, 0, 0, 0, 0, 0, 0, 0, 0, 0, 1, 0, 0, 0, 0, 0, 1]
  OK       5.0 km      254      254   32768/32768     3.416e-09     0.9999999986   1.0000000020     0.43s    68.175ms      0.423ms   bs  4  cheb   8
  first 20 slots : [-5.424120422497603e-10, 1.0000000002122436, 1.474666779864426e-10, 0.9999999999107053, -1.1969406016954738e-10, -6.370024633651766e-10, -4.564714202323283e-10, -1.3998131993482215e-10, -5.488150142132378e-10, -1.0613872783231668e-10, 2.2252959246173556e-10, -5.270583462475038e-10, 2.3263433672062768e-10, 1.000000000200174, -5.652196203150547e-10, 3.781705563084339e-11, 0.9999999992833688, -1.249006071579283e-09, -1.1980101591205016e-10, 0.9999999995531257]
  plain            : [0, 1, 0, 1, 0, 0, 0, 0, 0, 0, 0, 0, 0, 1, 0, 0, 1, 0, 0, 1]

SUMMARY
  k5_kitkat         0.2 km  plain      3  cipher      3   match   0.45s / 0.326ms   bs 4  cheb 8
  k5_kitkat         0.5 km  plain     13  cipher     13   match   0.43s / 0.441ms   bs 4  cheb 8
  k5_kitkat         1.0 km  plain     52  cipher     52   match   0.43s / 0.349ms   bs 4  cheb 8
  k5_kitkat         2.0 km  plain     56  cipher     56   match   0.43s / 0.100ms   bs 4  cheb 8
  k5_kitkat         3.0 km  plain     58  cipher     58   match   0.43s / 0.346ms   bs 4  cheb 8
  k5_kitkat         5.0 km  plain     58  cipher     58   match   0.43s / 0.093ms   bs 4  cheb 8
  k5_jellybean      0.2 km  plain      4  cipher      4   match   0.43s / 0.098ms   bs 4  cheb 8
  k5_jellybean      0.5 km  plain      4  cipher      4   match   0.43s / 0.095ms   bs 4  cheb 8
  k5_jellybean      1.0 km  plain      5  cipher      5   match   0.43s / 0.087ms   bs 4  cheb 8
  k5_jellybean      2.0 km  plain      5  cipher      5   match   0.43s / 0.419ms   bs 4  cheb 8
  k5_jellybean      3.0 km  plain     53  cipher     53   match   0.43s / 0.088ms   bs 4  cheb 8
  k5_jellybean      5.0 km  plain    254  cipher    254   match   0.43s / 0.423ms   bs 4  cheb 8

 12 queries in total, 0 mismatched
Saved: results/result2.txt, results/exp1_<dataset>_summary.csv, results/exp1_all_summary.csv
Device: GPU
Key directory: /root/heaan_setting/FGb/keys/
Keys preloaded: enc, mult, conj, 45 rotation keys
Key loaded
Warm-up encrypt start [GPU]
Warm-up encrypt done
Warm-up bootstrap start
Warm-up bootstrap done

HEAAN ENGINE LOAD SUCCESS [device=GPU]


Niro call log: 204 rows   19 recorded numbers   4 distinct
Number split (3, 4, 4)   normalization denominators (999, 9999, 9999)

Per-row match and existence bit at C = 32
query number   description              exp  answer   exist value    plain  cipher   agreement   nonmatch worst   match worst    MATCH TIME  EXIST TIME  ENC TIME  PLAIN TIME
------------------------------------------------------------------------------------------------------------------------------------------------------
bootstrapping!!
bootstrapping!!
bootstrapping!!
010-5000-2924  original                    1       1   1.0000000002     12     12     32768/32768     1.174e-09     0.9999996432      2.93s      0.46s 241.925ms     0.214ms  bs 27/4
  first 20 slots : [-7.79357382652229e-11, -1.221990493276944e-10, 7.661345160754675e-11, 3.8321073691610746e-11, 2.201938666372735e-11, -3.6103376189191674e-10, 5.0969186960496085e-11, 7.779743305316377e-11, 1.6822899289658384e-10, -7.704652117961409e-11, 6.043135646247324e-11, 7.621782547413465e-11, -6.938358837725875e-11, -1.624169433540558e-10, -2.9090042779770715e-10, 2.3774863078721886e-11, 1.5006992917349954e-10, -1.2891228494355603e-10, 3.741292094524314e-11, 3.7023272488391144e-11]
  plain            : [0, 0, 0, 0, 0, 0, 0, 0, 0, 0, 0, 0, 0, 0, 0, 0, 0, 0, 0, 0]
bootstrapping!!
bootstrapping!!
bootstrapping!!
010-5000-2925  one digit, last group       0       0  -0.0000000002      0      0     32768/32768     4.165e-09       n/a        2.88s      0.46s 280.896ms     0.134ms  bs 27/4
bootstrapping!!
bootstrapping!!
bootstrapping!!
010-5100-9080  original                    1       1   0.9999999997      3      3     32768/32768     1.288e-09     0.9999996721      2.88s      0.46s 245.775ms     0.138ms  bs 27/4
  first 20 slots : [-3.473734713830044e-11, 1.0681300286128874e-10, -3.256223601177381e-10, 7.415139835733684e-11, -1.7357314091657739e-10, 2.1674698465928664e-10, -7.205978809296021e-11, -2.0767048899123538e-10, -4.4094947349068285e-11, -1.0667256397028913e-10, 2.0642742547878257e-12, -4.003600242279279e-10, 1.592123218417808e-11, -1.4492939711306434e-10, 5.854962060493075e-11, -6.729843537641097e-11, -7.63764874826378e-11, -2.4668561996815174e-11, 2.1959898996603262e-10, -3.5049229965667164e-11]
  plain            : [0, 0, 0, 0, 0, 0, 0, 0, 0, 0, 0, 0, 0, 0, 0, 0, 0, 0, 0, 0]
bootstrapping!!
bootstrapping!!
bootstrapping!!
010-5100-9081  one digit, last group       0       0   0.0000000000      0      0     32768/32768     3.350e-09       n/a        2.88s      0.46s 263.237ms     0.135ms  bs 27/4
bootstrapping!!
bootstrapping!!
bootstrapping!!
010-5200-1582  original                    1       1   1.0000000002      2      2     32768/32768     1.142e-09     0.9999996788      2.88s      0.46s 262.729ms     0.138ms  bs 27/4
  first 20 slots : [7.549119831170158e-11, 1.6864782600316012e-10, 9.588671301844608e-11, -3.54207730372381e-11, 2.5577447591531813e-11, -4.599490662812569e-11, 2.713278623516379e-10, 2.0610807797707812e-10, 3.4221449811350975e-11, 5.956318121195096e-11, 7.976549879441457e-11, -1.9626345293873704e-10, -9.540531711858137e-11, -5.099386811227386e-10, -3.4854752937052833e-11, 8.990622720130632e-11, 3.1959805124128234e-10, 1.0754431112439355e-10, -5.276852267807577e-13, 6.919782168417453e-11]
  plain            : [0, 0, 0, 0, 0, 0, 0, 0, 0, 0, 0, 0, 0, 0, 0, 0, 0, 0, 0, 0]
bootstrapping!!
bootstrapping!!
bootstrapping!!
010-5200-1583  one digit, last group       0       0   0.0000000002      0      0     32768/32768     2.261e-09       n/a        2.88s      0.46s 362.890ms     0.137ms  bs 27/4
bootstrapping!!
bootstrapping!!
bootstrapping!!
006-5300-4858  original                    1       1   1.0000000003      2      2     32768/32768     1.220e-09     0.9999996923      2.88s      0.46s 244.541ms     0.128ms  bs 27/4
  first 20 slots : [7.358012560066424e-11, 5.238732083199453e-11, 1.507324423703139e-10, -1.5114958156456424e-11, -1.950071881767614e-10, 5.078490891581592e-10, 1.8477035813467864e-10, -4.135096355520506e-11, 1.82172542406104e-10, -2.041793995730248e-11, 2.5591551764475413e-11, -9.5397616153913e-11, -1.176291838357535e-10, -1.7176977905171626e-10, -5.585900638094112e-11, -5.2171540150566255e-11, 2.1005533595597222e-10, 2.230477344214866e-10, -1.560363155176096e-10, 2.8508666810492353e-12]
  plain            : [0, 0, 0, 0, 0, 0, 0, 0, 0, 0, 0, 0, 0, 0, 0, 0, 0, 0, 0, 0]
bootstrapping!!
bootstrapping!!
bootstrapping!!
006-5300-4859  one digit, last group       0       0  -0.0000000005      0      0     32768/32768     1.559e-09       n/a        2.88s      0.46s 230.981ms     0.168ms  bs 27/4
bootstrapping!!
bootstrapping!!
bootstrapping!!
020-5000-2924  one digit, first group      0       0   0.0000000004      0      0     32768/32768     8.062e-08       n/a        2.88s      0.46s 311.101ms     0.169ms  bs 27/4
bootstrapping!!
bootstrapping!!
bootstrapping!!
010-5010-2924  one digit, middle group     0       0  -0.0000000003      0      0     32768/32768     8.526e-09       n/a        2.88s      0.46s 266.025ms     0.144ms  bs 27/4
bootstrapping!!
bootstrapping!!
bootstrapping!!
010-1111-2222  not in the log              0       0   0.0000000003      0      0     32768/32768     1.327e-09       n/a        2.88s      0.46s 249.609ms     0.161ms  bs 27/4

 11 queries in total, 0 wrong

Existence bit as the declared bound C grows
query number        C   exp  answer    exist value   verdict      EXIST TIME
--------------------------------------------------------------------------------------------------------
010-5000-2924        32     1       1   1.0000000002     correct          0.44s
010-5000-2924       256     1       1   0.9999999999     correct          0.44s
010-5000-2924      2048     1       1   1.0000000000     correct          0.44s
010-1111-2222        32     0       0   0.0000000003     correct          0.44s
010-1111-2222       256     0       0   0.0000000003     correct          0.44s
010-1111-2222      2048     0       0  -0.0000000003     correct          0.44s

SUMMARY
  match check  11 queries, 0 wrong
  bound check  6 existence calls over C in [32, 256, 2048] , 0 wrong
Saved: results/result2.txt, results/exp2_niro_match_summary.csv, results/exp2_niro_maxcount_sweep.csv
Device: GPU
Key directory: /root/heaan_setting/FGb/keys/
Keys preloaded: enc, mult, conj, 45 rotation keys
Key loaded
Warm-up encrypt start [GPU]
Warm-up encrypt done
Warm-up bootstrap start
Warm-up bootstrap done

HEAAN ENGINE LOAD SUCCESS [device=GPU]


Avante EDR log: 16 recorded rows, 11 rows with a recorded speed
Query parameters encrypted in 123.716 ms

Speed increase (1 means the speed rose from the previous row)
  cipher [1, 1, 1, 1, 1, 1, 1, 1, 1, 1, 0]
  plain  [1, 1, 1, 1, 1, 1, 1, 1, 1, 1, 0]
  agree  11 / 11
  rows where false   worst reading  1.481e-10
  rows where true    worst reading  0.9999999993   best 1.0000000020
  TIME 0.44 s   PLAIN TIME 0.321 ms   BS 4  CHEB 8

Overspeed (1 means the speed exceeds 60 km/h)
  cipher [0, 0, 0, 0, 0, 0, 1, 1, 1, 1, 0]
  plain  [0, 0, 0, 0, 0, 0, 1, 1, 1, 1, 0]
  agree  11 / 11
  rows where false   worst reading  5.184e-10
  rows where true    worst reading  0.9999999992   best 1.0000000003
  TIME 0.43 s   PLAIN TIME 0.424 ms   BS 4  CHEB 8

Time window: -3000.0 to -1000.0
  cipher [0, 0, 0, 0, 0, 1, 1, 1, 1, 0, 0, 0, 0, 0, 0, 0]
  plain  [0, 0, 0, 0, 0, 1, 1, 1, 1, 0, 0, 0, 0, 0, 0, 0]
  agree  32768 / 32768   (padding included)
  rows where false   worst reading  3.296e-09
  rows where true    worst reading  0.9999999996   best 1.0000000000
  TIME 0.88 s   PLAIN TIME 0.126 ms   BS 8  CHEB 16

row  t_rel  speed |    incr out  p |     over out  p |      win out  p
--------------------------------------------------------------------------
  0   -5020     42 |  1.0000000007  1 | -0.0000000002  0 | -0.0000000003  0
  1   -4520     46 |  0.9999999998  1 |  0.0000000001  0 |  0.0000000002  0
  2   -4020     50 |  0.9999999993  1 | -0.0000000001  0 |  0.0000000007  0
  3   -3520     53 |  1.0000000005  1 | -0.0000000001  0 | -0.0000000003  0
  4   -3020     56 |  1.0000000004  1 | -0.0000000005  0 |  0.0000000003  0
  5   -2520     59 |  1.0000000020  1 | -0.0000000004  0 |  1.0000000000  1
  6   -2020     61 |  1.0000000004  1 |  1.0000000000  1 |  0.9999999998  1
  7   -1520     64 |  1.0000000003  1 |  0.9999999992  1 |  0.9999999998  1
  8   -1020     66 |  1.0000000000  1 |  1.0000000002  1 |  0.9999999996  1
  9    -520     68 |  1.0000000005  1 |  1.0000000003  1 | -0.0000000002  0
 10     -20      5 |  0.0000000001  0 | -0.0000000001  0 |  0.0000000001  0
 11     -20     -1 |             .  . |             .  . |  0.0000000005  0
 12      -3     -1 |             .  . |             .  . |  0.0000000009  0
 13       0     -1 |             .  . |             .  . | -0.0000000002  0
 14       5     -1 |             .  . |             .  . | -0.0000000001  0
 15      11     -1 |             .  . |             .  . |  0.0000000003  0

 3 predicates in total, 0 mismatched
Saved: results/result2.txt, results/exp3_avante_summary.csv, results/exp3_avante_rows.csv
 
 ****************************************************************************** 
 *                                                                            * 
 *               STARTING cba72948-545f-3cab-9ee3-f6078a90bf4e                * 
 *                                                                            * 
 ****************************************************************************** 
 executing: bash
