Device: GPU
Key directory: /root/heaan_setting/FGb/keys/
Keys preloaded: enc, mult, conj, 45 rotation keys
Key loaded
Warm-up encrypt start [GPU]
Warm-up encrypt done
Warm-up bootstrap start
Warm-up bootstrap done

HEAAN ENGINE LOAD SUCCESS [device=GPU]


[k5_kitkat] 6820 of 6820 rows used, 246 rows with coordinates
Query center 37.31808 127.12741  projected to 211293.56 524321.29

  stat    radius     plain   cipher     agreement   outside worst   inside worst   inside best      TIME    ENC TIME     PLAIN TIME
  OK       0.2 km        3        3   32768/32768     3.792e-09     0.7672323836   1.0000000001     0.46s    36.517ms      0.101ms   bs  4  cheb   8
  first 20 slots : [3.425657428566648e-10, 1.3375483275460684e-10, -7.956014083681976e-10, -7.428407294469609e-11, 4.175884194680746e-10, -8.445348465828316e-10, 2.803236691995293e-10, 3.3187305775968936e-10, -1.3023445604657514e-09, -3.735630598070842e-10, 1.255596827518714e-10, 2.6910022519602216e-10, -1.2274734154034386e-09, -4.882618312275656e-10, -4.05464936067754e-10, -3.67983132926769e-10, 2.56734967736535e-11, 5.175781004997612e-10, 9.671104321657849e-11, -5.645308721573064e-10]
  plain            : [0, 0, 0, 0, 0, 0, 0, 0, 0, 0, 0, 0, 0, 0, 0, 0, 0, 0, 0, 0]
  OK       0.5 km       13       13   32768/32768     3.623e-09     0.9999999994   1.0000000016     0.43s    47.632ms      0.098ms   bs  4  cheb   8
  first 20 slots : [-2.8059390564425705e-10, -6.384728380659182e-10, 6.79105255686848e-11, -1.2910203909480673e-10, 0.99999999940857, 1.0752075989356858e-09, -3.5080568718656614e-10, 8.691609260628248e-11, 2.550915195649506e-10, 5.471462116299686e-10, -3.08338512954584e-10, -9.041053400915892e-12, -1.0642608998320655e-09, 1.932229235815555e-10, 3.4080007377813205e-10, 9.901361663595087e-11, 1.9020223480425548e-09, 1.0000000010239178, 5.524198148875247e-11, -7.643482813172653e-11]
  plain            : [0, 0, 0, 0, 1, 0, 0, 0, 0, 0, 0, 0, 0, 0, 0, 0, 0, 1, 0, 0]
  OK       1.0 km       52       52   32768/32768     4.006e-09     0.9999999989   1.0000000010     0.44s    56.883ms      0.090ms   bs  4  cheb   8
  first 20 slots : [-4.671809548827593e-10, -6.586227629761368e-11, 1.796949972289353e-10, 2.312275617613242e-10, 1.0000000002362406, 2.423761706895715e-10, 4.655098567995503e-11, 1.9304031035656173e-10, 6.574186057957404e-10, 1.358413320249902e-10, -4.0571767716439764e-10, -5.455472752964282e-10, -4.255368988715747e-10, 6.29276931237911e-10, 3.520582339463503e-10, 5.874461871797895e-11, -1.0106339455199121e-10, 1.0000000006502745, 1.252582176241534e-10, 6.638393207931607e-10]
  plain            : [0, 0, 0, 0, 1, 0, 0, 0, 0, 0, 0, 0, 0, 0, 0, 0, 0, 1, 0, 0]
  OK       2.0 km       56       56   32768/32768     3.033e-09     0.9999999983   1.0000000008     0.43s    59.217ms      0.087ms   bs  4  cheb   8
  first 20 slots : [-4.037355514854308e-10, 7.379179061625689e-10, 4.524405982289712e-11, 3.441716182943131e-10, 1.0000000007023635, 2.1598818222634946e-09, -5.218793192890315e-10, 1.0833533529322167e-09, -9.344942361485839e-11, 5.544003121808676e-10, -1.516830315547601e-10, -9.826883933835907e-10, -2.860876646084765e-10, 4.367654542212636e-11, 2.2156231914519924e-10, 3.533705153313107e-10, -7.514691102338327e-10, 1.0000000008243615, 2.104433703953297e-10, 5.271754717764663e-10]
  plain            : [0, 0, 0, 0, 1, 0, 0, 0, 0, 0, 0, 0, 0, 0, 0, 0, 0, 1, 0, 0]
  OK       3.0 km       58       58   32768/32768     3.349e-09     0.9999999988   1.0000000010     0.43s    46.687ms      0.109ms   bs  4  cheb   8
  first 20 slots : [1.0886728507843196e-10, 1.470095087415153e-10, -7.034382522968962e-10, -4.870299555290716e-10, 1.0000000003374323, 7.014258060019901e-10, 2.59905390733803e-10, 7.196365931478285e-10, 3.2030886850046257e-10, -1.6354149519548948e-11, -3.0862439753366264e-10, -3.059041046197051e-12, -4.5974859941929177e-10, -8.792252655179745e-10, 5.075929522616038e-11, -3.322288377729007e-10, -1.4486845630702502e-10, 1.0000000006177157, 7.699950968456956e-10, -1.2420633841259875e-10]
  plain            : [0, 0, 0, 0, 1, 0, 0, 0, 0, 0, 0, 0, 0, 0, 0, 0, 0, 1, 0, 0]
  OK       5.0 km       58       58   32768/32768     2.949e-09     0.9999999987   1.0000000009     0.43s    38.880ms      0.089ms   bs  4  cheb   8
  first 20 slots : [-1.465882569204609e-10, 2.1178169156482856e-10, -9.648411540693447e-10, -3.6187927188283394e-10, 0.9999999999184942, 5.884655089452138e-10, -7.634409609996569e-10, -1.574594198341055e-10, -2.864333352740002e-10, 1.8342427863612942e-10, -5.00966315458559e-10, -3.3549153083313863e-10, 3.955178829854868e-10, 4.594319735434753e-12, 1.6774705555880628e-10, -5.331934915389965e-11, -2.1488937026603845e-10, 1.0000000000448528, 7.606084816167447e-10, 1.55575996949082e-10]
  plain            : [0, 0, 0, 0, 1, 0, 0, 0, 0, 0, 0, 0, 0, 0, 0, 0, 0, 1, 0, 0]

[k5_jellybean] 613 of 613 rows used, 330 rows with coordinates
Query center 37.86484 127.05997  projected to 205276.97 584999.58

  stat    radius     plain   cipher     agreement   outside worst   inside worst   inside best      TIME    ENC TIME     PLAIN TIME
  OK       0.2 km        4        4   32768/32768     3.395e-09     0.9984437442   1.0000000020     0.43s    37.362ms      0.086ms   bs  4  cheb   8
  first 20 slots : [1.7928718510111743e-11, -1.6255530136170178e-10, -1.0989808786350925e-09, -2.0731297925819068e-10, 5.1077286608578455e-11, 5.631359783315455e-11, 2.7925953841134943e-10, 8.800121594497161e-11, -1.1652377440655295e-09, 1.6212101511541034e-10, -3.108403037344716e-10, -1.1128088000692528e-10, 4.778954845204999e-10, -5.911971735805894e-11, -1.3361590698325093e-10, 9.231935686044368e-11, 4.980633765059564e-10, -1.0728427019093697e-09, -1.1060901179287856e-09, -3.925337118197991e-10]
  plain            : [0, 0, 0, 0, 0, 0, 0, 0, 0, 0, 0, 0, 0, 0, 0, 0, 0, 0, 0, 0]
  OK       0.5 km        4        4   32768/32768     4.292e-09     0.9999999998   1.0000000011     0.45s    41.820ms      0.093ms   bs  4  cheb   8
  first 20 slots : [1.3729397703520379e-10, 2.3233422312042962e-10, 1.4522142691823652e-10, 3.073418752376552e-10, 1.7164122412022974e-10, 4.59639065136733e-10, -4.753336464415371e-11, 6.303492695985968e-10, 1.0826120275751188e-09, -3.826270598465339e-10, 1.4545047354245073e-10, -2.796741399851229e-11, 4.696699715607156e-10, 1.0096041848068143e-09, 1.2034673138909796e-10, 1.416219482680685e-10, 7.987474772903818e-10, -3.9133221495734056e-10, 2.2436587112063785e-10, 4.0005317444701886e-10]
  plain            : [0, 0, 0, 0, 0, 0, 0, 0, 0, 0, 0, 0, 0, 0, 0, 0, 0, 0, 0, 0]
  OK       1.0 km        5        5   32768/32768     3.705e-09     0.9999999997   1.0000000016     0.44s    33.496ms      0.092ms   bs  4  cheb   8
  first 20 slots : [1.1432646582601602e-10, -4.734906756803533e-10, -4.4801487756919547e-10, 3.941297370649374e-10, -3.633992274370806e-10, 1.0815189045982336e-09, -2.909990654148749e-10, 1.6065292663394463e-10, -4.533611913597369e-11, 2.300992950166429e-10, 1.2585370605752042e-10, -3.9477339330577963e-10, 1.2041194962926191e-09, -3.015331482628e-10, -8.45941706634863e-13, 5.2992892844761075e-11, -1.0260140736988379e-10, 2.7446879580752297e-13, 4.06761887599493e-10, 3.2599460805520753e-10]
  plain            : [0, 0, 0, 0, 0, 0, 0, 0, 0, 0, 0, 0, 0, 0, 0, 0, 0, 0, 0, 0]
  OK       2.0 km        5        5   32768/32768     3.567e-09     0.9999999996   1.0000000006     0.44s    42.495ms      0.098ms   bs  4  cheb   8
  first 20 slots : [7.779967921589125e-12, 3.146361935407202e-10, -1.9096315195495914e-11, 3.3498478673948135e-10, 5.388173745157729e-10, -2.640027922219263e-10, 6.363733187301941e-11, -3.400616679653661e-11, 6.566139157988183e-10, 5.740013421814264e-12, 8.1154639797608e-11, 3.742298740833145e-10, -7.217856485439339e-10, 1.6625351115405061e-10, 3.733295560698952e-10, 1.8397418819983712e-10, -1.1034637126241958e-09, -3.671241662018388e-10, 2.2732663815945164e-10, -6.393334713012685e-10]
  plain            : [0, 0, 0, 0, 0, 0, 0, 0, 0, 0, 0, 0, 0, 0, 0, 0, 0, 0, 0, 0]
  OK       3.0 km       53       53   32768/32768     3.644e-09     0.9999999987   1.0000000011     0.43s    58.676ms      0.092ms   bs  4  cheb   8
  first 20 slots : [-1.5805317803369556e-10, 0.999999999838431, 2.945974208650558e-11, 1.0000000000379627, -2.1732059375159035e-11, -7.402089850779967e-10, 2.0614990388484643e-11, 2.6659348290349908e-11, -5.891461849849846e-10, -4.250646981780033e-10, -3.6966285713224884e-10, 3.754119408024742e-10, 1.222363436489263e-10, 0.9999999996652148, -4.085599147811086e-10, -1.3805629502206783e-10, -3.727721914984616e-10, -2.1449756948057552e-11, -5.568797161860446e-10, 1.000000000210305]
  plain            : [0, 1, 0, 1, 0, 0, 0, 0, 0, 0, 0, 0, 0, 1, 0, 0, 0, 0, 0, 1]
  OK       5.0 km      254      254   32768/32768     3.354e-09     0.9999999980   1.0000000018     0.44s    65.258ms      0.092ms   bs  4  cheb   8
  first 20 slots : [4.0353396580531496e-10, 0.99999999997214, -7.701960801318435e-10, 0.999999999805202, -4.500663943125985e-10, -6.867228623452981e-10, 7.139787358435979e-10, -2.1899679559896064e-10, -1.6793668619742562e-09, -7.35042794189413e-10, 1.9300355789026416e-10, 2.376034391696493e-10, -3.855049109586733e-10, 0.9999999994231334, 4.5931404571757734e-10, -6.183974421079275e-10, 0.9999999993285984, 1.885422345242706e-09, -4.45249856500572e-11, 0.9999999996397269]
  plain            : [0, 1, 0, 1, 0, 0, 0, 0, 0, 0, 0, 0, 0, 1, 0, 0, 1, 0, 0, 1]

SUMMARY
  k5_kitkat         0.2 km  plain      3  cipher      3   match   0.46s / 0.101ms   bs 4  cheb 8
  k5_kitkat         0.5 km  plain     13  cipher     13   match   0.43s / 0.098ms   bs 4  cheb 8
  k5_kitkat         1.0 km  plain     52  cipher     52   match   0.44s / 0.090ms   bs 4  cheb 8
  k5_kitkat         2.0 km  plain     56  cipher     56   match   0.43s / 0.087ms   bs 4  cheb 8
  k5_kitkat         3.0 km  plain     58  cipher     58   match   0.43s / 0.109ms   bs 4  cheb 8
  k5_kitkat         5.0 km  plain     58  cipher     58   match   0.43s / 0.089ms   bs 4  cheb 8
  k5_jellybean      0.2 km  plain      4  cipher      4   match   0.43s / 0.086ms   bs 4  cheb 8
  k5_jellybean      0.5 km  plain      4  cipher      4   match   0.45s / 0.093ms   bs 4  cheb 8
  k5_jellybean      1.0 km  plain      5  cipher      5   match   0.44s / 0.092ms   bs 4  cheb 8
  k5_jellybean      2.0 km  plain      5  cipher      5   match   0.44s / 0.098ms   bs 4  cheb 8
  k5_jellybean      3.0 km  plain     53  cipher     53   match   0.43s / 0.092ms   bs 4  cheb 8
  k5_jellybean      5.0 km  plain    254  cipher    254   match   0.44s / 0.092ms   bs 4  cheb 8

 12 queries in total, 0 mismatched
Saved: results/result2.txt, results/exp1_<dataset>_summary.csv, results/exp1_all_summary.csv
Device: GPU
Key directory: /root/heaan_setting/FGb/keys/
Keys preloaded: enc, mult, conj, 45 rotation keys
Key loaded
Warm-up encrypt start [GPU]
Warm-up encrypt done
Warm-up bootstrap start
Warm-up bootstrap done

HEAAN ENGINE LOAD SUCCESS [device=GPU]


Niro call log: 204 rows   19 recorded numbers   4 distinct
Number split (3, 4, 4)   normalization denominators (999, 9999, 9999)

Per-row match and existence bit at C = 32
query number   description              exp  answer   exist value    plain  cipher   agreement   nonmatch worst   match worst    MATCH TIME  EXIST TIME  ENC TIME  PLAIN TIME
------------------------------------------------------------------------------------------------------------------------------------------------------
bootstrapping!!
bootstrapping!!
bootstrapping!!
010-5000-2924  original                    1       1   1.0000000004     12     12     32768/32768     1.333e-09     0.9999996583      2.89s      0.46s 245.476ms     0.154ms  bs 27/4
  first 20 slots : [-4.685610605677099e-11, 9.91459933067251e-11, -1.4758480488482034e-10, 2.6790941585184697e-11, 9.17578636232812e-11, -4.284082061908009e-10, -1.9202138779459218e-10, -2.5097032624468365e-10, -8.219972878828814e-11, -1.4895819069959278e-10, -1.5069856368216477e-11, 1.868026571258433e-10, -1.6913107227136235e-10, 2.6642402239144875e-10, 6.019085467542915e-11, 3.8568193214691374e-11, -1.7737379283683396e-10, 6.261349846870779e-11, -1.468217419142329e-10, -6.062537089309406e-11]
  plain            : [0, 0, 0, 0, 0, 0, 0, 0, 0, 0, 0, 0, 0, 0, 0, 0, 0, 0, 0, 0]
bootstrapping!!
bootstrapping!!
bootstrapping!!
010-5000-2925  one digit, last group       0       0  -0.0000000002      0      0     32768/32768     6.593e-08       n/a        2.87s      0.46s 255.726ms     0.132ms  bs 27/4
bootstrapping!!
bootstrapping!!
bootstrapping!!
010-5100-9080  original                    1       1   1.0000000004      3      3     32768/32768     1.266e-09     0.9999996429      2.87s      0.46s 239.208ms     0.137ms  bs 27/4
  first 20 slots : [1.1843156424321141e-10, 1.7081250008769066e-10, 5.539345939603384e-10, -4.435074603449304e-11, 5.326362007060661e-12, -2.2341520897738065e-10, -1.8512444842290458e-10, 1.786986753362675e-11, 1.6092371435363443e-10, -1.830999638029482e-11, -1.5194648713695306e-11, -9.673891687808698e-11, -3.3914020488529183e-10, 1.1115253908906941e-10, -1.2536338919488985e-11, -9.714257574948721e-11, -3.224204760286227e-10, 1.66802620373289e-10, 1.766316057833296e-10, 6.912205473380885e-11]
  plain            : [0, 0, 0, 0, 0, 0, 0, 0, 0, 0, 0, 0, 0, 0, 0, 0, 0, 0, 0, 0]
bootstrapping!!
bootstrapping!!
bootstrapping!!
010-5100-9081  one digit, last group       0       0  -0.0000000003      0      0     32768/32768     2.873e-08       n/a        2.87s      0.46s 248.687ms     0.130ms  bs 27/4
bootstrapping!!
bootstrapping!!
bootstrapping!!
010-5200-1582  original                    1       1   0.9999999997      2      2     32768/32768     1.203e-09     0.9999996934      2.86s      0.46s 242.485ms     0.128ms  bs 27/4
  first 20 slots : [-5.772600497429535e-11, 2.7792222262163736e-11, 1.6599905818381138e-10, 1.375180860566233e-11, 2.635664037736556e-11, -2.41975439357925e-10, 5.600072018387296e-11, 5.227889894631699e-11, 4.53877903814968e-11, -4.0959135998904695e-11, 2.6101852694255792e-11, 3.749634728280248e-11, -2.58729642335637e-10, -5.1930158020805114e-11, -2.2357003784315134e-11, 4.393486850077796e-11, -3.762056276476045e-10, -7.98084478046327e-10, -9.994416547709683e-11, -4.010075814546015e-11]
  plain            : [0, 0, 0, 0, 0, 0, 0, 0, 0, 0, 0, 0, 0, 0, 0, 0, 0, 0, 0, 0]
bootstrapping!!
bootstrapping!!
bootstrapping!!
010-5200-1583  one digit, last group       0       0  -0.0000000002      0      0     32768/32768     2.937e-09       n/a        2.87s      0.46s 365.707ms     0.130ms  bs 27/4
bootstrapping!!
bootstrapping!!
bootstrapping!!
006-5300-4858  original                    1       1   1.0000000001      2      2     32768/32768     1.141e-09     0.9999996839      2.87s      0.46s 227.667ms     0.126ms  bs 27/4
  first 20 slots : [-9.814601349969935e-11, -4.139006745892252e-11, -3.044077533818897e-11, 2.818743557195262e-11, 2.622022918198582e-13, 7.559555931957436e-11, 1.973003385160944e-10, 1.3903365318379327e-10, 2.68242339551231e-10, 9.168696563775627e-11, -2.7427144887972605e-11, -5.521145015516842e-11, -8.97268304420625e-11, -2.459128422851585e-10, -1.4738208712934386e-10, -1.1002141733908334e-10, -1.4231700645219325e-10, -3.010903397495591e-10, 2.0797440831948827e-10, -2.7309665458998038e-11]
  plain            : [0, 0, 0, 0, 0, 0, 0, 0, 0, 0, 0, 0, 0, 0, 0, 0, 0, 0, 0, 0]
bootstrapping!!
bootstrapping!!
bootstrapping!!
006-5300-4859  one digit, last group       0       0  -0.0000000001      0      0     32768/32768     1.258e-09       n/a        2.87s      0.46s 232.810ms     0.132ms  bs 27/4
bootstrapping!!
bootstrapping!!
bootstrapping!!
020-5000-2924  one digit, first group      0       0  -0.0000000001      0      0     32768/32768     5.009e-08       n/a        2.87s      0.46s 241.273ms     0.131ms  bs 27/4
bootstrapping!!
bootstrapping!!
bootstrapping!!
010-5010-2924  one digit, middle group     0       0  -0.0000000000      0      0     32768/32768     1.322e-08       n/a        2.87s      0.46s 281.264ms     0.128ms  bs 27/4
bootstrapping!!
bootstrapping!!
bootstrapping!!
010-1111-2222  not in the log              0       0  -0.0000000003      0      0     32768/32768     1.158e-09       n/a        2.87s      0.46s 250.073ms     0.129ms  bs 27/4

 11 queries in total, 0 wrong

Existence bit as the declared bound C grows
query number        C   exp  answer    exist value   verdict      EXIST TIME
--------------------------------------------------------------------------------------------------------
010-5000-2924        32     1       1   1.0000000004     correct          0.44s
010-5000-2924       256     1       1   1.0000000005     correct          0.44s
010-5000-2924      2048     1       1   1.0000000002     correct          0.44s
010-1111-2222        32     0       0  -0.0000000003     correct          0.44s
010-1111-2222       256     0       0   0.0000000004     correct          0.44s
010-1111-2222      2048     0       0  -0.0000000005     correct          0.44s

SUMMARY
  match check  11 queries, 0 wrong
  bound check  6 existence calls over C in [32, 256, 2048] , 0 wrong
Saved: results/result2.txt, results/exp2_niro_match_summary.csv, results/exp2_niro_maxcount_sweep.csv
Device: GPU
Key directory: /root/heaan_setting/FGb/keys/
Keys preloaded: enc, mult, conj, 45 rotation keys
Key loaded
Warm-up encrypt start [GPU]
Warm-up encrypt done
Warm-up bootstrap start
Warm-up bootstrap done

HEAAN ENGINE LOAD SUCCESS [device=GPU]


Avante EDR log: 16 recorded rows, 11 rows with a recorded speed
Query parameters encrypted in 117.601 ms

Speed increase (1 means the speed rose from the previous row)
  cipher [1, 1, 1, 1, 1, 1, 1, 1, 1, 1, 0]
  plain  [1, 1, 1, 1, 1, 1, 1, 1, 1, 1, 0]
  agree  11 / 11
  rows where false   worst reading  1.008e-10
  rows where true    worst reading  0.9999999997   best 1.0000000012
  TIME 0.45 s   PLAIN TIME 0.291 ms   BS 4  CHEB 8

Overspeed (1 means the speed exceeds 60 km/h)
  cipher [0, 0, 0, 0, 0, 0, 1, 1, 1, 1, 0]
  plain  [0, 0, 0, 0, 0, 0, 1, 1, 1, 1, 0]
  agree  11 / 11
  rows where false   worst reading  7.670e-10
  rows where true    worst reading  0.9999999998   best 1.0000000010
  TIME 0.43 s   PLAIN TIME 0.087 ms   BS 4  CHEB 8

Time window: -3000.0 to -1000.0
  cipher [0, 0, 0, 0, 0, 1, 1, 1, 1, 0, 0, 0, 0, 0, 0, 0]
  plain  [0, 0, 0, 0, 0, 1, 1, 1, 1, 0, 0, 0, 0, 0, 0, 0]
  agree  32768 / 32768   (padding included)
  rows where false   worst reading  3.564e-09
  rows where true    worst reading  0.9999999986   best 1.0000000009
  TIME 0.88 s   PLAIN TIME 0.138 ms   BS 8  CHEB 16

row  t_rel  speed |    incr out  p |     over out  p |      win out  p
--------------------------------------------------------------------------
  0   -5020     42 |  1.0000000006  1 |  0.0000000002  0 | -0.0000000005  0
  1   -4520     46 |  0.9999999997  1 | -0.0000000005  0 |  0.0000000000  0
  2   -4020     50 |  1.0000000002  1 |  0.0000000008  0 |  0.0000000003  0
  3   -3520     53 |  1.0000000003  1 | -0.0000000001  0 | -0.0000000001  0
  4   -3020     56 |  1.0000000004  1 | -0.0000000001  0 |  0.0000000011  0
  5   -2520     59 |  1.0000000012  1 |  0.0000000005  0 |  1.0000000009  1
  6   -2020     61 |  1.0000000002  1 |  0.9999999998  1 |  0.9999999995  1
  7   -1520     64 |  0.9999999998  1 |  1.0000000002  1 |  0.9999999994  1
  8   -1020     66 |  1.0000000006  1 |  1.0000000010  1 |  0.9999999986  1
  9    -520     68 |  1.0000000004  1 |  1.0000000000  1 | -0.0000000005  0
 10     -20      5 |  0.0000000001  0 | -0.0000000001  0 |  0.0000000002  0
 11     -20     -1 |             .  . |             .  . | -0.0000000001  0
 12      -3     -1 |             .  . |             .  . |  0.0000000005  0
 13       0     -1 |             .  . |             .  . | -0.0000000008  0
 14       5     -1 |             .  . |             .  . | -0.0000000005  0
 15      11     -1 |             .  . |             .  . |  0.0000000005  0

 3 predicates in total, 0 mismatched
Saved: results/result2.txt, results/exp3_avante_summary.csv, results/exp3_avante_rows.csv
 
 ****************************************************************************** 
 *                                                                            * 
 *               STARTING cba72948-545f-3cab-9ee3-f6078a90bf4e                * 
 *                                                                            * 
 ****************************************************************************** 
 executing: bash
