Device: GPU
Key directory: /root/heaan_setting/FGb/keys/
Keys preloaded: enc, mult, conj, 45 rotation keys
Key loaded
Warm-up encrypt start [GPU]
Warm-up encrypt done
Warm-up bootstrap start
Warm-up bootstrap done

HEAAN ENGINE LOAD SUCCESS [device=GPU]


[k5_kitkat] 6820 of 6820 rows used, 246 rows with coordinates
Query center 37.31808 127.12741  projected to 211293.56 524321.29

  stat    radius     plain   cipher     agreement   outside worst   inside worst   inside best      TIME    ENC TIME     PLAIN TIME
  OK       0.2 km        3        3   32768/32768     3.926e-09     0.7905193202   1.0000000012     0.45s    40.752ms      0.116ms   bs  4  cheb   8
  first 20 slots : [6.817479064413559e-11, -7.414514127932831e-10, -6.859713318735366e-10, -5.389702396915724e-10, 7.798409488796745e-10, 1.8090475534320295e-10, 9.315048199729693e-10, 3.379179958745639e-11, 2.2191316975454219e-10, -6.88905852982003e-11, 2.723374488717974e-10, -4.493533523565777e-10, 5.56738140247132e-11, -2.375246939687759e-10, -4.843246268467958e-10, 2.3076903728115867e-10, -5.879630199290963e-10, -5.788825109857224e-10, 3.300517249059519e-11, -5.65211954658016e-11]
  plain            : [0, 0, 0, 0, 0, 0, 0, 0, 0, 0, 0, 0, 0, 0, 0, 0, 0, 0, 0, 0]
  OK       0.5 km       13       13   32768/32768     3.159e-09     0.9999999994   1.0000000011     0.43s    38.084ms      0.083ms   bs  4  cheb   8
  first 20 slots : [-4.3633421226131867e-10, 6.463789447903695e-10, 1.1106141544504156e-09, -1.4484318623788438e-10, 1.0000000002662413, -1.3330753527824318e-09, -8.318780962372375e-11, -7.022794005686995e-10, -5.81761209936078e-10, -5.072054889182541e-10, -3.87760640804547e-10, -4.011479149594894e-11, -1.2466510360278346e-10, 1.8542727112429333e-10, 4.881477214015465e-10, -2.2763396613990033e-10, 9.33460231110137e-10, 1.0000000001354312, -1.9491332696771317e-10, -1.6736185123390687e-10]
  plain            : [0, 0, 0, 0, 1, 0, 0, 0, 0, 0, 0, 0, 0, 0, 0, 0, 0, 1, 0, 0]
  OK       1.0 km       52       52   32768/32768     4.270e-09     0.9999999979   1.0000000009     0.43s    38.203ms      0.090ms   bs  4  cheb   8
  first 20 slots : [-6.681882184454598e-10, 2.7373402614853535e-10, 1.5322035375930388e-10, 2.8446794594245505e-11, 1.0000000005018526, -3.0396573574295466e-10, -4.4058346792919577e-10, -2.954620738095492e-10, 1.0170070565393127e-10, -3.873303222390073e-11, -1.438907582609046e-10, 2.2322975145941537e-10, -1.475558733637424e-09, -2.026390510054781e-10, 4.6233058351974377e-10, -3.050915639191229e-10, 4.784025827658478e-10, 1.000000000743665, 4.122585978986e-11, -2.2619713774096104e-10]
  plain            : [0, 0, 0, 0, 1, 0, 0, 0, 0, 0, 0, 0, 0, 0, 0, 0, 0, 1, 0, 0]
  OK       2.0 km       56       56   32768/32768     3.281e-09     0.9999999987   1.0000000008     0.43s    34.411ms      0.109ms   bs  4  cheb   8
  first 20 slots : [-1.5439558799442593e-10, -7.358245203067747e-10, 4.672102120294231e-10, 1.9912282715516537e-10, 1.0000000002838556, -2.2836990657527852e-10, 4.22821553437627e-10, -3.344057948933562e-10, -9.499138684431179e-11, -3.077822535455997e-11, 6.680247020390506e-11, 6.728312965992406e-11, 3.8003532973316543e-10, -9.33644317343506e-10, 4.950158779646124e-10, -4.317238605537071e-10, 6.871678311076375e-10, 0.9999999999899288, 1.330817282488447e-10, -7.309887280136325e-11]
  plain            : [0, 0, 0, 0, 1, 0, 0, 0, 0, 0, 0, 0, 0, 0, 0, 0, 0, 1, 0, 0]
  OK       3.0 km       58       58   32768/32768     3.218e-09     0.9999999993   1.0000000015     0.43s    48.347ms      0.395ms   bs  4  cheb   8
  first 20 slots : [-3.532331170709892e-10, 1.6988406713733498e-10, 6.026985154481378e-10, -5.118379148289942e-10, 0.9999999999393382, -1.0165152171448783e-09, 8.02090036751201e-10, -1.1832876046772928e-10, 4.2723526551532366e-10, -1.8458649283235442e-10, -3.607180030865233e-10, -9.858598114777072e-10, -1.123780124334994e-12, -4.159170646782375e-10, 9.383803923778365e-11, 2.162560074644272e-11, -2.4602129366775456e-11, 1.000000001486359, -4.1627076604985303e-10, -3.2660700125471403e-10]
  plain            : [0, 0, 0, 0, 1, 0, 0, 0, 0, 0, 0, 0, 0, 0, 0, 0, 0, 1, 0, 0]
  OK       5.0 km       58       58   32768/32768     3.058e-09     0.9999999980   1.0000000018     0.44s    41.761ms      0.088ms   bs  4  cheb   8
  first 20 slots : [-3.247023869517626e-10, -1.219416176625105e-10, -1.7298322908057492e-10, -2.8052084255136353e-10, 0.9999999992837538, 2.3744111713804357e-10, 3.1397673343400107e-10, -5.114956677397387e-10, 6.769822880514602e-10, -6.280652604524305e-10, -2.711909763939274e-10, -4.135803973011517e-11, -7.841557387780979e-10, -5.486168401400824e-10, 3.96604497230971e-10, -3.8791879836051466e-10, 4.611901453279097e-10, 1.0000000017516926, 4.0766152008348896e-10, -3.0842174076684885e-10]
  plain            : [0, 0, 0, 0, 1, 0, 0, 0, 0, 0, 0, 0, 0, 0, 0, 0, 0, 1, 0, 0]

[k5_jellybean] 613 of 613 rows used, 330 rows with coordinates
Query center 37.86484 127.05997  projected to 205276.97 584999.58

  stat    radius     plain   cipher     agreement   outside worst   inside worst   inside best      TIME    ENC TIME     PLAIN TIME
  OK       0.2 km        4        4   32768/32768     3.234e-09     0.9983909496   1.0000000005     0.43s    47.486ms      0.088ms   bs  4  cheb   8
  first 20 slots : [-4.0340092402938364e-10, 1.755325082433101e-10, -8.169482134833322e-11, -2.079147518592849e-10, 4.9548301288381264e-11, -4.5731212187358056e-10, -4.3664510350503074e-10, 9.911877754355543e-11, 4.4164580329513293e-10, 7.697819829891968e-10, -5.267414543966321e-11, 1.7522078669260946e-10, 1.9178103267234536e-10, -2.912012899528527e-10, -1.5225297795588777e-10, -3.40866585753117e-11, -8.239588780858516e-10, 6.581172817296365e-11, 1.749907270791101e-10, -4.3025050176587793e-10]
  plain            : [0, 0, 0, 0, 0, 0, 0, 0, 0, 0, 0, 0, 0, 0, 0, 0, 0, 0, 0, 0]
  OK       0.5 km        4        4   32768/32768     3.998e-09     0.9999999997   1.0000000002     0.43s    39.597ms      0.089ms   bs  4  cheb   8
  first 20 slots : [9.000492069286787e-11, -1.2517455399105094e-10, 5.97946523580588e-10, 3.4665630511666225e-10, 9.637887360062388e-10, -9.948200770985334e-11, 8.23002595309215e-10, 1.4507389228864917e-10, 1.638965971188819e-10, -1.962550126011822e-10, -5.839366102549326e-10, 3.519202593898514e-10, 1.1337181635615706e-09, 9.055966959325871e-10, 5.31878800771813e-10, 1.9569805855901172e-10, 3.976613508988396e-11, 1.6454226845081335e-09, -3.1289489191836534e-10, 2.452949814459561e-10]
  plain            : [0, 0, 0, 0, 0, 0, 0, 0, 0, 0, 0, 0, 0, 0, 0, 0, 0, 0, 0, 0]
  OK       1.0 km        5        5   32768/32768     3.104e-09     0.9999999994   1.0000000005     0.43s    66.915ms      0.092ms   bs  4  cheb   8
  first 20 slots : [-3.4833618141898476e-10, 3.0261822873833854e-10, -7.241577833054534e-10, 2.830907377113726e-10, 4.321969364623991e-10, -2.1940079674638095e-10, -5.707290036046426e-10, 4.886158808317011e-10, -1.471006863082346e-10, 4.229725015149044e-10, -5.319374708261788e-10, 2.404707478602944e-10, 2.1916141748018e-10, 4.150227725896918e-10, 2.1040325199636538e-10, 1.9159277440832754e-10, -1.9716461134334378e-10, 7.70684100772069e-10, 1.053439861946589e-09, 5.450410998755089e-10]
  plain            : [0, 0, 0, 0, 0, 0, 0, 0, 0, 0, 0, 0, 0, 0, 0, 0, 0, 0, 0, 0]
  OK       2.0 km        5        5   32768/32768     3.586e-09     0.9999999996   1.0000000002     0.43s    60.999ms      0.090ms   bs  4  cheb   8
  first 20 slots : [-3.99428231459134e-10, -8.667237637634007e-11, -2.0194708663052356e-10, 3.5711839942965226e-10, 1.1462470581783584e-09, 4.239009146634573e-10, 9.6200969300507e-11, 1.7486523903496465e-10, -8.782364091891467e-10, -1.190494843761987e-10, -2.8419008161810235e-10, 6.588359389214269e-10, 1.0602586035230617e-09, -1.2158518921275e-09, 2.181207049175986e-10, 5.036592522971316e-10, -3.8507315682466555e-10, 5.178317424686983e-10, 4.2474124164266615e-10, -5.369672643558449e-10]
  plain            : [0, 0, 0, 0, 0, 0, 0, 0, 0, 0, 0, 0, 0, 0, 0, 0, 0, 0, 0, 0]
  OK       3.0 km       53       53   32768/32768     3.692e-09     0.9999999989   1.0000000008     0.43s    49.337ms      0.101ms   bs  4  cheb   8
  first 20 slots : [-5.860419544080419e-10, 1.0000000006648087, -8.270123647254676e-10, 1.0000000000781641, -2.751568356776004e-10, -8.704839636552495e-10, 5.2154421364593615e-11, -2.4547842600543884e-10, -8.491965032845e-11, -2.249907165540864e-10, -1.2344514349484198e-10, 1.2441414920855267e-09, -7.734433836501943e-10, 0.999999999888172, -6.337003729641151e-10, -4.269081084388186e-10, 3.6304026545903784e-10, -8.409992174514699e-10, -1.3103159688384698e-10, 1.0000000002804206]
  plain            : [0, 1, 0, 1, 0, 0, 0, 0, 0, 0, 0, 0, 0, 1, 0, 0, 0, 0, 0, 1]
  OK       5.0 km      254      254   32768/32768     3.056e-09     0.9999999981   1.0000000015     0.43s    50.301ms      0.091ms   bs  4  cheb   8
  first 20 slots : [5.50149563077705e-10, 0.9999999999999727, 3.2449399522333907e-10, 1.0000000000277385, -8.982677195438916e-10, -6.044483811390967e-10, 3.706241434851784e-10, 2.4980431230526755e-11, -1.8853710216123327e-10, -5.356295965843155e-10, -4.56640566388339e-11, 3.132886118131081e-10, 4.439713246044488e-10, 0.9999999993552944, -2.845842732709728e-10, -4.186593032429752e-10, 1.000000000228631, -3.271373544543816e-10, -5.969593171208442e-10, 0.9999999997685128]
  plain            : [0, 1, 0, 1, 0, 0, 0, 0, 0, 0, 0, 0, 0, 1, 0, 0, 1, 0, 0, 1]

SUMMARY
  k5_kitkat         0.2 km  plain      3  cipher      3   match   0.45s / 0.116ms   bs 4  cheb 8
  k5_kitkat         0.5 km  plain     13  cipher     13   match   0.43s / 0.083ms   bs 4  cheb 8
  k5_kitkat         1.0 km  plain     52  cipher     52   match   0.43s / 0.090ms   bs 4  cheb 8
  k5_kitkat         2.0 km  plain     56  cipher     56   match   0.43s / 0.109ms   bs 4  cheb 8
  k5_kitkat         3.0 km  plain     58  cipher     58   match   0.43s / 0.395ms   bs 4  cheb 8
  k5_kitkat         5.0 km  plain     58  cipher     58   match   0.44s / 0.088ms   bs 4  cheb 8
  k5_jellybean      0.2 km  plain      4  cipher      4   match   0.43s / 0.088ms   bs 4  cheb 8
  k5_jellybean      0.5 km  plain      4  cipher      4   match   0.43s / 0.089ms   bs 4  cheb 8
  k5_jellybean      1.0 km  plain      5  cipher      5   match   0.43s / 0.092ms   bs 4  cheb 8
  k5_jellybean      2.0 km  plain      5  cipher      5   match   0.43s / 0.090ms   bs 4  cheb 8
  k5_jellybean      3.0 km  plain     53  cipher     53   match   0.43s / 0.101ms   bs 4  cheb 8
  k5_jellybean      5.0 km  plain    254  cipher    254   match   0.43s / 0.091ms   bs 4  cheb 8

 12 queries in total, 0 mismatched
Saved: results/result2.txt, results/exp1_<dataset>_summary.csv, results/exp1_all_summary.csv
Device: GPU
Key directory: /root/heaan_setting/FGb/keys/
Keys preloaded: enc, mult, conj, 45 rotation keys
Key loaded
Warm-up encrypt start [GPU]
Warm-up encrypt done
Warm-up bootstrap start
Warm-up bootstrap done

HEAAN ENGINE LOAD SUCCESS [device=GPU]


Niro call log: 204 rows   19 recorded numbers   4 distinct
Number split (3, 4, 4)   normalization denominators (999, 9999, 9999)

Per-row match and existence bit at C = 32
query number   description              exp  answer   exist value    plain  cipher   agreement   nonmatch worst   match worst    MATCH TIME  EXIST TIME  ENC TIME  PLAIN TIME
------------------------------------------------------------------------------------------------------------------------------------------------------
bootstrapping!!
bootstrapping!!
bootstrapping!!
010-5000-2924  original                    1       1   1.0000000005     12     12     32768/32768     1.382e-09     0.9999996746      2.91s      0.46s 286.037ms     0.151ms  bs 27/4
  first 20 slots : [7.925538429619184e-11, 2.420282945311855e-10, 6.427919090381439e-11, -1.1536545094237167e-11, 1.9424526741407128e-10, -1.718259600512619e-10, 2.3280828343018305e-10, -1.8258525014518627e-11, 3.1881081848349607e-10, -5.972794430201759e-11, -1.8403232947318555e-11, -1.0877756832997593e-10, 2.823593272514954e-10, 3.2770509053981005e-10, -9.626506933301328e-12, 4.652731785586408e-11, 8.5314113225508e-11, -1.6353174287193552e-10, 1.1310282848565225e-10, 1.407782475849769e-10]
  plain            : [0, 0, 0, 0, 0, 0, 0, 0, 0, 0, 0, 0, 0, 0, 0, 0, 0, 0, 0, 0]
bootstrapping!!
bootstrapping!!
bootstrapping!!
010-5000-2925  one digit, last group       0       0  -0.0000000003      0      0     32768/32768     4.490e-08       n/a        2.88s      0.46s 364.484ms     0.151ms  bs 27/4
bootstrapping!!
bootstrapping!!
bootstrapping!!
010-5100-9080  original                    1       1   0.9999999997      3      3     32768/32768     1.192e-09     0.9999996869      2.88s      0.46s 254.303ms     0.159ms  bs 27/4
  first 20 slots : [-2.892339278463016e-11, 2.2866247559161165e-10, 6.290786258160991e-11, 1.9097142634815756e-11, -1.3756343241817982e-10, -3.5513540563387003e-10, 1.774023252968779e-10, 1.3052864924548014e-10, 6.963269084857429e-11, 1.6292667335976927e-10, -4.892016514390302e-12, -7.958934590900003e-11, 1.4239894469618488e-10, 1.1570311594698752e-11, -8.340621237867127e-11, -1.2146337952030974e-10, 5.286667454918845e-10, -6.722072825527085e-10, 2.9295353939351904e-10, -1.1057030661089941e-10]
  plain            : [0, 0, 0, 0, 0, 0, 0, 0, 0, 0, 0, 0, 0, 0, 0, 0, 0, 0, 0, 0]
bootstrapping!!
bootstrapping!!
bootstrapping!!
010-5100-9081  one digit, last group       0       0  -0.0000000002      0      0     32768/32768     5.323e-09       n/a        2.88s      0.46s 236.063ms     0.158ms  bs 27/4
bootstrapping!!
bootstrapping!!
bootstrapping!!
010-5200-1582  original                    1       1   0.9999999998      2      2     32768/32768     1.511e-09     0.9999996777      2.88s      0.46s 310.040ms     0.166ms  bs 27/4
  first 20 slots : [3.858692445556484e-11, -3.4725418506210787e-10, 1.895055809709655e-10, -9.102672280166898e-12, -7.67352983424636e-11, -2.8025851525536386e-10, 1.3584291949656692e-10, -3.328036976140861e-11, -2.9256239882440974e-10, 1.2489266468814472e-10, 2.046880801767577e-11, 1.724559387956874e-10, -3.6245067310683616e-11, 5.3435836065214194e-11, -2.596586158889396e-11, -8.977941993429922e-11, -2.332688737350564e-10, -4.5345433206626375e-10, -3.4043332109995095e-11, -1.369682198022028e-10]
  plain            : [0, 0, 0, 0, 0, 0, 0, 0, 0, 0, 0, 0, 0, 0, 0, 0, 0, 0, 0, 0]
bootstrapping!!
bootstrapping!!
bootstrapping!!
010-5200-1583  one digit, last group       0       0  -0.0000000003      0      0     32768/32768     6.557e-08       n/a        2.88s      0.46s 269.560ms     0.133ms  bs 27/4
bootstrapping!!
bootstrapping!!
bootstrapping!!
006-5300-4858  original                    1       1   1.0000000002      2      2     32768/32768     1.137e-09     0.9999996810      2.88s      0.46s 249.357ms     0.151ms  bs 27/4
  first 20 slots : [-1.3160394376857714e-10, 1.3297904790851544e-10, 5.6814139484453894e-11, 1.158407019061847e-11, 7.526700009438794e-11, 1.7005826026158903e-10, -5.2798734710948005e-11, 1.7803128068134996e-10, -3.068169192674465e-10, -8.161129151993679e-11, 6.082756136113956e-11, -1.0967970981671963e-10, -4.370459436498789e-10, -4.129342627317873e-10, -5.414892984320619e-11, -4.2050599161939975e-11, -2.37458490859466e-10, 2.141352913248832e-10, 1.6906338434199402e-10, 5.482955943659373e-11]
  plain            : [0, 0, 0, 0, 0, 0, 0, 0, 0, 0, 0, 0, 0, 0, 0, 0, 0, 0, 0, 0]
bootstrapping!!
bootstrapping!!
bootstrapping!!
006-5300-4859  one digit, last group       0       0  -0.0000000001      0      0     32768/32768     1.546e-09       n/a        2.88s      0.46s 243.260ms     0.167ms  bs 27/4
bootstrapping!!
bootstrapping!!
bootstrapping!!
020-5000-2924  one digit, first group      0       0  -0.0000000003      0      0     32768/32768     9.010e-09       n/a        2.88s      0.46s 374.035ms     0.143ms  bs 27/4
bootstrapping!!
bootstrapping!!
bootstrapping!!
010-5010-2924  one digit, middle group     0       0  -0.0000000002      0      0     32768/32768     1.462e-08       n/a        2.88s      0.46s 232.738ms     0.167ms  bs 27/4
bootstrapping!!
bootstrapping!!
bootstrapping!!
010-1111-2222  not in the log              0       0  -0.0000000004      0      0     32768/32768     1.253e-09       n/a        2.88s      0.46s 250.143ms     0.133ms  bs 27/4

 11 queries in total, 0 wrong

Existence bit as the declared bound C grows
query number        C   exp  answer    exist value   verdict      EXIST TIME
--------------------------------------------------------------------------------------------------------
010-5000-2924        32     1       1   1.0000000005     correct          0.44s
010-5000-2924       256     1       1   0.9999999997     correct          0.44s
010-5000-2924      2048     1       1   1.0000000002     correct          0.44s
010-1111-2222        32     0       0  -0.0000000004     correct          0.44s
010-1111-2222       256     0       0   0.0000000003     correct          0.44s
010-1111-2222      2048     0       0  -0.0000000003     correct          0.44s

SUMMARY
  match check  11 queries, 0 wrong
  bound check  6 existence calls over C in [32, 256, 2048] , 0 wrong
Saved: results/result2.txt, results/exp2_niro_match_summary.csv, results/exp2_niro_maxcount_sweep.csv
Device: GPU
Key directory: /root/heaan_setting/FGb/keys/
Keys preloaded: enc, mult, conj, 45 rotation keys
Key loaded
Warm-up encrypt start [GPU]
Warm-up encrypt done
Warm-up bootstrap start
Warm-up bootstrap done

HEAAN ENGINE LOAD SUCCESS [device=GPU]


Avante EDR log: 16 recorded rows, 11 rows with a recorded speed
Query parameters encrypted in 133.754 ms

Speed increase (1 means the speed rose from the previous row)
  cipher [1, 1, 1, 1, 1, 1, 1, 1, 1, 1, 0]
  plain  [1, 1, 1, 1, 1, 1, 1, 1, 1, 1, 0]
  agree  11 / 11
  rows where false   worst reading  8.007e-11
  rows where true    worst reading  0.9999999984   best 1.0000000006
  TIME 0.44 s   PLAIN TIME 0.315 ms   BS 4  CHEB 8

Overspeed (1 means the speed exceeds 60 km/h)
  cipher [0, 0, 0, 0, 0, 0, 1, 1, 1, 1, 0]
  plain  [0, 0, 0, 0, 0, 0, 1, 1, 1, 1, 0]
  agree  11 / 11
  rows where false   worst reading  7.713e-10
  rows where true    worst reading  0.9999999993   best 1.0000000004
  TIME 0.43 s   PLAIN TIME 0.087 ms   BS 4  CHEB 8

Time window: -3000.0 to -1000.0
  cipher [0, 0, 0, 0, 0, 1, 1, 1, 1, 0, 0, 0, 0, 0, 0, 0]
  plain  [0, 0, 0, 0, 0, 1, 1, 1, 1, 0, 0, 0, 0, 0, 0, 0]
  agree  32768 / 32768   (padding included)
  rows where false   worst reading  3.208e-09
  rows where true    worst reading  0.9999999993   best 1.0000000014
  TIME 0.87 s   PLAIN TIME 0.121 ms   BS 8  CHEB 16

row  t_rel  speed |    incr out  p |     over out  p |      win out  p
--------------------------------------------------------------------------
  0   -5020     42 |  1.0000000004  1 | -0.0000000001  0 | -0.0000000004  0
  1   -4520     46 |  0.9999999996  1 | -0.0000000006  0 |  0.0000000006  0
  2   -4020     50 |  0.9999999984  1 |  0.0000000008  0 |  0.0000000001  0
  3   -3520     53 |  1.0000000004  1 | -0.0000000001  0 | -0.0000000003  0
  4   -3020     56 |  1.0000000002  1 | -0.0000000002  0 | -0.0000000003  0
  5   -2520     59 |  0.9999999997  1 | -0.0000000003  0 |  1.0000000014  1
  6   -2020     61 |  0.9999999998  1 |  0.9999999993  1 |  0.9999999996  1
  7   -1520     64 |  1.0000000006  1 |  0.9999999994  1 |  0.9999999993  1
  8   -1020     66 |  1.0000000003  1 |  0.9999999996  1 |  0.9999999993  1
  9    -520     68 |  1.0000000002  1 |  1.0000000004  1 | -0.0000000006  0
 10     -20      5 |  0.0000000001  0 | -0.0000000002  0 |  0.0000000002  0
 11     -20     -1 |             .  . |             .  . |  0.0000000004  0
 12      -3     -1 |             .  . |             .  . | -0.0000000008  0
 13       0     -1 |             .  . |             .  . |  0.0000000008  0
 14       5     -1 |             .  . |             .  . | -0.0000000005  0
 15      11     -1 |             .  . |             .  . |  0.0000000007  0

 3 predicates in total, 0 mismatched
Saved: results/result2.txt, results/exp3_avante_summary.csv, results/exp3_avante_rows.csv
 
 ****************************************************************************** 
 *                                                                            * 
 *               STARTING cba72948-545f-3cab-9ee3-f6078a90bf4e                * 
 *                                                                            * 
 ****************************************************************************** 
 executing: bash
