Device: GPU
Key directory: /root/heaan_setting/FGb/keys/
Keys preloaded: enc, mult, conj, 45 rotation keys
Key loaded
Warm-up encrypt start [GPU]
Warm-up encrypt done
Warm-up bootstrap start
Warm-up bootstrap done

HEAAN ENGINE LOAD SUCCESS [device=GPU]


[k5_kitkat] 6820 of 6820 rows used, 246 rows with coordinates
Query center 37.31808 127.12741  projected to 211293.56 524321.29

  stat    radius     plain   cipher     agreement   outside worst   inside worst   inside best      TIME    ENC TIME     PLAIN TIME
  OK       0.2 km        3        3   32768/32768     3.414e-09     0.8000747428   1.0000000007     0.47s    62.367ms      0.093ms   bs  4  cheb   8
  first 20 slots : [1.5980274710630286e-10, 1.849584860498741e-10, -7.955462418559176e-10, -4.3660118816196575e-10, -2.643960181514261e-10, -9.681355852552521e-11, 2.168027195354004e-10, -4.82928382993235e-10, -8.816358882778024e-10, 1.3550146419679316e-10, 4.0020598114762747e-10, -4.286746023105292e-10, 9.827369888690235e-10, -1.186820728211419e-10, 2.135081681117505e-10, -2.441110634120054e-10, 3.305830787194747e-10, 2.1565354830971985e-10, -7.051226021777099e-10, 1.9975107097146745e-11]
  plain            : [0, 0, 0, 0, 0, 0, 0, 0, 0, 0, 0, 0, 0, 0, 0, 0, 0, 0, 0, 0]
  OK       0.5 km       13       13   32768/32768     3.046e-09     0.9999999991   1.0000000006     0.44s    54.242ms      0.091ms   bs  4  cheb   8
  first 20 slots : [-6.93542795791051e-10, 1.413761777518308e-10, -1.7267838574658076e-11, -3.7953706162198036e-11, 1.0000000002288947, -1.5354069403976414e-10, 6.502122490975487e-10, -6.686713561166026e-10, -2.300104778009487e-11, 7.302205699841016e-11, 9.260389000230254e-12, 7.475217978130692e-10, 1.4834648431612664e-09, -1.0362878347493245e-10, -3.434855819913727e-10, -2.8589425830750713e-10, 5.7387954252421185e-11, 0.9999999991402673, 4.162316047006947e-10, -3.1944777148680924e-10]
  plain            : [0, 0, 0, 0, 1, 0, 0, 0, 0, 0, 0, 0, 0, 0, 0, 0, 0, 1, 0, 0]
  OK       1.0 km       52       52   32768/32768     4.011e-09     0.9999999990   1.0000000013     0.44s    62.247ms      0.090ms   bs  4  cheb   8
  first 20 slots : [1.7984134071740966e-10, -1.3789922312921673e-10, 1.178391518635402e-09, 1.8669467780301152e-10, 1.0000000005357559, -4.936139869763839e-10, 7.477945568212134e-10, -2.344154386872022e-10, -2.0752592396112102e-10, -3.3304392009178893e-11, -4.1535167051745706e-10, 9.202306663309571e-10, -5.58281317351815e-10, 4.78093736286034e-10, -1.1422132622500504e-10, 1.8456859989447435e-10, -6.373648183910725e-10, 1.000000000334038, 5.140768197592849e-10, 1.3024854388312654e-10]
  plain            : [0, 0, 0, 0, 1, 0, 0, 0, 0, 0, 0, 0, 0, 0, 0, 0, 0, 1, 0, 0]
  OK       2.0 km       56       56   32768/32768     4.276e-09     0.9999999988   1.0000000009     0.44s    45.952ms      0.123ms   bs  4  cheb   8
  first 20 slots : [-2.658248986802861e-11, 6.692783473843708e-10, 1.0637041769144978e-09, 4.352240297684148e-10, 0.999999999998308, 6.352616526636062e-10, -4.595285030864766e-10, 3.0619614385438063e-10, 6.334196514447522e-10, 1.1800662237257705e-10, -6.772103073295392e-11, 1.0524567898748462e-10, -3.8737491607924835e-10, 2.8709850857033717e-10, -1.4725238778190493e-10, 4.373241590682878e-11, 7.262909184228444e-10, 1.0000000004015668, 7.366220708559708e-11, -7.772281580946167e-11]
  plain            : [0, 0, 0, 0, 1, 0, 0, 0, 0, 0, 0, 0, 0, 0, 0, 0, 0, 1, 0, 0]
  OK       3.0 km       58       58   32768/32768     3.467e-09     0.9999999987   1.0000000017     0.45s    49.230ms      0.089ms   bs  4  cheb   8
  first 20 slots : [-4.344486748250154e-10, 3.5571430959277136e-10, -2.397760242508822e-10, -3.2792395612014734e-10, 0.9999999995156735, 2.2633057737489516e-10, -2.8420478525082448e-11, -3.4847369428745344e-10, 1.6086278492682463e-10, 5.468605218637301e-10, -1.7785896281743216e-10, 3.124900486213595e-11, -3.474927605795083e-11, 1.5458930435239847e-10, -1.9753091436074077e-10, -4.639910424703584e-10, 2.143569142135393e-10, 1.0000000016835662, -4.1688251590310416e-10, -3.713676326976948e-10]
  plain            : [0, 0, 0, 0, 1, 0, 0, 0, 0, 0, 0, 0, 0, 0, 0, 0, 0, 1, 0, 0]
  OK       5.0 km       58       58   32768/32768     3.285e-09     0.9999999981   1.0000000012     0.44s    44.735ms      0.461ms   bs  4  cheb   8
  first 20 slots : [-6.640371608432523e-10, 1.4287125250946537e-10, 1.819968923972642e-10, -1.1944123243037317e-10, 0.9999999997320405, -9.461198161956225e-10, -4.747528713715691e-10, 4.496605520338286e-10, 2.5481873276463436e-10, 4.117113084576492e-10, -3.306902090491461e-10, -4.0069352913444115e-10, -2.6322726753886054e-10, 8.861793990674001e-11, -3.809030530933678e-10, -3.1470437613476034e-10, 3.0130642008250583e-10, 1.0000000009080217, -6.934031872503344e-11, -3.0336802878554187e-10]
  plain            : [0, 0, 0, 0, 1, 0, 0, 0, 0, 0, 0, 0, 0, 0, 0, 0, 0, 1, 0, 0]

[k5_jellybean] 613 of 613 rows used, 330 rows with coordinates
Query center 37.86484 127.05997  projected to 205276.97 584999.58

  stat    radius     plain   cipher     agreement   outside worst   inside worst   inside best      TIME    ENC TIME     PLAIN TIME
  OK       0.2 km        4        4   32768/32768     3.087e-09     0.9980651428   1.0000000006     0.44s    44.234ms      0.089ms   bs  4  cheb   8
  first 20 slots : [9.062501559946404e-12, -5.7046220280594645e-11, -4.507914709386527e-11, 6.339628193182896e-11, -8.418790816549384e-10, -8.084740057141426e-10, 1.4195592684514282e-10, 3.583168580105302e-10, -7.181845279824999e-10, 1.3939920819634803e-10, 2.357366652671784e-11, -6.35774611220307e-11, 9.337924578866281e-10, -2.3689292475144075e-10, 3.122077428529249e-10, -1.7721751607179387e-10, -1.62495887070076e-10, 7.861706244090225e-10, 4.574670518822081e-10, -5.960560339191729e-10]
  plain            : [0, 0, 0, 0, 0, 0, 0, 0, 0, 0, 0, 0, 0, 0, 0, 0, 0, 0, 0, 0]
  OK       0.5 km        4        4   32768/32768     3.253e-09     0.9999999996   1.0000000005     0.45s    46.475ms      0.092ms   bs  4  cheb   8
  first 20 slots : [-3.3591100208352997e-10, -2.0865059984522387e-10, 4.043672989623689e-10, 1.6447822788475145e-10, 3.3416919249568275e-10, 1.947588208918183e-10, -2.489381810046898e-10, 2.473646531571901e-10, -7.209920033657712e-11, -5.058011997257803e-10, 7.144788527465735e-10, -6.575651579505963e-10, -1.5451690438998919e-10, 8.507562602736236e-10, -5.953546468703796e-10, 3.667759635938767e-10, 6.738516769698088e-10, -3.0793989634500697e-10, -5.435883473080756e-10, 2.890828974427626e-10]
  plain            : [0, 0, 0, 0, 0, 0, 0, 0, 0, 0, 0, 0, 0, 0, 0, 0, 0, 0, 0, 0]
  OK       1.0 km        5        5   32768/32768     3.726e-09     0.9999999996   1.0000000005     0.44s    42.808ms      0.704ms   bs  4  cheb   8
  first 20 slots : [-2.7330513840867554e-10, -7.330829608437523e-10, 2.5725307998987147e-11, 4.0660823857646313e-10, -2.8159271899132363e-10, -1.6138613542588963e-10, 4.857809986937642e-10, 7.668856871790508e-10, 2.892981015169909e-10, 1.795925851018088e-10, 3.501475468628437e-10, -2.1822687511150836e-10, 2.70906164255054e-10, 2.9548613749580375e-10, -6.587243563342754e-10, 1.1536545049105555e-10, 1.06083876610177e-09, -7.942673728161038e-11, -2.0872190471308453e-10, 4.1914238591372577e-10]
  plain            : [0, 0, 0, 0, 0, 0, 0, 0, 0, 0, 0, 0, 0, 0, 0, 0, 0, 0, 0, 0]
  OK       2.0 km        5        5   32768/32768     3.468e-09     0.9999999996   1.0000000001     0.44s    36.256ms      0.376ms   bs  4  cheb   8
  first 20 slots : [-5.000364090305164e-10, 3.678175635596056e-10, 4.933910942419793e-10, 3.372624241580946e-10, 3.882310187204123e-10, 1.5661895397650248e-09, 2.149563873271987e-10, -2.592419458085021e-11, 3.839771075316538e-10, -2.96966342542657e-11, 2.6938867641772246e-10, 5.39467932846968e-10, 5.978922332199365e-10, -1.5498228549135132e-10, -2.376947636162272e-10, 4.335425262367138e-10, -2.8661943337995974e-10, -3.294309015872614e-10, 1.6887255965624104e-10, -2.9630296310404845e-10]
  plain            : [0, 0, 0, 0, 0, 0, 0, 0, 0, 0, 0, 0, 0, 0, 0, 0, 0, 0, 0, 0]
  OK       3.0 km       53       53   32768/32768     2.945e-09     0.9999999990   1.0000000012     0.44s    43.755ms      0.106ms   bs  4  cheb   8
  first 20 slots : [-2.7903482776565905e-11, 1.0000000004545142, -2.4685997482930477e-10, 1.000000000202797, -5.614332658740111e-11, -7.969959787642831e-10, -5.415807033875161e-10, 1.202355996826755e-09, -5.6314960288195074e-11, -4.632761058342892e-10, -4.977595546567266e-10, -1.8703375878068346e-10, -4.731767392726017e-10, 1.0000000001121425, 2.625999248833358e-10, -4.4133413417792147e-10, 1.471368749704317e-09, 2.067766573632702e-11, 1.223765521002767e-11, 1.0000000003846508]
  plain            : [0, 1, 0, 1, 0, 0, 0, 0, 0, 0, 0, 0, 0, 1, 0, 0, 0, 0, 0, 1]
  OK       5.0 km      254      254   32768/32768     3.216e-09     0.9999999988   1.0000000016     0.45s    46.167ms      0.092ms   bs  4  cheb   8
  first 20 slots : [3.3258338270251e-10, 0.9999999998845129, 8.358385249669245e-11, 0.9999999999166596, 1.1403498581393552e-10, -3.6717298665998853e-10, -7.75613836223183e-10, -3.826834451390086e-10, 2.2418801710256056e-10, -5.573495348216988e-10, -2.1253164621891988e-10, 4.5532038008724323e-10, 1.445597205494815e-10, 0.9999999988324617, 4.4391309953860364e-11, -1.9792540628551546e-10, 0.9999999997691205, 6.082114969826552e-10, -1.048125488653877e-11, 0.9999999999431823]
  plain            : [0, 1, 0, 1, 0, 0, 0, 0, 0, 0, 0, 0, 0, 1, 0, 0, 1, 0, 0, 1]

SUMMARY
  k5_kitkat         0.2 km  plain      3  cipher      3   match   0.47s / 0.093ms   bs 4  cheb 8
  k5_kitkat         0.5 km  plain     13  cipher     13   match   0.44s / 0.091ms   bs 4  cheb 8
  k5_kitkat         1.0 km  plain     52  cipher     52   match   0.44s / 0.090ms   bs 4  cheb 8
  k5_kitkat         2.0 km  plain     56  cipher     56   match   0.44s / 0.123ms   bs 4  cheb 8
  k5_kitkat         3.0 km  plain     58  cipher     58   match   0.45s / 0.089ms   bs 4  cheb 8
  k5_kitkat         5.0 km  plain     58  cipher     58   match   0.44s / 0.461ms   bs 4  cheb 8
  k5_jellybean      0.2 km  plain      4  cipher      4   match   0.44s / 0.089ms   bs 4  cheb 8
  k5_jellybean      0.5 km  plain      4  cipher      4   match   0.45s / 0.092ms   bs 4  cheb 8
  k5_jellybean      1.0 km  plain      5  cipher      5   match   0.44s / 0.704ms   bs 4  cheb 8
  k5_jellybean      2.0 km  plain      5  cipher      5   match   0.44s / 0.376ms   bs 4  cheb 8
  k5_jellybean      3.0 km  plain     53  cipher     53   match   0.44s / 0.106ms   bs 4  cheb 8
  k5_jellybean      5.0 km  plain    254  cipher    254   match   0.45s / 0.092ms   bs 4  cheb 8

 12 queries in total, 0 mismatched
Saved: results/result2.txt, results/exp1_<dataset>_summary.csv, results/exp1_all_summary.csv
Device: GPU
Key directory: /root/heaan_setting/FGb/keys/
Keys preloaded: enc, mult, conj, 45 rotation keys
Key loaded
Warm-up encrypt start [GPU]
Warm-up encrypt done
Warm-up bootstrap start
Warm-up bootstrap done

HEAAN ENGINE LOAD SUCCESS [device=GPU]


Niro call log: 204 rows   19 recorded numbers   4 distinct
Number split (3, 4, 4)   normalization denominators (999, 9999, 9999)

Per-row match and existence bit at C = 32
query number   description              exp  answer   exist value    plain  cipher   agreement   nonmatch worst   match worst    MATCH TIME  EXIST TIME  ENC TIME  PLAIN TIME
------------------------------------------------------------------------------------------------------------------------------------------------------
bootstrapping!!
bootstrapping!!
bootstrapping!!
010-5000-2924  original                    1       1   1.0000000003     12     12     32768/32768     1.178e-09     0.9999996442      2.88s      0.46s 354.411ms     0.131ms  bs 27/4
  first 20 slots : [-8.749094436995477e-11, -1.198606933511676e-10, -3.121085151695117e-10, -1.4166091080752738e-11, -2.235923002839097e-10, -5.342271042148223e-10, 1.4760130788238323e-10, 1.6289972717609536e-10, -2.1669358326964703e-10, 4.037730556787679e-11, 3.0864773068509147e-11, -2.9516136374426996e-10, 2.503303073448782e-11, -2.92674031226348e-10, -8.866858666707152e-11, 8.680740304637968e-11, 4.0846583260726747e-10, -4.010333215550704e-11, 1.8270776712026045e-10, 1.0996389074577943e-10]
  plain            : [0, 0, 0, 0, 0, 0, 0, 0, 0, 0, 0, 0, 0, 0, 0, 0, 0, 0, 0, 0]
bootstrapping!!
bootstrapping!!
bootstrapping!!
010-5000-2925  one digit, last group       0       0  -0.0000000001      0      0     32768/32768     1.327e-08       n/a        2.86s      0.46s 234.924ms     0.130ms  bs 27/4
bootstrapping!!
bootstrapping!!
bootstrapping!!
010-5100-9080  original                    1       1   1.0000000001      3      3     32768/32768     1.211e-09     0.9999996742      2.86s      0.46s 250.659ms     0.123ms  bs 27/4
  first 20 slots : [-6.296673761624772e-11, 3.663674113424504e-11, 3.850836310189269e-10, 4.657971895719049e-11, -7.930456062419834e-11, 1.85584549843772e-10, -9.642528148991504e-11, -1.1866573845766044e-10, 1.4552952294210866e-10, 8.53455397100323e-11, -1.9409677994787698e-11, -8.720346143288667e-11, 8.035990761250205e-11, 1.6891378615872566e-10, -5.1943816647267766e-11, -1.7442325604943327e-11, -3.053722164505736e-10, -5.946407246661751e-10, 7.366300667588987e-11, 1.899685330437094e-11]
  plain            : [0, 0, 0, 0, 0, 0, 0, 0, 0, 0, 0, 0, 0, 0, 0, 0, 0, 0, 0, 0]
bootstrapping!!
bootstrapping!!
bootstrapping!!
010-5100-9081  one digit, last group       0       0   0.0000000002      0      0     32768/32768     6.694e-09       n/a        2.86s      0.46s 255.675ms     0.130ms  bs 27/4
bootstrapping!!
bootstrapping!!
bootstrapping!!
010-5200-1582  original                    1       1   1.0000000003      2      2     32768/32768     1.459e-09     0.9999996897      2.86s      0.46s 267.571ms     0.122ms  bs 27/4
  first 20 slots : [-5.279338674732016e-11, -1.368455976498028e-10, -1.5136190501133133e-10, 3.488694680341311e-11, 5.09649143483451e-10, -1.635258887168388e-11, 2.617694909033892e-10, 1.4183506180017452e-10, -3.9926192302654943e-10, -3.489267867808167e-11, 6.387076184775422e-11, -4.6380492651043527e-10, -1.1844705714079694e-11, 2.8702823947586627e-10, -1.9725098413799833e-10, 1.7700127569542296e-11, -4.126514247194694e-10, -4.132649610732059e-10, -1.784753234189924e-12, 8.860690605500582e-11]
  plain            : [0, 0, 0, 0, 0, 0, 0, 0, 0, 0, 0, 0, 0, 0, 0, 0, 0, 0, 0, 0]
bootstrapping!!
bootstrapping!!
bootstrapping!!
010-5200-1583  one digit, last group       0       0   0.0000000001      0      0     32768/32768     5.942e-09       n/a        2.86s      0.46s 262.128ms     0.155ms  bs 27/4
bootstrapping!!
bootstrapping!!
bootstrapping!!
006-5300-4858  original                    1       1   0.9999999998      2      2     32768/32768     1.134e-09     0.9999996581      2.86s      0.46s 248.952ms     0.130ms  bs 27/4
  first 20 slots : [8.794467416626463e-12, 1.93586205662545e-10, -5.035728613922666e-10, 6.314436910182793e-11, -6.56319949212841e-12, -1.1053390971990534e-10, 8.530227159436663e-13, -1.8890020792645103e-10, -1.2459329387740447e-10, 2.989822249888492e-11, 3.3468707733876215e-11, 5.817403917961381e-11, -2.263489143334365e-11, 2.2002906678401024e-11, 4.5079047834923385e-11, -4.450287796587726e-11, -3.3394819846539655e-10, 5.779494011841431e-11, -2.6858420139915414e-11, 5.700657304941106e-11]
  plain            : [0, 0, 0, 0, 0, 0, 0, 0, 0, 0, 0, 0, 0, 0, 0, 0, 0, 0, 0, 0]
bootstrapping!!
bootstrapping!!
bootstrapping!!
006-5300-4859  one digit, last group       0       0   0.0000000003      0      0     32768/32768     2.237e-09       n/a        2.86s      0.46s 348.247ms     0.129ms  bs 27/4
bootstrapping!!
bootstrapping!!
bootstrapping!!
020-5000-2924  one digit, first group      0       0   0.0000000001      0      0     32768/32768     7.415e-09       n/a        2.86s      0.46s 224.853ms     0.128ms  bs 27/4
bootstrapping!!
bootstrapping!!
bootstrapping!!
010-5010-2924  one digit, middle group     0       0  -0.0000000004      0      0     32768/32768     1.263e-08       n/a        2.86s      0.46s 259.643ms     0.449ms  bs 27/4
bootstrapping!!
bootstrapping!!
bootstrapping!!
010-1111-2222  not in the log              0       0  -0.0000000005      0      0     32768/32768     1.223e-09       n/a        2.87s      0.46s 248.615ms     0.132ms  bs 27/4

 11 queries in total, 0 wrong

Existence bit as the declared bound C grows
query number        C   exp  answer    exist value   verdict      EXIST TIME
--------------------------------------------------------------------------------------------------------
010-5000-2924        32     1       1   1.0000000003     correct          0.44s
010-5000-2924       256     1       1   1.0000000000     correct          0.44s
010-5000-2924      2048     1       1   1.0000000005     correct          0.44s
010-1111-2222        32     0       0  -0.0000000005     correct          0.44s
010-1111-2222       256     0       0   0.0000000003     correct          0.44s
010-1111-2222      2048     0       0  -0.0000000003     correct          0.44s

SUMMARY
  match check  11 queries, 0 wrong
  bound check  6 existence calls over C in [32, 256, 2048] , 0 wrong
Saved: results/result2.txt, results/exp2_niro_match_summary.csv, results/exp2_niro_maxcount_sweep.csv
Device: GPU
Key directory: /root/heaan_setting/FGb/keys/
Keys preloaded: enc, mult, conj, 45 rotation keys
Key loaded
Warm-up encrypt start [GPU]
Warm-up encrypt done
Warm-up bootstrap start
Warm-up bootstrap done

HEAAN ENGINE LOAD SUCCESS [device=GPU]


Avante EDR log: 16 recorded rows, 11 rows with a recorded speed
Query parameters encrypted in 155.31 ms

Speed increase (1 means the speed rose from the previous row)
  cipher [1, 1, 1, 1, 1, 1, 1, 1, 1, 1, 0]
  plain  [1, 1, 1, 1, 1, 1, 1, 1, 1, 1, 0]
  agree  11 / 11
  rows where false   worst reading  5.227e-11
  rows where true    worst reading  0.9999999985   best 1.0000000009
  TIME 0.45 s   PLAIN TIME 0.279 ms   BS 4  CHEB 8

Overspeed (1 means the speed exceeds 60 km/h)
  cipher [0, 0, 0, 0, 0, 0, 1, 1, 1, 1, 0]
  plain  [0, 0, 0, 0, 0, 0, 1, 1, 1, 1, 0]
  agree  11 / 11
  rows where false   worst reading  1.817e-09
  rows where true    worst reading  0.9999999998   best 1.0000000010
  TIME 0.43 s   PLAIN TIME 0.087 ms   BS 4  CHEB 8

Time window: -3000.0 to -1000.0
  cipher [0, 0, 0, 0, 0, 1, 1, 1, 1, 0, 0, 0, 0, 0, 0, 0]
  plain  [0, 0, 0, 0, 0, 1, 1, 1, 1, 0, 0, 0, 0, 0, 0, 0]
  agree  32768 / 32768   (padding included)
  rows where false   worst reading  3.065e-09
  rows where true    worst reading  0.9999999998   best 1.0000000009
  TIME 0.88 s   PLAIN TIME 0.531 ms   BS 8  CHEB 16

row  t_rel  speed |    incr out  p |     over out  p |      win out  p
--------------------------------------------------------------------------
  0   -5020     42 |  1.0000000006  1 | -0.0000000001  0 | -0.0000000001  0
  1   -4520     46 |  0.9999999985  1 | -0.0000000002  0 | -0.0000000000  0
  2   -4020     50 |  0.9999999997  1 |  0.0000000002  0 |  0.0000000009  0
  3   -3520     53 |  1.0000000003  1 |  0.0000000001  0 | -0.0000000003  0
  4   -3020     56 |  1.0000000003  1 | -0.0000000002  0 |  0.0000000007  0
  5   -2520     59 |  1.0000000009  1 |  0.0000000018  0 |  0.9999999998  1
  6   -2020     61 |  1.0000000002  1 |  1.0000000003  1 |  1.0000000001  1
  7   -1520     64 |  1.0000000002  1 |  0.9999999998  1 |  1.0000000006  1
  8   -1020     66 |  1.0000000002  1 |  1.0000000010  1 |  1.0000000009  1
  9    -520     68 |  1.0000000006  1 |  1.0000000000  1 | -0.0000000005  0
 10     -20      5 | -0.0000000001  0 | -0.0000000003  0 |  0.0000000002  0
 11     -20     -1 |             .  . |             .  . | -0.0000000004  0
 12      -3     -1 |             .  . |             .  . |  0.0000000005  0
 13       0     -1 |             .  . |             .  . |  0.0000000003  0
 14       5     -1 |             .  . |             .  . | -0.0000000002  0
 15      11     -1 |             .  . |             .  . |  0.0000000003  0

 3 predicates in total, 0 mismatched
Saved: results/result2.txt, results/exp3_avante_summary.csv, results/exp3_avante_rows.csv
 
 ****************************************************************************** 
 *                                                                            * 
 *               STARTING cba72948-545f-3cab-9ee3-f6078a90bf4e                * 
 *                                                                            * 
 ****************************************************************************** 
 executing: bash
