Device: GPU
Key directory: /root/heaan_setting/FGb/keys/
Keys preloaded: enc, mult, conj, 45 rotation keys
Key loaded
Warm-up encrypt start [GPU]
Warm-up encrypt done
Warm-up bootstrap start
Warm-up bootstrap done

HEAAN ENGINE LOAD SUCCESS [device=GPU]


[k5_kitkat] 6820 of 6820 rows used, 246 rows with coordinates
Query center 37.31808 127.12741  projected to 211293.56 524321.29

  stat    radius     plain   cipher     agreement   outside worst   inside worst   inside best      TIME    ENC TIME     PLAIN TIME
  OK       0.2 km        3        3   32768/32768     3.247e-09     0.7772562307   1.0000000004     0.46s    38.591ms      0.340ms   bs  4  cheb   8
  first 20 slots : [1.0802389766861216e-10, 9.770636800551227e-10, -4.237671885679845e-10, -4.359831138348027e-10, -8.583130987173138e-10, -3.318107020815783e-10, -1.0731950422691944e-10, -3.3848127668378145e-11, -1.1703420797549975e-10, -5.087681871028272e-11, 2.9406874214931464e-10, 2.471794769184177e-10, -7.471716101737305e-12, -8.71416427232092e-11, 4.70657108454704e-10, 4.054381465823239e-10, 3.0162399671619137e-10, 1.3558348649000626e-09, -6.167073567274e-10, -1.9485834975970334e-11]
  plain            : [0, 0, 0, 0, 0, 0, 0, 0, 0, 0, 0, 0, 0, 0, 0, 0, 0, 0, 0, 0]
  OK       0.5 km       13       13   32768/32768     3.795e-09     0.9999999997   1.0000000007     0.44s    43.969ms      0.090ms   bs  4  cheb   8
  first 20 slots : [2.0181124089672393e-11, 5.7545383452270734e-11, -5.295877227930843e-10, -1.3651478625007447e-10, 1.0000000000450844, -2.458553488057815e-10, -6.222662285085915e-10, 2.685301754690762e-10, -3.117497193255315e-10, 4.0376599299696145e-10, -2.6551167478714447e-10, 1.969672605076152e-10, -5.874499924443818e-10, -1.4212439184457522e-10, -7.613677383540131e-10, -1.8147351012401347e-10, -1.0999504353959847e-09, 1.0000000005655565, 4.5144472789006184e-10, -2.815964276046003e-10]
  plain            : [0, 0, 0, 0, 1, 0, 0, 0, 0, 0, 0, 0, 0, 0, 0, 0, 0, 1, 0, 0]
  OK       1.0 km       52       52   32768/32768     3.650e-09     0.9999999984   1.0000000009     0.44s    36.020ms      0.089ms   bs  4  cheb   8
  first 20 slots : [-3.2472749252608713e-10, -1.6732946723820477e-10, 1.3572848319715551e-09, 5.160827357395428e-11, 1.0000000004157579, -6.54963631887786e-10, 4.420238280442097e-10, 7.728835745735413e-10, -1.0222307030058795e-09, -1.8468932705912192e-10, -4.711950915587576e-11, -7.449927746934036e-10, 1.2312243204669278e-09, -9.955917660933818e-10, -1.911011226277828e-10, -3.9730859694959583e-10, 3.6040382670002557e-10, 0.9999999998937185, 2.3566998484705344e-10, -1.1640068952495106e-10]
  plain            : [0, 0, 0, 0, 1, 0, 0, 0, 0, 0, 0, 0, 0, 0, 0, 0, 0, 1, 0, 0]
  OK       2.0 km       56       56   32768/32768     3.939e-09     0.9999999987   1.0000000006     0.44s    43.075ms      0.401ms   bs  4  cheb   8
  first 20 slots : [-8.844348708291939e-11, 2.483601156944974e-10, 5.69725312152368e-10, -4.2423635589454816e-11, 1.0000000006357874, 7.745590960066139e-10, 2.622208365813524e-10, -7.454380529829077e-10, -1.1753003849230677e-09, 4.2031923228025724e-10, 1.515740937385803e-12, 2.2460633792557919e-10, 1.4947733540111417e-09, 2.6189331998313003e-10, -1.1337354056906505e-10, -3.299625911767393e-10, 2.106213280112635e-10, 1.0000000003349672, -3.365935198526703e-10, 1.187294360146129e-10]
  plain            : [0, 0, 0, 0, 1, 0, 0, 0, 0, 0, 0, 0, 0, 0, 0, 0, 0, 1, 0, 0]
  OK       3.0 km       58       58   32768/32768     2.969e-09     0.9999999984   1.0000000020     0.44s    36.956ms      0.355ms   bs  4  cheb   8
  first 20 slots : [-3.9597495739597815e-10, 6.218578324247938e-10, -6.459892276211035e-11, -2.0692795618883346e-10, 1.0000000004966958, -1.2780074684836608e-09, 2.032810472903363e-11, 7.30463490066325e-10, -9.053632420418995e-10, 4.6203045375141446e-10, -4.495921898188274e-10, -7.179608950471439e-10, -4.186168936929619e-10, 1.5361490702614795e-10, -1.2365939473298505e-10, -2.5608144739885695e-10, -5.1003147684079e-10, 1.0000000019662008, -5.3687698522319146e-11, -5.786094217978033e-10]
  plain            : [0, 0, 0, 0, 1, 0, 0, 0, 0, 0, 0, 0, 0, 0, 0, 0, 0, 1, 0, 0]
  OK       5.0 km       58       58   32768/32768     2.912e-09     0.9999999986   1.0000000009     0.44s    39.404ms      1.022ms   bs  4  cheb   8
  first 20 slots : [-2.4976115870721294e-10, 2.7344768379797613e-10, -7.567316715738006e-10, 7.287372421682367e-11, 0.9999999999591378, 1.0257799828894458e-09, -3.106306752393445e-10, 3.409700290180563e-10, 5.963617775090685e-10, 5.913603721571874e-10, -2.2362732971659691e-10, -2.5378046531144584e-10, 6.211293587515928e-10, -3.11224968672318e-10, -1.40284195974988e-10, -3.2633515701766697e-10, 7.15454758255389e-10, 0.9999999992543942, -2.3728500575580407e-10, -3.381443830321234e-10]
  plain            : [0, 0, 0, 0, 1, 0, 0, 0, 0, 0, 0, 0, 0, 0, 0, 0, 0, 1, 0, 0]

[k5_jellybean] 613 of 613 rows used, 330 rows with coordinates
Query center 37.86484 127.05997  projected to 205276.97 584999.58

  stat    radius     plain   cipher     agreement   outside worst   inside worst   inside best      TIME    ENC TIME     PLAIN TIME
  OK       0.2 km        4        4   32768/32768     3.362e-09     0.9983481713   1.0000000009     0.44s    40.313ms      0.313ms   bs  4  cheb   8
  first 20 slots : [3.029235529179307e-10, -5.884675763923664e-10, -6.137348342794805e-10, -3.9796505164183745e-11, 7.920622224516219e-10, -2.4424504099110193e-09, 2.863534431450515e-11, -2.5600163208996086e-10, -5.776982412855001e-10, 6.362450862831043e-10, -3.0677253915908267e-10, -2.0618849587523873e-10, -2.0650214165343693e-10, 3.1042496918692945e-10, -4.5355181241737015e-10, 2.580089401347191e-10, -2.669250229397109e-10, -7.038093266252555e-10, -3.5213507098204934e-10, -5.921243319627569e-11]
  plain            : [0, 0, 0, 0, 0, 0, 0, 0, 0, 0, 0, 0, 0, 0, 0, 0, 0, 0, 0, 0]
  OK       0.5 km        4        4   32768/32768     4.079e-09     0.9999999992   1.0000000001     0.44s    33.945ms      0.090ms   bs  4  cheb   8
  first 20 slots : [4.060352211866838e-10, 3.0666922894146237e-10, 4.950051997309134e-10, 2.6264089793080787e-10, 1.9346493567012743e-10, 8.617731940002381e-10, -7.805921789370248e-10, 6.971720731586598e-10, 2.0299447823622348e-10, -4.919239870179934e-10, 2.0600946512148873e-10, -2.627128141058343e-10, -7.555386593731403e-10, 1.101317573039185e-09, 1.8678246053180496e-10, -4.571753698254718e-11, -2.2217424475051287e-12, 9.753794708024391e-10, 2.2751114290248406e-11, 2.8064027990083374e-10]
  plain            : [0, 0, 0, 0, 0, 0, 0, 0, 0, 0, 0, 0, 0, 0, 0, 0, 0, 0, 0, 0]
  OK       1.0 km        5        5   32768/32768     3.457e-09     0.9999999998   1.0000000012     0.44s    42.756ms      0.091ms   bs  4  cheb   8
  first 20 slots : [8.808574840332952e-11, -1.0975737930138265e-09, 7.315721712105488e-10, 5.193120637626048e-10, -5.21512158925558e-10, 2.8127177203188157e-10, -3.257160283126118e-10, 7.890806171212891e-12, -3.658969339961206e-10, -1.876694057533419e-10, 3.60973961315281e-10, -4.860223544209146e-10, -1.3064907584702583e-09, -7.271003937325625e-10, 2.1601606619627255e-10, 2.7696322718105714e-10, 4.816226217327297e-10, -8.244592722069724e-10, 1.4864029774785603e-10, 3.370949665494276e-10]
  plain            : [0, 0, 0, 0, 0, 0, 0, 0, 0, 0, 0, 0, 0, 0, 0, 0, 0, 0, 0, 0]
  OK       2.0 km        5        5   32768/32768     3.042e-09     0.9999999994   1.0000000003     0.44s    41.347ms      0.088ms   bs  4  cheb   8
  first 20 slots : [8.223062470166177e-10, -3.95894287106258e-10, 7.063538518653856e-10, 2.9369736229633905e-10, 2.9375778679405376e-10, 3.6824925934801434e-10, -2.784023764882833e-11, -2.1286178154807084e-10, -9.024074790011801e-10, -1.9276803067437787e-10, 1.6819525567159932e-10, -1.2667030126784714e-09, 1.5121437802628534e-10, -3.046483494817386e-10, 2.8453941989040605e-10, 4.639701150167114e-10, 2.3376772166674126e-10, 1.3476776322729151e-09, -4.13099128568043e-10, -4.340461072481621e-10]
  plain            : [0, 0, 0, 0, 0, 0, 0, 0, 0, 0, 0, 0, 0, 0, 0, 0, 0, 0, 0, 0]
  OK       3.0 km       53       53   32768/32768     3.640e-09     0.9999999989   1.0000000008     0.44s    42.728ms      0.090ms   bs  4  cheb   8
  first 20 slots : [-7.462316813799378e-10, 1.0000000000835017, -5.097238629839613e-10, 0.9999999999519981, 5.142618315951202e-10, -3.867265878139064e-11, 3.385395440013778e-10, -3.9680130790414194e-10, -1.168833741329602e-09, -5.1055023305737e-10, -3.394704596444677e-10, 1.0421796901349314e-09, -8.84761529368849e-10, 0.9999999998400211, -1.9389549521021763e-10, -7.216544249959624e-11, 5.436743563278308e-10, -4.461933026704565e-10, -6.042215141617973e-10, 1.0000000001451357]
  plain            : [0, 1, 0, 1, 0, 0, 0, 0, 0, 0, 0, 0, 0, 1, 0, 0, 0, 0, 0, 1]
  OK       5.0 km      254      254   32768/32768     3.254e-09     0.9999999986   1.0000000010     0.44s    41.932ms      0.088ms   bs  4  cheb   8
  first 20 slots : [-6.597400399774123e-10, 1.000000001005588, 8.544524565143783e-12, 0.9999999998346418, 8.206950592850018e-10, 1.2434328244379165e-10, -3.1298027281850105e-10, -1.1119024006110139e-11, 6.444674811679968e-10, -2.1434499923657743e-10, -2.0869442212897355e-10, -2.2784129584228435e-11, -5.130047887578297e-10, 1.0000000001893068, -1.987587612476407e-10, 1.6969568556656633e-10, 1.0000000006633774, -5.767905705980329e-10, 8.549631026891266e-11, 0.9999999997751672]
  plain            : [0, 1, 0, 1, 0, 0, 0, 0, 0, 0, 0, 0, 0, 1, 0, 0, 1, 0, 0, 1]

SUMMARY
  k5_kitkat         0.2 km  plain      3  cipher      3   match   0.46s / 0.340ms   bs 4  cheb 8
  k5_kitkat         0.5 km  plain     13  cipher     13   match   0.44s / 0.090ms   bs 4  cheb 8
  k5_kitkat         1.0 km  plain     52  cipher     52   match   0.44s / 0.089ms   bs 4  cheb 8
  k5_kitkat         2.0 km  plain     56  cipher     56   match   0.44s / 0.401ms   bs 4  cheb 8
  k5_kitkat         3.0 km  plain     58  cipher     58   match   0.44s / 0.355ms   bs 4  cheb 8
  k5_kitkat         5.0 km  plain     58  cipher     58   match   0.44s / 1.022ms   bs 4  cheb 8
  k5_jellybean      0.2 km  plain      4  cipher      4   match   0.44s / 0.313ms   bs 4  cheb 8
  k5_jellybean      0.5 km  plain      4  cipher      4   match   0.44s / 0.090ms   bs 4  cheb 8
  k5_jellybean      1.0 km  plain      5  cipher      5   match   0.44s / 0.091ms   bs 4  cheb 8
  k5_jellybean      2.0 km  plain      5  cipher      5   match   0.44s / 0.088ms   bs 4  cheb 8
  k5_jellybean      3.0 km  plain     53  cipher     53   match   0.44s / 0.090ms   bs 4  cheb 8
  k5_jellybean      5.0 km  plain    254  cipher    254   match   0.44s / 0.088ms   bs 4  cheb 8

 12 queries in total, 0 mismatched
Saved: results/result2.txt, results/exp1_<dataset>_summary.csv, results/exp1_all_summary.csv
Device: GPU
Key directory: /root/heaan_setting/FGb/keys/
Keys preloaded: enc, mult, conj, 45 rotation keys
Key loaded
Warm-up encrypt start [GPU]
Warm-up encrypt done
Warm-up bootstrap start
Warm-up bootstrap done

HEAAN ENGINE LOAD SUCCESS [device=GPU]


Niro call log: 204 rows   19 recorded numbers   4 distinct
Number split (3, 4, 4)   normalization denominators (999, 9999, 9999)

Per-row match and existence bit at C = 32
query number   description              exp  answer   exist value    plain  cipher   agreement   nonmatch worst   match worst    MATCH TIME  EXIST TIME  ENC TIME  PLAIN TIME
------------------------------------------------------------------------------------------------------------------------------------------------------
bootstrapping!!
bootstrapping!!
bootstrapping!!
010-5000-2924  original                    1       1   1.0000000004     12     12     32768/32768     1.335e-09     0.9999996783      2.89s      0.46s 273.185ms     0.126ms  bs 27/4
  first 20 slots : [-4.4785924181324085e-11, -2.7093485713782502e-11, -3.617916218515671e-10, -5.5557537523457295e-11, -7.789600087385064e-11, -1.372915775692568e-10, 2.4967098242076097e-10, 2.7579621443389343e-11, -1.8847347460480158e-10, 1.0567556534313521e-10, 1.093416299922647e-11, 1.074065418087274e-10, -9.690669934250202e-11, -2.493287327542468e-10, 1.1063667445767252e-10, -7.355188804990758e-12, 4.434236522073173e-11, -2.9823071805681994e-10, -2.731243860306178e-10, -1.0512939878605263e-11]
  plain            : [0, 0, 0, 0, 0, 0, 0, 0, 0, 0, 0, 0, 0, 0, 0, 0, 0, 0, 0, 0]
bootstrapping!!
bootstrapping!!
bootstrapping!!
010-5000-2925  one digit, last group       0       0  -0.0000000002      0      0     32768/32768     1.575e-08       n/a        2.88s      0.46s 232.167ms     0.142ms  bs 27/4
bootstrapping!!
bootstrapping!!
bootstrapping!!
010-5100-9080  original                    1       1   0.9999999999      3      3     32768/32768     1.076e-09     0.9999996815      2.88s      0.46s 245.265ms     0.132ms  bs 27/4
  first 20 slots : [-5.847638721520672e-11, -1.878785548427209e-10, 2.6443415336593297e-10, 4.6054181054963e-11, 1.274538244511888e-10, -2.3364060564337274e-10, -3.790475842332877e-11, -4.6550409921979285e-11, -9.799471929269662e-11, 9.198458551626628e-11, 3.269438194526962e-11, 1.3913017715388168e-10, -9.041124595246804e-11, -8.265671467570459e-11, 2.105205001990472e-12, 8.017521622357587e-11, 2.923410831988373e-10, -3.109517649920538e-10, 1.9489652444432467e-10, 3.716176917024403e-11]
  plain            : [0, 0, 0, 0, 0, 0, 0, 0, 0, 0, 0, 0, 0, 0, 0, 0, 0, 0, 0, 0]
bootstrapping!!
bootstrapping!!
bootstrapping!!
010-5100-9081  one digit, last group       0       0  -0.0000000003      0      0     32768/32768     7.669e-09       n/a        2.88s      0.46s 259.324ms     0.132ms  bs 27/4
bootstrapping!!
bootstrapping!!
bootstrapping!!
010-5200-1582  original                    1       1   0.9999999999      2      2     32768/32768     1.306e-09     0.9999996888      2.88s      0.46s 243.678ms     0.123ms  bs 27/4
  first 20 slots : [2.917189614338358e-11, 1.0390254147452697e-10, 2.1490090331015001e-10, 4.416872681242406e-11, -1.9272273489806608e-10, -5.171235859907602e-12, -1.635856164194207e-11, 1.030093151966963e-10, 4.284575814111348e-12, 1.250562597830036e-10, 2.913503520674322e-11, -1.2464406137296709e-10, 1.2304733083288702e-10, -1.1174496668532268e-10, 1.4417879675186806e-12, -8.644681871966681e-11, -3.3853778387842424e-11, -4.0458566301991777e-10, -3.7032927370070664e-11, -4.1904050721925115e-11]
  plain            : [0, 0, 0, 0, 0, 0, 0, 0, 0, 0, 0, 0, 0, 0, 0, 0, 0, 0, 0, 0]
bootstrapping!!
bootstrapping!!
bootstrapping!!
010-5200-1583  one digit, last group       0       0  -0.0000000002      0      0     32768/32768     1.389e-08       n/a        2.88s      0.46s 249.315ms     0.136ms  bs 27/4
bootstrapping!!
bootstrapping!!
bootstrapping!!
006-5300-4858  original                    1       1   1.0000000001      2      2     32768/32768     1.286e-09     0.9999996877      2.88s      0.46s 339.477ms     0.125ms  bs 27/4
  first 20 slots : [-2.4867188529245594e-11, -1.3981449170638251e-11, 2.746249531392966e-10, 2.085537242959807e-11, 1.5866783686348668e-10, -4.150533250175397e-10, -7.144039812535989e-11, 1.4447184358570822e-10, -5.05938331917884e-11, 3.399244894491392e-11, 3.8959559110598556e-11, -1.3992564995930376e-10, -1.752101066635003e-10, -6.749418107671718e-11, -2.160815321757253e-11, -2.248079081630815e-11, -2.1652196996146543e-10, 4.1109418358898446e-10, 2.724732073592481e-10, 3.718311885383245e-11]
  plain            : [0, 0, 0, 0, 0, 0, 0, 0, 0, 0, 0, 0, 0, 0, 0, 0, 0, 0, 0, 0]
bootstrapping!!
bootstrapping!!
bootstrapping!!
006-5300-4859  one digit, last group       0       0  -0.0000000001      0      0     32768/32768     2.288e-09       n/a        2.88s      0.46s 242.504ms     0.130ms  bs 27/4
bootstrapping!!
bootstrapping!!
bootstrapping!!
020-5000-2924  one digit, first group      0       0  -0.0000000002      0      0     32768/32768     5.284e-09       n/a        2.88s      0.46s 220.894ms     0.129ms  bs 27/4
bootstrapping!!
bootstrapping!!
bootstrapping!!
010-5010-2924  one digit, middle group     0       0   0.0000000002      0      0     32768/32768     1.370e-08       n/a        2.88s      0.46s 257.040ms     0.154ms  bs 27/4
bootstrapping!!
bootstrapping!!
bootstrapping!!
010-1111-2222  not in the log              0       0  -0.0000000002      0      0     32768/32768     1.163e-09       n/a        2.88s      0.46s 236.541ms     0.121ms  bs 27/4

 11 queries in total, 0 wrong

Existence bit as the declared bound C grows
query number        C   exp  answer    exist value   verdict      EXIST TIME
--------------------------------------------------------------------------------------------------------
010-5000-2924        32     1       1   1.0000000004     correct          0.44s
010-5000-2924       256     1       1   0.9999999996     correct          0.44s
010-5000-2924      2048     1       1   1.0000000002     correct          0.44s
010-1111-2222        32     0       0  -0.0000000002     correct          0.44s
010-1111-2222       256     0       0   0.0000000005     correct          0.44s
010-1111-2222      2048     0       0  -0.0000000002     correct          0.44s

SUMMARY
  match check  11 queries, 0 wrong
  bound check  6 existence calls over C in [32, 256, 2048] , 0 wrong
Saved: results/result2.txt, results/exp2_niro_match_summary.csv, results/exp2_niro_maxcount_sweep.csv
Device: GPU
Key directory: /root/heaan_setting/FGb/keys/
Keys preloaded: enc, mult, conj, 45 rotation keys
Key loaded
Warm-up encrypt start [GPU]
Warm-up encrypt done
Warm-up bootstrap start
Warm-up bootstrap done

HEAAN ENGINE LOAD SUCCESS [device=GPU]


Avante EDR log: 16 recorded rows, 11 rows with a recorded speed
Query parameters encrypted in 133.034 ms

Speed increase (1 means the speed rose from the previous row)
  cipher [1, 1, 1, 1, 1, 1, 1, 1, 1, 1, 0]
  plain  [1, 1, 1, 1, 1, 1, 1, 1, 1, 1, 0]
  agree  11 / 11
  rows where false   worst reading  4.431e-10
  rows where true    worst reading  0.9999999992   best 1.0000000012
  TIME 0.44 s   PLAIN TIME 0.274 ms   BS 4  CHEB 8

Overspeed (1 means the speed exceeds 60 km/h)
  cipher [0, 0, 0, 0, 0, 0, 1, 1, 1, 1, 0]
  plain  [0, 0, 0, 0, 0, 0, 1, 1, 1, 1, 0]
  agree  11 / 11
  rows where false   worst reading  5.725e-10
  rows where true    worst reading  0.9999999995   best 1.0000000007
  TIME 0.43 s   PLAIN TIME 0.087 ms   BS 4  CHEB 8

Time window: -3000.0 to -1000.0
  cipher [0, 0, 0, 0, 0, 1, 1, 1, 1, 0, 0, 0, 0, 0, 0, 0]
  plain  [0, 0, 0, 0, 0, 1, 1, 1, 1, 0, 0, 0, 0, 0, 0, 0]
  agree  32768 / 32768   (padding included)
  rows where false   worst reading  2.932e-09
  rows where true    worst reading  1.0000000000   best 1.0000000006
  TIME 0.88 s   PLAIN TIME 0.125 ms   BS 8  CHEB 16

row  t_rel  speed |    incr out  p |     over out  p |      win out  p
--------------------------------------------------------------------------
  0   -5020     42 |  1.0000000004  1 | -0.0000000000  0 | -0.0000000003  0
  1   -4520     46 |  0.9999999992  1 | -0.0000000001  0 |  0.0000000004  0
  2   -4020     50 |  0.9999999997  1 |  0.0000000001  0 |  0.0000000006  0
  3   -3520     53 |  1.0000000004  1 | -0.0000000003  0 | -0.0000000003  0
  4   -3020     56 |  1.0000000005  1 |  0.0000000006  0 |  0.0000000003  0
  5   -2520     59 |  1.0000000005  1 | -0.0000000002  0 |  1.0000000006  1
  6   -2020     61 |  1.0000000000  1 |  1.0000000000  1 |  1.0000000000  1
  7   -1520     64 |  1.0000000008  1 |  0.9999999995  1 |  1.0000000005  1
  8   -1020     66 |  1.0000000012  1 |  1.0000000007  1 |  1.0000000002  1
  9    -520     68 |  1.0000000003  1 |  0.9999999999  1 | -0.0000000005  0
 10     -20      5 |  0.0000000004  0 |  0.0000000000  0 |  0.0000000002  0
 11     -20     -1 |             .  . |             .  . | -0.0000000002  0
 12      -3     -1 |             .  . |             .  . |  0.0000000004  0
 13       0     -1 |             .  . |             .  . |  0.0000000000  0
 14       5     -1 |             .  . |             .  . | -0.0000000004  0
 15      11     -1 |             .  . |             .  . |  0.0000000005  0

 3 predicates in total, 0 mismatched
Saved: results/result2.txt, results/exp3_avante_summary.csv, results/exp3_avante_rows.csv
 
 ****************************************************************************** 
 *                                                                            * 
 *               STARTING cba72948-545f-3cab-9ee3-f6078a90bf4e                * 
 *                                                                            * 
 ****************************************************************************** 
 executing: bash
