Device: GPU
Key directory: /root/heaan_setting/FGb/keys/
Keys preloaded: enc, mult, conj, 45 rotation keys
Key loaded
Warm-up encrypt start [GPU]
Warm-up encrypt done
Warm-up bootstrap start
Warm-up bootstrap done

HEAAN ENGINE LOAD SUCCESS [device=GPU]


[k5_kitkat] 6820 of 6820 rows used, 246 rows with coordinates
Query center 37.31808 127.12741  projected to 211293.56 524321.29

  stat    radius     plain   cipher     agreement   outside worst   inside worst   inside best      TIME    ENC TIME     PLAIN TIME
  OK       0.2 km        3        3   32768/32768     3.932e-09     0.7731032842   1.0000000004     0.45s    43.894ms      0.109ms   bs  4  cheb   8
  first 20 slots : [3.2505150327831564e-10, 9.682339949727445e-11, 9.190209125521107e-10, -9.082081910886099e-11, 5.389096322604852e-10, -7.036010268730786e-10, -5.79150822510562e-10, 1.7005652345325684e-10, 4.620270180657971e-11, -4.1356775383164236e-10, 3.0116366554932626e-10, -8.658465286343243e-10, 4.0795728517723504e-10, -1.180281542027502e-10, 3.1904294209978783e-10, 5.894154999615783e-10, 9.748089448194238e-12, 8.38053090860859e-11, -6.042045054227675e-10, 4.138009368010303e-10]
  plain            : [0, 0, 0, 0, 0, 0, 0, 0, 0, 0, 0, 0, 0, 0, 0, 0, 0, 0, 0, 0]
  OK       0.5 km       13       13   32768/32768     2.782e-09     0.9999999997   1.0000000005     0.44s    40.454ms      0.089ms   bs  4  cheb   8
  first 20 slots : [-5.489179122685476e-10, 6.467879463244509e-10, 1.564213587671038e-10, -2.4349141420984234e-10, 1.0000000004737797, -3.8357088012249825e-10, -8.951339438001645e-10, 4.507871707733156e-10, 8.761833070475312e-10, 3.8369004750623436e-10, 1.4434422442287706e-10, 7.948773016533854e-10, -1.0105090593535954e-09, 5.847319728371104e-11, -6.853673089248365e-10, -4.4781068974642794e-11, -2.7331574976752723e-10, 1.0000000001099394, 3.1445705701180016e-10, -3.7391138464681386e-11]
  plain            : [0, 0, 0, 0, 1, 0, 0, 0, 0, 0, 0, 0, 0, 0, 0, 0, 0, 1, 0, 0]
  OK       1.0 km       52       52   32768/32768     4.508e-09     0.9999999991   1.0000000014     0.44s    44.536ms      0.091ms   bs  4  cheb   8
  first 20 slots : [1.2045434495702383e-10, -3.311850416563153e-10, -1.0295584174771803e-09, 2.1547795172400066e-10, 1.0000000002813936, -1.4323989251799364e-09, 1.7095345564401997e-10, -3.200114538093747e-10, 7.501460904787679e-10, 5.666470651589452e-10, -3.722335769053227e-10, 5.684813382776564e-10, 1.5079168503522695e-10, -3.0784589658591874e-10, 9.847408828513087e-11, -3.0184924344300186e-10, 2.744088533300888e-10, 1.0000000004707208, 2.5223409205772048e-11, -5.784688391166645e-10]
  plain            : [0, 0, 0, 0, 1, 0, 0, 0, 0, 0, 0, 0, 0, 0, 0, 0, 0, 1, 0, 0]
  OK       2.0 km       56       56   32768/32768     2.794e-09     0.9999999979   1.0000000015     0.44s    39.962ms      0.360ms   bs  4  cheb   8
  first 20 slots : [-1.3821422696723007e-10, -8.988142010822041e-10, -7.850598167874823e-10, -2.608781116674138e-11, 1.0000000014267312, -1.1426167092579685e-10, -3.0774708009715796e-10, 3.789593903844478e-10, -3.0359897489130655e-10, 4.573994465199487e-10, -2.0647941236222238e-10, 4.300236842971677e-10, -2.369125605312736e-10, 2.416954818561822e-10, -1.3106572456974035e-11, -4.3379163139877263e-10, 9.842897271922272e-10, 0.9999999999504637, -1.6241520679819181e-10, -1.6103680046757406e-10]
  plain            : [0, 0, 0, 0, 1, 0, 0, 0, 0, 0, 0, 0, 0, 0, 0, 0, 0, 1, 0, 0]
  OK       3.0 km       58       58   32768/32768     3.362e-09     0.9999999990   1.0000000017     0.44s    43.490ms      0.430ms   bs  4  cheb   8
  first 20 slots : [1.7192943759758753e-10, 1.3262019608576665e-11, 3.7496628527727936e-10, -2.8177798532361007e-10, 1.0000000012631376, -9.019403119289257e-10, -4.4295856400853047e-11, -3.313222670141703e-10, 3.799707485628536e-10, -1.794529769262614e-10, 4.690922730499932e-10, -5.770673649823401e-10, 2.0504774951295922e-10, -1.2650539429620767e-10, -3.4091465178123196e-10, 3.844872552467405e-11, -5.723897141351765e-10, 1.0000000016676793, -3.8541225072046336e-10, 7.273678896286649e-11]
  plain            : [0, 0, 0, 0, 1, 0, 0, 0, 0, 0, 0, 0, 0, 0, 0, 0, 0, 1, 0, 0]
  OK       5.0 km       58       58   32768/32768     2.885e-09     0.9999999989   1.0000000010     0.45s    41.614ms      0.092ms   bs  4  cheb   8
  first 20 slots : [-2.9869461136918155e-10, 1.0183138263282508e-10, -1.848960901663312e-10, -8.689589958044845e-11, 1.0000000004781389, -1.116780533567501e-09, 4.129950848625223e-11, 8.932467478760651e-10, 5.471645698643711e-10, 5.4642540870342196e-11, -9.093034184406432e-11, 3.5055283597081206e-10, -3.348030706271353e-10, 3.6013965017722066e-10, -5.868353639077959e-10, -5.279007032689359e-11, -2.292565379311062e-10, 1.0000000003116374, -5.86725261183197e-10, -6.47645271230147e-10]
  plain            : [0, 0, 0, 0, 1, 0, 0, 0, 0, 0, 0, 0, 0, 0, 0, 0, 0, 1, 0, 0]

[k5_jellybean] 613 of 613 rows used, 330 rows with coordinates
Query center 37.86484 127.05997  projected to 205276.97 584999.58

  stat    radius     plain   cipher     agreement   outside worst   inside worst   inside best      TIME    ENC TIME     PLAIN TIME
  OK       0.2 km        4        4   32768/32768     3.149e-09     0.9981475251   1.0000000014     0.44s    41.551ms      0.090ms   bs  4  cheb   8
  first 20 slots : [-5.544071987558587e-10, 4.267191644548178e-11, -9.341679804325128e-11, -1.4291130506536552e-10, 1.6033597261158944e-10, -1.6540619173581167e-10, 2.2901106917781062e-10, -3.397293823943637e-10, -2.69840981629226e-10, 3.971462470566687e-10, -3.4562072063470653e-10, 3.520477847740271e-10, 7.079269896070518e-10, -2.710460224724535e-10, 5.11594772956562e-11, 1.1056398950210398e-10, -8.48183502274847e-10, 8.524652457627851e-10, 4.3175089229739573e-10, -2.8225346989227294e-10]
  plain            : [0, 0, 0, 0, 0, 0, 0, 0, 0, 0, 0, 0, 0, 0, 0, 0, 0, 0, 0, 0]
  OK       0.5 km        4        4   32768/32768     3.649e-09     0.9999999997   1.0000000006     0.44s    38.098ms      0.090ms   bs  4  cheb   8
  first 20 slots : [-2.166354837009225e-10, 6.894824259612051e-10, 1.1132273057532275e-09, 2.651118941050732e-10, -4.859770890228231e-10, 9.851651695000154e-10, 1.7845242432549158e-11, 3.891267725361653e-10, 8.847999290151772e-10, -5.45033223635515e-10, -4.871517119791906e-10, -2.616178402825748e-10, 1.0260706305728413e-09, 3.674202169097252e-11, 6.946867991755445e-10, 4.5556505558656577e-10, 3.80076289390492e-11, 1.4346713538475845e-09, -3.7487922907972087e-11, 4.444130216710608e-10]
  plain            : [0, 0, 0, 0, 0, 0, 0, 0, 0, 0, 0, 0, 0, 0, 0, 0, 0, 0, 0, 0]
  OK       1.0 km        5        5   32768/32768     3.344e-09     0.9999999993   1.0000000005     0.44s    37.148ms      0.089ms   bs  4  cheb   8
  first 20 slots : [3.312836819306747e-10, -6.394364108004695e-10, 7.13632343312667e-10, 4.1580798365744673e-10, 8.106482071763054e-11, 1.2467218729291138e-09, 3.809395909269007e-11, 8.759334177179674e-10, -2.109178772953497e-10, 1.981795035603364e-10, -3.8509065750774147e-10, -1.0988170879025751e-10, 1.2283764690253344e-09, 5.0928389497653e-10, 9.408684960006351e-10, 2.801111632849411e-10, 1.0287839617152894e-09, 8.977121871733016e-10, -4.202648462195322e-10, 2.5921614262889003e-10]
  plain            : [0, 0, 0, 0, 0, 0, 0, 0, 0, 0, 0, 0, 0, 0, 0, 0, 0, 0, 0, 0]
  OK       2.0 km        5        5   32768/32768     3.086e-09     0.9999999995   1.0000000005     0.44s    36.060ms      0.850ms   bs  4  cheb   8
  first 20 slots : [4.3352081826837333e-10, -4.950605665660542e-10, 3.6752909094291543e-10, 2.0807169101840886e-10, 3.2151692693238624e-10, -6.179606392943714e-12, 1.6974252335300332e-10, -4.841350794311042e-10, 3.5204488596356243e-10, -1.7605346710557944e-10, -1.8878509410080343e-10, 2.2609814387399732e-10, 1.2457246050294973e-09, -7.271150414510009e-10, 3.961181448422284e-10, 4.987319566222283e-10, -1.6459352026475918e-10, -1.251559294856664e-10, 1.0505100878134917e-10, -4.294860686361055e-10]
  plain            : [0, 0, 0, 0, 0, 0, 0, 0, 0, 0, 0, 0, 0, 0, 0, 0, 0, 0, 0, 0]
  OK       3.0 km       53       53   32768/32768     2.836e-09     0.9999999991   1.0000000007     0.45s    39.718ms      0.094ms   bs  4  cheb   8
  first 20 slots : [-3.602832763675985e-10, 1.0000000000941185, -1.693360851785762e-11, 1.0000000002659128, -1.9540487790350592e-10, 3.6507659907928625e-10, -2.586784325154817e-10, -4.395281765433889e-10, -2.693297964022179e-10, -1.575648207973822e-10, -1.0035534033610018e-10, 3.5083300944935697e-10, -1.996245658051948e-10, 0.9999999994473499, 5.731238151121798e-11, -3.614118700872579e-10, 9.166167379449585e-10, -2.44199369036933e-10, -2.9151221847560356e-10, 1.0000000002502276]
  plain            : [0, 1, 0, 1, 0, 0, 0, 0, 0, 0, 0, 0, 0, 1, 0, 0, 0, 0, 0, 1]
  OK       5.0 km      254      254   32768/32768     3.007e-09     0.9999999988   1.0000000015     0.44s    41.049ms      0.329ms   bs  4  cheb   8
  first 20 slots : [-3.7467345470833844e-10, 1.000000000601648, -2.918604661857341e-10, 0.9999999999650021, -5.728190353694013e-10, 2.0884898640374707e-10, -4.671745655991941e-10, -3.673280342882225e-11, -6.85298430832788e-11, -4.414333916073296e-10, 1.531638930041235e-10, 7.278378738484177e-11, 4.884326673408065e-10, 1.0000000007523693, -5.714172439350549e-10, -2.494439615016897e-10, 0.9999999995428679, 7.154287128348581e-10, -6.9881485577451e-10, 0.9999999998230967]
  plain            : [0, 1, 0, 1, 0, 0, 0, 0, 0, 0, 0, 0, 0, 1, 0, 0, 1, 0, 0, 1]

SUMMARY
  k5_kitkat         0.2 km  plain      3  cipher      3   match   0.45s / 0.109ms   bs 4  cheb 8
  k5_kitkat         0.5 km  plain     13  cipher     13   match   0.44s / 0.089ms   bs 4  cheb 8
  k5_kitkat         1.0 km  plain     52  cipher     52   match   0.44s / 0.091ms   bs 4  cheb 8
  k5_kitkat         2.0 km  plain     56  cipher     56   match   0.44s / 0.360ms   bs 4  cheb 8
  k5_kitkat         3.0 km  plain     58  cipher     58   match   0.44s / 0.430ms   bs 4  cheb 8
  k5_kitkat         5.0 km  plain     58  cipher     58   match   0.45s / 0.092ms   bs 4  cheb 8
  k5_jellybean      0.2 km  plain      4  cipher      4   match   0.44s / 0.090ms   bs 4  cheb 8
  k5_jellybean      0.5 km  plain      4  cipher      4   match   0.44s / 0.090ms   bs 4  cheb 8
  k5_jellybean      1.0 km  plain      5  cipher      5   match   0.44s / 0.089ms   bs 4  cheb 8
  k5_jellybean      2.0 km  plain      5  cipher      5   match   0.44s / 0.850ms   bs 4  cheb 8
  k5_jellybean      3.0 km  plain     53  cipher     53   match   0.45s / 0.094ms   bs 4  cheb 8
  k5_jellybean      5.0 km  plain    254  cipher    254   match   0.44s / 0.329ms   bs 4  cheb 8

 12 queries in total, 0 mismatched
Saved: results/result2.txt, results/exp1_<dataset>_summary.csv, results/exp1_all_summary.csv
Device: GPU
Key directory: /root/heaan_setting/FGb/keys/
Keys preloaded: enc, mult, conj, 45 rotation keys
Key loaded
Warm-up encrypt start [GPU]
Warm-up encrypt done
Warm-up bootstrap start
Warm-up bootstrap done

HEAAN ENGINE LOAD SUCCESS [device=GPU]


Niro call log: 204 rows   19 recorded numbers   4 distinct
Number split (3, 4, 4)   normalization denominators (999, 9999, 9999)

Per-row match and existence bit at C = 32
query number   description              exp  answer   exist value    plain  cipher   agreement   nonmatch worst   match worst    MATCH TIME  EXIST TIME  ENC TIME  PLAIN TIME
------------------------------------------------------------------------------------------------------------------------------------------------------
bootstrapping!!
bootstrapping!!
bootstrapping!!
010-5000-2924  original                    1       1   1.0000000007     12     12     32768/32768     1.173e-09     0.9999996851      2.87s      0.46s 253.844ms     0.176ms  bs 27/4
  first 20 slots : [-7.333820691118837e-11, -5.30496146046859e-11, 1.249518354223964e-10, -8.244560738645638e-11, 1.3640778946171178e-10, -3.042301186982781e-10, 4.676858712644539e-11, 3.2218776096438294e-10, -2.374535845894754e-10, 1.3178493159435237e-10, -1.0253748134153336e-11, 4.7253469066349344e-11, -5.490404124375532e-11, 4.9825850297236515e-11, 7.933766307998291e-11, 6.883144521056287e-11, -2.487417044683352e-10, -1.74613382407172e-10, -5.3975138915427835e-11, -1.654990858884817e-11]
  plain            : [0, 0, 0, 0, 0, 0, 0, 0, 0, 0, 0, 0, 0, 0, 0, 0, 0, 0, 0, 0]
bootstrapping!!
bootstrapping!!
bootstrapping!!
010-5000-2925  one digit, last group       0       0   0.0000000003      0      0     32768/32768     3.491e-08       n/a        2.86s      0.46s 250.908ms     0.144ms  bs 27/4
bootstrapping!!
bootstrapping!!
bootstrapping!!
010-5100-9080  original                    1       1   0.9999999997      3      3     32768/32768     1.364e-09     0.9999996405      2.86s      0.46s 373.457ms     0.192ms  bs 27/4
  first 20 slots : [-2.5685103759794616e-11, -5.130138235003483e-11, -1.0186283431326349e-10, -3.3578749998658795e-11, 9.262893152236622e-11, -3.018946693553998e-10, -2.359810111669835e-10, 1.0668976507498471e-10, 2.017750833491563e-10, -6.865778770243931e-11, 2.0990908269824588e-11, -9.38514245964495e-11, -2.582530225555673e-10, 1.472194661848133e-11, -7.879501275085163e-11, -5.6834404543793196e-11, -1.14205018369164e-10, 8.857782577079017e-10, -1.998324018660414e-12, -3.4948318099526124e-11]
  plain            : [0, 0, 0, 0, 0, 0, 0, 0, 0, 0, 0, 0, 0, 0, 0, 0, 0, 0, 0, 0]
bootstrapping!!
bootstrapping!!
bootstrapping!!
010-5100-9081  one digit, last group       0       0   0.0000000001      0      0     32768/32768     2.999e-08       n/a        2.86s      0.46s 280.889ms     0.154ms  bs 27/4
bootstrapping!!
bootstrapping!!
bootstrapping!!
010-5200-1582  original                    1       1   1.0000000001      2      2     32768/32768     1.184e-09     0.9999996886      2.86s      0.46s 258.878ms     0.131ms  bs 27/4
  first 20 slots : [-1.3303340268946801e-11, -1.2114969768957927e-11, -1.816759420275866e-11, 3.923507351515501e-11, -1.288059640885789e-10, 2.396008106728595e-10, -5.958766819622489e-11, -1.5692119434356845e-11, 3.08024807190962e-10, -1.256196279700565e-10, -7.362198949755801e-11, -7.283698218763162e-11, -3.6194622533788004e-11, -1.748654835403413e-10, 7.753876956500645e-11, -1.7130207507477574e-11, 1.6680332862717588e-10, -7.310672626661723e-10, 2.990242631376426e-11, -1.0428618747581784e-10]
  plain            : [0, 0, 0, 0, 0, 0, 0, 0, 0, 0, 0, 0, 0, 0, 0, 0, 0, 0, 0, 0]
bootstrapping!!
bootstrapping!!
bootstrapping!!
010-5200-1583  one digit, last group       0       0   0.0000000001      0      0     32768/32768     1.849e-09       n/a        2.86s      0.46s 250.077ms     0.130ms  bs 27/4
bootstrapping!!
bootstrapping!!
bootstrapping!!
006-5300-4858  original                    1       1   1.0000000004      2      2     32768/32768     1.245e-09     0.9999996854      2.86s      0.46s 251.187ms     0.132ms  bs 27/4
  first 20 slots : [9.122152331141608e-11, -1.1287544270994052e-10, -7.095808263536426e-11, -1.485824656703265e-11, -2.384387623701261e-10, -1.2712145212285111e-10, 6.946425565476124e-11, -7.001295506828274e-11, -2.6564575450073586e-11, 2.573168379243288e-11, 6.588374997744006e-12, -1.7772782320572722e-10, 2.1412162136777474e-10, 6.003347032780555e-10, 1.2937506430488822e-10, 1.0647487740626327e-11, 2.8955491562851455e-10, -3.430424314302803e-11, 5.1047036012768194e-11, 7.977800792829126e-11]
  plain            : [0, 0, 0, 0, 0, 0, 0, 0, 0, 0, 0, 0, 0, 0, 0, 0, 0, 0, 0, 0]
bootstrapping!!
bootstrapping!!
bootstrapping!!
006-5300-4859  one digit, last group       0       0  -0.0000000003      0      0     32768/32768     1.312e-09       n/a        2.86s      0.46s 253.772ms     0.180ms  bs 27/4
bootstrapping!!
bootstrapping!!
bootstrapping!!
020-5000-2924  one digit, first group      0       0  -0.0000000001      0      0     32768/32768     1.042e-08       n/a        2.86s      0.46s 249.917ms     0.131ms  bs 27/4
bootstrapping!!
bootstrapping!!
bootstrapping!!
010-5010-2924  one digit, middle group     0       0  -0.0000000001      0      0     32768/32768     1.984e-08       n/a        2.87s      0.46s 339.011ms     0.138ms  bs 27/4
bootstrapping!!
bootstrapping!!
bootstrapping!!
010-1111-2222  not in the log              0       0   0.0000000003      0      0     32768/32768     1.188e-09       n/a        2.87s      0.46s 242.770ms     0.131ms  bs 27/4

 11 queries in total, 0 wrong

Existence bit as the declared bound C grows
query number        C   exp  answer    exist value   verdict      EXIST TIME
--------------------------------------------------------------------------------------------------------
010-5000-2924        32     1       1   1.0000000007     correct          0.44s
010-5000-2924       256     1       1   0.9999999998     correct          0.44s
010-5000-2924      2048     1       1   0.9999999997     correct          0.44s
010-1111-2222        32     0       0   0.0000000003     correct          0.44s
010-1111-2222       256     0       0   0.0000000002     correct          0.44s
010-1111-2222      2048     0       0  -0.0000000003     correct          0.44s

SUMMARY
  match check  11 queries, 0 wrong
  bound check  6 existence calls over C in [32, 256, 2048] , 0 wrong
Saved: results/result2.txt, results/exp2_niro_match_summary.csv, results/exp2_niro_maxcount_sweep.csv
Device: GPU
Key directory: /root/heaan_setting/FGb/keys/
Keys preloaded: enc, mult, conj, 45 rotation keys
Key loaded
Warm-up encrypt start [GPU]
Warm-up encrypt done
Warm-up bootstrap start
Warm-up bootstrap done

HEAAN ENGINE LOAD SUCCESS [device=GPU]


Avante EDR log: 16 recorded rows, 11 rows with a recorded speed
Query parameters encrypted in 128.55 ms

Speed increase (1 means the speed rose from the previous row)
  cipher [1, 1, 1, 1, 1, 1, 1, 1, 1, 1, 0]
  plain  [1, 1, 1, 1, 1, 1, 1, 1, 1, 1, 0]
  agree  11 / 11
  rows where false   worst reading  2.456e-10
  rows where true    worst reading  0.9999999983   best 1.0000000008
  TIME 0.46 s   PLAIN TIME 0.592 ms   BS 4  CHEB 8

Overspeed (1 means the speed exceeds 60 km/h)
  cipher [0, 0, 0, 0, 0, 0, 1, 1, 1, 1, 0]
  plain  [0, 0, 0, 0, 0, 0, 1, 1, 1, 1, 0]
  agree  11 / 11
  rows where false   worst reading  1.185e-09
  rows where true    worst reading  0.9999999994   best 1.0000000002
  TIME 0.43 s   PLAIN TIME 0.089 ms   BS 4  CHEB 8

Time window: -3000.0 to -1000.0
  cipher [0, 0, 0, 0, 0, 1, 1, 1, 1, 0, 0, 0, 0, 0, 0, 0]
  plain  [0, 0, 0, 0, 0, 1, 1, 1, 1, 0, 0, 0, 0, 0, 0, 0]
  agree  32768 / 32768   (padding included)
  rows where false   worst reading  3.027e-09
  rows where true    worst reading  0.9999999999   best 1.0000000001
  TIME 0.88 s   PLAIN TIME 0.113 ms   BS 8  CHEB 16

row  t_rel  speed |    incr out  p |     over out  p |      win out  p
--------------------------------------------------------------------------
  0   -5020     42 |  1.0000000001  1 | -0.0000000001  0 | -0.0000000002  0
  1   -4520     46 |  1.0000000001  1 | -0.0000000004  0 |  0.0000000003  0
  2   -4020     50 |  0.9999999983  1 | -0.0000000012  0 | -0.0000000000  0
  3   -3520     53 |  1.0000000002  1 | -0.0000000001  0 | -0.0000000005  0
  4   -3020     56 |  1.0000000007  1 |  0.0000000006  0 | -0.0000000001  0
  5   -2520     59 |  1.0000000008  1 |  0.0000000005  0 |  1.0000000001  1
  6   -2020     61 |  1.0000000005  1 |  0.9999999998  1 |  1.0000000000  1
  7   -1520     64 |  1.0000000008  1 |  0.9999999994  1 |  0.9999999999  1
  8   -1020     66 |  1.0000000004  1 |  1.0000000002  1 |  0.9999999999  1
  9    -520     68 |  1.0000000006  1 |  0.9999999999  1 | -0.0000000004  0
 10     -20      5 |  0.0000000002  0 | -0.0000000001  0 |  0.0000000003  0
 11     -20     -1 |             .  . |             .  . |  0.0000000001  0
 12      -3     -1 |             .  . |             .  . |  0.0000000009  0
 13       0     -1 |             .  . |             .  . |  0.0000000017  0
 14       5     -1 |             .  . |             .  . | -0.0000000004  0
 15      11     -1 |             .  . |             .  . |  0.0000000003  0

 3 predicates in total, 0 mismatched
Saved: results/result2.txt, results/exp3_avante_summary.csv, results/exp3_avante_rows.csv
 
 ****************************************************************************** 
 *                                                                            * 
 *               STARTING cba72948-545f-3cab-9ee3-f6078a90bf4e                * 
 *                                                                            * 
 ****************************************************************************** 
 executing: bash
