Device: GPU
Key directory: /root/heaan_setting/FGb/keys/
Keys preloaded: enc, mult, conj, 45 rotation keys
Key loaded
Warm-up encrypt start [GPU]
Warm-up encrypt done
Warm-up bootstrap start
Warm-up bootstrap done

HEAAN ENGINE LOAD SUCCESS [device=GPU]


[k5_kitkat] 6820 of 6820 rows used, 246 rows with coordinates
Query center 37.31808 127.12741  projected to 211293.56 524321.29

  stat    radius     plain   cipher     agreement   outside worst   inside worst   inside best      TIME    ENC TIME     PLAIN TIME
  OK       0.2 km        3        3   32768/32768     3.466e-09     0.8074657586   1.0000000006     0.46s    41.688ms      0.100ms   bs  4  cheb   8
  first 20 slots : [-3.210473310693696e-10, -4.072749832028479e-10, -1.3163148567708506e-10, -5.614545023396825e-11, -5.122149801770281e-12, 3.4015158826886293e-10, -4.797136096541953e-10, 6.456683384571456e-10, 6.959238252019134e-10, -3.958055019462047e-10, 2.496068061747762e-10, 5.701432050971631e-10, 1.1555052127864578e-10, 8.397371759891401e-10, 1.910765322317587e-12, -8.580432318129982e-11, 2.40192024406665e-10, -9.381349504004326e-10, 9.55191838981702e-10, 2.420029918048419e-10]
  plain            : [0, 0, 0, 0, 0, 0, 0, 0, 0, 0, 0, 0, 0, 0, 0, 0, 0, 0, 0, 0]
  OK       0.5 km       13       13   32768/32768     3.043e-09     0.9999999993   1.0000000011     0.43s    45.997ms      0.343ms   bs  4  cheb   8
  first 20 slots : [2.496790799506828e-10, -3.902997283692705e-12, -6.883063682599543e-10, -3.5640562933235527e-10, 1.0000000002165015, 1.1123431311602816e-10, -1.468961641195076e-10, 4.727262760967204e-10, -3.9946353573991726e-10, 3.70305704410927e-10, 1.8146529835566125e-10, 1.2395185893423908e-10, 6.65910106732769e-10, 1.5498321170230903e-10, -6.45022515469063e-10, -1.0022447749029772e-10, 2.1187011849321108e-10, 1.0000000004398588, 6.752103896609484e-10, -3.486718411825171e-10]
  plain            : [0, 0, 0, 0, 1, 0, 0, 0, 0, 0, 0, 0, 0, 0, 0, 0, 0, 1, 0, 0]
  OK       1.0 km       52       52   32768/32768     3.806e-09     0.9999999986   1.0000000014     0.45s    43.986ms      0.408ms   bs  4  cheb   8
  first 20 slots : [5.493330391190649e-10, 1.7413126292339558e-11, 2.981544689502342e-10, -1.4253427719689083e-11, 0.9999999996180715, 2.0169496212937783e-10, 5.688627072627976e-10, -7.690140890716395e-10, -6.491740740492278e-10, -3.2876873025814825e-11, -3.1667691021071415e-10, 8.907105116303103e-11, -3.050299274881874e-10, -1.446535057650538e-09, 1.1267209034625614e-10, -7.41264730777762e-11, -9.157685474293417e-10, 0.9999999999484176, -1.0868184575573227e-10, 1.4853445242149858e-10]
  plain            : [0, 0, 0, 0, 1, 0, 0, 0, 0, 0, 0, 0, 0, 0, 0, 0, 0, 1, 0, 0]
  OK       2.0 km       56       56   32768/32768     2.788e-09     0.9999999984   1.0000000008     0.44s    36.908ms      0.102ms   bs  4  cheb   8
  first 20 slots : [1.468806677209159e-10, -2.0254356717120628e-10, 3.0759870281380463e-10, -4.100748783217473e-11, 1.0000000001350835, -5.765597164607544e-10, 3.214823037430906e-11, -6.644748112788769e-10, 1.089685954022048e-10, 3.3543327538489015e-10, -3.97630458524567e-10, 1.5570565194123018e-10, -5.714951261434144e-10, 1.0850360733761869e-10, 6.166279275202462e-11, 1.5285622935932022e-10, -3.1052244575351704e-10, 1.0000000007711973, -5.607021387379956e-10, 9.374733613173867e-11]
  plain            : [0, 0, 0, 0, 1, 0, 0, 0, 0, 0, 0, 0, 0, 0, 0, 0, 0, 1, 0, 0]
  OK       3.0 km       58       58   32768/32768     3.368e-09     0.9999999988   1.0000000009     0.43s    42.154ms      0.108ms   bs  4  cheb   8
  first 20 slots : [-8.889818850579733e-11, -6.840978373288562e-10, -5.108190339955084e-10, -3.223470921154407e-10, 1.000000000147589, -9.37519244775063e-11, -4.006838922025738e-10, 1.2255663646333926e-10, -3.205511698035291e-10, 1.79734321525649e-10, 3.0140977410316404e-10, 2.519694569109968e-10, 5.696511212491798e-10, -3.6264271505955333e-10, -5.666763452033005e-10, -5.608041925459118e-10, 3.029775749347309e-10, 1.0000000005651972, 5.333685017168367e-10, -3.3442958364690536e-10]
  plain            : [0, 0, 0, 0, 1, 0, 0, 0, 0, 0, 0, 0, 0, 0, 0, 0, 0, 1, 0, 0]
  OK       5.0 km       58       58   32768/32768     2.772e-09     0.9999999989   1.0000000008     0.43s    34.651ms      0.093ms   bs  4  cheb   8
  first 20 slots : [2.3612914995526615e-10, -8.41816217910631e-12, -1.2452862752660107e-09, -1.5916941750920533e-10, 1.0000000000865419, 8.848968226459382e-10, -5.294776638315551e-11, -3.145522452009752e-10, -4.429734076786353e-10, 4.48730900649668e-11, -4.533448333577485e-10, -3.081837852021475e-11, -1.2877985805600705e-09, 4.989167054351196e-10, -7.428843055885964e-11, -1.2950616319257624e-10, -8.166715494778263e-10, 0.9999999992863955, 1.0858285332590364e-11, -2.765228845574605e-10]
  plain            : [0, 0, 0, 0, 1, 0, 0, 0, 0, 0, 0, 0, 0, 0, 0, 0, 0, 1, 0, 0]

[k5_jellybean] 613 of 613 rows used, 330 rows with coordinates
Query center 37.86484 127.05997  projected to 205276.97 584999.58

  stat    radius     plain   cipher     agreement   outside worst   inside worst   inside best      TIME    ENC TIME     PLAIN TIME
  OK       0.2 km        4        4   32768/32768     3.327e-09     0.9983878833   1.0000000016     0.43s    47.870ms      0.091ms   bs  4  cheb   8
  first 20 slots : [-5.061995189493168e-10, -3.319527506887317e-11, 1.145185080594737e-10, -8.527781310117462e-11, -1.5882676780537038e-10, -1.229004808133706e-09, -8.434578142193288e-10, 9.753945655520422e-12, 3.2997483549671315e-10, 2.495780385261802e-10, 2.2813047179169654e-10, 3.3396764924029733e-10, -6.869925688069373e-10, -7.524715759397369e-11, 2.863102070073124e-10, -3.8311376467897467e-10, -2.4798328192931527e-10, -7.125941866972267e-10, 4.413175811797675e-10, -1.8174711577209337e-10]
  plain            : [0, 0, 0, 0, 0, 0, 0, 0, 0, 0, 0, 0, 0, 0, 0, 0, 0, 0, 0, 0]
  OK       0.5 km        4        4   32768/32768     4.167e-09     0.9999999996   1.0000000011     0.43s    65.254ms      0.097ms   bs  4  cheb   8
  first 20 slots : [5.251581223392951e-10, 3.5450876058055724e-10, 1.374357632989274e-10, 2.401683303130024e-10, -2.802543653758017e-10, 3.9625192992883534e-10, -1.7419375276006306e-10, 1.780883633338277e-10, -1.09377909797863e-09, -4.5551064716940926e-10, 3.0697868480250287e-10, -8.453721426943386e-11, -1.667560428064895e-10, -2.6803894390942305e-10, 8.85287816712369e-11, -2.7867376360383064e-10, -2.885484717432269e-10, 2.111583163061068e-09, -2.2002199727907302e-10, 1.9669223844197858e-10]
  plain            : [0, 0, 0, 0, 0, 0, 0, 0, 0, 0, 0, 0, 0, 0, 0, 0, 0, 0, 0, 0]
  OK       1.0 km        5        5   32768/32768     4.313e-09     0.9999999998   1.0000000008     0.43s    64.300ms      0.096ms   bs  4  cheb   8
  first 20 slots : [1.3081977598909775e-10, -2.5319924940879e-10, 4.4151582240371126e-10, 4.0472243430739683e-10, -2.4112944363700367e-10, -1.5118755633279625e-10, 2.0159811534259596e-10, 1.7840220365155038e-10, 4.454855255863725e-10, 3.198195104277443e-10, 3.4228343412769977e-10, -1.1420905482671078e-09, 5.485791008548779e-10, 3.748630717102369e-11, 6.500081224660828e-10, -1.891038017364647e-10, 9.217847354377549e-10, 7.69889854230308e-10, 2.406482100292612e-10, 5.621357707076759e-10]
  plain            : [0, 0, 0, 0, 0, 0, 0, 0, 0, 0, 0, 0, 0, 0, 0, 0, 0, 0, 0, 0]
  OK       2.0 km        5        5   32768/32768     3.147e-09     0.9999999993   1.0000000003     0.43s    68.177ms      0.099ms   bs  4  cheb   8
  first 20 slots : [6.317143403915843e-10, 2.345096660910257e-11, -2.4948336730682594e-10, 3.0880289264849564e-10, -3.1221414154365637e-10, 1.1031132410982108e-09, -3.501575484175501e-10, 1.226767610526999e-10, 3.930012843258082e-10, -1.921107866705552e-10, 2.9726376350176135e-10, 6.70011738963008e-10, 3.8648997366354007e-10, -9.574982221329123e-11, 6.066427623772405e-10, 3.7661773485318106e-10, 1.917488943331207e-11, 1.3594413037868785e-10, 9.482732302828484e-10, -2.297272889612614e-10]
  plain            : [0, 0, 0, 0, 0, 0, 0, 0, 0, 0, 0, 0, 0, 0, 0, 0, 0, 0, 0, 0]
  OK       3.0 km       53       53   32768/32768     2.896e-09     0.9999999989   1.0000000009     0.43s    51.415ms      0.093ms   bs  4  cheb   8
  first 20 slots : [-3.249333443806007e-10, 1.0000000004010616, -9.836132323765761e-10, 0.9999999998723641, 2.0940275887636433e-10, 2.5837826295521295e-10, -4.5239861221931144e-11, 8.964016522759838e-10, 1.1182184035084484e-10, -2.455360168386396e-10, -2.5613193444734193e-10, 1.466734487027966e-09, 9.576986626020082e-10, 0.9999999995233528, -3.5864031181642436e-10, -2.3566416142001523e-10, 5.855963205386491e-10, -3.780601110160765e-10, -5.94786011774278e-10, 1.0000000002230176]
  plain            : [0, 1, 0, 1, 0, 0, 0, 0, 0, 0, 0, 0, 0, 1, 0, 0, 0, 0, 0, 1]
  OK       5.0 km      254      254   32768/32768     3.687e-09     0.9999999991   1.0000000021     0.43s    38.833ms      0.094ms   bs  4  cheb   8
  first 20 slots : [-5.788353527509125e-10, 1.0000000000610898, -4.687174342342664e-10, 0.9999999998567262, 6.907915624342521e-10, -3.775507401731335e-10, 4.53695239621529e-11, 3.3898128513517593e-10, 3.3549792594797234e-10, -2.2549997396208198e-10, -3.536263659076224e-10, 2.212843633553861e-10, -1.8926776977590587e-10, 1.000000000011872, -5.058826006205651e-10, 6.232378428530627e-10, 0.9999999998268587, -8.595097163002844e-11, 4.43552958234884e-10, 0.9999999995549613]
  plain            : [0, 1, 0, 1, 0, 0, 0, 0, 0, 0, 0, 0, 0, 1, 0, 0, 1, 0, 0, 1]

SUMMARY
  k5_kitkat         0.2 km  plain      3  cipher      3   match   0.46s / 0.100ms   bs 4  cheb 8
  k5_kitkat         0.5 km  plain     13  cipher     13   match   0.43s / 0.343ms   bs 4  cheb 8
  k5_kitkat         1.0 km  plain     52  cipher     52   match   0.45s / 0.408ms   bs 4  cheb 8
  k5_kitkat         2.0 km  plain     56  cipher     56   match   0.44s / 0.102ms   bs 4  cheb 8
  k5_kitkat         3.0 km  plain     58  cipher     58   match   0.43s / 0.108ms   bs 4  cheb 8
  k5_kitkat         5.0 km  plain     58  cipher     58   match   0.43s / 0.093ms   bs 4  cheb 8
  k5_jellybean      0.2 km  plain      4  cipher      4   match   0.43s / 0.091ms   bs 4  cheb 8
  k5_jellybean      0.5 km  plain      4  cipher      4   match   0.43s / 0.097ms   bs 4  cheb 8
  k5_jellybean      1.0 km  plain      5  cipher      5   match   0.43s / 0.096ms   bs 4  cheb 8
  k5_jellybean      2.0 km  plain      5  cipher      5   match   0.43s / 0.099ms   bs 4  cheb 8
  k5_jellybean      3.0 km  plain     53  cipher     53   match   0.43s / 0.093ms   bs 4  cheb 8
  k5_jellybean      5.0 km  plain    254  cipher    254   match   0.43s / 0.094ms   bs 4  cheb 8

 12 queries in total, 0 mismatched
Saved: results/result2.txt, results/exp1_<dataset>_summary.csv, results/exp1_all_summary.csv
Device: GPU
Key directory: /root/heaan_setting/FGb/keys/
Keys preloaded: enc, mult, conj, 45 rotation keys
Key loaded
Warm-up encrypt start [GPU]
Warm-up encrypt done
Warm-up bootstrap start
Warm-up bootstrap done

HEAAN ENGINE LOAD SUCCESS [device=GPU]


Niro call log: 204 rows   19 recorded numbers   4 distinct
Number split (3, 4, 4)   normalization denominators (999, 9999, 9999)

Per-row match and existence bit at C = 32
query number   description              exp  answer   exist value    plain  cipher   agreement   nonmatch worst   match worst    MATCH TIME  EXIST TIME  ENC TIME  PLAIN TIME
------------------------------------------------------------------------------------------------------------------------------------------------------
bootstrapping!!
bootstrapping!!
bootstrapping!!
010-5000-2924  original                    1       1   1.0000000004     12     12     32768/32768     1.258e-09     0.9999996719      2.89s      0.46s 246.005ms     0.158ms  bs 27/4
  first 20 slots : [-1.8508117165179413e-11, 2.0555185192844607e-10, -1.9171582694337397e-10, 5.722304510668167e-11, -3.4625814430534844e-11, -7.152857920422365e-10, -8.906737747594304e-12, 9.621748450103649e-11, -3.224539451245971e-11, -1.7476101026005853e-11, -2.876519544546291e-11, -2.2859693152495434e-11, -1.2271914453169527e-10, -1.5481783955882152e-10, 1.3368885180921792e-10, -8.305185513823191e-11, 3.257151412233179e-10, 3.630765258759239e-10, -4.010856092662483e-11, -1.0466114349845296e-10]
  plain            : [0, 0, 0, 0, 0, 0, 0, 0, 0, 0, 0, 0, 0, 0, 0, 0, 0, 0, 0, 0]
bootstrapping!!
bootstrapping!!
bootstrapping!!
010-5000-2925  one digit, last group       0       0  -0.0000000000      0      0     32768/32768     3.629e-08       n/a        2.86s      0.46s 364.366ms     0.129ms  bs 27/4
bootstrapping!!
bootstrapping!!
bootstrapping!!
010-5100-9080  original                    1       1   1.0000000003      3      3     32768/32768     1.336e-09     0.9999996774      2.86s      0.46s 251.214ms     0.142ms  bs 27/4
  first 20 slots : [1.177002596026238e-11, 1.716793572011643e-10, -1.845074984053109e-10, 1.0852225884293884e-11, 1.379625587778689e-10, 1.193653793376721e-10, -1.9023392541788046e-10, -2.493462469259359e-12, 1.5501992051500723e-10, -3.155824253584367e-11, -4.1092724140113616e-11, 1.202960356091504e-10, -3.9988566126048615e-10, 6.758847515190191e-11, 2.49563754153887e-11, -9.860061602503723e-12, -3.661460015876129e-10, 5.403528747127835e-10, 4.0769309822550004e-11, -5.026071322248945e-11]
  plain            : [0, 0, 0, 0, 0, 0, 0, 0, 0, 0, 0, 0, 0, 0, 0, 0, 0, 0, 0, 0]
bootstrapping!!
bootstrapping!!
bootstrapping!!
010-5100-9081  one digit, last group       0       0  -0.0000000001      0      0     32768/32768     2.380e-08       n/a        2.86s      0.46s 246.994ms     0.146ms  bs 27/4
bootstrapping!!
bootstrapping!!
bootstrapping!!
010-5200-1582  original                    1       1   1.0000000004      2      2     32768/32768     1.227e-09     0.9999996907      2.87s      0.46s 375.705ms     0.134ms  bs 27/4
  first 20 slots : [-7.173680726296933e-11, 9.693283965564805e-11, -2.593545801420675e-10, -1.1748943320453894e-11, 6.208072057667294e-11, -2.4982883242834256e-10, 6.254386692940242e-11, 1.0155990014664972e-10, 1.114027529983429e-10, 8.476713101424468e-11, -4.321663791175148e-11, 1.9237589776560168e-10, -1.4041943186931472e-10, 3.5290073441764547e-10, 5.0076120100951163e-11, 3.446688369170209e-11, -3.9672737541984526e-10, 5.936606318968512e-10, 1.1996835963413955e-10, 7.126498915591804e-11]
  plain            : [0, 0, 0, 0, 0, 0, 0, 0, 0, 0, 0, 0, 0, 0, 0, 0, 0, 0, 0, 0]
bootstrapping!!
bootstrapping!!
bootstrapping!!
010-5200-1583  one digit, last group       0       0  -0.0000000002      0      0     32768/32768     1.718e-09       n/a        2.87s      0.46s 244.166ms     0.143ms  bs 27/4
bootstrapping!!
bootstrapping!!
bootstrapping!!
006-5300-4858  original                    1       1   1.0000000002      2      2     32768/32768     1.350e-09     0.9999996843      2.87s      0.46s 273.921ms     0.135ms  bs 27/4
  first 20 slots : [-1.746226323556892e-12, 1.4272599133941384e-10, -8.601743104486003e-11, 5.4801305912443415e-11, 1.8181499583601468e-10, 6.00623309329103e-10, -1.7563207903586837e-10, -5.0469764466627e-11, -1.776790024317979e-10, 8.636638052478076e-11, 2.285640117299487e-12, -2.3968285784663154e-10, 1.724742600233306e-10, -8.532228220752038e-11, -4.9941643012717174e-11, -3.90534791674449e-12, 4.969882497325672e-11, 9.789801070888794e-11, -2.3101544940937202e-10, -5.686873703523967e-12]
  plain            : [0, 0, 0, 0, 0, 0, 0, 0, 0, 0, 0, 0, 0, 0, 0, 0, 0, 0, 0, 0]
bootstrapping!!
bootstrapping!!
bootstrapping!!
006-5300-4859  one digit, last group       0       0  -0.0000000000      0      0     32768/32768     1.452e-09       n/a        2.87s      0.46s 250.684ms     0.129ms  bs 27/4
bootstrapping!!
bootstrapping!!
bootstrapping!!
020-5000-2924  one digit, first group      0       0  -0.0000000002      0      0     32768/32768     7.020e-09       n/a        2.87s      0.46s 337.442ms     0.128ms  bs 27/4
bootstrapping!!
bootstrapping!!
bootstrapping!!
010-5010-2924  one digit, middle group     0       0  -0.0000000001      0      0     32768/32768     9.489e-09       n/a        2.87s      0.46s 239.079ms     0.143ms  bs 27/4
bootstrapping!!
bootstrapping!!
bootstrapping!!
010-1111-2222  not in the log              0       0   0.0000000001      0      0     32768/32768     1.310e-09       n/a        2.87s      0.46s 257.031ms     0.129ms  bs 27/4

 11 queries in total, 0 wrong

Existence bit as the declared bound C grows
query number        C   exp  answer    exist value   verdict      EXIST TIME
--------------------------------------------------------------------------------------------------------
010-5000-2924        32     1       1   1.0000000004     correct          0.44s
010-5000-2924       256     1       1   0.9999999995     correct          0.44s
010-5000-2924      2048     1       1   1.0000000007     correct          0.44s
010-1111-2222        32     0       0   0.0000000001     correct          0.44s
010-1111-2222       256     0       0   0.0000000003     correct          0.44s
010-1111-2222      2048     0       0  -0.0000000003     correct          0.44s

SUMMARY
  match check  11 queries, 0 wrong
  bound check  6 existence calls over C in [32, 256, 2048] , 0 wrong
Saved: results/result2.txt, results/exp2_niro_match_summary.csv, results/exp2_niro_maxcount_sweep.csv
Device: GPU
Key directory: /root/heaan_setting/FGb/keys/
Keys preloaded: enc, mult, conj, 45 rotation keys
Key loaded
Warm-up encrypt start [GPU]
Warm-up encrypt done
Warm-up bootstrap start
Warm-up bootstrap done

HEAAN ENGINE LOAD SUCCESS [device=GPU]


Avante EDR log: 16 recorded rows, 11 rows with a recorded speed
Query parameters encrypted in 135.412 ms

Speed increase (1 means the speed rose from the previous row)
  cipher [1, 1, 1, 1, 1, 1, 1, 1, 1, 1, 0]
  plain  [1, 1, 1, 1, 1, 1, 1, 1, 1, 1, 0]
  agree  11 / 11
  rows where false   worst reading  1.795e-11
  rows where true    worst reading  0.9999999996   best 1.0000000009
  TIME 0.45 s   PLAIN TIME 0.27 ms   BS 4  CHEB 8

Overspeed (1 means the speed exceeds 60 km/h)
  cipher [0, 0, 0, 0, 0, 0, 1, 1, 1, 1, 0]
  plain  [0, 0, 0, 0, 0, 0, 1, 1, 1, 1, 0]
  agree  11 / 11
  rows where false   worst reading  1.051e-09
  rows where true    worst reading  0.9999999996   best 1.0000000012
  TIME 0.43 s   PLAIN TIME 0.409 ms   BS 4  CHEB 8

Time window: -3000.0 to -1000.0
  cipher [0, 0, 0, 0, 0, 1, 1, 1, 1, 0, 0, 0, 0, 0, 0, 0]
  plain  [0, 0, 0, 0, 0, 1, 1, 1, 1, 0, 0, 0, 0, 0, 0, 0]
  agree  32768 / 32768   (padding included)
  rows where false   worst reading  4.600e-09
  rows where true    worst reading  0.9999999991   best 1.0000000015
  TIME 0.88 s   PLAIN TIME 0.112 ms   BS 8  CHEB 16

row  t_rel  speed |    incr out  p |     over out  p |      win out  p
--------------------------------------------------------------------------
  0   -5020     42 |  1.0000000002  1 | -0.0000000002  0 | -0.0000000000  0
  1   -4520     46 |  0.9999999999  1 | -0.0000000010  0 |  0.0000000007  0
  2   -4020     50 |  0.9999999999  1 | -0.0000000005  0 |  0.0000000002  0
  3   -3520     53 |  1.0000000004  1 | -0.0000000004  0 | -0.0000000003  0
  4   -3020     56 |  1.0000000001  1 |  0.0000000008  0 |  0.0000000003  0
  5   -2520     59 |  1.0000000005  1 |  0.0000000011  0 |  0.9999999994  1
  6   -2020     61 |  1.0000000004  1 |  0.9999999996  1 |  0.9999999991  1
  7   -1520     64 |  0.9999999996  1 |  0.9999999997  1 |  0.9999999998  1
  8   -1020     66 |  1.0000000009  1 |  1.0000000012  1 |  1.0000000015  1
  9    -520     68 |  1.0000000003  1 |  1.0000000001  1 | -0.0000000002  0
 10     -20      5 | -0.0000000000  0 |  0.0000000000  0 |  0.0000000002  0
 11     -20     -1 |             .  . |             .  . |  0.0000000005  0
 12      -3     -1 |             .  . |             .  . |  0.0000000005  0
 13       0     -1 |             .  . |             .  . |  0.0000000006  0
 14       5     -1 |             .  . |             .  . | -0.0000000003  0
 15      11     -1 |             .  . |             .  . |  0.0000000004  0

 3 predicates in total, 0 mismatched
Saved: results/result2.txt, results/exp3_avante_summary.csv, results/exp3_avante_rows.csv
 
 ****************************************************************************** 
 *                                                                            * 
 *               STARTING cba72948-545f-3cab-9ee3-f6078a90bf4e                * 
 *                                                                            * 
 ****************************************************************************** 
 executing: bash
