Device: GPU
Key directory: /root/heaan_setting/FGb/keys/
Keys preloaded: enc, mult, conj, 45 rotation keys
Key loaded
Warm-up encrypt start [GPU]
Warm-up encrypt done
Warm-up bootstrap start
Warm-up bootstrap done

HEAAN ENGINE LOAD SUCCESS [device=GPU]


[k5_kitkat] 6820 of 6820 rows used, 246 rows with coordinates
Query center 37.31808 127.12741  projected to 211293.56 524321.29

  stat    radius     plain   cipher     agreement   outside worst   inside worst   inside best      TIME    ENC TIME     PLAIN TIME
  OK       0.2 km        3        3   32768/32768     3.895e-09     0.7843747190   1.0000000002     0.46s    54.874ms      0.097ms   bs  4  cheb   8
  first 20 slots : [-4.277097302211073e-11, 5.854514483216851e-11, 8.461727108399151e-10, -5.820222330861774e-11, 6.440278796498967e-11, -1.1891635687899804e-09, 8.714027618113518e-10, 3.455561751728072e-10, 5.036812165997467e-10, -2.0358642115448419e-10, 5.158051591663751e-10, 5.213697739057788e-12, -4.4062981509929824e-10, -3.54122114066004e-10, -4.340535761806128e-10, -3.6560343372650924e-10, 1.280980281402854e-09, -8.357810844349571e-10, -7.718425495791506e-11, -5.513168046761677e-10]
  plain            : [0, 0, 0, 0, 0, 0, 0, 0, 0, 0, 0, 0, 0, 0, 0, 0, 0, 0, 0, 0]
  OK       0.5 km       13       13   32768/32768     3.251e-09     0.9999999996   1.0000000011     0.44s    45.987ms      0.103ms   bs  4  cheb   8
  first 20 slots : [-4.0208458162357315e-10, -8.181574356299606e-10, -1.5758090343835408e-10, -3.7176653199706613e-10, 1.0000000006517857, 5.953271449751373e-11, -4.2125273464230063e-10, 3.388629977748586e-10, 1.601378972672997e-10, -4.8397040876177835e-11, -9.763872496596678e-12, 4.69406018658884e-11, 4.1747972197342866e-10, 5.361700052441487e-10, 5.599869253589498e-10, -5.789124910373963e-11, -7.527482949945784e-10, 1.0000000002916332, -1.0062329741894822e-09, 3.6445963288006723e-10]
  plain            : [0, 0, 0, 0, 1, 0, 0, 0, 0, 0, 0, 0, 0, 0, 0, 0, 0, 1, 0, 0]
  OK       1.0 km       52       52   32768/32768     3.911e-09     0.9999999988   1.0000000018     0.44s    48.322ms      0.090ms   bs  4  cheb   8
  first 20 slots : [-2.2888782192121014e-13, -5.762844803591491e-13, -5.203801217045397e-10, -1.6809393656691985e-10, 1.0000000006097496, -1.735390825026049e-10, -1.416813568855733e-10, -2.2398623974236945e-11, 8.862524332030946e-10, 2.4365589597651435e-10, -2.9438370308071297e-10, -1.335613460024548e-10, -6.553348399299052e-11, 7.373763820890523e-11, 4.595728933485542e-10, 2.4341696403697787e-10, -4.469345800757001e-10, 1.0000000018119604, -2.688805213805162e-10, 1.3633962273105875e-10]
  plain            : [0, 0, 0, 0, 1, 0, 0, 0, 0, 0, 0, 0, 0, 0, 0, 0, 0, 1, 0, 0]
  OK       2.0 km       56       56   32768/32768     2.826e-09     0.9999999983   1.0000000013     0.44s    36.199ms      0.101ms   bs  4  cheb   8
  first 20 slots : [2.0125499827938512e-10, -7.316084003954873e-10, 1.2669000491265177e-10, -1.823410543036971e-10, 1.0000000001211882, -3.0572242333086704e-10, -4.6356829665433366e-10, 1.7755776112740742e-10, -2.0122155690116426e-10, 1.7611219693237025e-10, 3.3352577424531663e-10, -1.0378769368878869e-11, -8.911233957155884e-10, 5.741928474040542e-10, 7.473753765132871e-10, -1.352777370329149e-10, 2.3645675822732495e-11, 1.0000000007519299, -1.0205517311269103e-10, 2.989292414367373e-10]
  plain            : [0, 0, 0, 0, 1, 0, 0, 0, 0, 0, 0, 0, 0, 0, 0, 0, 0, 1, 0, 0]
  OK       3.0 km       58       58   32768/32768     2.870e-09     0.9999999986   1.0000000016     0.44s    37.752ms      0.312ms   bs  4  cheb   8
  first 20 slots : [-3.0629267170757695e-10, -7.648253284323598e-10, -2.42232537238205e-10, -2.1798160381769506e-10, 1.000000000252043, -7.450699533121918e-12, -6.221963216720968e-10, -4.695562846954353e-10, -5.672110919532159e-11, -1.2654195078287507e-10, 2.2674804345242101e-10, -1.0074829128995737e-10, -7.606528039833524e-10, 8.181651822310579e-11, 4.4167751641914194e-11, -3.590703359156313e-10, 9.380392596682585e-11, 0.9999999994414391, 5.618912484763854e-10, 1.398687261467569e-10]
  plain            : [0, 0, 0, 0, 1, 0, 0, 0, 0, 0, 0, 0, 0, 0, 0, 0, 0, 1, 0, 0]
  OK       5.0 km       58       58   32768/32768     2.999e-09     0.9999999990   1.0000000010     0.44s    38.016ms      0.102ms   bs  4  cheb   8
  first 20 slots : [-1.7088991004955663e-10, 2.8588366588250503e-11, -6.103543683272103e-10, -2.5339156985676443e-10, 0.9999999999872138, 3.1964683537018203e-10, -6.411920007733419e-11, 4.714204102796385e-10, -4.6021337772189105e-11, -2.2678000619020823e-10, 3.967526344452642e-10, -1.394941202729545e-10, 8.44294996618632e-10, -1.6114488832696294e-10, 2.1492173757458941e-10, -1.4610822244425608e-10, 5.598774596722208e-10, 0.9999999997966706, 2.5584305798449705e-10, 1.2843628529360075e-10]
  plain            : [0, 0, 0, 0, 1, 0, 0, 0, 0, 0, 0, 0, 0, 0, 0, 0, 0, 1, 0, 0]

[k5_jellybean] 613 of 613 rows used, 330 rows with coordinates
Query center 37.86484 127.05997  projected to 205276.97 584999.58

  stat    radius     plain   cipher     agreement   outside worst   inside worst   inside best      TIME    ENC TIME     PLAIN TIME
  OK       0.2 km        4        4   32768/32768     3.051e-09     0.9976626409   1.0000000005     0.44s    46.211ms      0.092ms   bs  4  cheb   8
  first 20 slots : [-5.915722962560133e-10, -3.8506517518648255e-10, -5.446040237320896e-10, 2.6012454819643347e-11, 2.9991594945931493e-10, -8.465798198946099e-10, -2.5999522421460794e-10, 1.0516070245126376e-10, -7.817147205516387e-11, 1.9922533007296974e-10, 4.5398906078887264e-10, 4.258323611610814e-10, -9.156672252185121e-10, -8.570415010101726e-12, 1.5660529022834434e-10, -2.816629728525545e-10, 3.429002595892033e-11, -1.5419027929467665e-09, 2.1399059020644887e-10, -3.960365461495458e-10]
  plain            : [0, 0, 0, 0, 0, 0, 0, 0, 0, 0, 0, 0, 0, 0, 0, 0, 0, 0, 0, 0]
  OK       0.5 km        4        4   32768/32768     3.308e-09     0.9999999999   1.0000000006     0.44s    37.927ms      0.097ms   bs  4  cheb   8
  first 20 slots : [8.92916604893118e-11, -2.6682692131158764e-10, 5.202005656946261e-10, 2.0129695912263043e-10, -8.051275163783018e-10, 1.6382923526360266e-11, -1.2962205429915005e-10, 1.4485505292601667e-10, 1.4127548937105364e-09, -4.84476114508133e-10, -2.154698020040757e-10, -4.887344150243132e-10, -3.2661749680097487e-10, 6.881625696533066e-10, 1.723647596408549e-11, 2.2423961026660632e-10, -1.6210724179664826e-09, -5.443951702709368e-10, 1.500459314953074e-09, 3.7132570655266097e-10]
  plain            : [0, 0, 0, 0, 0, 0, 0, 0, 0, 0, 0, 0, 0, 0, 0, 0, 0, 0, 0, 0]
  OK       1.0 km        5        5   32768/32768     3.990e-09     0.9999999992   1.0000000004     0.44s    45.251ms      0.115ms   bs  4  cheb   8
  first 20 slots : [9.549497839982828e-12, -1.8369846916231373e-10, -6.041484223356595e-10, 3.8896782682424513e-10, -1.781469157262636e-10, 9.70180399095784e-12, -5.99454660474444e-10, 3.081608163549204e-10, 2.680478715298835e-10, 4.222471057130335e-10, 1.288580243952987e-10, 3.382489314170106e-10, 9.293590532736014e-10, -5.607737541506884e-10, 1.666343541983112e-10, -8.583094065710897e-11, -6.905110795531005e-10, 1.5748768253472438e-10, 8.359823397882153e-10, 3.9435793947034415e-10]
  plain            : [0, 0, 0, 0, 0, 0, 0, 0, 0, 0, 0, 0, 0, 0, 0, 0, 0, 0, 0, 0]
  OK       2.0 km        5        5   32768/32768     3.358e-09     0.9999999992   1.0000000005     0.44s    46.451ms      0.104ms   bs  4  cheb   8
  first 20 slots : [3.379998689119549e-10, 1.4659816183583042e-10, 2.871055029277858e-10, 3.414545769036018e-10, 5.544646864632355e-10, 1.6557757613688116e-10, -5.13260945110821e-10, -5.958208288137559e-11, 8.964257622917746e-10, 7.99863203139107e-11, 3.886389796604729e-11, 3.5493802844771765e-10, 1.237059355486561e-09, -5.629704152575258e-10, 1.0062683278462946e-10, 9.866764977129718e-11, 4.0105828672851354e-10, 6.163250490363648e-10, 5.316787852520605e-10, -3.5924502604833675e-10]
  plain            : [0, 0, 0, 0, 0, 0, 0, 0, 0, 0, 0, 0, 0, 0, 0, 0, 0, 0, 0, 0]
  OK       3.0 km       53       53   32768/32768     2.892e-09     0.9999999988   1.0000000014     0.44s    37.528ms      0.099ms   bs  4  cheb   8
  first 20 slots : [-1.0698505253269583e-10, 1.0000000006208483, -1.33218134826263e-09, 1.0000000002373084, 6.221423035285472e-10, 3.669647046625978e-10, -3.80447523517088e-10, 1.8492892895381062e-10, -1.0245196475153672e-10, -5.279460092505259e-10, 4.6446973022908996e-11, 3.075085005114577e-10, 3.3433999067205815e-10, 0.9999999993082009, 1.5714858241620114e-10, -4.2228905939773874e-10, 1.4161404423939086e-09, -8.899896040488276e-10, -4.531237027688067e-10, 1.0000000003083755]
  plain            : [0, 1, 0, 1, 0, 0, 0, 0, 0, 0, 0, 0, 0, 1, 0, 0, 0, 0, 0, 1]
  OK       5.0 km      254      254   32768/32768     3.039e-09     0.9999999987   1.0000000014     0.44s    41.603ms      0.097ms   bs  4  cheb   8
  first 20 slots : [8.765753729791789e-12, 1.0000000002018818, -3.4413934292087713e-10, 0.9999999998306098, -2.9901468539441907e-10, -8.597257496871969e-10, -2.0889400676861919e-10, -3.0363727257839563e-10, -1.7784153791470406e-10, -6.636122807917177e-11, 4.756206008646895e-10, -1.0245263165151373e-10, 1.70246393493928e-11, 1.0000000000860234, 9.046245918674933e-11, 4.6414995886067484e-10, 1.0000000001096594, 5.968170518082589e-10, -3.811511973516454e-10, 0.9999999996145743]
  plain            : [0, 1, 0, 1, 0, 0, 0, 0, 0, 0, 0, 0, 0, 1, 0, 0, 1, 0, 0, 1]

SUMMARY
  k5_kitkat         0.2 km  plain      3  cipher      3   match   0.46s / 0.097ms   bs 4  cheb 8
  k5_kitkat         0.5 km  plain     13  cipher     13   match   0.44s / 0.103ms   bs 4  cheb 8
  k5_kitkat         1.0 km  plain     52  cipher     52   match   0.44s / 0.090ms   bs 4  cheb 8
  k5_kitkat         2.0 km  plain     56  cipher     56   match   0.44s / 0.101ms   bs 4  cheb 8
  k5_kitkat         3.0 km  plain     58  cipher     58   match   0.44s / 0.312ms   bs 4  cheb 8
  k5_kitkat         5.0 km  plain     58  cipher     58   match   0.44s / 0.102ms   bs 4  cheb 8
  k5_jellybean      0.2 km  plain      4  cipher      4   match   0.44s / 0.092ms   bs 4  cheb 8
  k5_jellybean      0.5 km  plain      4  cipher      4   match   0.44s / 0.097ms   bs 4  cheb 8
  k5_jellybean      1.0 km  plain      5  cipher      5   match   0.44s / 0.115ms   bs 4  cheb 8
  k5_jellybean      2.0 km  plain      5  cipher      5   match   0.44s / 0.104ms   bs 4  cheb 8
  k5_jellybean      3.0 km  plain     53  cipher     53   match   0.44s / 0.099ms   bs 4  cheb 8
  k5_jellybean      5.0 km  plain    254  cipher    254   match   0.44s / 0.097ms   bs 4  cheb 8

 12 queries in total, 0 mismatched
Saved: results/result2.txt, results/exp1_<dataset>_summary.csv, results/exp1_all_summary.csv
Device: GPU
Key directory: /root/heaan_setting/FGb/keys/
Keys preloaded: enc, mult, conj, 45 rotation keys
Key loaded
Warm-up encrypt start [GPU]
Warm-up encrypt done
Warm-up bootstrap start
Warm-up bootstrap done

HEAAN ENGINE LOAD SUCCESS [device=GPU]


Niro call log: 204 rows   19 recorded numbers   4 distinct
Number split (3, 4, 4)   normalization denominators (999, 9999, 9999)

Per-row match and existence bit at C = 32
query number   description              exp  answer   exist value    plain  cipher   agreement   nonmatch worst   match worst    MATCH TIME  EXIST TIME  ENC TIME  PLAIN TIME
------------------------------------------------------------------------------------------------------------------------------------------------------
bootstrapping!!
bootstrapping!!
bootstrapping!!
010-5000-2924  original                    1       1   1.0000000002     12     12     32768/32768     1.250e-09     0.9999996194      2.88s      0.46s 228.928ms     0.127ms  bs 27/4
  first 20 slots : [-3.560223716919498e-11, 1.969503029478376e-10, 2.0185038882218276e-10, -4.18263240671725e-11, 1.3027025174054888e-10, 9.034329679904087e-11, -1.1844924326113466e-10, 8.496512465899998e-11, 1.31155834068263e-10, -1.1494908816698122e-10, -3.109543587030653e-11, -4.0389449549942643e-10, -3.508310915507564e-10, 2.1084698670379368e-12, 1.7287621012636448e-10, -1.7824972989640834e-11, -1.90372832216056e-10, 1.2429942773351382e-10, 7.751047706410175e-11, 1.841775990259236e-11]
  plain            : [0, 0, 0, 0, 0, 0, 0, 0, 0, 0, 0, 0, 0, 0, 0, 0, 0, 0, 0, 0]
bootstrapping!!
bootstrapping!!
bootstrapping!!
010-5000-2925  one digit, last group       0       0  -0.0000000001      0      0     32768/32768     2.133e-08       n/a        2.86s      0.46s 229.890ms     0.129ms  bs 27/4
bootstrapping!!
bootstrapping!!
bootstrapping!!
010-5100-9080  original                    1       1   1.0000000003      3      3     32768/32768     1.294e-09     0.9999996880      2.86s      0.46s 246.858ms     0.125ms  bs 27/4
  first 20 slots : [-6.36639923913771e-11, -2.965019748206026e-10, -2.5039477731952937e-11, -1.1590579242086292e-10, -5.3588404082961094e-12, -2.3247348429829745e-10, -5.4491635352506014e-11, -4.1451335923293156e-11, -3.880968607773945e-11, 6.987657434139791e-12, -2.932423932607219e-11, -2.85827428512172e-10, -2.2538852248553584e-10, -9.040247530955503e-11, -1.3369266018460264e-10, -3.2959246166164e-11, -3.592978265750674e-10, 3.415628812931898e-11, 2.090853291125556e-10, 8.503321315920376e-11]
  plain            : [0, 0, 0, 0, 0, 0, 0, 0, 0, 0, 0, 0, 0, 0, 0, 0, 0, 0, 0, 0]
bootstrapping!!
bootstrapping!!
bootstrapping!!
010-5100-9081  one digit, last group       0       0  -0.0000000002      0      0     32768/32768     6.697e-09       n/a        2.86s      0.46s 329.273ms     0.152ms  bs 27/4
bootstrapping!!
bootstrapping!!
bootstrapping!!
010-5200-1582  original                    1       1   1.0000000002      2      2     32768/32768     1.187e-09     0.9999996904      2.86s      0.46s 268.124ms     0.130ms  bs 27/4
  first 20 slots : [-6.546707296569544e-11, -2.1204496362356615e-10, 2.951194032653719e-10, 2.6046109797929987e-11, -2.4694799970672737e-11, 6.267318117233692e-12, 4.553790756840359e-11, -1.086398518569691e-10, 1.618276093400218e-10, 2.641290230402188e-11, 5.281894328522896e-11, -1.2815096426772787e-12, 1.0796687378064228e-12, -5.869859413044989e-11, -9.862153992077282e-12, 1.8031406748329005e-11, -4.1185845759226664e-10, 1.3233012935868685e-10, -3.942538266196923e-11, 2.505123346326492e-11]
  plain            : [0, 0, 0, 0, 0, 0, 0, 0, 0, 0, 0, 0, 0, 0, 0, 0, 0, 0, 0, 0]
bootstrapping!!
bootstrapping!!
bootstrapping!!
010-5200-1583  one digit, last group       0       0  -0.0000000003      0      0     32768/32768     5.134e-09       n/a        2.86s      0.46s 243.238ms     0.118ms  bs 27/4
bootstrapping!!
bootstrapping!!
bootstrapping!!
006-5300-4858  original                    1       1   1.0000000007      2      2     32768/32768     1.198e-09     0.9999996984      2.86s      0.46s 242.196ms     0.121ms  bs 27/4
  first 20 slots : [-7.057181156029548e-12, 2.993834835316007e-10, 1.6887147049066332e-10, 1.6066091099842272e-12, 8.999406834512384e-11, -3.9546897452168463e-10, -1.0380857324802338e-10, -1.0499075262929527e-10, 1.9414516434296766e-14, -1.7360711842493358e-10, -1.5295977677131005e-11, -1.7915054694076385e-10, 1.3764837546776333e-10, 5.699195495028596e-10, -2.239770645232008e-11, 4.481451401233927e-11, -2.2066108041929536e-10, -1.9290473137885198e-10, 1.4089234571734935e-10, 1.8708136338040814e-11]
  plain            : [0, 0, 0, 0, 0, 0, 0, 0, 0, 0, 0, 0, 0, 0, 0, 0, 0, 0, 0, 0]
bootstrapping!!
bootstrapping!!
bootstrapping!!
006-5300-4859  one digit, last group       0       0  -0.0000000001      0      0     32768/32768     3.220e-08       n/a        2.86s      0.46s 249.447ms     0.126ms  bs 27/4
bootstrapping!!
bootstrapping!!
bootstrapping!!
020-5000-2924  one digit, first group      0       0  -0.0000000002      0      0     32768/32768     9.703e-09       n/a        2.86s      0.46s 231.868ms     0.121ms  bs 27/4
bootstrapping!!
bootstrapping!!
bootstrapping!!
010-5010-2924  one digit, middle group     0       0  -0.0000000001      0      0     32768/32768     9.828e-09       n/a        2.86s      0.46s 254.676ms     0.121ms  bs 27/4
bootstrapping!!
bootstrapping!!
bootstrapping!!
010-1111-2222  not in the log              0       0  -0.0000000003      0      0     32768/32768     1.073e-09       n/a        2.86s      0.46s 327.489ms     0.124ms  bs 27/4

 11 queries in total, 0 wrong

Existence bit as the declared bound C grows
query number        C   exp  answer    exist value   verdict      EXIST TIME
--------------------------------------------------------------------------------------------------------
010-5000-2924        32     1       1   1.0000000002     correct          0.44s
010-5000-2924       256     1       1   0.9999999996     correct          0.44s
010-5000-2924      2048     1       1   0.9999999998     correct          0.44s
010-1111-2222        32     0       0  -0.0000000003     correct          0.44s
010-1111-2222       256     0       0   0.0000000004     correct          0.44s
010-1111-2222      2048     0       0  -0.0000000002     correct          0.44s

SUMMARY
  match check  11 queries, 0 wrong
  bound check  6 existence calls over C in [32, 256, 2048] , 0 wrong
Saved: results/result2.txt, results/exp2_niro_match_summary.csv, results/exp2_niro_maxcount_sweep.csv
Device: GPU
Key directory: /root/heaan_setting/FGb/keys/
Keys preloaded: enc, mult, conj, 45 rotation keys
Key loaded
Warm-up encrypt start [GPU]
Warm-up encrypt done
Warm-up bootstrap start
Warm-up bootstrap done

HEAAN ENGINE LOAD SUCCESS [device=GPU]


Avante EDR log: 16 recorded rows, 11 rows with a recorded speed
Query parameters encrypted in 153.896 ms

Speed increase (1 means the speed rose from the previous row)
  cipher [1, 1, 1, 1, 1, 1, 1, 1, 1, 1, 0]
  plain  [1, 1, 1, 1, 1, 1, 1, 1, 1, 1, 0]
  agree  11 / 11
  rows where false   worst reading  9.354e-11
  rows where true    worst reading  0.9999999989   best 1.0000000011
  TIME 0.46 s   PLAIN TIME 0.517 ms   BS 4  CHEB 8

Overspeed (1 means the speed exceeds 60 km/h)
  cipher [0, 0, 0, 0, 0, 0, 1, 1, 1, 1, 0]
  plain  [0, 0, 0, 0, 0, 0, 1, 1, 1, 1, 0]
  agree  11 / 11
  rows where false   worst reading  1.219e-09
  rows where true    worst reading  1.0000000001   best 1.0000000008
  TIME 0.43 s   PLAIN TIME 0.086 ms   BS 4  CHEB 8

Time window: -3000.0 to -1000.0
  cipher [0, 0, 0, 0, 0, 1, 1, 1, 1, 0, 0, 0, 0, 0, 0, 0]
  plain  [0, 0, 0, 0, 0, 1, 1, 1, 1, 0, 0, 0, 0, 0, 0, 0]
  agree  32768 / 32768   (padding included)
  rows where false   worst reading  3.046e-09
  rows where true    worst reading  0.9999999994   best 1.0000000010
  TIME 0.88 s   PLAIN TIME 0.115 ms   BS 8  CHEB 16

row  t_rel  speed |    incr out  p |     over out  p |      win out  p
--------------------------------------------------------------------------
  0   -5020     42 |  1.0000000007  1 | -0.0000000001  0 | -0.0000000003  0
  1   -4520     46 |  0.9999999997  1 | -0.0000000007  0 |  0.0000000006  0
  2   -4020     50 |  0.9999999989  1 |  0.0000000008  0 |  0.0000000006  0
  3   -3520     53 |  1.0000000004  1 | -0.0000000002  0 | -0.0000000002  0
  4   -3020     56 |  1.0000000000  1 |  0.0000000012  0 | -0.0000000002  0
  5   -2520     59 |  1.0000000008  1 | -0.0000000001  0 |  1.0000000010  1
  6   -2020     61 |  1.0000000003  1 |  1.0000000001  1 |  0.9999999994  1
  7   -1520     64 |  1.0000000011  1 |  1.0000000007  1 |  1.0000000002  1
  8   -1020     66 |  0.9999999998  1 |  1.0000000008  1 |  1.0000000002  1
  9    -520     68 |  1.0000000000  1 |  1.0000000003  1 | -0.0000000003  0
 10     -20      5 | -0.0000000001  0 | -0.0000000002  0 |  0.0000000002  0
 11     -20     -1 |             .  . |             .  . |  0.0000000003  0
 12      -3     -1 |             .  . |             .  . |  0.0000000007  0
 13       0     -1 |             .  . |             .  . | -0.0000000012  0
 14       5     -1 |             .  . |             .  . | -0.0000000003  0
 15      11     -1 |             .  . |             .  . |  0.0000000003  0

 3 predicates in total, 0 mismatched
Saved: results/result2.txt, results/exp3_avante_summary.csv, results/exp3_avante_rows.csv
 
 ****************************************************************************** 
 *                                                                            * 
 *               STARTING cba72948-545f-3cab-9ee3-f6078a90bf4e                * 
 *                                                                            * 
 ****************************************************************************** 
 executing: bash
