Device: GPU
Key directory: /root/heaan_setting/FGb/keys/
Keys preloaded: enc, mult, conj, 45 rotation keys
Key loaded
Warm-up encrypt start [GPU]
Warm-up encrypt done
Warm-up bootstrap start
Warm-up bootstrap done

HEAAN ENGINE LOAD SUCCESS [device=GPU]


[k5_kitkat] 6820 of 6820 rows used, 246 rows with coordinates
Query center 37.31808 127.12741  projected to 211293.56 524321.29

  stat    radius     plain   cipher     agreement   outside worst   inside worst   inside best      TIME    ENC TIME     PLAIN TIME
  OK       0.2 km        3        3   32768/32768     3.413e-09     0.7715958123   1.0000000004     0.46s    41.471ms      0.100ms   bs  4  cheb   8
  first 20 slots : [4.2598496643717513e-10, -4.913158211091486e-10, 2.175304405982339e-10, -2.80144231526569e-10, -1.9511182095332915e-10, -4.824811398247825e-10, 5.582973662470411e-10, -1.8209115261172062e-10, 5.88047990573693e-12, 2.5532801231710476e-11, -1.77691822576768e-10, -4.5712706489553847e-10, -3.676865626853663e-10, 2.3729887124738395e-10, 3.587154217148779e-10, 3.454050557245142e-10, -8.021309046123125e-10, 2.337749657865653e-10, 2.1228038068754583e-10, 4.1097775531801526e-10]
  plain            : [0, 0, 0, 0, 0, 0, 0, 0, 0, 0, 0, 0, 0, 0, 0, 0, 0, 0, 0, 0]
  OK       0.5 km       13       13   32768/32768     3.552e-09     1.0000000000   1.0000000009     0.44s    38.098ms      0.421ms   bs  4  cheb   8
  first 20 slots : [-5.107231290859058e-10, 3.2254648092886254e-10, -6.837596122302626e-10, 3.506964033116386e-10, 1.0000000005607896, 4.1054275623374343e-10, -2.9138622428248834e-11, -1.9345315293808795e-10, -4.991924765458587e-10, 1.6981662755956485e-10, -1.8695595680135816e-10, 5.041178888908766e-10, -7.13877027298218e-11, -3.586228009186004e-10, -9.205570078668729e-11, -7.196823071176326e-11, -7.219147108575949e-10, 1.0000000008444894, 2.5367635611615703e-10, -3.5481578990458625e-10]
  plain            : [0, 0, 0, 0, 1, 0, 0, 0, 0, 0, 0, 0, 0, 0, 0, 0, 0, 1, 0, 0]
  OK       1.0 km       52       52   32768/32768     3.193e-09     0.9999999984   1.0000000010     0.45s    34.758ms      0.092ms   bs  4  cheb   8
  first 20 slots : [-3.918537633839428e-10, 9.925336053870884e-11, 2.0628285775026556e-10, 6.861814238891203e-10, 0.9999999999801461, -8.372905198780017e-10, -8.678171244181511e-10, 1.0252271741192265e-09, 5.465402199495957e-10, 1.7136346733588778e-10, 3.526178832334875e-10, 9.197443248623434e-10, 1.2203484975604537e-09, -8.415489201090005e-10, -2.6368617893533427e-11, -3.58926954710591e-10, 4.4973511500416185e-10, 1.0000000009953216, -5.379978219127018e-10, 2.2889484794664293e-10]
  plain            : [0, 0, 0, 0, 1, 0, 0, 0, 0, 0, 0, 0, 0, 0, 0, 0, 0, 1, 0, 0]
  OK       2.0 km       56       56   32768/32768     4.397e-09     0.9999999988   1.0000000010     0.44s    42.489ms      0.093ms   bs  4  cheb   8
  first 20 slots : [-1.8530831795449768e-10, -5.641623226099351e-11, 4.5396955612113477e-10, 3.483911924602246e-10, 1.0000000007354612, 8.848991009887319e-11, -4.101334996224313e-10, 4.4104687166179996e-10, -1.6933022133971353e-10, 2.7566576280797297e-10, 5.4582911852648276e-11, 6.561896900645465e-10, 7.526885135681651e-10, 3.0541998219752915e-10, -8.352861471057646e-11, -3.6985261996434723e-10, 1.7411787053599278e-10, 1.000000000105754, 2.897420025798589e-10, 1.6036528603529545e-10]
  plain            : [0, 0, 0, 0, 1, 0, 0, 0, 0, 0, 0, 0, 0, 0, 0, 0, 0, 1, 0, 0]
  OK       3.0 km       58       58   32768/32768     2.801e-09     0.9999999986   1.0000000014     0.46s    43.250ms      0.432ms   bs  4  cheb   8
  first 20 slots : [-1.3529373690865314e-10, -1.2952877263275073e-10, -1.2110609583254364e-09, -2.0004074658356638e-10, 1.0000000000062361, -7.46185728553185e-10, 1.9137980267642477e-10, 5.187562799779923e-10, 5.103132254839382e-10, -9.898757277895468e-11, -2.2506342781395538e-10, -1.739179247693969e-10, 1.9034751938069369e-10, 1.6190931473885956e-11, -3.3397081474788656e-10, 1.2591765918352857e-11, -9.234052843679321e-10, 0.9999999999778952, -4.452475365055457e-10, -3.165484578174623e-10]
  plain            : [0, 0, 0, 0, 1, 0, 0, 0, 0, 0, 0, 0, 0, 0, 0, 0, 0, 1, 0, 0]
  OK       5.0 km       58       58   32768/32768     3.379e-09     0.9999999983   1.0000000016     0.44s    38.300ms      0.094ms   bs  4  cheb   8
  first 20 slots : [-7.697943853511451e-10, -2.1260041692414454e-10, -4.808044211728996e-10, 2.8768652093021984e-11, 0.9999999998496649, 1.2959280378125426e-11, -8.255938841344075e-10, 2.1094413667443482e-10, -7.022828701624116e-10, -8.407861244374392e-11, -1.1554508721382111e-10, 4.660142062535455e-10, -2.6250414272527573e-10, -3.3376002288036747e-11, -1.903759551148715e-10, -3.1333122729248797e-10, -1.3467119452696587e-10, 1.0000000011502823, -2.7501149005010495e-10, -1.5534678034732297e-10]
  plain            : [0, 0, 0, 0, 1, 0, 0, 0, 0, 0, 0, 0, 0, 0, 0, 0, 0, 1, 0, 0]

[k5_jellybean] 613 of 613 rows used, 330 rows with coordinates
Query center 37.86484 127.05997  projected to 205276.97 584999.58

  stat    radius     plain   cipher     agreement   outside worst   inside worst   inside best      TIME    ENC TIME     PLAIN TIME
  OK       0.2 km        4        4   32768/32768     3.037e-09     0.9977165129   1.0000000004     0.44s    40.783ms      0.110ms   bs  4  cheb   8
  first 20 slots : [-1.5897747514547364e-10, 2.377570315529794e-11, -1.8787471423566333e-10, 1.021347955761149e-10, -1.2065196965430493e-09, 8.898459219828461e-10, -5.592445141292479e-10, -2.3906255972658054e-10, 4.723801117797749e-10, 4.537370482254198e-11, -1.2484061943937284e-10, 4.369908215509356e-10, -4.990190130720255e-10, -7.583855358504156e-10, -1.8278469087867175e-10, -3.555347603233897e-10, 5.152278463762205e-10, -6.934605687983356e-10, 2.618309049417151e-10, -4.336339990105669e-10]
  plain            : [0, 0, 0, 0, 0, 0, 0, 0, 0, 0, 0, 0, 0, 0, 0, 0, 0, 0, 0, 0]
  OK       0.5 km        4        4   32768/32768     3.749e-09     0.9999999998   1.0000000003     0.44s    39.838ms      0.098ms   bs  4  cheb   8
  first 20 slots : [4.947702378364441e-10, 2.6943581442223644e-10, 7.936468180038497e-10, 3.7238339149848696e-10, 3.7285661883465496e-10, 2.638420442116806e-10, 3.9208515662935593e-10, -4.869130464771757e-11, -2.7815526318768357e-10, -4.023487453404283e-10, 2.7520193370524146e-10, 1.1214798712240294e-09, -1.1400002166101625e-09, -7.403416498314748e-12, -3.7658178949379687e-10, 2.0585043364822743e-10, -3.093221592919468e-10, -1.215381259110052e-09, 2.3109756006243308e-10, 2.415388339868898e-10]
  plain            : [0, 0, 0, 0, 0, 0, 0, 0, 0, 0, 0, 0, 0, 0, 0, 0, 0, 0, 0, 0]
  OK       1.0 km        5        5   32768/32768     4.126e-09     1.0000000001   1.0000000007     0.44s    39.603ms      0.095ms   bs  4  cheb   8
  first 20 slots : [2.3898155569513284e-10, 1.6892568723430455e-10, -7.131945093208457e-11, 4.746244176130078e-10, -3.391387605779082e-11, -1.89764413878365e-10, -3.73324249200057e-11, 1.5550043365500167e-10, 1.424356569776329e-10, 7.219068857385471e-11, 6.189479392652893e-10, -4.075676868879376e-10, 2.1990016350144457e-10, 2.6612342031301175e-10, -4.1906529537323853e-10, 3.0624920920607525e-10, 3.127791087744333e-11, -1.1062496929659393e-09, -1.760034018287707e-10, 4.563476172265267e-10]
  plain            : [0, 0, 0, 0, 0, 0, 0, 0, 0, 0, 0, 0, 0, 0, 0, 0, 0, 0, 0, 0]
  OK       2.0 km        5        5   32768/32768     2.864e-09     0.9999999993   1.0000000003     0.44s    34.649ms      0.319ms   bs  4  cheb   8
  first 20 slots : [5.606172217117781e-10, 2.622673873074318e-11, 2.2273824181399841e-10, 2.660563040812972e-10, 7.086272338549242e-10, 7.389826724782061e-11, 3.231165795873324e-10, 3.5707577165429955e-10, 9.828791350550118e-10, 8.495869139759644e-12, 2.849353406287877e-10, 2.8630685314988526e-10, -2.633881460346096e-10, -1.0336784337956162e-09, -4.141090995079337e-10, 1.888951148159518e-10, 1.0139182517744832e-09, 3.557350215689181e-10, 1.3405944331830274e-10, -3.920467467590764e-10]
  plain            : [0, 0, 0, 0, 0, 0, 0, 0, 0, 0, 0, 0, 0, 0, 0, 0, 0, 0, 0, 0]
  OK       3.0 km       53       53   32768/32768     2.988e-09     0.9999999989   1.0000000018     0.44s    32.389ms      0.117ms   bs  4  cheb   8
  first 20 slots : [-8.40124648030062e-10, 1.000000000142394, -4.4622685889314175e-10, 1.0000000001939142, -3.3751707867623516e-10, -6.614921918755386e-10, -5.368987560821243e-10, -9.491511002972881e-11, -8.160132162854972e-11, -5.237987451531437e-10, -1.9728003126044303e-10, 1.8235866601701195e-10, 2.767851467867831e-11, 1.0000000000715485, 6.661545459182343e-11, -4.21045217244381e-10, 3.3379818491435807e-10, 2.9326065261161416e-10, -3.0841415145743346e-10, 1.0000000001304914]
  plain            : [0, 1, 0, 1, 0, 0, 0, 0, 0, 0, 0, 0, 0, 1, 0, 0, 0, 0, 0, 1]
  OK       5.0 km      254      254   32768/32768     3.297e-09     0.9999999989   1.0000000015     0.44s    41.170ms      0.092ms   bs  4  cheb   8
  first 20 slots : [-1.5173581308117544e-10, 1.0000000005707024, -8.714839419294044e-10, 0.9999999999501443, 3.6337289508773804e-12, -1.6640300383310844e-09, 4.406786214024097e-10, 7.16704386550827e-10, -7.655181666553314e-10, -4.061394807132791e-10, -2.4450374383832333e-10, 1.0570348656384824e-09, 5.373451550195651e-10, 1.0000000002996268, -4.1300521383285094e-10, 1.3748032733626535e-10, 1.0000000003602265, 7.111318408433653e-10, -2.894624019781508e-10, 0.9999999997885264]
  plain            : [0, 1, 0, 1, 0, 0, 0, 0, 0, 0, 0, 0, 0, 1, 0, 0, 1, 0, 0, 1]

SUMMARY
  k5_kitkat         0.2 km  plain      3  cipher      3   match   0.46s / 0.100ms   bs 4  cheb 8
  k5_kitkat         0.5 km  plain     13  cipher     13   match   0.44s / 0.421ms   bs 4  cheb 8
  k5_kitkat         1.0 km  plain     52  cipher     52   match   0.45s / 0.092ms   bs 4  cheb 8
  k5_kitkat         2.0 km  plain     56  cipher     56   match   0.44s / 0.093ms   bs 4  cheb 8
  k5_kitkat         3.0 km  plain     58  cipher     58   match   0.46s / 0.432ms   bs 4  cheb 8
  k5_kitkat         5.0 km  plain     58  cipher     58   match   0.44s / 0.094ms   bs 4  cheb 8
  k5_jellybean      0.2 km  plain      4  cipher      4   match   0.44s / 0.110ms   bs 4  cheb 8
  k5_jellybean      0.5 km  plain      4  cipher      4   match   0.44s / 0.098ms   bs 4  cheb 8
  k5_jellybean      1.0 km  plain      5  cipher      5   match   0.44s / 0.095ms   bs 4  cheb 8
  k5_jellybean      2.0 km  plain      5  cipher      5   match   0.44s / 0.319ms   bs 4  cheb 8
  k5_jellybean      3.0 km  plain     53  cipher     53   match   0.44s / 0.117ms   bs 4  cheb 8
  k5_jellybean      5.0 km  plain    254  cipher    254   match   0.44s / 0.092ms   bs 4  cheb 8

 12 queries in total, 0 mismatched
Saved: results/result2.txt, results/exp1_<dataset>_summary.csv, results/exp1_all_summary.csv
Device: GPU
Key directory: /root/heaan_setting/FGb/keys/
Keys preloaded: enc, mult, conj, 45 rotation keys
Key loaded
Warm-up encrypt start [GPU]
Warm-up encrypt done
Warm-up bootstrap start
Warm-up bootstrap done

HEAAN ENGINE LOAD SUCCESS [device=GPU]


Niro call log: 204 rows   19 recorded numbers   4 distinct
Number split (3, 4, 4)   normalization denominators (999, 9999, 9999)

Per-row match and existence bit at C = 32
query number   description              exp  answer   exist value    plain  cipher   agreement   nonmatch worst   match worst    MATCH TIME  EXIST TIME  ENC TIME  PLAIN TIME
------------------------------------------------------------------------------------------------------------------------------------------------------
bootstrapping!!
bootstrapping!!
bootstrapping!!
010-5000-2924  original                    1       1   1.0000000003     12     12     32768/32768     1.140e-09     0.9999996743      2.90s      0.46s 236.658ms     0.125ms  bs 27/4
  first 20 slots : [-9.66396366989317e-11, 3.7110925200334153e-10, -2.277298104494828e-10, 8.7573241333651e-11, -4.0336677570248635e-11, 4.045276668108486e-10, -8.904488329262708e-11, -1.107064111907728e-10, 9.073491825751941e-11, -1.662952120789109e-11, -5.407549743384951e-11, 1.3123632743365984e-10, 6.028617285555992e-10, -3.059168079433266e-10, 9.062024293544793e-11, -6.861982246542016e-11, 4.3474095654496515e-10, 3.671934873435202e-10, -4.6642496680080415e-11, 4.976699994380664e-11]
  plain            : [0, 0, 0, 0, 0, 0, 0, 0, 0, 0, 0, 0, 0, 0, 0, 0, 0, 0, 0, 0]
bootstrapping!!
bootstrapping!!
bootstrapping!!
010-5000-2925  one digit, last group       0       0   0.0000000002      0      0     32768/32768     1.039e-08       n/a        2.87s      0.46s 221.978ms     0.128ms  bs 27/4
bootstrapping!!
bootstrapping!!
bootstrapping!!
010-5100-9080  original                    1       1   0.9999999998      3      3     32768/32768     1.151e-09     0.9999996887      2.87s      0.46s 258.891ms     0.129ms  bs 27/4
  first 20 slots : [-1.4084995677240904e-10, 1.4957734785600642e-10, -2.704543722874588e-10, -4.079833812663391e-11, -2.777837829552475e-11, 2.3728655203882893e-10, 9.537108418341431e-11, 2.2552404585827373e-11, -1.406885300740969e-10, -3.1452309983155534e-12, 5.53466986054349e-12, -1.5902920098270987e-10, -2.1077300608947417e-10, 1.4398868991622483e-11, 5.11596810752289e-11, -3.474645525506502e-11, 2.658279775865774e-11, -4.327220381804211e-11, 2.422275178299842e-10, 1.221314454225177e-11]
  plain            : [0, 0, 0, 0, 0, 0, 0, 0, 0, 0, 0, 0, 0, 0, 0, 0, 0, 0, 0, 0]
bootstrapping!!
bootstrapping!!
bootstrapping!!
010-5100-9081  one digit, last group       0       0  -0.0000000004      0      0     32768/32768     3.837e-09       n/a        2.86s      0.46s 319.769ms     0.124ms  bs 27/4
bootstrapping!!
bootstrapping!!
bootstrapping!!
010-5200-1582  original                    1       1   1.0000000001      2      2     32768/32768     1.500e-09     0.9999996839      2.87s      0.46s 237.244ms     0.126ms  bs 27/4
  first 20 slots : [9.506995623045354e-12, 1.8487362379452767e-10, 1.4055665990249659e-11, 2.0877633854690514e-11, 2.2592026313269847e-10, -2.7225746255373217e-10, 8.909453249313978e-11, 1.780069457006627e-10, 8.256714140403953e-11, 5.883590115168792e-11, -9.591575140553974e-12, -1.2076777090890035e-10, 1.323704748240346e-10, -3.515159956346482e-10, 9.101730735860324e-11, -2.4669150063673835e-11, 2.8248198839167077e-10, 2.1690483593333973e-10, -1.2560074057373257e-10, 1.2560276899347146e-11]
  plain            : [0, 0, 0, 0, 0, 0, 0, 0, 0, 0, 0, 0, 0, 0, 0, 0, 0, 0, 0, 0]
bootstrapping!!
bootstrapping!!
bootstrapping!!
010-5200-1583  one digit, last group       0       0  -0.0000000002      0      0     32768/32768     1.292e-09       n/a        2.86s      0.46s 263.967ms     0.123ms  bs 27/4
bootstrapping!!
bootstrapping!!
bootstrapping!!
006-5300-4858  original                    1       1   1.0000000000      2      2     32768/32768     1.305e-09     0.9999996866      2.86s      0.46s 375.140ms     0.123ms  bs 27/4
  first 20 slots : [8.733701373762555e-11, 1.4979245890944956e-10, 2.2241776594056163e-10, 1.7760743324874728e-11, -1.5639624608790626e-10, 1.5935859109779004e-10, 1.1565169782174883e-10, -1.590636464734255e-10, 1.0097774237660221e-10, -7.317700305542305e-11, -4.973129901403167e-12, 1.622620528216715e-11, -6.43990472770653e-11, 2.1583291866275387e-10, -6.494500644399309e-11, -2.917542395623167e-11, 3.3798692827924115e-10, -9.303734661257509e-11, -6.502010734582456e-11, 1.5926038880873238e-10]
  plain            : [0, 0, 0, 0, 0, 0, 0, 0, 0, 0, 0, 0, 0, 0, 0, 0, 0, 0, 0, 0]
bootstrapping!!
bootstrapping!!
bootstrapping!!
006-5300-4859  one digit, last group       0       0  -0.0000000001      0      0     32768/32768     8.301e-09       n/a        2.87s      0.46s 235.012ms     0.127ms  bs 27/4
bootstrapping!!
bootstrapping!!
bootstrapping!!
020-5000-2924  one digit, first group      0       0  -0.0000000002      0      0     32768/32768     1.046e-08       n/a        2.87s      0.46s 220.244ms     0.125ms  bs 27/4
bootstrapping!!
bootstrapping!!
bootstrapping!!
010-5010-2924  one digit, middle group     0       0  -0.0000000001      0      0     32768/32768     1.361e-08       n/a        2.87s      0.46s 267.280ms     0.131ms  bs 27/4
bootstrapping!!
bootstrapping!!
bootstrapping!!
010-1111-2222  not in the log              0       0  -0.0000000001      0      0     32768/32768     1.541e-09       n/a        2.87s      0.46s 331.268ms     0.176ms  bs 27/4

 11 queries in total, 0 wrong

Existence bit as the declared bound C grows
query number        C   exp  answer    exist value   verdict      EXIST TIME
--------------------------------------------------------------------------------------------------------
010-5000-2924        32     1       1   1.0000000003     correct          0.44s
010-5000-2924       256     1       1   1.0000000005     correct          0.44s
010-5000-2924      2048     1       1   0.9999999999     correct          0.44s
010-1111-2222        32     0       0  -0.0000000001     correct          0.44s
010-1111-2222       256     0       0   0.0000000006     correct          0.44s
010-1111-2222      2048     0       0  -0.0000000003     correct          0.44s

SUMMARY
  match check  11 queries, 0 wrong
  bound check  6 existence calls over C in [32, 256, 2048] , 0 wrong
Saved: results/result2.txt, results/exp2_niro_match_summary.csv, results/exp2_niro_maxcount_sweep.csv
Device: GPU
Key directory: /root/heaan_setting/FGb/keys/
Keys preloaded: enc, mult, conj, 45 rotation keys
Key loaded
Warm-up encrypt start [GPU]
Warm-up encrypt done
Warm-up bootstrap start
Warm-up bootstrap done

HEAAN ENGINE LOAD SUCCESS [device=GPU]


Avante EDR log: 16 recorded rows, 11 rows with a recorded speed
Query parameters encrypted in 135.12 ms

Speed increase (1 means the speed rose from the previous row)
  cipher [1, 1, 1, 1, 1, 1, 1, 1, 1, 1, 0]
  plain  [1, 1, 1, 1, 1, 1, 1, 1, 1, 1, 0]
  agree  11 / 11
  rows where false   worst reading  4.073e-12
  rows where true    worst reading  0.9999999994   best 1.0000000008
  TIME 0.45 s   PLAIN TIME 0.526 ms   BS 4  CHEB 8

Overspeed (1 means the speed exceeds 60 km/h)
  cipher [0, 0, 0, 0, 0, 0, 1, 1, 1, 1, 0]
  plain  [0, 0, 0, 0, 0, 0, 1, 1, 1, 1, 0]
  agree  11 / 11
  rows where false   worst reading  8.017e-10
  rows where true    worst reading  0.9999999996   best 1.0000000003
  TIME 0.43 s   PLAIN TIME 0.088 ms   BS 4  CHEB 8

Time window: -3000.0 to -1000.0
  cipher [0, 0, 0, 0, 0, 1, 1, 1, 1, 0, 0, 0, 0, 0, 0, 0]
  plain  [0, 0, 0, 0, 0, 1, 1, 1, 1, 0, 0, 0, 0, 0, 0, 0]
  agree  32768 / 32768   (padding included)
  rows where false   worst reading  3.027e-09
  rows where true    worst reading  0.9999999991   best 1.0000000006
  TIME 0.87 s   PLAIN TIME 0.112 ms   BS 8  CHEB 16

row  t_rel  speed |    incr out  p |     over out  p |      win out  p
--------------------------------------------------------------------------
  0   -5020     42 |  1.0000000004  1 | -0.0000000001  0 | -0.0000000004  0
  1   -4520     46 |  0.9999999994  1 | -0.0000000003  0 |  0.0000000001  0
  2   -4020     50 |  0.9999999995  1 | -0.0000000000  0 | -0.0000000001  0
  3   -3520     53 |  1.0000000006  1 | -0.0000000003  0 | -0.0000000005  0
  4   -3020     56 |  1.0000000001  1 |  0.0000000001  0 |  0.0000000005  0
  5   -2520     59 |  1.0000000001  1 |  0.0000000008  0 |  0.9999999996  1
  6   -2020     61 |  1.0000000003  1 |  0.9999999998  1 |  0.9999999993  1
  7   -1520     64 |  1.0000000008  1 |  0.9999999996  1 |  1.0000000006  1
  8   -1020     66 |  1.0000000002  1 |  1.0000000003  1 |  0.9999999991  1
  9    -520     68 |  1.0000000003  1 |  1.0000000001  1 | -0.0000000003  0
 10     -20      5 |  0.0000000000  0 | -0.0000000001  0 |  0.0000000002  0
 11     -20     -1 |             .  . |             .  . | -0.0000000001  0
 12      -3     -1 |             .  . |             .  . |  0.0000000005  0
 13       0     -1 |             .  . |             .  . | -0.0000000007  0
 14       5     -1 |             .  . |             .  . | -0.0000000002  0
 15      11     -1 |             .  . |             .  . |  0.0000000005  0

 3 predicates in total, 0 mismatched
Saved: results/result2.txt, results/exp3_avante_summary.csv, results/exp3_avante_rows.csv
 
 ****************************************************************************** 
 *                                                                            * 
 *               STARTING cba72948-545f-3cab-9ee3-f6078a90bf4e                * 
 *                                                                            * 
 ****************************************************************************** 
 executing: bash
