Device: GPU
Key directory: /root/heaan_setting/FGb/keys/
Keys preloaded: enc, mult, conj, 45 rotation keys
Key loaded
Warm-up encrypt start [GPU]
Warm-up encrypt done
Warm-up bootstrap start
Warm-up bootstrap done

HEAAN ENGINE LOAD SUCCESS [device=GPU]


[k5_kitkat] 6820 of 6820 rows used, 246 rows with coordinates
Query center 37.31808 127.12741  projected to 211293.56 524321.29

  stat    radius     plain   cipher     agreement   outside worst   inside worst   inside best      TIME    ENC TIME     PLAIN TIME
  OK       0.2 km        3        3   32768/32768     3.466e-09     0.8617043339   0.9999999998     0.45s    38.897ms      0.091ms   bs  4  cheb   8
  first 20 slots : [1.0532761144346635e-11, -7.707706365364367e-10, -2.8508646517044435e-11, 4.641379208702054e-10, 1.1913159131536052e-09, 3.3026631384478723e-10, -2.3020048478949422e-10, -1.7145107711030607e-10, -3.614454948169529e-11, 2.289819351271931e-10, -3.301695726081874e-10, -1.474429143987765e-10, -3.5911083173492406e-10, 4.110478590140004e-10, -7.689430798807517e-11, 3.946634145170051e-10, 5.962125338480227e-11, 1.0755465128137577e-09, -4.152285330479764e-10, 6.248375442186036e-11]
  plain            : [0, 0, 0, 0, 0, 0, 0, 0, 0, 0, 0, 0, 0, 0, 0, 0, 0, 0, 0, 0]
  OK       0.5 km       13       13   32768/32768     3.359e-09     0.9999999997   1.0000000005     0.44s    42.536ms      0.095ms   bs  4  cheb   8
  first 20 slots : [-3.9116476115737853e-10, 7.506127415787449e-10, -7.781589279181453e-10, 1.3446443964322974e-10, 1.0000000003808227, -6.467574363026628e-10, 1.3066085849867768e-10, -1.0308696128964021e-10, 4.793702967441659e-10, 1.729840980853877e-10, -1.0751263638249247e-10, -5.5943042554011e-10, 2.2651003430351338e-10, 5.784426172929307e-10, -4.0740512945251605e-10, 5.663120286156419e-10, -1.2953790741529388e-09, 0.9999999997180746, 6.314055986383425e-10, -5.027975686580877e-10]
  plain            : [0, 0, 0, 0, 1, 0, 0, 0, 0, 0, 0, 0, 0, 0, 0, 0, 0, 1, 0, 0]
  OK       1.0 km       52       52   32768/32768     3.423e-09     0.9999999987   1.0000000013     0.43s    71.022ms      0.362ms   bs  4  cheb   8
  first 20 slots : [-5.740881158964706e-10, 4.830213399719768e-10, 1.4961955143610006e-10, -4.969252434036472e-10, 1.000000000921139, 7.258749066861621e-10, -3.235192622094454e-10, -9.069054331081728e-10, 5.994922907461673e-10, -3.7705077139976157e-10, 2.5273675248691323e-10, -1.082965011276438e-09, 5.851602183224491e-10, -2.246502485311082e-10, 4.4571666422884507e-10, -2.5302783865794066e-10, -1.7944771359431302e-09, 1.0000000012806702, -2.2101014197292034e-11, -1.0090112981864117e-10]
  plain            : [0, 0, 0, 0, 1, 0, 0, 0, 0, 0, 0, 0, 0, 0, 0, 0, 0, 1, 0, 0]
  OK       2.0 km       56       56   32768/32768     3.146e-09     0.9999999984   1.0000000016     0.45s    50.687ms      0.115ms   bs  4  cheb   8
  first 20 slots : [-2.804404999795106e-10, 8.828459231318045e-10, 1.0984945774997799e-10, -1.6819530878969747e-10, 1.00000000075154, 1.359767277311719e-10, -2.1419273645730633e-10, 7.191948925804248e-10, 5.017079886658419e-10, -1.9470398563991884e-10, 5.2842359154568436e-11, 8.421972083914834e-11, -3.007049874257557e-10, -1.430088805545958e-09, -6.94849944032247e-11, -7.098497721097149e-10, -8.803551029240412e-10, 0.999999999882847, 7.965461560292123e-10, -3.0338303133500896e-10]
  plain            : [0, 0, 0, 0, 1, 0, 0, 0, 0, 0, 0, 0, 0, 0, 0, 0, 0, 1, 0, 0]
  OK       3.0 km       58       58   32768/32768     2.981e-09     0.9999999987   1.0000000012     0.43s    65.451ms      0.387ms   bs  4  cheb   8
  first 20 slots : [2.8800125834235607e-10, -7.786365189920466e-10, -1.4002683216392002e-10, 2.46867935392052e-10, 1.0000000005446799, -1.3297583220431017e-09, -7.923930237867182e-10, -3.515122104644388e-10, -4.4979468355301434e-10, 3.0873288595301273e-10, -2.4264154887123717e-10, 2.7725500334316826e-10, -1.353629823060756e-09, -5.922705302546784e-10, 6.919419951835257e-11, 4.780949499055032e-10, -9.109701799817129e-10, 1.0000000008714571, 5.133778332460151e-10, -2.5367928651816016e-10]
  plain            : [0, 0, 0, 0, 1, 0, 0, 0, 0, 0, 0, 0, 0, 0, 0, 0, 0, 1, 0, 0]
  OK       5.0 km       58       58   32768/32768     2.783e-09     0.9999999989   1.0000000011     0.45s    64.012ms      0.458ms   bs  4  cheb   8
  first 20 slots : [-2.2600783720932192e-10, -3.4010604919786193e-10, -3.566324708449459e-10, -3.6733847379430017e-10, 1.0000000002413318, -8.448097188238037e-10, -1.4858235581951158e-10, -8.032755495096058e-11, -2.1032131838870892e-10, -4.399868673217397e-10, -3.1378484523001184e-10, -6.497995381805375e-10, -3.5743657265261e-10, -8.599504420272168e-10, 1.4029404161952135e-11, -1.0499963407540427e-10, -3.3913811293115166e-10, 1.0000000008563523, -2.750021500506846e-10, -4.256417091172706e-10]
  plain            : [0, 0, 0, 0, 1, 0, 0, 0, 0, 0, 0, 0, 0, 0, 0, 0, 0, 1, 0, 0]

[k5_jellybean] 613 of 613 rows used, 330 rows with coordinates
Query center 37.86484 127.05997  projected to 205276.97 584999.58

  stat    radius     plain   cipher     agreement   outside worst   inside worst   inside best      TIME    ENC TIME     PLAIN TIME
  OK       0.2 km        4        4   32768/32768     3.128e-09     0.9980564362   1.0000000001     0.45s    66.784ms      0.091ms   bs  4  cheb   8
  first 20 slots : [1.180203328762328e-11, -1.3974699079084398e-10, -3.8771479838581553e-10, -1.8011857094224116e-10, 1.2948536081600302e-10, -1.0447416435786728e-09, 1.5943189225353269e-10, -1.44928042707357e-10, -1.0035133594597258e-09, 3.7756624152730356e-10, -1.866051892493823e-10, 2.1472723829642223e-10, -1.3340424003802868e-09, 1.071761193444439e-09, -3.907555770858613e-10, -4.118242637292131e-10, -5.196404629083555e-10, -2.1280751219757504e-09, -5.915797721138778e-10, -3.448346109099844e-10]
  plain            : [0, 0, 0, 0, 0, 0, 0, 0, 0, 0, 0, 0, 0, 0, 0, 0, 0, 0, 0, 0]
  OK       0.5 km        4        4   32768/32768     3.629e-09     0.9999999998   1.0000000004     0.44s    33.936ms      0.114ms   bs  4  cheb   8
  first 20 slots : [1.7403181140962388e-10, 1.1515655093207632e-09, 8.43716864772163e-10, 4.93799949769378e-10, 7.734779045078327e-11, -6.947575496690321e-10, 3.0793580313721573e-10, 1.9355001657585836e-10, -7.318159302751453e-10, -5.018481582329929e-10, 5.313187059550392e-10, 2.1432629846173862e-10, 2.781441586908685e-10, -1.828422398645742e-10, -1.9424506172700132e-10, -1.5344468873126562e-10, -7.258188003860073e-10, 7.013793284564115e-10, 1.3632034343153102e-10, 4.3193369587407906e-10]
  plain            : [0, 0, 0, 0, 0, 0, 0, 0, 0, 0, 0, 0, 0, 0, 0, 0, 0, 0, 0, 0]
  OK       1.0 km        5        5   32768/32768     3.398e-09     0.9999999995   1.0000000005     0.44s    41.340ms      0.090ms   bs  4  cheb   8
  first 20 slots : [3.425500275141642e-10, -6.491151120340658e-10, 5.302633198447098e-10, 3.652126312691778e-10, -1.3476308624770254e-10, 6.142106141762115e-10, -1.5229396041454628e-10, 6.148162381180079e-10, -6.34132191969459e-10, -1.0479361970664267e-10, 4.0395224119508127e-10, -4.468168977705905e-10, 1.1250135635350144e-09, 2.0322807449626855e-11, 1.733867114813399e-10, -2.001857440274386e-10, -1.7332162971681932e-10, -8.663102615869612e-10, -7.473730582707212e-10, 2.421703903615723e-10]
  plain            : [0, 0, 0, 0, 0, 0, 0, 0, 0, 0, 0, 0, 0, 0, 0, 0, 0, 0, 0, 0]
  OK       2.0 km        5        5   32768/32768     3.181e-09     0.9999999989   1.0000000009     0.43s    49.589ms      0.092ms   bs  4  cheb   8
  first 20 slots : [1.595360734499615e-11, 1.0096255446072073e-10, -1.2704233313575407e-10, 2.6993863000845585e-10, 8.382718266643295e-11, 4.023639828127466e-12, 7.882048705758666e-11, -8.750175596735236e-11, -9.256951210348442e-10, 2.2941144488945407e-10, 6.070755773186307e-10, 1.0338457527170571e-09, 4.5667386508796977e-10, -2.1611613789200636e-10, 1.764998484772721e-10, -2.4796397411707984e-10, 2.6756570134787195e-10, 2.90744568073833e-10, -2.213133012349768e-10, -2.6001563969818373e-10]
  plain            : [0, 0, 0, 0, 0, 0, 0, 0, 0, 0, 0, 0, 0, 0, 0, 0, 0, 0, 0, 0]
  OK       3.0 km       53       53   32768/32768     3.997e-09     0.9999999986   1.0000000016     0.43s    33.403ms      0.111ms   bs  4  cheb   8
  first 20 slots : [-4.73466321931383e-10, 1.0000000006059437, -1.8384525277456165e-10, 1.0000000005185519, -6.962095558587195e-10, 7.801098604548384e-10, -3.049026861495592e-10, 1.8390391566191765e-10, -2.8406176091832964e-10, -3.5781834397554517e-10, -4.659822631064146e-10, 8.882911710528243e-10, -9.845479828133015e-11, 0.9999999985909944, -5.088833515525242e-10, -2.939596292602514e-10, 4.825754694553117e-10, 4.2438982968312865e-10, -5.3171626606359685e-11, 1.0000000002432734]
  plain            : [0, 1, 0, 1, 0, 0, 0, 0, 0, 0, 0, 0, 0, 1, 0, 0, 0, 0, 0, 1]
  OK       5.0 km      254      254   32768/32768     3.967e-09     0.9999999991   1.0000000015     0.43s    45.015ms      0.109ms   bs  4  cheb   8
  first 20 slots : [3.863021385042134e-11, 0.9999999999153857, -2.91318141926445e-10, 0.9999999998519984, 2.377933599187504e-10, -1.2750681437798541e-09, -7.651908625123622e-11, -2.2599404827514286e-10, 1.9927589637654186e-10, -5.322581286542424e-10, -3.987850433031253e-10, 4.4637142427911615e-10, -1.0195001649521096e-09, 1.0000000003218046, 2.5162935533600155e-10, 6.727593992873932e-10, 1.0000000010384582, -6.263778556414303e-11, 5.417980330541729e-10, 1.0000000000063212]
  plain            : [0, 1, 0, 1, 0, 0, 0, 0, 0, 0, 0, 0, 0, 1, 0, 0, 1, 0, 0, 1]

SUMMARY
  k5_kitkat         0.2 km  plain      3  cipher      3   match   0.45s / 0.091ms   bs 4  cheb 8
  k5_kitkat         0.5 km  plain     13  cipher     13   match   0.44s / 0.095ms   bs 4  cheb 8
  k5_kitkat         1.0 km  plain     52  cipher     52   match   0.43s / 0.362ms   bs 4  cheb 8
  k5_kitkat         2.0 km  plain     56  cipher     56   match   0.45s / 0.115ms   bs 4  cheb 8
  k5_kitkat         3.0 km  plain     58  cipher     58   match   0.43s / 0.387ms   bs 4  cheb 8
  k5_kitkat         5.0 km  plain     58  cipher     58   match   0.45s / 0.458ms   bs 4  cheb 8
  k5_jellybean      0.2 km  plain      4  cipher      4   match   0.45s / 0.091ms   bs 4  cheb 8
  k5_jellybean      0.5 km  plain      4  cipher      4   match   0.44s / 0.114ms   bs 4  cheb 8
  k5_jellybean      1.0 km  plain      5  cipher      5   match   0.44s / 0.090ms   bs 4  cheb 8
  k5_jellybean      2.0 km  plain      5  cipher      5   match   0.43s / 0.092ms   bs 4  cheb 8
  k5_jellybean      3.0 km  plain     53  cipher     53   match   0.43s / 0.111ms   bs 4  cheb 8
  k5_jellybean      5.0 km  plain    254  cipher    254   match   0.43s / 0.109ms   bs 4  cheb 8

 12 queries in total, 0 mismatched
Saved: results/result2.txt, results/exp1_<dataset>_summary.csv, results/exp1_all_summary.csv
Device: GPU
Key directory: /root/heaan_setting/FGb/keys/
Keys preloaded: enc, mult, conj, 45 rotation keys
Key loaded
Warm-up encrypt start [GPU]
Warm-up encrypt done
Warm-up bootstrap start
Warm-up bootstrap done

HEAAN ENGINE LOAD SUCCESS [device=GPU]


Niro call log: 204 rows   19 recorded numbers   4 distinct
Number split (3, 4, 4)   normalization denominators (999, 9999, 9999)

Per-row match and existence bit at C = 32
query number   description              exp  answer   exist value    plain  cipher   agreement   nonmatch worst   match worst    MATCH TIME  EXIST TIME  ENC TIME  PLAIN TIME
------------------------------------------------------------------------------------------------------------------------------------------------------
bootstrapping!!
bootstrapping!!
bootstrapping!!
010-5000-2924  original                    1       1   1.0000000003     12     12     32768/32768     1.202e-09     0.9999996597      2.90s      0.46s 354.673ms     0.130ms  bs 27/4
  first 20 slots : [4.4592997864028914e-11, 2.0951509175417172e-10, 1.594890024355072e-10, -4.57515151871021e-11, -3.932728680939398e-12, -4.066883838435149e-10, -8.159041231272046e-11, 3.4714901170856034e-10, 1.7640696490735785e-10, 6.797291300856306e-11, -2.5954733382306636e-11, -5.3986046235197076e-11, -1.0965163110453078e-10, 1.0146353355795053e-10, -6.790983955373585e-11, 1.122976220340715e-10, -5.521965642759683e-10, -6.781182527356526e-11, -7.626396426813422e-11, 3.410345725238222e-11]
  plain            : [0, 0, 0, 0, 0, 0, 0, 0, 0, 0, 0, 0, 0, 0, 0, 0, 0, 0, 0, 0]
bootstrapping!!
bootstrapping!!
bootstrapping!!
010-5000-2925  one digit, last group       0       0  -0.0000000003      0      0     32768/32768     4.172e-08       n/a        2.86s      0.46s 240.897ms     0.131ms  bs 27/4
bootstrapping!!
bootstrapping!!
bootstrapping!!
010-5100-9080  original                    1       1   1.0000000001      3      3     32768/32768     1.262e-09     0.9999996564      2.86s      0.46s 276.587ms     0.132ms  bs 27/4
  first 20 slots : [-3.181039849561082e-11, 9.905548897416295e-12, 9.355854719512986e-11, -4.971157287252549e-11, 1.7933775600348703e-10, 4.8220934036733074e-11, -4.671887014883749e-11, 1.7788747060596718e-10, -1.1637179224509489e-10, 1.1223439394399517e-10, 3.1061760210513306e-11, -8.793031052416079e-11, 4.4325660976096013e-10, -1.3066157016726446e-10, -1.7565042627568618e-10, -3.968519905414858e-11, 3.5111144602471736e-10, 4.788633291904966e-10, 1.303253517499381e-10, -1.6610198107817008e-11]
  plain            : [0, 0, 0, 0, 0, 0, 0, 0, 0, 0, 0, 0, 0, 0, 0, 0, 0, 0, 0, 0]
bootstrapping!!
bootstrapping!!
bootstrapping!!
010-5100-9081  one digit, last group       0       0  -0.0000000000      0      0     32768/32768     1.310e-08       n/a        2.86s      0.46s 270.678ms     0.494ms  bs 27/4
bootstrapping!!
bootstrapping!!
bootstrapping!!
010-5200-1582  original                    1       1   0.9999999999      2      2     32768/32768     1.169e-09     0.9999996821      2.86s      0.46s 308.574ms     0.125ms  bs 27/4
  first 20 slots : [6.64465841779182e-11, 1.934718323144316e-10, 5.797283389696044e-11, -4.304402973325221e-11, 3.8157729589537195e-11, -1.4007892784216877e-10, -3.218348093216646e-11, -1.7815903664467662e-10, 3.305885741015148e-10, -3.5144895591692434e-12, 1.2226492640119369e-11, -1.9210814582258736e-10, 1.5509100120186684e-10, 7.739609620236967e-11, -3.318211692971178e-11, 9.648210223288102e-13, 1.7295071893455974e-10, -4.4341805442646835e-11, 1.1441891573800114e-10, -6.109007118463919e-11]
  plain            : [0, 0, 0, 0, 0, 0, 0, 0, 0, 0, 0, 0, 0, 0, 0, 0, 0, 0, 0, 0]
bootstrapping!!
bootstrapping!!
bootstrapping!!
010-5200-1583  one digit, last group       0       0  -0.0000000000      0      0     32768/32768     4.513e-09       n/a        2.86s      0.46s 244.543ms     0.128ms  bs 27/4
bootstrapping!!
bootstrapping!!
bootstrapping!!
006-5300-4858  original                    1       1   1.0000000001      2      2     32768/32768     1.043e-09     0.9999996887      2.86s      0.46s 227.175ms     0.128ms  bs 27/4
  first 20 slots : [-5.786161690747408e-11, 1.2863428767967974e-11, 2.595806613132518e-11, 2.056198885899471e-11, -2.0468428998842706e-10, 1.2018090070332915e-10, 5.8167282547263197e-11, -1.1384370238442165e-11, 9.250608662934303e-11, 8.414797674809412e-11, -1.697457421948938e-11, -1.89772561567192e-10, -4.774663516496809e-10, 1.7803873793749474e-11, -1.1470671912274756e-11, 1.5531189198863726e-10, 2.122237177001889e-10, 1.8757271428433742e-11, -1.139591979393478e-10, 1.0216424758056059e-10]
  plain            : [0, 0, 0, 0, 0, 0, 0, 0, 0, 0, 0, 0, 0, 0, 0, 0, 0, 0, 0, 0]
bootstrapping!!
bootstrapping!!
bootstrapping!!
006-5300-4859  one digit, last group       0       0   0.0000000002      0      0     32768/32768     2.006e-09       n/a        2.86s      0.46s 319.267ms     0.125ms  bs 27/4
bootstrapping!!
bootstrapping!!
bootstrapping!!
020-5000-2924  one digit, first group      0       0  -0.0000000004      0      0     32768/32768     2.293e-08       n/a        2.86s      0.46s 242.398ms     0.126ms  bs 27/4
bootstrapping!!
bootstrapping!!
bootstrapping!!
010-5010-2924  one digit, middle group     0       0   0.0000000003      0      0     32768/32768     3.044e-09       n/a        2.86s      0.46s 260.287ms     0.131ms  bs 27/4
bootstrapping!!
bootstrapping!!
bootstrapping!!
010-1111-2222  not in the log              0       0  -0.0000000003      0      0     32768/32768     1.162e-09       n/a        2.86s      0.46s 245.232ms     0.124ms  bs 27/4

 11 queries in total, 0 wrong

Existence bit as the declared bound C grows
query number        C   exp  answer    exist value   verdict      EXIST TIME
--------------------------------------------------------------------------------------------------------
010-5000-2924        32     1       1   1.0000000003     correct          0.44s
010-5000-2924       256     1       1   0.9999999997     correct          0.44s
010-5000-2924      2048     1       1   1.0000000004     correct          0.44s
010-1111-2222        32     0       0  -0.0000000003     correct          0.44s
010-1111-2222       256     0       0   0.0000000001     correct          0.44s
010-1111-2222      2048     0       0  -0.0000000006     correct          0.44s

SUMMARY
  match check  11 queries, 0 wrong
  bound check  6 existence calls over C in [32, 256, 2048] , 0 wrong
Saved: results/result2.txt, results/exp2_niro_match_summary.csv, results/exp2_niro_maxcount_sweep.csv
Device: GPU
Key directory: /root/heaan_setting/FGb/keys/
Keys preloaded: enc, mult, conj, 45 rotation keys
Key loaded
Warm-up encrypt start [GPU]
Warm-up encrypt done
Warm-up bootstrap start
Warm-up bootstrap done

HEAAN ENGINE LOAD SUCCESS [device=GPU]


Avante EDR log: 16 recorded rows, 11 rows with a recorded speed
Query parameters encrypted in 124.355 ms

Speed increase (1 means the speed rose from the previous row)
  cipher [1, 1, 1, 1, 1, 1, 1, 1, 1, 1, 0]
  plain  [1, 1, 1, 1, 1, 1, 1, 1, 1, 1, 0]
  agree  11 / 11
  rows where false   worst reading  1.831e-12
  rows where true    worst reading  0.9999999994   best 1.0000000007
  TIME 0.45 s   PLAIN TIME 0.561 ms   BS 4  CHEB 8

Overspeed (1 means the speed exceeds 60 km/h)
  cipher [0, 0, 0, 0, 0, 0, 1, 1, 1, 1, 0]
  plain  [0, 0, 0, 0, 0, 0, 1, 1, 1, 1, 0]
  agree  11 / 11
  rows where false   worst reading  7.406e-10
  rows where true    worst reading  0.9999999996   best 1.0000000008
  TIME 0.43 s   PLAIN TIME 0.088 ms   BS 4  CHEB 8

Time window: -3000.0 to -1000.0
  cipher [0, 0, 0, 0, 0, 1, 1, 1, 1, 0, 0, 0, 0, 0, 0, 0]
  plain  [0, 0, 0, 0, 0, 1, 1, 1, 1, 0, 0, 0, 0, 0, 0, 0]
  agree  32768 / 32768   (padding included)
  rows where false   worst reading  4.616e-09
  rows where true    worst reading  0.9999999995   best 1.0000000002
  TIME 0.87 s   PLAIN TIME 0.137 ms   BS 8  CHEB 16

row  t_rel  speed |    incr out  p |     over out  p |      win out  p
--------------------------------------------------------------------------
  0   -5020     42 |  1.0000000003  1 | -0.0000000001  0 | -0.0000000001  0
  1   -4520     46 |  0.9999999996  1 |  0.0000000001  0 | -0.0000000005  0
  2   -4020     50 |  0.9999999994  1 | -0.0000000000  0 | -0.0000000002  0
  3   -3520     53 |  1.0000000004  1 | -0.0000000001  0 | -0.0000000003  0
  4   -3020     56 |  0.9999999994  1 | -0.0000000006  0 | -0.0000000006  0
  5   -2520     59 |  0.9999999999  1 |  0.0000000007  0 |  1.0000000002  1
  6   -2020     61 |  1.0000000002  1 |  0.9999999996  1 |  0.9999999997  1
  7   -1520     64 |  1.0000000007  1 |  0.9999999998  1 |  0.9999999997  1
  8   -1020     66 |  0.9999999997  1 |  1.0000000008  1 |  0.9999999995  1
  9    -520     68 |  1.0000000003  1 |  1.0000000000  1 | -0.0000000005  0
 10     -20      5 |  0.0000000000  0 | -0.0000000001  0 |  0.0000000002  0
 11     -20     -1 |             .  . |             .  . |  0.0000000005  0
 12      -3     -1 |             .  . |             .  . | -0.0000000003  0
 13       0     -1 |             .  . |             .  . | -0.0000000009  0
 14       5     -1 |             .  . |             .  . | -0.0000000005  0
 15      11     -1 |             .  . |             .  . |  0.0000000003  0

 3 predicates in total, 0 mismatched
Saved: results/result2.txt, results/exp3_avante_summary.csv, results/exp3_avante_rows.csv
 
 ****************************************************************************** 
 *                                                                            * 
 *               STARTING cba72948-545f-3cab-9ee3-f6078a90bf4e                * 
 *                                                                            * 
 ****************************************************************************** 
 executing: bash
