Device: GPU
Key directory: /root/heaan_setting/FGb/keys/
Keys preloaded: enc, mult, conj, 45 rotation keys
Key loaded
Warm-up encrypt start [GPU]
Warm-up encrypt done
Warm-up bootstrap start
Warm-up bootstrap done

HEAAN ENGINE LOAD SUCCESS [device=GPU]


[k5_kitkat] 6820 of 6820 rows used, 246 rows with coordinates
Query center 37.31808 127.12741  projected to 211293.56 524321.29

  stat    radius     plain   cipher     agreement   outside worst   inside worst   inside best      TIME    ENC TIME     PLAIN TIME
  OK       0.2 km        3        3   32768/32768     3.444e-09     0.8039058953   1.0000000009     0.45s    47.461ms      0.390ms   bs  4  cheb   8
  first 20 slots : [2.242444259197303e-10, 4.145627537809325e-10, -1.7211904431741418e-10, -1.1517428110229591e-10, 4.4407011369190086e-11, 1.036473377515809e-09, -9.409585483955633e-11, -1.3235925088962894e-10, 9.016168591234099e-10, -1.2063262131603235e-10, -1.616453900247234e-10, -1.0398115854788429e-10, 5.467385562519953e-10, -1.1476503178828853e-10, -4.5179576612685107e-10, -1.083692542488629e-10, -6.783539534551446e-10, 1.7898625107454319e-09, -7.192095581331023e-11, -2.45868120564451e-10]
  plain            : [0, 0, 0, 0, 0, 0, 0, 0, 0, 0, 0, 0, 0, 0, 0, 0, 0, 0, 0, 0]
  OK       0.5 km       13       13   32768/32768     3.561e-09     0.9999999996   1.0000000017     0.44s    49.554ms      0.335ms   bs  4  cheb   8
  first 20 slots : [4.6502729980381195e-10, 6.767347160670504e-10, 8.680759664850961e-10, 4.253287394300926e-10, 1.0000000000500995, -7.533383191328754e-10, -8.96934343080579e-10, 1.1718327207760826e-09, -6.582835537730673e-11, -1.0185430049888303e-10, 4.6312197308893734e-10, -2.6846727739213025e-11, -3.6325057207067127e-10, 2.480796625112725e-10, 2.552972851431214e-10, -6.689958022792274e-11, 5.707385421834885e-10, 1.0000000001384004, 5.030102536263136e-10, 1.0040165735798154e-11]
  plain            : [0, 0, 0, 0, 1, 0, 0, 0, 0, 0, 0, 0, 0, 0, 0, 0, 0, 1, 0, 0]
  OK       1.0 km       52       52   32768/32768     3.536e-09     0.9999999990   1.0000000020     0.44s    44.361ms      0.111ms   bs  4  cheb   8
  first 20 slots : [-7.072126151246597e-10, -2.6948576530678306e-10, -1.936999954984067e-10, 4.846011045496953e-11, 1.000000000372387, 6.648851898327384e-10, -3.514781439169146e-10, -6.415992465766856e-10, -4.3919176782967126e-10, -1.9810954394954782e-12, -6.435091498157271e-11, 5.669671191572667e-12, -5.251038959880677e-10, 1.471255939760017e-10, 3.002943853775034e-10, 2.663423425829106e-10, 6.732646235200699e-10, 1.0000000007280616, 2.165006229894134e-10, 3.676478515370732e-10]
  plain            : [0, 0, 0, 0, 1, 0, 0, 0, 0, 0, 0, 0, 0, 0, 0, 0, 0, 1, 0, 0]
  OK       2.0 km       56       56   32768/32768     3.465e-09     0.9999999981   1.0000000012     0.44s    38.549ms      0.094ms   bs  4  cheb   8
  first 20 slots : [-2.747279554558817e-10, 5.542711849120518e-10, -4.727336881404638e-10, 2.655721144289807e-10, 1.0000000006159684, -2.4295971134338103e-11, 8.535762407873594e-11, -6.060092950971581e-10, 1.253697140366379e-10, 4.694400924019121e-11, 4.925918805548187e-10, 9.200691342563227e-10, -7.738418418804304e-10, -9.21839409610063e-11, -5.674174476662134e-11, 9.750422344060172e-11, 4.196091274968391e-10, 1.0000000011918027, -2.1655138704811544e-10, -8.47109104791857e-11]
  plain            : [0, 0, 0, 0, 1, 0, 0, 0, 0, 0, 0, 0, 0, 0, 0, 0, 0, 1, 0, 0]
  OK       3.0 km       58       58   32768/32768     2.719e-09     0.9999999982   1.0000000016     0.44s    44.408ms      0.350ms   bs  4  cheb   8
  first 20 slots : [2.4770637599160245e-10, 4.688018260167813e-10, -3.953958912050792e-10, 1.8441892594219216e-10, 0.9999999994568383, -2.0517613486050194e-09, -1.1244371135878668e-09, 5.191045101180779e-10, 2.861881360101438e-10, -2.445023528017949e-10, 1.6150672809403267e-10, 6.377687550070999e-10, -2.650528745241758e-10, 6.339568521034235e-10, -2.9549098881984017e-11, -4.4117789002929494e-10, -7.697657128013167e-10, 0.999999998230755, 1.602895195122705e-11, -3.9678182231570256e-10]
  plain            : [0, 0, 0, 0, 1, 0, 0, 0, 0, 0, 0, 0, 0, 0, 0, 0, 0, 1, 0, 0]
  OK       5.0 km       58       58   32768/32768     2.795e-09     0.9999999988   1.0000000007     0.44s    44.592ms      0.353ms   bs  4  cheb   8
  first 20 slots : [-3.4139277371931736e-10, -4.26330871668091e-10, -2.591161831564666e-10, 1.4694692753684118e-10, 1.000000000669217, -1.0769859954873153e-09, -3.1536105551234397e-10, 2.3992598137508044e-10, 3.003036732373896e-11, -5.137294186782653e-10, 3.228300364559827e-10, 1.6830775226360546e-10, 7.133696689785456e-10, -9.7651148101871e-10, 3.760151803243749e-11, -2.918487570992501e-10, -4.897926801928948e-10, 1.0000000003461742, -5.489783183894119e-10, 1.1139445315507444e-10]
  plain            : [0, 0, 0, 0, 1, 0, 0, 0, 0, 0, 0, 0, 0, 0, 0, 0, 0, 1, 0, 0]

[k5_jellybean] 613 of 613 rows used, 330 rows with coordinates
Query center 37.86484 127.05997  projected to 205276.97 584999.58

  stat    radius     plain   cipher     agreement   outside worst   inside worst   inside best      TIME    ENC TIME     PLAIN TIME
  OK       0.2 km        4        4   32768/32768     2.765e-09     0.9981424932   1.0000000005     0.44s    42.383ms      0.089ms   bs  4  cheb   8
  first 20 slots : [-1.0436059392579064e-11, 9.011337072362042e-11, -6.517595943325282e-10, -1.66281469054582e-10, 7.975982496497074e-10, 3.2021033066395337e-11, -1.1435305214903037e-10, 5.13924884402019e-10, -4.1124034181115903e-10, 7.699564347451882e-11, -5.215773890565535e-10, -4.160581723039098e-10, -1.803655106869877e-10, -2.7943184518643414e-10, 3.289767042079106e-10, -6.334282769563992e-11, -1.8550899304164539e-10, -4.741330369960467e-10, 6.512984288367157e-10, -6.308755055749993e-10]
  plain            : [0, 0, 0, 0, 0, 0, 0, 0, 0, 0, 0, 0, 0, 0, 0, 0, 0, 0, 0, 0]
  OK       0.5 km        4        4   32768/32768     3.287e-09     0.9999999990   1.0000000004     0.44s    39.641ms      0.118ms   bs  4  cheb   8
  first 20 slots : [2.5543928752486854e-10, 2.1893494063341714e-10, -3.2730907090676575e-10, 2.0741130732071788e-10, 1.7510273328096707e-09, -3.581702089079416e-10, 7.803276598907529e-10, 2.481332944174727e-10, 4.137523177981574e-10, -4.697187559225977e-10, -1.5436388928911923e-10, -8.595380505722582e-11, 1.3700898586171184e-09, -3.338667649954365e-10, 4.2388954776255e-10, 2.6614720702471166e-10, -4.4727207722673535e-10, -4.5765465182903437e-10, 1.8028650248782593e-10, 2.6606850304617365e-10]
  plain            : [0, 0, 0, 0, 0, 0, 0, 0, 0, 0, 0, 0, 0, 0, 0, 0, 0, 0, 0, 0]
  OK       1.0 km        5        5   32768/32768     3.631e-09     0.9999999993   1.0000000002     0.44s    43.508ms      0.088ms   bs  4  cheb   8
  first 20 slots : [3.2701649338840466e-10, -6.183262506648132e-11, -1.8756113085615948e-10, 3.28772924106468e-10, -4.3445972382933427e-10, 3.013677832572365e-10, 5.092332656462174e-10, 8.259942953828022e-10, -1.9149274565078818e-10, 5.017151292555615e-10, 5.112089888753927e-12, -4.5567964070258154e-10, 9.713131194796904e-10, 2.7821582722752466e-10, 7.608827757318378e-10, 5.198972016570431e-10, 6.053574652685047e-10, -3.5556609896907864e-10, -4.95077077560169e-10, 3.84764958194788e-10]
  plain            : [0, 0, 0, 0, 0, 0, 0, 0, 0, 0, 0, 0, 0, 0, 0, 0, 0, 0, 0, 0]
  OK       2.0 km        5        5   32768/32768     2.859e-09     0.9999999992   1.0000000004     0.44s    41.428ms      0.436ms   bs  4  cheb   8
  first 20 slots : [4.0562416174344663e-10, 7.581990999869329e-10, -8.054885663151233e-10, 4.1973401331575145e-10, 8.021059768430911e-11, 1.974458241567246e-10, 6.555554435288364e-10, 1.4930623588102325e-10, 2.707803774155095e-10, -1.7182643415795855e-10, 2.596171646456235e-10, 1.2982182551033253e-09, 4.159562576093866e-10, -2.688012610895259e-10, 2.103031355364456e-10, 5.794815993949491e-10, -7.484071465183053e-10, 2.288940497551499e-09, 3.807644312799069e-10, -2.6852280718274265e-10]
  plain            : [0, 0, 0, 0, 0, 0, 0, 0, 0, 0, 0, 0, 0, 0, 0, 0, 0, 0, 0, 0]
  OK       3.0 km       53       53   32768/32768     3.497e-09     0.9999999983   1.0000000013     0.44s    39.361ms      0.088ms   bs  4  cheb   8
  first 20 slots : [-3.9744897679313503e-10, 1.0000000005817264, -2.4712290036767916e-10, 1.000000000082352, -5.519157036332585e-10, -6.324473398568015e-11, -7.221308531060422e-10, 5.19675788960214e-10, 8.194578852370765e-11, -2.452623079555179e-10, -1.798012379659966e-10, 3.9504239882595655e-10, -5.432180182288096e-10, 0.9999999996572148, 1.465245633142484e-11, -2.4594907637973905e-10, 6.564918676671005e-10, -1.1334930419900436e-09, -2.183735750864952e-10, 1.0000000002099712]
  plain            : [0, 1, 0, 1, 0, 0, 0, 0, 0, 0, 0, 0, 0, 1, 0, 0, 0, 0, 0, 1]
  OK       5.0 km      254      254   32768/32768     3.648e-09     0.9999999987   1.0000000022     0.44s    46.100ms      0.460ms   bs  4  cheb   8
  first 20 slots : [-9.77216794693081e-11, 1.0000000002968663, 7.303519145988376e-11, 0.9999999998881764, 3.387957364313534e-10, -8.351219197139849e-10, -9.868972641998525e-11, -7.917906413297279e-10, -9.918108641901694e-11, -4.056525821441036e-10, 5.889400089813307e-10, 1.558680710724623e-10, -1.2940437710798597e-11, 0.999999999362494, -1.0159005888318441e-10, -4.2046785513607116e-10, 1.0000000010123369, -6.483996022725252e-10, 1.4638615210656103e-10, 0.9999999995590912]
  plain            : [0, 1, 0, 1, 0, 0, 0, 0, 0, 0, 0, 0, 0, 1, 0, 0, 1, 0, 0, 1]

SUMMARY
  k5_kitkat         0.2 km  plain      3  cipher      3   match   0.45s / 0.390ms   bs 4  cheb 8
  k5_kitkat         0.5 km  plain     13  cipher     13   match   0.44s / 0.335ms   bs 4  cheb 8
  k5_kitkat         1.0 km  plain     52  cipher     52   match   0.44s / 0.111ms   bs 4  cheb 8
  k5_kitkat         2.0 km  plain     56  cipher     56   match   0.44s / 0.094ms   bs 4  cheb 8
  k5_kitkat         3.0 km  plain     58  cipher     58   match   0.44s / 0.350ms   bs 4  cheb 8
  k5_kitkat         5.0 km  plain     58  cipher     58   match   0.44s / 0.353ms   bs 4  cheb 8
  k5_jellybean      0.2 km  plain      4  cipher      4   match   0.44s / 0.089ms   bs 4  cheb 8
  k5_jellybean      0.5 km  plain      4  cipher      4   match   0.44s / 0.118ms   bs 4  cheb 8
  k5_jellybean      1.0 km  plain      5  cipher      5   match   0.44s / 0.088ms   bs 4  cheb 8
  k5_jellybean      2.0 km  plain      5  cipher      5   match   0.44s / 0.436ms   bs 4  cheb 8
  k5_jellybean      3.0 km  plain     53  cipher     53   match   0.44s / 0.088ms   bs 4  cheb 8
  k5_jellybean      5.0 km  plain    254  cipher    254   match   0.44s / 0.460ms   bs 4  cheb 8

 12 queries in total, 0 mismatched
Saved: results/result2.txt, results/exp1_<dataset>_summary.csv, results/exp1_all_summary.csv
Device: GPU
Key directory: /root/heaan_setting/FGb/keys/
Keys preloaded: enc, mult, conj, 45 rotation keys
Key loaded
Warm-up encrypt start [GPU]
Warm-up encrypt done
Warm-up bootstrap start
Warm-up bootstrap done

HEAAN ENGINE LOAD SUCCESS [device=GPU]


Niro call log: 204 rows   19 recorded numbers   4 distinct
Number split (3, 4, 4)   normalization denominators (999, 9999, 9999)

Per-row match and existence bit at C = 32
query number   description              exp  answer   exist value    plain  cipher   agreement   nonmatch worst   match worst    MATCH TIME  EXIST TIME  ENC TIME  PLAIN TIME
------------------------------------------------------------------------------------------------------------------------------------------------------
bootstrapping!!
bootstrapping!!
bootstrapping!!
010-5000-2924  original                    1       1   1.0000000005     12     12     32768/32768     1.311e-09     0.9999996673      2.89s      0.46s 253.049ms     0.131ms  bs 27/4
  first 20 slots : [-1.4551134910331614e-10, 1.0221127645015315e-11, 1.7558909251061115e-11, -5.576073529462133e-11, 6.637277959356217e-11, 1.0367991471582047e-10, 1.951347827461975e-10, 2.5559090693260315e-11, -2.993866168551066e-11, -3.216717885839439e-11, -4.328876012916913e-11, -1.5176501266919147e-10, -1.0006216648043591e-10, 5.7994321180196377e-11, 3.178486663797756e-11, 3.24615651633394e-12, 7.933874305089638e-11, -2.183537866712649e-10, -7.666180769881601e-12, -8.232089699086232e-11]
  plain            : [0, 0, 0, 0, 0, 0, 0, 0, 0, 0, 0, 0, 0, 0, 0, 0, 0, 0, 0, 0]
bootstrapping!!
bootstrapping!!
bootstrapping!!
010-5000-2925  one digit, last group       0       0  -0.0000000003      0      0     32768/32768     9.889e-09       n/a        2.86s      0.46s 263.094ms     0.553ms  bs 27/4
bootstrapping!!
bootstrapping!!
bootstrapping!!
010-5100-9080  original                    1       1   0.9999999997      3      3     32768/32768     1.247e-09     0.9999996824      2.86s      0.46s 295.379ms     0.159ms  bs 27/4
  first 20 slots : [8.991266014015323e-11, -6.875307373546084e-11, -3.4303645651859117e-10, -3.027073155261354e-11, -1.0791043967435569e-10, 4.348261935362794e-10, -1.49517367327732e-10, -2.2768667620785657e-10, -5.777415949698239e-11, -1.310578390840787e-11, -1.819580996443573e-12, -2.4549294975542757e-10, -5.194034554167605e-11, -1.0753061582775267e-11, 5.5057780225601214e-11, 1.0107278476598628e-11, 2.036958096289068e-10, -1.50798950115375e-10, -4.21457581027166e-11, -1.9317603099909372e-11]
  plain            : [0, 0, 0, 0, 0, 0, 0, 0, 0, 0, 0, 0, 0, 0, 0, 0, 0, 0, 0, 0]
bootstrapping!!
bootstrapping!!
bootstrapping!!
010-5100-9081  one digit, last group       0       0  -0.0000000005      0      0     32768/32768     1.007e-08       n/a        2.86s      0.46s 240.752ms     0.125ms  bs 27/4
bootstrapping!!
bootstrapping!!
bootstrapping!!
010-5200-1582  original                    1       1   1.0000000000      2      2     32768/32768     1.235e-09     0.9999996853      2.86s      0.46s 229.141ms     0.128ms  bs 27/4
  first 20 slots : [1.2307118872522407e-10, -8.811408169178164e-11, -8.086736426496657e-11, 2.4277478136310544e-11, 2.029288453798327e-10, -1.4447219576748092e-10, -7.314676915915983e-11, -2.325500992497114e-11, -2.247610350472126e-10, -4.8846124174166655e-11, -6.0235407982575e-11, 1.9625793560837087e-10, 4.908017158258231e-10, 4.194119781406729e-11, 3.832872347958977e-11, -6.480101799818163e-12, -1.6511745614907524e-10, -2.1503057953258219e-10, 1.4226439801018084e-10, 1.1295774421867748e-10]
  plain            : [0, 0, 0, 0, 0, 0, 0, 0, 0, 0, 0, 0, 0, 0, 0, 0, 0, 0, 0, 0]
bootstrapping!!
bootstrapping!!
bootstrapping!!
010-5200-1583  one digit, last group       0       0  -0.0000000003      0      0     32768/32768     1.338e-08       n/a        2.86s      0.46s 277.299ms     0.469ms  bs 27/4
bootstrapping!!
bootstrapping!!
bootstrapping!!
006-5300-4858  original                    1       1   1.0000000001      2      2     32768/32768     1.135e-09     0.9999996920      2.86s      0.46s 260.335ms     0.131ms  bs 27/4
  first 20 slots : [2.701238791168906e-11, 1.863387605851418e-10, 1.7107422200655647e-10, -2.812940224077936e-11, -2.3875114594940113e-11, 7.345926456749221e-10, 1.6526994574747737e-11, -1.909152389474472e-10, -2.2083520928089627e-10, 3.065828756433322e-11, 1.630918570265835e-11, -4.190363216398752e-11, 4.811282630235746e-10, -9.251517950323626e-11, 5.130925062879881e-11, -6.27353584300987e-12, -1.21200155047186e-10, 4.0684893568642633e-10, -5.2548980677134775e-11, -6.88451059366913e-11]
  plain            : [0, 0, 0, 0, 0, 0, 0, 0, 0, 0, 0, 0, 0, 0, 0, 0, 0, 0, 0, 0]
bootstrapping!!
bootstrapping!!
bootstrapping!!
006-5300-4859  one digit, last group       0       0  -0.0000000004      0      0     32768/32768     4.105e-09       n/a        2.86s      0.46s 251.487ms     0.153ms  bs 27/4
bootstrapping!!
bootstrapping!!
bootstrapping!!
020-5000-2924  one digit, first group      0       0  -0.0000000003      0      0     32768/32768     9.578e-09       n/a        2.86s      0.46s 247.859ms     0.131ms  bs 27/4
bootstrapping!!
bootstrapping!!
bootstrapping!!
010-5010-2924  one digit, middle group     0       0   0.0000000002      0      0     32768/32768     6.025e-08       n/a        2.86s      0.46s 319.797ms     0.454ms  bs 27/4
bootstrapping!!
bootstrapping!!
bootstrapping!!
010-1111-2222  not in the log              0       0   0.0000000004      0      0     32768/32768     1.032e-09       n/a        2.86s      0.46s 233.061ms     0.125ms  bs 27/4

 11 queries in total, 0 wrong

Existence bit as the declared bound C grows
query number        C   exp  answer    exist value   verdict      EXIST TIME
--------------------------------------------------------------------------------------------------------
010-5000-2924        32     1       1   1.0000000005     correct          0.44s
010-5000-2924       256     1       1   0.9999999995     correct          0.44s
010-5000-2924      2048     1       1   1.0000000002     correct          0.44s
010-1111-2222        32     0       0   0.0000000004     correct          0.44s
010-1111-2222       256     0       0  -0.0000000001     correct          0.44s
010-1111-2222      2048     0       0  -0.0000000002     correct          0.44s

SUMMARY
  match check  11 queries, 0 wrong
  bound check  6 existence calls over C in [32, 256, 2048] , 0 wrong
Saved: results/result2.txt, results/exp2_niro_match_summary.csv, results/exp2_niro_maxcount_sweep.csv
Device: GPU
Key directory: /root/heaan_setting/FGb/keys/
Keys preloaded: enc, mult, conj, 45 rotation keys
Key loaded
Warm-up encrypt start [GPU]
Warm-up encrypt done
Warm-up bootstrap start
Warm-up bootstrap done

HEAAN ENGINE LOAD SUCCESS [device=GPU]


Avante EDR log: 16 recorded rows, 11 rows with a recorded speed
Query parameters encrypted in 115.193 ms

Speed increase (1 means the speed rose from the previous row)
  cipher [1, 1, 1, 1, 1, 1, 1, 1, 1, 1, 0]
  plain  [1, 1, 1, 1, 1, 1, 1, 1, 1, 1, 0]
  agree  11 / 11
  rows where false   worst reading  8.453e-12
  rows where true    worst reading  0.9999999990   best 1.0000000010
  TIME 0.44 s   PLAIN TIME 0.531 ms   BS 4  CHEB 8

Overspeed (1 means the speed exceeds 60 km/h)
  cipher [0, 0, 0, 0, 0, 0, 1, 1, 1, 1, 0]
  plain  [0, 0, 0, 0, 0, 0, 1, 1, 1, 1, 0]
  agree  11 / 11
  rows where false   worst reading  1.190e-09
  rows where true    worst reading  1.0000000000   best 1.0000000008
  TIME 0.44 s   PLAIN TIME 0.124 ms   BS 4  CHEB 8

Time window: -3000.0 to -1000.0
  cipher [0, 0, 0, 0, 0, 1, 1, 1, 1, 0, 0, 0, 0, 0, 0, 0]
  plain  [0, 0, 0, 0, 0, 1, 1, 1, 1, 0, 0, 0, 0, 0, 0, 0]
  agree  32768 / 32768   (padding included)
  rows where false   worst reading  3.698e-09
  rows where true    worst reading  0.9999999992   best 1.0000000009
  TIME 0.87 s   PLAIN TIME 0.11 ms   BS 8  CHEB 16

row  t_rel  speed |    incr out  p |     over out  p |      win out  p
--------------------------------------------------------------------------
  0   -5020     42 |  0.9999999999  1 |  0.0000000001  0 | -0.0000000001  0
  1   -4520     46 |  0.9999999990  1 | -0.0000000004  0 | -0.0000000004  0
  2   -4020     50 |  0.9999999997  1 |  0.0000000012  0 | -0.0000000003  0
  3   -3520     53 |  1.0000000004  1 |  0.0000000001  0 | -0.0000000001  0
  4   -3020     56 |  1.0000000001  1 |  0.0000000004  0 | -0.0000000007  0
  5   -2520     59 |  0.9999999994  1 |  0.0000000008  0 |  0.9999999997  1
  6   -2020     61 |  0.9999999999  1 |  1.0000000002  1 |  0.9999999997  1
  7   -1520     64 |  1.0000000006  1 |  1.0000000000  1 |  0.9999999992  1
  8   -1020     66 |  1.0000000010  1 |  1.0000000008  1 |  1.0000000009  1
  9    -520     68 |  1.0000000002  1 |  1.0000000000  1 | -0.0000000000  0
 10     -20      5 |  0.0000000000  0 |  0.0000000001  0 |  0.0000000003  0
 11     -20     -1 |             .  . |             .  . | -0.0000000000  0
 12      -3     -1 |             .  . |             .  . | -0.0000000004  0
 13       0     -1 |             .  . |             .  . | -0.0000000000  0
 14       5     -1 |             .  . |             .  . | -0.0000000002  0
 15      11     -1 |             .  . |             .  . |  0.0000000007  0

 3 predicates in total, 0 mismatched
Saved: results/result2.txt, results/exp3_avante_summary.csv, results/exp3_avante_rows.csv
 
 ****************************************************************************** 
 *                                                                            * 
 *               STARTING cba72948-545f-3cab-9ee3-f6078a90bf4e                * 
 *                                                                            * 
 ****************************************************************************** 
 executing: bash
