Device: GPU
Key directory: /root/heaan_setting/FGb/keys/
Keys preloaded: enc, mult, conj, 45 rotation keys
Key loaded
Warm-up encrypt start [GPU]
Warm-up encrypt done
Warm-up bootstrap start
Warm-up bootstrap done

HEAAN ENGINE LOAD SUCCESS [device=GPU]


[k5_kitkat] 6820 of 6820 rows used, 246 rows with coordinates
Query center 37.31808 127.12741  projected to 211293.56 524321.29

  stat    radius     plain   cipher     agreement   outside worst   inside worst   inside best      TIME    ENC TIME     PLAIN TIME
  OK       0.2 km        3        3   32768/32768     3.686e-09     0.7889979648   1.0000000003     0.45s    39.522ms      0.088ms   bs  4  cheb   8
  first 20 slots : [-3.118307567221455e-10, 7.812097921746316e-10, 7.415571794550386e-10, -3.314164102856804e-10, 5.167156146430712e-10, -2.0135788189254673e-10, 9.157773857370283e-10, 6.002628526380724e-10, -4.2964312398354453e-10, -2.1166975754110768e-10, -3.1059280531796507e-10, -1.828356325517208e-10, 1.0229690629191202e-09, -2.957458969747046e-10, 3.1206323445128363e-10, 1.1158768070174772e-10, 1.101386371196584e-11, 7.650248940089008e-10, -8.697574418344299e-10, -6.787874286772229e-10]
  plain            : [0, 0, 0, 0, 0, 0, 0, 0, 0, 0, 0, 0, 0, 0, 0, 0, 0, 0, 0, 0]
  OK       0.5 km       13       13   32768/32768     3.172e-09     0.9999999987   1.0000000014     0.43s    49.346ms      0.087ms   bs  4  cheb   8
  first 20 slots : [-3.265792244617858e-11, -1.4928817137437467e-10, 1.604940296127952e-10, 2.73302651154714e-10, 1.0000000008402758, 2.2783318715134281e-10, -3.8460325356847665e-10, -6.187452736495622e-11, -2.346695045014285e-10, 2.230196814738384e-10, -2.5675129096563237e-10, 6.118594126540469e-10, 3.4324337587459516e-10, 3.697403691168331e-10, -4.4160197923224837e-10, -4.982372362606967e-10, 1.23627552136407e-10, 1.0000000013431838, -9.324568618523954e-11, -2.3437330440661757e-10]
  plain            : [0, 0, 0, 0, 1, 0, 0, 0, 0, 0, 0, 0, 0, 0, 0, 0, 0, 1, 0, 0]
  OK       1.0 km       52       52   32768/32768     3.704e-09     0.9999999988   1.0000000011     0.43s    48.159ms      0.091ms   bs  4  cheb   8
  first 20 slots : [-3.9566932945847345e-10, -2.1308554356742455e-11, -1.7328418810038934e-09, 2.4986578996971655e-10, 1.0000000003245146, 1.0763348873742862e-09, -2.3566515598995797e-11, -7.256675678765479e-10, -6.231166419395e-10, 2.2938559195861004e-10, 3.107544725756197e-10, 2.4316129972361566e-10, -6.195640552072955e-10, 9.584439340449266e-11, -7.841902371798071e-10, 5.1622131224435886e-11, -2.0915707541079896e-10, 1.0000000003546172, -4.070901846635502e-12, 2.0882764206706335e-10]
  plain            : [0, 0, 0, 0, 1, 0, 0, 0, 0, 0, 0, 0, 0, 0, 0, 0, 0, 1, 0, 0]
  OK       2.0 km       56       56   32768/32768     3.303e-09     0.9999999984   1.0000000009     0.44s    36.152ms      0.341ms   bs  4  cheb   8
  first 20 slots : [2.426605446143092e-10, -2.131274784284955e-11, 5.151850385605167e-10, 2.4845290127228236e-10, 0.9999999998076059, 4.727624483478493e-10, -1.7241950173831133e-10, 2.692643835047763e-10, 4.307998814863733e-10, 2.2394595917466574e-10, 1.5024839625607821e-10, -7.553722140497755e-10, 3.432095622149523e-10, 9.989364943387759e-10, -3.8286470154458527e-10, -1.0860506066113914e-10, 6.021972237559653e-10, 1.0000000007826104, -4.279803686625669e-10, 1.834744200813212e-10]
  plain            : [0, 0, 0, 0, 1, 0, 0, 0, 0, 0, 0, 0, 0, 0, 0, 0, 0, 1, 0, 0]
  OK       3.0 km       58       58   32768/32768     3.489e-09     0.9999999987   1.0000000018     0.43s    45.327ms      0.406ms   bs  4  cheb   8
  first 20 slots : [-4.277907124227363e-10, 2.143759941799473e-10, -2.391392866859125e-10, -1.0437636866460646e-10, 0.9999999995787782, 6.462812374449457e-10, 3.353724895491744e-10, -2.4962580595920404e-10, -1.0160935321439917e-09, 4.3040400578289785e-12, -4.6202420779547894e-10, -1.091912537261525e-10, -1.350355275816656e-10, 9.097599355336017e-10, 6.895398574946681e-11, -2.0842080619317175e-10, -6.215021134884784e-10, 1.0000000001533091, -6.022402886236024e-10, -1.3399137272334875e-10]
  plain            : [0, 0, 0, 0, 1, 0, 0, 0, 0, 0, 0, 0, 0, 0, 0, 0, 0, 1, 0, 0]
  OK       5.0 km       58       58   32768/32768     3.362e-09     0.9999999978   1.0000000017     0.44s    44.496ms      0.101ms   bs  4  cheb   8
  first 20 slots : [-3.70462318957765e-10, -3.4388095091728565e-10, -3.5061512500910423e-10, -2.3635297647803137e-11, 1.0000000016558896, -2.546092053464816e-10, 4.294288963838346e-10, -7.968725761514695e-10, -7.434302120237399e-10, -9.352784420775425e-11, -3.2156464308378486e-10, 2.1764479589747382e-10, 8.849221767423776e-12, 2.898623598633407e-10, -2.095370969437766e-10, -2.9938563694677826e-11, -3.561625353244319e-11, 0.9999999996005128, -2.0951492165432078e-10, -3.5826036608153233e-10]
  plain            : [0, 0, 0, 0, 1, 0, 0, 0, 0, 0, 0, 0, 0, 0, 0, 0, 0, 1, 0, 0]

[k5_jellybean] 613 of 613 rows used, 330 rows with coordinates
Query center 37.86484 127.05997  projected to 205276.97 584999.58

  stat    radius     plain   cipher     agreement   outside worst   inside worst   inside best      TIME    ENC TIME     PLAIN TIME
  OK       0.2 km        4        4   32768/32768     3.150e-09     0.9982374233   1.0000000005     0.43s    39.852ms      0.087ms   bs  4  cheb   8
  first 20 slots : [5.909598710191276e-11, -5.255342146647132e-11, 2.881678290390912e-10, -1.1200939512063887e-10, -1.6756696337440374e-10, -5.766095960714535e-11, -7.41970721295135e-11, -5.601887031996898e-11, -4.714830824163275e-10, 3.8239672734811826e-10, 6.031976564615115e-11, -1.0444372423244243e-09, 6.669768269807722e-10, -1.9567165068976282e-10, 1.324517893936324e-10, 1.2602957285839548e-10, -6.461387678886733e-10, 1.111610657907755e-09, -2.31996099635467e-10, -6.598601440074718e-10]
  plain            : [0, 0, 0, 0, 0, 0, 0, 0, 0, 0, 0, 0, 0, 0, 0, 0, 0, 0, 0, 0]
  OK       0.5 km        4        4   32768/32768     3.502e-09     0.9999999998   1.0000000008     0.44s    39.587ms      0.484ms   bs  4  cheb   8
  first 20 slots : [3.7205522859306174e-10, -1.989524119376502e-10, 8.092046072158115e-10, 1.743602889086515e-10, 2.3895568372018184e-10, 7.817227699697953e-10, 2.7510987575095205e-10, -4.789405363095602e-11, 2.4333854978971173e-10, -3.2531390164480955e-10, 2.7807695815403416e-10, -3.9395829599485065e-11, 5.217304794315093e-10, 7.731313941009953e-10, -1.9883966913634818e-10, 5.691877505177674e-10, -4.533106727015901e-10, -7.454590262764783e-10, -4.808549580178883e-10, 3.703630432749975e-10]
  plain            : [0, 0, 0, 0, 0, 0, 0, 0, 0, 0, 0, 0, 0, 0, 0, 0, 0, 0, 0, 0]
  OK       1.0 km        5        5   32768/32768     3.377e-09     0.9999999993   1.0000000009     0.45s    44.023ms      0.398ms   bs  4  cheb   8
  first 20 slots : [1.763254945175806e-10, -4.703327278088398e-10, -2.275764182399963e-10, 3.5888805143716287e-10, 7.1586003856852e-11, 8.365254575220893e-10, 7.054966552614412e-10, 5.960962379914053e-10, 2.450707661735298e-10, 1.5194882484296926e-10, 4.924035606992929e-10, 1.7286975840153846e-10, 4.410637607930945e-10, 8.272889456171991e-10, -2.235399981025539e-10, 9.385389684338117e-11, -5.001414885090551e-10, 1.6037185102634994e-10, -4.1732972747857946e-10, 2.1330550523636642e-10]
  plain            : [0, 0, 0, 0, 0, 0, 0, 0, 0, 0, 0, 0, 0, 0, 0, 0, 0, 0, 0, 0]
  OK       2.0 km        5        5   32768/32768     3.888e-09     0.9999999993   1.0000000007     0.44s    41.610ms      0.383ms   bs  4  cheb   8
  first 20 slots : [4.248377641894388e-10, -2.104546295970771e-10, 2.264216679655372e-10, 2.7190132338734633e-10, 5.903242541896944e-10, -2.1990828314502073e-10, 3.2915316912474717e-10, -1.195877168858484e-10, -6.631719661728474e-11, -2.409712713383134e-10, 3.7008057921950104e-10, 3.1035349355843463e-10, -4.5288914148531846e-10, -1.4185770255201921e-09, 4.096567482250824e-11, 3.481790814726874e-10, 8.651244544688618e-10, -1.289314265771703e-10, 9.023323787322591e-11, -2.9637060240276567e-10]
  plain            : [0, 0, 0, 0, 0, 0, 0, 0, 0, 0, 0, 0, 0, 0, 0, 0, 0, 0, 0, 0]
  OK       3.0 km       53       53   32768/32768     2.645e-09     0.9999999991   1.0000000012     0.44s    41.712ms      0.392ms   bs  4  cheb   8
  first 20 slots : [-6.554275530211446e-10, 1.0000000005041838, -9.760102084537502e-11, 0.9999999999064296, -1.0820328226294407e-09, 1.3607228103224639e-12, 2.4132931061023245e-10, 7.15152961547015e-10, -8.214582812832048e-10, -2.472294431030178e-10, -1.8850946082019252e-10, 8.835663828911911e-10, 4.250891789633842e-10, 0.999999999832269, -3.139252796329796e-10, -4.2929116033734097e-10, -6.566153087318154e-10, 2.0394460083589058e-10, -1.5752135257808954e-10, 1.0000000004440412]
  plain            : [0, 1, 0, 1, 0, 0, 0, 0, 0, 0, 0, 0, 0, 1, 0, 0, 0, 0, 0, 1]
  OK       5.0 km      254      254   32768/32768     3.230e-09     0.9999999988   1.0000000012     0.44s    35.059ms      0.091ms   bs  4  cheb   8
  first 20 slots : [-6.585221920948838e-11, 1.0000000008490622, 6.330179010205623e-10, 1.0000000002023708, -3.3403114190710196e-10, 7.773971802302822e-10, -3.058986717207422e-10, -8.888467159953049e-10, 4.993149561280662e-10, -1.7314371754958426e-11, -4.3772338924484714e-10, 5.310338326071499e-10, -5.144746361258758e-11, 1.0000000000576195, 5.678775622194847e-11, -4.540078657166834e-10, 0.9999999995426436, 8.527060855182317e-11, 5.925400652085178e-10, 0.9999999996948212]
  plain            : [0, 1, 0, 1, 0, 0, 0, 0, 0, 0, 0, 0, 0, 1, 0, 0, 1, 0, 0, 1]

SUMMARY
  k5_kitkat         0.2 km  plain      3  cipher      3   match   0.45s / 0.088ms   bs 4  cheb 8
  k5_kitkat         0.5 km  plain     13  cipher     13   match   0.43s / 0.087ms   bs 4  cheb 8
  k5_kitkat         1.0 km  plain     52  cipher     52   match   0.43s / 0.091ms   bs 4  cheb 8
  k5_kitkat         2.0 km  plain     56  cipher     56   match   0.44s / 0.341ms   bs 4  cheb 8
  k5_kitkat         3.0 km  plain     58  cipher     58   match   0.43s / 0.406ms   bs 4  cheb 8
  k5_kitkat         5.0 km  plain     58  cipher     58   match   0.44s / 0.101ms   bs 4  cheb 8
  k5_jellybean      0.2 km  plain      4  cipher      4   match   0.43s / 0.087ms   bs 4  cheb 8
  k5_jellybean      0.5 km  plain      4  cipher      4   match   0.44s / 0.484ms   bs 4  cheb 8
  k5_jellybean      1.0 km  plain      5  cipher      5   match   0.45s / 0.398ms   bs 4  cheb 8
  k5_jellybean      2.0 km  plain      5  cipher      5   match   0.44s / 0.383ms   bs 4  cheb 8
  k5_jellybean      3.0 km  plain     53  cipher     53   match   0.44s / 0.392ms   bs 4  cheb 8
  k5_jellybean      5.0 km  plain    254  cipher    254   match   0.44s / 0.091ms   bs 4  cheb 8

 12 queries in total, 0 mismatched
Saved: results/result2.txt, results/exp1_<dataset>_summary.csv, results/exp1_all_summary.csv
Device: GPU
Key directory: /root/heaan_setting/FGb/keys/
Keys preloaded: enc, mult, conj, 45 rotation keys
Key loaded
Warm-up encrypt start [GPU]
Warm-up encrypt done
Warm-up bootstrap start
Warm-up bootstrap done

HEAAN ENGINE LOAD SUCCESS [device=GPU]


Niro call log: 204 rows   19 recorded numbers   4 distinct
Number split (3, 4, 4)   normalization denominators (999, 9999, 9999)

Per-row match and existence bit at C = 32
query number   description              exp  answer   exist value    plain  cipher   agreement   nonmatch worst   match worst    MATCH TIME  EXIST TIME  ENC TIME  PLAIN TIME
------------------------------------------------------------------------------------------------------------------------------------------------------
bootstrapping!!
bootstrapping!!
bootstrapping!!
010-5000-2924  original                    1       1   1.0000000004     12     12     32768/32768     1.097e-09     0.9999996167      2.89s      0.46s 249.775ms     0.158ms  bs 27/4
  first 20 slots : [-2.426495586027665e-11, -9.019740012242397e-11, -1.4049002601954457e-10, 7.039367442194799e-12, -2.4723551974913573e-10, -1.5059268902731763e-10, -7.259182588608618e-11, 6.961575670946358e-11, -1.4762743524485907e-10, 6.348143151321584e-11, -6.511100552850565e-11, 7.199469135012751e-11, 2.569198397868865e-10, -1.0129486707016042e-10, -2.3459621843309778e-11, 5.775153028494208e-11, -3.602207997217721e-10, -5.174047477275967e-10, 7.354080636466447e-11, -5.215639846581687e-11]
  plain            : [0, 0, 0, 0, 0, 0, 0, 0, 0, 0, 0, 0, 0, 0, 0, 0, 0, 0, 0, 0]
bootstrapping!!
bootstrapping!!
bootstrapping!!
010-5000-2925  one digit, last group       0       0  -0.0000000001      0      0     32768/32768     6.981e-09       n/a        2.86s      0.46s 240.177ms     0.150ms  bs 27/4
bootstrapping!!
bootstrapping!!
bootstrapping!!
010-5100-9080  original                    1       1   1.0000000001      3      3     32768/32768     1.123e-09     0.9999996734      2.86s      0.46s 238.498ms     0.124ms  bs 27/4
  first 20 slots : [3.0265314818422507e-12, -1.6125871102140525e-11, -1.681701113607748e-10, 3.809308261185152e-11, -1.785087186545193e-10, -2.3646169179832137e-10, -2.0714163571142937e-10, 1.4792474319630554e-10, -2.820375696196581e-10, -1.147743350014908e-10, -7.961352227473556e-11, 4.357167418057488e-10, 1.6722587004512372e-10, -9.833616423948372e-11, -4.557468241940979e-11, -4.155376369162241e-11, 6.909440001717671e-11, -2.3756462237259353e-10, 2.1027232197269967e-11, -9.5108003322847e-11]
  plain            : [0, 0, 0, 0, 0, 0, 0, 0, 0, 0, 0, 0, 0, 0, 0, 0, 0, 0, 0, 0]
bootstrapping!!
bootstrapping!!
bootstrapping!!
010-5100-9081  one digit, last group       0       0  -0.0000000001      0      0     32768/32768     1.270e-09       n/a        2.86s      0.46s 220.556ms     0.129ms  bs 27/4
bootstrapping!!
bootstrapping!!
bootstrapping!!
010-5200-1582  original                    1       1   1.0000000001      2      2     32768/32768     1.484e-09     0.9999996817      2.86s      0.46s 248.704ms     0.122ms  bs 27/4
  first 20 slots : [-2.2854559937001498e-11, 2.2230552482623487e-10, 7.765142229947873e-11, -3.8569350451845705e-11, -3.3501556909132815e-10, 5.7396696239829395e-11, -8.230985558990584e-11, -7.877937303568862e-13, -1.5072997990868502e-10, 3.1968623945566295e-11, -1.9270432098728522e-12, -7.964339008402068e-11, 4.972204935755591e-10, -8.454485605443311e-11, 4.057510361244698e-11, -1.2767204216152013e-11, -3.224278777074786e-11, -3.1434094723840905e-10, 5.287465971579221e-11, -1.1939611742889846e-11]
  plain            : [0, 0, 0, 0, 0, 0, 0, 0, 0, 0, 0, 0, 0, 0, 0, 0, 0, 0, 0, 0]
bootstrapping!!
bootstrapping!!
bootstrapping!!
010-5200-1583  one digit, last group       0       0  -0.0000000005      0      0     32768/32768     3.406e-09       n/a        2.86s      0.46s 236.426ms     0.156ms  bs 27/4
bootstrapping!!
bootstrapping!!
bootstrapping!!
006-5300-4858  original                    1       1   1.0000000003      2      2     32768/32768     1.318e-09     0.9999996930      2.86s      0.46s 371.197ms     0.142ms  bs 27/4
  first 20 slots : [1.9632697662956905e-11, 1.0249847794101734e-10, -3.599274533208472e-11, 3.8583868480777826e-11, 2.764476655776857e-11, 2.153658587897793e-10, -1.0852835177388037e-11, -1.4755966903017435e-10, -6.168870423946982e-11, 2.430749004521871e-11, -2.0604988462783922e-11, -1.9680250642874332e-10, -7.855705983069583e-11, 1.199395290066341e-10, 3.898098755680316e-11, -4.4523511362419934e-11, -1.6750192390582398e-10, -4.628204433963038e-11, 1.496072630958988e-11, -2.887835904129363e-11]
  plain            : [0, 0, 0, 0, 0, 0, 0, 0, 0, 0, 0, 0, 0, 0, 0, 0, 0, 0, 0, 0]
bootstrapping!!
bootstrapping!!
bootstrapping!!
006-5300-4859  one digit, last group       0       0  -0.0000000002      0      0     32768/32768     1.144e-09       n/a        2.86s      0.46s 242.340ms     0.123ms  bs 27/4
bootstrapping!!
bootstrapping!!
bootstrapping!!
020-5000-2924  one digit, first group      0       0   0.0000000000      0      0     32768/32768     1.870e-08       n/a        2.86s      0.46s 252.899ms     0.124ms  bs 27/4
bootstrapping!!
bootstrapping!!
bootstrapping!!
010-5010-2924  one digit, middle group     0       0   0.0000000000      0      0     32768/32768     1.077e-08       n/a        2.87s      0.46s 234.202ms     0.127ms  bs 27/4
bootstrapping!!
bootstrapping!!
bootstrapping!!
010-1111-2222  not in the log              0       0   0.0000000000      0      0     32768/32768     1.524e-09       n/a        2.87s      0.46s 213.474ms     0.132ms  bs 27/4

 11 queries in total, 0 wrong

Existence bit as the declared bound C grows
query number        C   exp  answer    exist value   verdict      EXIST TIME
--------------------------------------------------------------------------------------------------------
010-5000-2924        32     1       1   1.0000000004     correct          0.44s
010-5000-2924       256     1       1   0.9999999999     correct          0.44s
010-5000-2924      2048     1       1   1.0000000002     correct          0.44s
010-1111-2222        32     0       0   0.0000000000     correct          0.44s
010-1111-2222       256     0       0   0.0000000004     correct          0.44s
010-1111-2222      2048     0       0  -0.0000000003     correct          0.44s

SUMMARY
  match check  11 queries, 0 wrong
  bound check  6 existence calls over C in [32, 256, 2048] , 0 wrong
Saved: results/result2.txt, results/exp2_niro_match_summary.csv, results/exp2_niro_maxcount_sweep.csv
Device: GPU
Key directory: /root/heaan_setting/FGb/keys/
Keys preloaded: enc, mult, conj, 45 rotation keys
Key loaded
Warm-up encrypt start [GPU]
Warm-up encrypt done
Warm-up bootstrap start
Warm-up bootstrap done

HEAAN ENGINE LOAD SUCCESS [device=GPU]


Avante EDR log: 16 recorded rows, 11 rows with a recorded speed
Query parameters encrypted in 107.297 ms

Speed increase (1 means the speed rose from the previous row)
  cipher [1, 1, 1, 1, 1, 1, 1, 1, 1, 1, 0]
  plain  [1, 1, 1, 1, 1, 1, 1, 1, 1, 1, 0]
  agree  11 / 11
  rows where false   worst reading  1.421e-10
  rows where true    worst reading  0.9999999992   best 1.0000000008
  TIME 0.45 s   PLAIN TIME 0.551 ms   BS 4  CHEB 8

Overspeed (1 means the speed exceeds 60 km/h)
  cipher [0, 0, 0, 0, 0, 0, 1, 1, 1, 1, 0]
  plain  [0, 0, 0, 0, 0, 0, 1, 1, 1, 1, 0]
  agree  11 / 11
  rows where false   worst reading  3.981e-10
  rows where true    worst reading  1.0000000002   best 1.0000000008
  TIME 0.43 s   PLAIN TIME 0.09 ms   BS 4  CHEB 8

Time window: -3000.0 to -1000.0
  cipher [0, 0, 0, 0, 0, 1, 1, 1, 1, 0, 0, 0, 0, 0, 0, 0]
  plain  [0, 0, 0, 0, 0, 1, 1, 1, 1, 0, 0, 0, 0, 0, 0, 0]
  agree  32768 / 32768   (padding included)
  rows where false   worst reading  3.463e-09
  rows where true    worst reading  0.9999999996   best 1.0000000014
  TIME 0.88 s   PLAIN TIME 0.129 ms   BS 8  CHEB 16

row  t_rel  speed |    incr out  p |     over out  p |      win out  p
--------------------------------------------------------------------------
  0   -5020     42 |  1.0000000005  1 |  0.0000000004  0 | -0.0000000004  0
  1   -4520     46 |  1.0000000000  1 | -0.0000000003  0 |  0.0000000001  0
  2   -4020     50 |  0.9999999996  1 |  0.0000000000  0 |  0.0000000012  0
  3   -3520     53 |  1.0000000002  1 | -0.0000000001  0 | -0.0000000004  0
  4   -3020     56 |  1.0000000001  1 |  0.0000000003  0 | -0.0000000003  0
  5   -2520     59 |  1.0000000003  1 | -0.0000000004  0 |  1.0000000014  1
  6   -2020     61 |  1.0000000007  1 |  1.0000000003  1 |  1.0000000002  1
  7   -1520     64 |  0.9999999992  1 |  1.0000000002  1 |  1.0000000003  1
  8   -1020     66 |  1.0000000008  1 |  1.0000000008  1 |  0.9999999996  1
  9    -520     68 |  1.0000000002  1 |  1.0000000003  1 | -0.0000000004  0
 10     -20      5 |  0.0000000001  0 | -0.0000000000  0 |  0.0000000003  0
 11     -20     -1 |             .  . |             .  . |  0.0000000000  0
 12      -3     -1 |             .  . |             .  . | -0.0000000010  0
 13       0     -1 |             .  . |             .  . |  0.0000000008  0
 14       5     -1 |             .  . |             .  . | -0.0000000007  0
 15      11     -1 |             .  . |             .  . |  0.0000000007  0

 3 predicates in total, 0 mismatched
Saved: results/result2.txt, results/exp3_avante_summary.csv, results/exp3_avante_rows.csv
 
 ****************************************************************************** 
 *                                                                            * 
 *               STARTING cba72948-545f-3cab-9ee3-f6078a90bf4e                * 
 *                                                                            * 
 ****************************************************************************** 
 executing: bash
