Device: GPU
Key directory: /root/heaan_setting/FGb/keys/
Keys preloaded: enc, mult, conj, 45 rotation keys
Key loaded
Warm-up encrypt start [GPU]
Warm-up encrypt done
Warm-up bootstrap start
Warm-up bootstrap done

HEAAN ENGINE LOAD SUCCESS [device=GPU]


[k5_kitkat] 6820 of 6820 rows used, 246 rows with coordinates
Query center 37.31808 127.12741  projected to 211293.56 524321.29

  stat    radius     plain   cipher     agreement   outside worst   inside worst   inside best      TIME    ENC TIME     PLAIN TIME
  OK       0.2 km        3        3   32768/32768     3.587e-09     0.7810281224   1.0000000003     0.45s    42.383ms      0.088ms   bs  4  cheb   8
  first 20 slots : [-4.808609122935885e-10, 7.150671810308493e-11, 7.556591438628401e-10, 2.6352968749900565e-10, -6.205062316146488e-11, -5.423736881261246e-10, -4.5288591571490224e-10, -6.834730105640862e-10, -1.2728737917022607e-10, 4.7488946666182e-10, 4.012048734162447e-10, -7.860909719778941e-11, 1.294875490186037e-09, 7.014482538009082e-10, -3.892708776139434e-10, -2.0926539588441055e-10, 1.1460817248861621e-09, 8.865966593057729e-10, 9.325630445279575e-10, -5.091207149548425e-10]
  plain            : [0, 0, 0, 0, 0, 0, 0, 0, 0, 0, 0, 0, 0, 0, 0, 0, 0, 0, 0, 0]
  OK       0.5 km       13       13   32768/32768     4.170e-09     0.9999999996   1.0000000009     0.44s    47.351ms      0.376ms   bs  4  cheb   8
  first 20 slots : [-6.184495966490965e-11, 3.7057525062291416e-11, -1.0121312815884136e-09, -5.503269380843859e-10, 0.9999999997232635, -8.309314675205055e-11, -2.4330918743114064e-10, -5.310459535403455e-10, -1.5836136136233862e-10, 2.0800157170258174e-11, -5.286168691391782e-11, -3.43259038223091e-10, 1.8320825697906714e-09, -1.3538447124038673e-10, 4.4632590565610354e-10, 3.1528763659822334e-10, -6.158423825436718e-10, 1.0000000000016225, -2.6226853260137284e-10, -2.1816770956743266e-10]
  plain            : [0, 0, 0, 0, 1, 0, 0, 0, 0, 0, 0, 0, 0, 0, 0, 0, 0, 1, 0, 0]
  OK       1.0 km       52       52   32768/32768     3.409e-09     0.9999999991   1.0000000014     0.45s    55.675ms      0.346ms   bs  4  cheb   8
  first 20 slots : [4.2417860858831887e-10, 2.5690380340927937e-10, -2.9040295639250085e-10, -3.8993738083568983e-10, 1.0000000005790235, 3.4126373459816e-10, 1.0040935179921383e-09, 5.001181353251368e-10, 7.303684271020872e-10, -4.108521265912479e-10, -3.646022576385773e-10, 9.491441079808836e-10, -5.004016688921489e-10, 9.102142454820005e-10, 1.0972816291930119e-11, 6.350392752247725e-11, -1.1000164002212462e-09, 1.00000000142709, -5.124139151336223e-10, 1.3752182712048316e-10]
  plain            : [0, 0, 0, 0, 1, 0, 0, 0, 0, 0, 0, 0, 0, 0, 0, 0, 0, 1, 0, 0]
  OK       2.0 km       56       56   32768/32768     3.811e-09     0.9999999991   1.0000000008     0.45s    60.067ms      0.092ms   bs  4  cheb   8
  first 20 slots : [-5.7190191423696895e-11, -9.34224947248939e-10, -8.758239383239821e-10, -3.5742484174411026e-10, 1.000000000301054, 5.249635912025943e-10, 7.119180897042335e-10, 2.5943099730941567e-10, 1.2137582278048017e-10, -4.4397907393612426e-10, -5.551757845080829e-10, 4.110998236138407e-11, -2.5489179500688356e-10, 9.509673908684086e-10, -4.5111334463173756e-11, 3.743281016038911e-10, -3.80587941905729e-10, 1.0000000007293828, -1.4042171327975441e-10, 2.299709393340379e-10]
  plain            : [0, 0, 0, 0, 1, 0, 0, 0, 0, 0, 0, 0, 0, 0, 0, 0, 0, 1, 0, 0]
  OK       3.0 km       58       58   32768/32768     3.331e-09     0.9999999987   1.0000000011     0.45s    55.543ms      0.091ms   bs  4  cheb   8
  first 20 slots : [-7.41079721757184e-11, 8.567274655563555e-10, 1.6133616195215657e-10, -3.558905683173574e-11, 0.9999999995129643, -4.3893948710028935e-10, -1.1285563951553787e-10, -6.520461750355549e-10, -1.0712638821198106e-09, -2.6151962578046334e-10, 1.4853546340987038e-10, -6.23954044518296e-10, -3.9723506908771313e-10, -1.1328031499673673e-09, 4.108017103482992e-10, 1.2136905360718247e-10, 6.273766399339641e-10, 1.0000000000776237, 3.4833201995423213e-10, -4.765468610987697e-10]
  plain            : [0, 0, 0, 0, 1, 0, 0, 0, 0, 0, 0, 0, 0, 0, 0, 0, 0, 1, 0, 0]
  OK       5.0 km       58       58   32768/32768     3.014e-09     0.9999999984   1.0000000014     0.44s    50.517ms      0.092ms   bs  4  cheb   8
  first 20 slots : [1.5987352099309472e-10, -1.2005564070732826e-11, -6.295876756541827e-11, -4.768754273895499e-10, 0.999999999652327, -4.6068248963484053e-10, -2.9078419599025397e-11, -3.1964840822392864e-10, 8.448555069126386e-10, -8.193278089382298e-10, -4.958701276528192e-10, -5.794259773341362e-10, -1.2124953935881424e-09, -9.244349999123385e-11, -3.659392872545973e-10, 9.929203035134057e-11, -2.208013468602375e-10, 1.0000000014019697, 2.327658822738861e-10, -9.55204297200471e-11]
  plain            : [0, 0, 0, 0, 1, 0, 0, 0, 0, 0, 0, 0, 0, 0, 0, 0, 0, 1, 0, 0]

[k5_jellybean] 613 of 613 rows used, 330 rows with coordinates
Query center 37.86484 127.05997  projected to 205276.97 584999.58

  stat    radius     plain   cipher     agreement   outside worst   inside worst   inside best      TIME    ENC TIME     PLAIN TIME
  OK       0.2 km        4        4   32768/32768     2.892e-09     0.9981823898   1.0000000008     0.44s    48.117ms      0.093ms   bs  4  cheb   8
  first 20 slots : [-5.15728747767154e-10, -3.657383636656348e-10, -2.926290536941855e-10, -1.4888945230749458e-10, -5.620548701029636e-10, -1.1238316357252937e-09, -1.4673213887712588e-10, 1.389797960501864e-10, 3.493205022605097e-11, 4.895969864224534e-10, -4.3622835511143334e-10, 2.8942756671179544e-10, 2.1984168667813165e-10, -5.153750228336462e-10, 2.2434461833879892e-10, -4.3105473013927897e-10, -2.937666178673055e-10, 2.3563729313044456e-11, 3.0281450897449357e-10, -4.776631240303366e-10]
  plain            : [0, 0, 0, 0, 0, 0, 0, 0, 0, 0, 0, 0, 0, 0, 0, 0, 0, 0, 0, 0]
  OK       0.5 km        4        4   32768/32768     3.211e-09     0.9999999995   1.0000000015     0.44s    37.812ms      0.094ms   bs  4  cheb   8
  first 20 slots : [4.1801793693340835e-10, 5.932169205785058e-11, -1.868649500238152e-11, 2.585897204979637e-10, -3.6646669669017064e-10, 5.82305674075591e-10, -9.02785684028919e-10, 7.817376152058093e-10, 9.610352828165919e-11, -4.0505223394333937e-10, -1.301022735489106e-10, -6.548198888019901e-11, -6.461229031302168e-10, -1.2609022375058282e-11, 6.543638703825152e-10, 2.577672453845901e-10, 9.485051885531676e-10, -1.1196904605847609e-10, 1.2432663243519268e-09, 4.53918396740679e-10]
  plain            : [0, 0, 0, 0, 0, 0, 0, 0, 0, 0, 0, 0, 0, 0, 0, 0, 0, 0, 0, 0]
  OK       1.0 km        5        5   32768/32768     3.154e-09     0.9999999995   1.0000000008     0.44s    44.684ms      0.095ms   bs  4  cheb   8
  first 20 slots : [5.000412910142261e-10, -2.515006302896789e-10, -1.0228275069584814e-10, 5.037854754640653e-10, -2.3329276847306973e-10, 6.663024077994937e-11, 1.4575233383819402e-10, -5.956506501107256e-11, 3.395134800905815e-10, -7.902149490731536e-11, -6.607583427381235e-11, 1.212477623891527e-10, 9.030391477054361e-10, 4.996550136432423e-10, 6.676574854882038e-10, 1.3395884102103388e-10, 1.1879655953957285e-09, 7.341523237492371e-10, -2.5386016792577176e-11, 5.714964062886436e-10]
  plain            : [0, 0, 0, 0, 0, 0, 0, 0, 0, 0, 0, 0, 0, 0, 0, 0, 0, 0, 0, 0]
  OK       2.0 km        5        5   32768/32768     3.381e-09     0.9999999988   1.0000000004     0.44s    35.119ms      0.094ms   bs  4  cheb   8
  first 20 slots : [2.4702066943723556e-10, -1.4983904455957917e-10, 4.3081829837668534e-10, 2.9501849514977206e-10, -6.833269344047373e-10, 1.6687885954881236e-10, -2.8199989820101723e-10, -1.7012832722572516e-11, 2.719059716652956e-10, -5.03714585888741e-10, 1.4432276225181958e-10, 7.531000401716805e-10, 1.7834020522420346e-10, -6.289172903929286e-10, 8.016246977215966e-10, 4.402350227725131e-10, 9.258959102737421e-11, 1.1960550398284563e-09, 4.154318009178929e-11, -6.762133353296385e-11]
  plain            : [0, 0, 0, 0, 0, 0, 0, 0, 0, 0, 0, 0, 0, 0, 0, 0, 0, 0, 0, 0]
  OK       3.0 km       53       53   32768/32768     2.974e-09     0.9999999992   1.0000000017     0.44s    35.889ms      0.093ms   bs  4  cheb   8
  first 20 slots : [-4.642190372560639e-10, 1.000000000024519, -8.381227060254325e-10, 1.000000000098997, -9.300876358447346e-10, -4.177072038050899e-10, 8.92601737080246e-11, -8.755059017283547e-11, -6.963433637438378e-10, -1.5711419921009745e-10, -2.7245516929620454e-10, -4.328937657065129e-10, 2.2938684309359568e-11, 0.9999999997410502, -3.8250910665283523e-10, -4.42707936171249e-10, 9.455173169822726e-10, -3.689673453938918e-10, -2.90954692026071e-10, 1.0000000003881688]
  plain            : [0, 1, 0, 1, 0, 0, 0, 0, 0, 0, 0, 0, 0, 1, 0, 0, 0, 0, 0, 1]
  OK       5.0 km      254      254   32768/32768     3.375e-09     0.9999999986   1.0000000020     0.45s    34.383ms      0.096ms   bs  4  cheb   8
  first 20 slots : [-3.7062568824092104e-10, 1.0000000003347285, -1.2918898386654814e-10, 0.9999999997870127, 1.173432371204602e-10, -6.501306434786207e-10, -7.71558595802614e-10, 2.988698148470488e-10, -6.571129338351836e-10, -4.946090173693729e-10, 2.598875226322148e-10, -2.67867737541781e-10, 2.2767123032819497e-10, 0.9999999996873781, -6.432156113975496e-10, 1.2496747586435957e-10, 0.9999999999788176, 2.285127578169483e-09, 1.6731634044789946e-10, 0.9999999996335138]
  plain            : [0, 1, 0, 1, 0, 0, 0, 0, 0, 0, 0, 0, 0, 1, 0, 0, 1, 0, 0, 1]

SUMMARY
  k5_kitkat         0.2 km  plain      3  cipher      3   match   0.45s / 0.088ms   bs 4  cheb 8
  k5_kitkat         0.5 km  plain     13  cipher     13   match   0.44s / 0.376ms   bs 4  cheb 8
  k5_kitkat         1.0 km  plain     52  cipher     52   match   0.45s / 0.346ms   bs 4  cheb 8
  k5_kitkat         2.0 km  plain     56  cipher     56   match   0.45s / 0.092ms   bs 4  cheb 8
  k5_kitkat         3.0 km  plain     58  cipher     58   match   0.45s / 0.091ms   bs 4  cheb 8
  k5_kitkat         5.0 km  plain     58  cipher     58   match   0.44s / 0.092ms   bs 4  cheb 8
  k5_jellybean      0.2 km  plain      4  cipher      4   match   0.44s / 0.093ms   bs 4  cheb 8
  k5_jellybean      0.5 km  plain      4  cipher      4   match   0.44s / 0.094ms   bs 4  cheb 8
  k5_jellybean      1.0 km  plain      5  cipher      5   match   0.44s / 0.095ms   bs 4  cheb 8
  k5_jellybean      2.0 km  plain      5  cipher      5   match   0.44s / 0.094ms   bs 4  cheb 8
  k5_jellybean      3.0 km  plain     53  cipher     53   match   0.44s / 0.093ms   bs 4  cheb 8
  k5_jellybean      5.0 km  plain    254  cipher    254   match   0.45s / 0.096ms   bs 4  cheb 8

 12 queries in total, 0 mismatched
Saved: results/result2.txt, results/exp1_<dataset>_summary.csv, results/exp1_all_summary.csv
Device: GPU
Key directory: /root/heaan_setting/FGb/keys/
Keys preloaded: enc, mult, conj, 45 rotation keys
Key loaded
Warm-up encrypt start [GPU]
Warm-up encrypt done
Warm-up bootstrap start
Warm-up bootstrap done

HEAAN ENGINE LOAD SUCCESS [device=GPU]


Niro call log: 204 rows   19 recorded numbers   4 distinct
Number split (3, 4, 4)   normalization denominators (999, 9999, 9999)

Per-row match and existence bit at C = 32
query number   description              exp  answer   exist value    plain  cipher   agreement   nonmatch worst   match worst    MATCH TIME  EXIST TIME  ENC TIME  PLAIN TIME
------------------------------------------------------------------------------------------------------------------------------------------------------
bootstrapping!!
bootstrapping!!
bootstrapping!!
010-5000-2924  original                    1       1   1.0000000004     12     12     32768/32768     1.388e-09     0.9999996293      2.90s      0.46s 348.938ms     0.123ms  bs 27/4
  first 20 slots : [4.689777255964518e-11, 5.568819688995148e-11, 3.875180893759136e-10, 4.3061445575323004e-11, -6.871181578064332e-11, -1.607255243447937e-10, 8.918666601357916e-11, 3.7339100952348027e-11, 7.678849136382693e-11, -8.443883134831795e-12, 6.752320640913618e-12, -3.7815412749700355e-11, 1.0842914034319677e-10, -2.6198716226656603e-10, -5.141985777391485e-11, -7.568820920227685e-11, -2.4518384238870678e-11, -4.0785437484015613e-10, 2.4034776582005965e-10, 5.176358988453869e-11]
  plain            : [0, 0, 0, 0, 0, 0, 0, 0, 0, 0, 0, 0, 0, 0, 0, 0, 0, 0, 0, 0]
bootstrapping!!
bootstrapping!!
bootstrapping!!
010-5000-2925  one digit, last group       0       0   0.0000000002      0      0     32768/32768     1.668e-08       n/a        2.88s      0.46s 250.255ms     0.124ms  bs 27/4
bootstrapping!!
bootstrapping!!
bootstrapping!!
010-5100-9080  original                    1       1   1.0000000006      3      3     32768/32768     1.315e-09     0.9999996337      2.88s      0.46s 275.151ms     0.792ms  bs 27/4
  first 20 slots : [-9.031187105585894e-11, 2.396359099179439e-10, 4.3970305126299176e-10, -5.3769478401478593e-11, 2.08747317568796e-10, -1.8187742758570787e-10, 1.688293960861658e-10, -4.060071458575095e-11, -5.128107875170494e-11, -4.880053559214172e-12, 2.985752578099644e-11, -7.903852454255558e-11, -2.416500556987303e-10, 2.1759547666766002e-10, -1.5899186218073456e-10, 9.657703434291638e-11, -2.2754207689402227e-10, 2.1403768494100547e-10, 1.649753767874359e-10, -1.0897999916522294e-11]
  plain            : [0, 0, 0, 0, 0, 0, 0, 0, 0, 0, 0, 0, 0, 0, 0, 0, 0, 0, 0, 0]
bootstrapping!!
bootstrapping!!
bootstrapping!!
010-5100-9081  one digit, last group       0       0   0.0000000002      0      0     32768/32768     3.656e-09       n/a        2.88s      0.46s 235.852ms     0.127ms  bs 27/4
bootstrapping!!
bootstrapping!!
bootstrapping!!
010-5200-1582  original                    1       1   1.0000000003      2      2     32768/32768     1.230e-09     0.9999996815      2.88s      0.46s 301.859ms     0.140ms  bs 27/4
  first 20 slots : [-2.472065822295847e-10, -1.3689720065338133e-10, 2.3697096427333705e-10, -5.759373858083895e-11, 6.852240321964703e-11, 1.5218665002190456e-10, -1.4429845976465623e-12, 5.564464841415007e-11, -1.6066387868713161e-10, -1.1903660006451077e-11, -6.29701941116186e-11, 9.002764105086233e-11, -2.15040782594685e-10, -1.388170923637312e-10, -1.0120731890379604e-10, 8.241338754796855e-11, 9.448982043510459e-11, 4.365823324215262e-10, -1.4818223073912481e-10, -4.73077487413636e-11]
  plain            : [0, 0, 0, 0, 0, 0, 0, 0, 0, 0, 0, 0, 0, 0, 0, 0, 0, 0, 0, 0]
bootstrapping!!
bootstrapping!!
bootstrapping!!
010-5200-1583  one digit, last group       0       0  -0.0000000003      0      0     32768/32768     2.400e-09       n/a        2.88s      0.46s 266.876ms     0.125ms  bs 27/4
bootstrapping!!
bootstrapping!!
bootstrapping!!
006-5300-4858  original                    1       1   0.9999999999      2      2     32768/32768     1.274e-09     0.9999996856      2.88s      0.46s 249.905ms     0.126ms  bs 27/4
  first 20 slots : [1.0841733663773251e-11, -1.7860788063919873e-10, 1.0073639197705427e-10, 3.359518499026115e-11, 1.5749932447808514e-10, 6.793833729297183e-10, -9.621873081490014e-11, 1.690373526649974e-10, 6.343905606031888e-11, 1.8719616291368845e-11, 7.022449216160227e-11, 3.2957922305643816e-11, 1.821823006671023e-11, 2.476269944457239e-10, -3.989939797856663e-11, -7.661006506126327e-11, 2.8553056492079802e-11, 8.125135576893424e-11, -1.0704656896132914e-10, -2.9476988247105375e-11]
  plain            : [0, 0, 0, 0, 0, 0, 0, 0, 0, 0, 0, 0, 0, 0, 0, 0, 0, 0, 0, 0]
bootstrapping!!
bootstrapping!!
bootstrapping!!
006-5300-4859  one digit, last group       0       0  -0.0000000002      0      0     32768/32768     3.896e-09       n/a        2.88s      0.46s 322.620ms     0.119ms  bs 27/4
bootstrapping!!
bootstrapping!!
bootstrapping!!
020-5000-2924  one digit, first group      0       0  -0.0000000005      0      0     32768/32768     5.969e-08       n/a        2.88s      0.46s 234.811ms     0.126ms  bs 27/4
bootstrapping!!
bootstrapping!!
bootstrapping!!
010-5010-2924  one digit, middle group     0       0  -0.0000000002      0      0     32768/32768     1.657e-08       n/a        2.88s      0.46s 249.774ms     0.120ms  bs 27/4
bootstrapping!!
bootstrapping!!
bootstrapping!!
010-1111-2222  not in the log              0       0   0.0000000004      0      0     32768/32768     1.181e-09       n/a        2.88s      0.46s 228.230ms     0.155ms  bs 27/4

 11 queries in total, 0 wrong

Existence bit as the declared bound C grows
query number        C   exp  answer    exist value   verdict      EXIST TIME
--------------------------------------------------------------------------------------------------------
010-5000-2924        32     1       1   1.0000000004     correct          0.44s
010-5000-2924       256     1       1   1.0000000003     correct          0.44s
010-5000-2924      2048     1       1   1.0000000000     correct          0.44s
010-1111-2222        32     0       0   0.0000000004     correct          0.44s
010-1111-2222       256     0       0   0.0000000003     correct          0.44s
010-1111-2222      2048     0       0   0.0000000000     correct          0.44s

SUMMARY
  match check  11 queries, 0 wrong
  bound check  6 existence calls over C in [32, 256, 2048] , 0 wrong
Saved: results/result2.txt, results/exp2_niro_match_summary.csv, results/exp2_niro_maxcount_sweep.csv
Device: GPU
Key directory: /root/heaan_setting/FGb/keys/
Keys preloaded: enc, mult, conj, 45 rotation keys
Key loaded
Warm-up encrypt start [GPU]
Warm-up encrypt done
Warm-up bootstrap start
Warm-up bootstrap done

HEAAN ENGINE LOAD SUCCESS [device=GPU]


Avante EDR log: 16 recorded rows, 11 rows with a recorded speed
Query parameters encrypted in 172.496 ms

Speed increase (1 means the speed rose from the previous row)
  cipher [1, 1, 1, 1, 1, 1, 1, 1, 1, 1, 0]
  plain  [1, 1, 1, 1, 1, 1, 1, 1, 1, 1, 0]
  agree  11 / 11
  rows where false   worst reading  2.941e-11
  rows where true    worst reading  0.9999999991   best 1.0000000005
  TIME 0.47 s   PLAIN TIME 0.664 ms   BS 4  CHEB 8

Overspeed (1 means the speed exceeds 60 km/h)
  cipher [0, 0, 0, 0, 0, 0, 1, 1, 1, 1, 0]
  plain  [0, 0, 0, 0, 0, 0, 1, 1, 1, 1, 0]
  agree  11 / 11
  rows where false   worst reading  5.726e-10
  rows where true    worst reading  0.9999999998   best 1.0000000007
  TIME 0.45 s   PLAIN TIME 0.462 ms   BS 4  CHEB 8

Time window: -3000.0 to -1000.0
  cipher [0, 0, 0, 0, 0, 1, 1, 1, 1, 0, 0, 0, 0, 0, 0, 0]
  plain  [0, 0, 0, 0, 0, 1, 1, 1, 1, 0, 0, 0, 0, 0, 0, 0]
  agree  32768 / 32768   (padding included)
  rows where false   worst reading  3.279e-09
  rows where true    worst reading  0.9999999993   best 1.0000000007
  TIME 0.89 s   PLAIN TIME 0.124 ms   BS 8  CHEB 16

row  t_rel  speed |    incr out  p |     over out  p |      win out  p
--------------------------------------------------------------------------
  0   -5020     42 |  1.0000000004  1 |  0.0000000000  0 | -0.0000000003  0
  1   -4520     46 |  0.9999999991  1 |  0.0000000000  0 |  0.0000000001  0
  2   -4020     50 |  1.0000000000  1 |  0.0000000002  0 | -0.0000000000  0
  3   -3520     53 |  1.0000000003  1 | -0.0000000002  0 | -0.0000000002  0
  4   -3020     56 |  1.0000000001  1 | -0.0000000004  0 |  0.0000000003  0
  5   -2520     59 |  0.9999999999  1 | -0.0000000006  0 |  1.0000000007  1
  6   -2020     61 |  1.0000000005  1 |  0.9999999998  1 |  0.9999999993  1
  7   -1520     64 |  1.0000000003  1 |  1.0000000007  1 |  1.0000000004  1
  8   -1020     66 |  1.0000000002  1 |  1.0000000000  1 |  0.9999999994  1
  9    -520     68 |  1.0000000000  1 |  1.0000000002  1 | -0.0000000003  0
 10     -20      5 | -0.0000000000  0 | -0.0000000001  0 |  0.0000000002  0
 11     -20     -1 |             .  . |             .  . |  0.0000000005  0
 12      -3     -1 |             .  . |             .  . | -0.0000000005  0
 13       0     -1 |             .  . |             .  . | -0.0000000004  0
 14       5     -1 |             .  . |             .  . | -0.0000000003  0
 15      11     -1 |             .  . |             .  . |  0.0000000004  0

 3 predicates in total, 0 mismatched
Saved: results/result2.txt, results/exp3_avante_summary.csv, results/exp3_avante_rows.csv
 
 ****************************************************************************** 
 *                                                                            * 
 *               STARTING cba72948-545f-3cab-9ee3-f6078a90bf4e                * 
 *                                                                            * 
 ****************************************************************************** 
 executing: bash
