Device: GPU
Key directory: /root/heaan_setting/FGb/keys/
Keys preloaded: enc, mult, conj, 45 rotation keys
Key loaded
Warm-up encrypt start [GPU]
Warm-up encrypt done
Warm-up bootstrap start
Warm-up bootstrap done

HEAAN ENGINE LOAD SUCCESS [device=GPU]


[k5_kitkat] 6820 of 6820 rows used, 246 rows with coordinates
Query center 37.31808 127.12741  projected to 211293.56 524321.29

  stat    radius     plain   cipher     agreement   outside worst   inside worst   inside best      TIME    ENC TIME     PLAIN TIME
  OK       0.2 km        3        3   32768/32768     3.176e-09     0.7767900155   1.0000000006     0.47s    40.303ms      0.563ms   bs  4  cheb   8
  first 20 slots : [-1.9601491377107467e-10, 4.3634407211153206e-10, 6.265812895489167e-10, 2.8305121983360293e-10, 5.953353579534971e-10, 7.268625853514431e-10, 2.891307510475141e-10, -1.939845210616778e-10, 2.7466604654816856e-10, -2.114348805256379e-10, -4.923731507438183e-10, -7.126122173251331e-10, 4.968822211642146e-10, 6.463624938272411e-11, -1.3384026818727625e-10, -1.970006661213502e-10, 9.789425704080707e-10, -6.598787188934262e-10, 8.557526816808492e-13, -9.262466812545437e-11]
  plain            : [0, 0, 0, 0, 0, 0, 0, 0, 0, 0, 0, 0, 0, 0, 0, 0, 0, 0, 0, 0]
  OK       0.5 km       13       13   32768/32768     2.966e-09     0.9999999989   1.0000000006     0.45s    52.121ms      0.461ms   bs  4  cheb   8
  first 20 slots : [-2.580729059777581e-10, 2.3425452798210087e-11, -9.568383298906622e-10, -4.018798929931738e-10, 1.0000000005633292, -6.399351948365787e-10, -1.2798337838546857e-10, -5.702274896115939e-10, -3.866039018182009e-10, 6.334140167218941e-10, 9.880805692864809e-11, 3.701458108826508e-10, -4.895332508286407e-10, -1.0906492110367714e-10, -3.985959102207082e-10, 7.031218781803294e-11, -4.5791317372616533e-10, 1.000000000473925, 5.215521176039937e-10, -2.6825156284242316e-10]
  plain            : [0, 0, 0, 0, 1, 0, 0, 0, 0, 0, 0, 0, 0, 0, 0, 0, 0, 1, 0, 0]
  OK       1.0 km       52       52   32768/32768     3.051e-09     0.9999999993   1.0000000027     0.45s    38.137ms      0.091ms   bs  4  cheb   8
  first 20 slots : [1.1416845582408906e-10, -2.8877860520367616e-10, 2.482279057473081e-10, -4.393910845623877e-10, 1.0000000009794385, 2.164557907227914e-10, -1.090979902643569e-10, 4.610896768072442e-10, -1.9083094187032524e-10, 4.4811579199675787e-10, 3.1631096283435355e-10, 9.474776016763692e-10, 1.0378982108568208e-09, -5.730936789611387e-10, -2.325179881838643e-10, 5.068628176879433e-11, -6.516251386822893e-10, 0.9999999994682314, -1.5011240331095713e-10, 2.6075797922908714e-10]
  plain            : [0, 0, 0, 0, 1, 0, 0, 0, 0, 0, 0, 0, 0, 0, 0, 0, 0, 1, 0, 0]
  OK       2.0 km       56       56   32768/32768     2.957e-09     0.9999999986   1.0000000013     0.44s    49.789ms      0.392ms   bs  4  cheb   8
  first 20 slots : [1.03789392906094e-10, -6.787723151243933e-11, -5.08533099388133e-10, -2.3409640404859414e-10, 1.0000000001367817, 3.1295668416477065e-10, -3.5591288962287075e-10, -5.22984676470911e-10, -1.2261651047084123e-11, 2.687492377549172e-10, 3.2391126339429806e-10, 9.273147449920283e-10, 2.875611206850061e-10, -7.034001796660606e-10, -8.681032744221171e-11, 4.691411234560372e-10, -1.0375497883009951e-09, 1.0000000009233099, 1.2655056373382102e-10, -1.971482670197836e-11]
  plain            : [0, 0, 0, 0, 1, 0, 0, 0, 0, 0, 0, 0, 0, 0, 0, 0, 0, 1, 0, 0]
  OK       3.0 km       58       58   32768/32768     2.759e-09     0.9999999988   1.0000000009     0.44s    37.421ms      0.100ms   bs  4  cheb   8
  first 20 slots : [-4.885628364437226e-10, -4.605271998495391e-10, -3.158764644794896e-10, 6.409073525443155e-11, 0.9999999999548184, -2.559575466969667e-09, 2.466157269095876e-10, -2.3838198921976874e-10, -4.3101314204244063e-10, 4.735106282884767e-10, -1.9043584339280517e-10, 9.870444493295495e-10, 1.2181495196570202e-10, 1.3419377303663503e-10, 6.267064437980296e-11, 3.333668403509797e-10, -1.1645287235765364e-11, 1.0000000002178369, -4.2304070446048117e-10, -3.359061388780881e-10]
  plain            : [0, 0, 0, 0, 1, 0, 0, 0, 0, 0, 0, 0, 0, 0, 0, 0, 0, 1, 0, 0]
  OK       5.0 km       58       58   32768/32768     2.545e-09     0.9999999990   1.0000000018     0.44s    40.613ms      0.088ms   bs  4  cheb   8
  first 20 slots : [-4.004443660438942e-10, 1.1077014768453612e-09, -1.734570866020255e-10, -4.607135164990895e-10, 0.9999999995093432, -6.125297536906006e-10, -1.4736309020912688e-10, -1.1282716509984739e-10, -9.749889522856703e-11, 2.41572870953184e-10, -4.972031725274411e-11, 4.126929634275367e-10, -4.637967684825939e-11, 3.4156566250730664e-10, 4.698082549656372e-10, 3.5316786508758243e-10, 5.229590258774035e-11, 0.9999999999106245, -3.105325877734023e-10, -1.288808296919706e-10]
  plain            : [0, 0, 0, 0, 1, 0, 0, 0, 0, 0, 0, 0, 0, 0, 0, 0, 0, 1, 0, 0]

[k5_jellybean] 613 of 613 rows used, 330 rows with coordinates
Query center 37.86484 127.05997  projected to 205276.97 584999.58

  stat    radius     plain   cipher     agreement   outside worst   inside worst   inside best      TIME    ENC TIME     PLAIN TIME
  OK       0.2 km        4        4   32768/32768     3.318e-09     0.9982446552   1.0000000005     0.44s    44.117ms      0.085ms   bs  4  cheb   8
  first 20 slots : [-6.006568450090164e-10, -2.8069845571740394e-10, -1.0017233433054389e-09, -1.3202834519971878e-10, 9.000888117175728e-10, 9.086202479410045e-10, 1.2487374338267086e-10, 8.32680569405437e-11, -6.12208747074906e-10, 1.9192652773537002e-10, -2.2558719399083167e-10, 4.463162862281831e-10, 1.83277989920564e-10, -8.691678096857911e-10, -2.3261650465648333e-10, -9.317625085841586e-11, -5.729773310267815e-10, -7.325422987918323e-10, 2.158695543211291e-10, -4.948838636974397e-10]
  plain            : [0, 0, 0, 0, 0, 0, 0, 0, 0, 0, 0, 0, 0, 0, 0, 0, 0, 0, 0, 0]
  OK       0.5 km        4        4   32768/32768     3.741e-09     0.9999999997   1.0000000010     0.44s    36.502ms      0.090ms   bs  4  cheb   8
  first 20 slots : [-3.741019085760745e-11, 6.198271324754866e-10, 8.240521837788942e-10, 6.533786182936758e-11, 8.262828208755573e-10, -6.671555989706845e-10, -4.791148395088407e-10, 4.690148847869337e-10, 4.90656736595236e-10, -5.126947743634959e-10, -4.621070696674922e-10, -1.0166247188450851e-09, -1.011998979025559e-10, 3.117343733554387e-10, 6.395476686642364e-10, 4.1114578404616016e-10, -9.925570535481356e-10, -9.210815302332305e-10, 9.804495105530607e-11, 3.265680717773011e-10]
  plain            : [0, 0, 0, 0, 0, 0, 0, 0, 0, 0, 0, 0, 0, 0, 0, 0, 0, 0, 0, 0]
  OK       1.0 km        5        5   32768/32768     3.119e-09     0.9999999989   1.0000000004     0.44s    39.568ms      0.362ms   bs  4  cheb   8
  first 20 slots : [-2.4637484448317944e-10, -9.85853855483721e-10, -3.619869859906467e-10, 5.768055118122531e-10, 1.5075225517233066e-10, 7.008605486285833e-10, -4.714937246686934e-10, 3.239928847559418e-10, 6.426537421173782e-10, 5.263731408314282e-10, -4.0321302090062774e-10, -6.804942579747282e-10, -1.331978231335189e-09, -4.910932043184409e-10, 5.706778377734949e-10, 5.538250096111602e-10, -4.5449372808625274e-10, -1.8327697409245815e-10, -6.965419990240947e-11, 3.365697845384674e-10]
  plain            : [0, 0, 0, 0, 0, 0, 0, 0, 0, 0, 0, 0, 0, 0, 0, 0, 0, 0, 0, 0]
  OK       2.0 km        5        5   32768/32768     2.802e-09     0.9999999994   1.0000000004     0.45s    47.086ms      0.088ms   bs  4  cheb   8
  first 20 slots : [2.5150793188365812e-11, -5.295988627261975e-12, 2.1328351271114152e-10, 3.125099485171363e-10, 2.7450194540942484e-10, -8.725754203600109e-10, -1.7859468674584542e-10, -1.7896352323468667e-11, -8.898716490571915e-11, 1.1256726695989421e-10, -4.0277264260462e-11, 2.0371480546712064e-10, -4.575337866533098e-10, 6.847487683322111e-10, 3.390163441256585e-10, 4.505546786272356e-10, -4.6157157485921404e-10, 1.0070054299944706e-09, 3.2597544223719723e-10, 5.237597045079639e-12]
  plain            : [0, 0, 0, 0, 0, 0, 0, 0, 0, 0, 0, 0, 0, 0, 0, 0, 0, 0, 0, 0]
  OK       3.0 km       53       53   32768/32768     2.738e-09     0.9999999988   1.0000000009     0.44s    37.592ms      0.471ms   bs  4  cheb   8
  first 20 slots : [-2.8995353201571707e-10, 1.0000000004767955, -1.7240694785805151e-10, 1.0000000000603007, -5.764970113235878e-10, -1.3562416642205203e-10, 6.645853200788215e-10, 5.871530048425461e-10, -2.5134300298532276e-10, -3.73250161500681e-10, -1.8827943851753816e-10, 8.474381765484868e-11, -1.899369072075798e-10, 0.9999999996747035, -8.565347649523771e-11, -9.670403079843408e-11, 4.022798838016925e-10, 5.913807776109178e-10, 8.837780191794724e-11, 1.0000000003336527]
  plain            : [0, 1, 0, 1, 0, 0, 0, 0, 0, 0, 0, 0, 0, 1, 0, 0, 0, 0, 0, 1]
  OK       5.0 km      254      254   32768/32768     3.011e-09     0.9999999989   1.0000000016     0.44s    37.825ms      0.734ms   bs  4  cheb   8
  first 20 slots : [5.501797168219732e-10, 1.000000000903518, 2.6709561467367693e-10, 0.9999999999865878, -3.921560117921989e-10, -1.0101184949281983e-09, 1.2064008453133743e-10, -1.0837037754769912e-10, -9.083057575112825e-10, -2.509539127959784e-10, -1.5536943893909924e-11, 3.218784044135718e-10, -1.5092822621467265e-09, 0.9999999993162935, -2.415191148530856e-10, -3.9781959188260094e-10, 0.9999999999016373, -6.326876058110341e-10, 2.1909525256604502e-10, 0.9999999996052389]
  plain            : [0, 1, 0, 1, 0, 0, 0, 0, 0, 0, 0, 0, 0, 1, 0, 0, 1, 0, 0, 1]

SUMMARY
  k5_kitkat         0.2 km  plain      3  cipher      3   match   0.47s / 0.563ms   bs 4  cheb 8
  k5_kitkat         0.5 km  plain     13  cipher     13   match   0.45s / 0.461ms   bs 4  cheb 8
  k5_kitkat         1.0 km  plain     52  cipher     52   match   0.45s / 0.091ms   bs 4  cheb 8
  k5_kitkat         2.0 km  plain     56  cipher     56   match   0.44s / 0.392ms   bs 4  cheb 8
  k5_kitkat         3.0 km  plain     58  cipher     58   match   0.44s / 0.100ms   bs 4  cheb 8
  k5_kitkat         5.0 km  plain     58  cipher     58   match   0.44s / 0.088ms   bs 4  cheb 8
  k5_jellybean      0.2 km  plain      4  cipher      4   match   0.44s / 0.085ms   bs 4  cheb 8
  k5_jellybean      0.5 km  plain      4  cipher      4   match   0.44s / 0.090ms   bs 4  cheb 8
  k5_jellybean      1.0 km  plain      5  cipher      5   match   0.44s / 0.362ms   bs 4  cheb 8
  k5_jellybean      2.0 km  plain      5  cipher      5   match   0.45s / 0.088ms   bs 4  cheb 8
  k5_jellybean      3.0 km  plain     53  cipher     53   match   0.44s / 0.471ms   bs 4  cheb 8
  k5_jellybean      5.0 km  plain    254  cipher    254   match   0.44s / 0.734ms   bs 4  cheb 8

 12 queries in total, 0 mismatched
Saved: results/result2.txt, results/exp1_<dataset>_summary.csv, results/exp1_all_summary.csv
Device: GPU
Key directory: /root/heaan_setting/FGb/keys/
Keys preloaded: enc, mult, conj, 45 rotation keys
Key loaded
Warm-up encrypt start [GPU]
Warm-up encrypt done
Warm-up bootstrap start
Warm-up bootstrap done

HEAAN ENGINE LOAD SUCCESS [device=GPU]


Niro call log: 204 rows   19 recorded numbers   4 distinct
Number split (3, 4, 4)   normalization denominators (999, 9999, 9999)

Per-row match and existence bit at C = 32
query number   description              exp  answer   exist value    plain  cipher   agreement   nonmatch worst   match worst    MATCH TIME  EXIST TIME  ENC TIME  PLAIN TIME
------------------------------------------------------------------------------------------------------------------------------------------------------
bootstrapping!!
bootstrapping!!
bootstrapping!!
010-5000-2924  original                    1       1   1.0000000001     12     12     32768/32768     1.219e-09     0.9999996771      2.90s      0.46s 252.416ms     0.125ms  bs 27/4
  first 20 slots : [-7.408835016966187e-11, 3.7110386158277187e-10, 1.8900620385114637e-10, -4.282589888295374e-11, 8.536891669677578e-11, -3.756406921996011e-11, 2.6406256034855917e-11, -1.257162437204987e-10, -3.576241383009707e-10, 1.5981222406273178e-10, -3.8594085044202056e-11, -9.643458840468471e-11, -1.1413077918308874e-10, 2.940635014896031e-10, 7.748198738723216e-12, 1.3905901657004567e-11, 1.6625775712394693e-10, 1.6127452215111547e-10, 7.687720370681032e-11, -1.4080432328240876e-11]
  plain            : [0, 0, 0, 0, 0, 0, 0, 0, 0, 0, 0, 0, 0, 0, 0, 0, 0, 0, 0, 0]
bootstrapping!!
bootstrapping!!
bootstrapping!!
010-5000-2925  one digit, last group       0       0  -0.0000000000      0      0     32768/32768     1.549e-08       n/a        2.88s      0.46s 244.992ms     0.125ms  bs 27/4
bootstrapping!!
bootstrapping!!
bootstrapping!!
010-5100-9080  original                    1       1   1.0000000003      3      3     32768/32768     1.268e-09     0.9999996876      2.88s      0.46s 261.905ms     0.137ms  bs 27/4
  first 20 slots : [-3.69180219803234e-12, -1.2130018183893558e-10, 6.26321686296649e-11, -6.267083429315424e-11, -1.515571560022789e-10, -1.2709482774663387e-10, 1.0660939251046005e-10, 1.5066044654282002e-10, 2.0570521481703937e-10, 3.254365630368079e-11, -5.671937647592532e-11, -2.444902674533407e-10, 3.9041335519541077e-10, 2.1372157556106503e-10, -6.019828167825051e-11, -4.5957833571559255e-11, 9.873969919053364e-11, 2.8573314790280223e-10, -9.690074718437199e-11, 1.4948105447463755e-11]
  plain            : [0, 0, 0, 0, 0, 0, 0, 0, 0, 0, 0, 0, 0, 0, 0, 0, 0, 0, 0, 0]
bootstrapping!!
bootstrapping!!
bootstrapping!!
010-5100-9081  one digit, last group       0       0   0.0000000002      0      0     32768/32768     2.192e-08       n/a        2.87s      0.46s 321.234ms     0.136ms  bs 27/4
bootstrapping!!
bootstrapping!!
bootstrapping!!
010-5200-1582  original                    1       1   1.0000000003      2      2     32768/32768     1.231e-09     0.9999996760      2.87s      0.46s 266.216ms     0.172ms  bs 27/4
  first 20 slots : [7.695803477526195e-12, 2.1395797159641894e-10, 3.080401467043155e-11, 8.754134961950807e-11, 3.5271041043567353e-10, 5.360256399128355e-10, -1.8624717863445277e-10, -6.598770972346881e-11, 7.801710180504529e-11, -2.088637265813919e-11, -5.0339433665530185e-11, 3.426337275764801e-10, -2.399990718745598e-10, 1.9276560426034588e-11, -1.2916632085380697e-11, -7.177929263614741e-11, 9.912444361412458e-12, -4.3208645159453214e-10, 8.11840480216296e-11, 3.4492367392929175e-11]
  plain            : [0, 0, 0, 0, 0, 0, 0, 0, 0, 0, 0, 0, 0, 0, 0, 0, 0, 0, 0, 0]
bootstrapping!!
bootstrapping!!
bootstrapping!!
010-5200-1583  one digit, last group       0       0  -0.0000000001      0      0     32768/32768     2.193e-09       n/a        2.88s      0.46s 248.358ms     0.126ms  bs 27/4
bootstrapping!!
bootstrapping!!
bootstrapping!!
006-5300-4858  original                    1       1   0.9999999997      2      2     32768/32768     1.356e-09     0.9999996831      2.88s      0.46s 336.215ms     0.133ms  bs 27/4
  first 20 slots : [8.378826003862975e-11, 8.649995163805827e-11, -2.6487801679176876e-10, -1.6134287123420452e-11, -4.0444607322568665e-11, 2.7990764123764314e-11, -4.03694633445316e-11, -2.739669589293317e-10, -2.44686035627286e-10, -5.946179372204238e-12, 6.948917141188362e-12, 1.0688070950509641e-10, -1.1465601611333964e-10, -1.9038204742614145e-10, -9.57942430701343e-11, -1.0000088323938646e-10, -2.048747196668415e-10, -4.865416662695433e-10, 2.1751362035682987e-10, 9.259824228863599e-12]
  plain            : [0, 0, 0, 0, 0, 0, 0, 0, 0, 0, 0, 0, 0, 0, 0, 0, 0, 0, 0, 0]
bootstrapping!!
bootstrapping!!
bootstrapping!!
006-5300-4859  one digit, last group       0       0   0.0000000000      0      0     32768/32768     1.563e-09       n/a        2.88s      0.46s 244.813ms     0.134ms  bs 27/4
bootstrapping!!
bootstrapping!!
bootstrapping!!
020-5000-2924  one digit, first group      0       0  -0.0000000003      0      0     32768/32768     1.176e-08       n/a        2.88s      0.46s 238.201ms     0.134ms  bs 27/4
bootstrapping!!
bootstrapping!!
bootstrapping!!
010-5010-2924  one digit, middle group     0       0   0.0000000001      0      0     32768/32768     2.838e-08       n/a        2.88s      0.46s 244.968ms     0.123ms  bs 27/4
bootstrapping!!
bootstrapping!!
bootstrapping!!
010-1111-2222  not in the log              0       0  -0.0000000001      0      0     32768/32768     1.134e-09       n/a        2.88s      0.46s 315.696ms     0.142ms  bs 27/4

 11 queries in total, 0 wrong

Existence bit as the declared bound C grows
query number        C   exp  answer    exist value   verdict      EXIST TIME
--------------------------------------------------------------------------------------------------------
010-5000-2924        32     1       1   1.0000000001     correct          0.44s
010-5000-2924       256     1       1   1.0000000000     correct          0.44s
010-5000-2924      2048     1       1   1.0000000000     correct          0.44s
010-1111-2222        32     0       0  -0.0000000001     correct          0.44s
010-1111-2222       256     0       0   0.0000000004     correct          0.44s
010-1111-2222      2048     0       0   0.0000000003     correct          0.44s

SUMMARY
  match check  11 queries, 0 wrong
  bound check  6 existence calls over C in [32, 256, 2048] , 0 wrong
Saved: results/result2.txt, results/exp2_niro_match_summary.csv, results/exp2_niro_maxcount_sweep.csv
Device: GPU
Key directory: /root/heaan_setting/FGb/keys/
Keys preloaded: enc, mult, conj, 45 rotation keys
Key loaded
Warm-up encrypt start [GPU]
Warm-up encrypt done
Warm-up bootstrap start
Warm-up bootstrap done

HEAAN ENGINE LOAD SUCCESS [device=GPU]


Avante EDR log: 16 recorded rows, 11 rows with a recorded speed
Query parameters encrypted in 130.351 ms

Speed increase (1 means the speed rose from the previous row)
  cipher [1, 1, 1, 1, 1, 1, 1, 1, 1, 1, 0]
  plain  [1, 1, 1, 1, 1, 1, 1, 1, 1, 1, 0]
  agree  11 / 11
  rows where false   worst reading  1.289e-11
  rows where true    worst reading  0.9999999992   best 1.0000000010
  TIME 0.45 s   PLAIN TIME 0.64 ms   BS 4  CHEB 8

Overspeed (1 means the speed exceeds 60 km/h)
  cipher [0, 0, 0, 0, 0, 0, 1, 1, 1, 1, 0]
  plain  [0, 0, 0, 0, 0, 0, 1, 1, 1, 1, 0]
  agree  11 / 11
  rows where false   worst reading  9.958e-10
  rows where true    worst reading  0.9999999993   best 1.0000000001
  TIME 0.43 s   PLAIN TIME 0.086 ms   BS 4  CHEB 8

Time window: -3000.0 to -1000.0
  cipher [0, 0, 0, 0, 0, 1, 1, 1, 1, 0, 0, 0, 0, 0, 0, 0]
  plain  [0, 0, 0, 0, 0, 1, 1, 1, 1, 0, 0, 0, 0, 0, 0, 0]
  agree  32768 / 32768   (padding included)
  rows where false   worst reading  3.006e-09
  rows where true    worst reading  0.9999999992   best 1.0000000009
  TIME 0.87 s   PLAIN TIME 0.129 ms   BS 8  CHEB 16

row  t_rel  speed |    incr out  p |     over out  p |      win out  p
--------------------------------------------------------------------------
  0   -5020     42 |  1.0000000001  1 |  0.0000000002  0 | -0.0000000002  0
  1   -4520     46 |  0.9999999997  1 | -0.0000000009  0 |  0.0000000003  0
  2   -4020     50 |  0.9999999992  1 |  0.0000000002  0 |  0.0000000005  0
  3   -3520     53 |  1.0000000005  1 | -0.0000000003  0 | -0.0000000003  0
  4   -3020     56 |  1.0000000003  1 |  0.0000000010  0 | -0.0000000007  0
  5   -2520     59 |  1.0000000001  1 |  0.0000000008  0 |  0.9999999996  1
  6   -2020     61 |  1.0000000001  1 |  0.9999999994  1 |  1.0000000000  1
  7   -1520     64 |  1.0000000010  1 |  0.9999999995  1 |  0.9999999992  1
  8   -1020     66 |  1.0000000005  1 |  0.9999999993  1 |  1.0000000009  1
  9    -520     68 |  1.0000000005  1 |  1.0000000001  1 | -0.0000000002  0
 10     -20      5 |  0.0000000000  0 | -0.0000000002  0 |  0.0000000002  0
 11     -20     -1 |             .  . |             .  . |  0.0000000003  0
 12      -3     -1 |             .  . |             .  . |  0.0000000001  0
 13       0     -1 |             .  . |             .  . |  0.0000000004  0
 14       5     -1 |             .  . |             .  . |  0.0000000000  0
 15      11     -1 |             .  . |             .  . |  0.0000000004  0

 3 predicates in total, 0 mismatched
Saved: results/result2.txt, results/exp3_avante_summary.csv, results/exp3_avante_rows.csv
 
 ****************************************************************************** 
 *                                                                            * 
 *               STARTING cba72948-545f-3cab-9ee3-f6078a90bf4e                * 
 *                                                                            * 
 ****************************************************************************** 
 executing: bash
