Device: GPU
Key directory: /root/heaan_setting/FGb/keys/
Keys preloaded: enc, mult, conj, 45 rotation keys
Key loaded
Warm-up encrypt start [GPU]
Warm-up encrypt done
Warm-up bootstrap start
Warm-up bootstrap done

HEAAN ENGINE LOAD SUCCESS [device=GPU]


[k5_kitkat] 6820 of 6820 rows used, 246 rows with coordinates
Query center 37.31808 127.12741  projected to 211293.56 524321.29

  stat    radius     plain   cipher     agreement   outside worst   inside worst   inside best      TIME    ENC TIME     PLAIN TIME
  OK       0.2 km        3        3   32768/32768     2.970e-09     0.7810145959   1.0000000003     0.46s    35.671ms      0.094ms   bs  4  cheb   8
  first 20 slots : [5.638341403182564e-10, -5.35645297199499e-10, -6.997674921607349e-10, -2.344061635948901e-10, 1.2766008073234024e-09, 1.0445239604513315e-09, 1.877979655035384e-10, -2.2391248376943883e-10, -1.2556767150973146e-10, 2.140909929467421e-12, 2.2331614900785695e-10, -3.459216120153083e-10, -5.124332846652248e-10, 9.538247573893318e-10, 3.0509174094259694e-11, -2.7811448359192157e-10, -9.88067716822043e-10, 5.057319621853197e-10, 1.0224344901791238e-10, 3.6076909581743894e-10]
  plain            : [0, 0, 0, 0, 0, 0, 0, 0, 0, 0, 0, 0, 0, 0, 0, 0, 0, 0, 0, 0]
  OK       0.5 km       13       13   32768/32768     3.788e-09     0.9999999993   1.0000000013     0.44s    39.289ms      0.088ms   bs  4  cheb   8
  first 20 slots : [-2.627412023804134e-10, 3.4199473738770246e-10, -5.077172686803558e-10, -9.868131010806641e-11, 1.000000000600063, 1.871822381619835e-10, 7.187682867320855e-10, -5.191502512709126e-10, 2.4554617684847825e-10, -1.477682827282968e-10, -2.729555203001851e-10, 2.909811069924041e-10, -6.513314485860722e-10, -2.652410856431965e-10, -3.718058553071415e-10, 2.8290401448936577e-10, -9.166344970827542e-10, 1.0000000003731493, 8.950374869897845e-10, -1.7928671018189772e-10]
  plain            : [0, 0, 0, 0, 1, 0, 0, 0, 0, 0, 0, 0, 0, 0, 0, 0, 0, 1, 0, 0]
  OK       1.0 km       52       52   32768/32768     3.211e-09     0.9999999994   1.0000000010     0.44s    47.897ms      0.092ms   bs  4  cheb   8
  first 20 slots : [1.2882714987909859e-11, -4.548375289076299e-10, -5.612199437926856e-10, 2.605392439259657e-10, 0.999999999511679, -1.6912024971494356e-09, -4.708929132609759e-10, 5.323775521297411e-10, -6.047171530032834e-11, 2.0190014030553958e-10, -2.3593715685025673e-10, 4.867382471421781e-10, 1.4996774136704626e-10, -1.852265370273094e-10, -1.7162581777055298e-10, 2.1496105733459035e-10, 8.300421959243426e-11, 1.000000000762301, -8.590289906720727e-11, -2.234529378915756e-10]
  plain            : [0, 0, 0, 0, 1, 0, 0, 0, 0, 0, 0, 0, 0, 0, 0, 0, 0, 1, 0, 0]
  OK       2.0 km       56       56   32768/32768     2.814e-09     0.9999999986   1.0000000006     0.44s    46.655ms      0.094ms   bs  4  cheb   8
  first 20 slots : [-1.1600646907430149e-10, 6.277567076221044e-10, 6.260413421092251e-10, 2.2994085762379154e-10, 1.0000000003137037, -1.624676811331467e-10, -3.4591755914851214e-10, 4.3023968837656144e-11, -8.627859047792889e-10, 2.0205125179295035e-10, 2.1657871987912092e-11, 2.2784490002486536e-10, 4.233832959020571e-10, -4.772515230561075e-10, -3.874963947406874e-10, 4.0698263178651833e-10, 7.821062002649217e-11, 0.99999999956806, -8.720861072010712e-10, -1.6568885399031069e-10]
  plain            : [0, 0, 0, 0, 1, 0, 0, 0, 0, 0, 0, 0, 0, 0, 0, 0, 0, 1, 0, 0]
  OK       3.0 km       58       58   32768/32768     3.247e-09     0.9999999970   1.0000000010     0.44s    46.760ms      0.087ms   bs  4  cheb   8
  first 20 slots : [-5.973409678068327e-10, 8.395641275847297e-10, -1.4420671025621176e-09, -3.281873940478827e-10, 1.000000000343855, 7.738552242236378e-10, 5.141468784801837e-10, -1.0239575022946655e-09, 1.5530343398297606e-11, -4.911364049373138e-10, -1.2402052604820479e-10, 3.103748801625378e-10, -1.1907661627362745e-09, -3.3231153725119373e-10, -6.864818388919652e-11, 1.9168933568151542e-10, -4.949101198244476e-10, 1.0000000004120375, 1.2123650040499038e-10, -1.440574191071038e-10]
  plain            : [0, 0, 0, 0, 1, 0, 0, 0, 0, 0, 0, 0, 0, 0, 0, 0, 0, 1, 0, 0]
  OK       5.0 km       58       58   32768/32768     2.915e-09     0.9999999978   1.0000000013     0.44s    37.718ms      0.087ms   bs  4  cheb   8
  first 20 slots : [-4.959169149583696e-10, 1.2705644321924719e-09, -2.661795613841209e-10, -1.5547381423952506e-10, 1.000000000571673, 8.111394047312065e-11, -7.704939659747074e-11, -5.56199085616762e-10, -4.1640509168550164e-10, -9.209731100307203e-11, -4.4367085330648533e-10, -3.26654942494634e-11, 6.307602970951945e-11, -6.237743454240394e-10, -5.652274697324559e-10, 2.03185693986367e-11, 2.9298436257687186e-10, 1.0000000000513256, -3.575861118186832e-10, -5.110925411548164e-10]
  plain            : [0, 0, 0, 0, 1, 0, 0, 0, 0, 0, 0, 0, 0, 0, 0, 0, 0, 1, 0, 0]

[k5_jellybean] 613 of 613 rows used, 330 rows with coordinates
Query center 37.86484 127.05997  projected to 205276.97 584999.58

  stat    radius     plain   cipher     agreement   outside worst   inside worst   inside best      TIME    ENC TIME     PLAIN TIME
  OK       0.2 km        4        4   32768/32768     2.890e-09     0.9981748676   1.0000000003     0.44s    46.408ms      0.087ms   bs  4  cheb   8
  first 20 slots : [-7.28093776761404e-11, 2.8174284400049736e-10, -4.90683474165509e-10, 5.2668339451886295e-11, -4.712363513540789e-10, -5.393752618978439e-12, -6.007324141891682e-11, 1.23344335268945e-11, 7.814308013116546e-10, 1.8466871498567696e-10, -1.2932134958002618e-10, -8.416818226865904e-11, 8.727886692831956e-11, -7.313626441634384e-11, 1.6304161657775434e-10, -2.874995628337904e-10, -2.353837847308196e-10, -1.3586203000180639e-10, 1.4368709247889437e-09, -3.986470547832373e-10]
  plain            : [0, 0, 0, 0, 0, 0, 0, 0, 0, 0, 0, 0, 0, 0, 0, 0, 0, 0, 0, 0]
  OK       0.5 km        4        4   32768/32768     4.009e-09     0.9999999995   1.0000000001     0.44s    44.257ms      0.319ms   bs  4  cheb   8
  first 20 slots : [3.339281301486767e-10, 4.590642730378434e-10, -2.1495356552925084e-10, 4.68497247681856e-10, 8.90076488117829e-11, 5.280198288413578e-10, 2.3234999355127498e-11, 4.3766784728871375e-10, 6.737950393919481e-11, -3.0367453666049775e-10, 5.22902539772618e-10, 2.639482228434952e-10, 8.523652546816272e-10, -7.889245328107023e-10, -9.194702117545093e-10, 1.174020750912742e-10, -4.305971272669152e-10, -1.1824896527714e-09, 2.091343304913105e-10, 5.23897794071609e-10]
  plain            : [0, 0, 0, 0, 0, 0, 0, 0, 0, 0, 0, 0, 0, 0, 0, 0, 0, 0, 0, 0]
  OK       1.0 km        5        5   32768/32768     3.608e-09     0.9999999998   1.0000000009     0.44s    40.226ms      0.292ms   bs  4  cheb   8
  first 20 slots : [6.441078820283786e-10, -4.9108578612768256e-11, 3.412049698298017e-10, 3.242795160744029e-10, -6.659346148236334e-10, 9.097978248241299e-10, -1.6793544787558444e-10, -5.5509455000928096e-11, -1.2822257880872058e-10, 9.178082160549946e-12, 3.856029786436814e-10, 1.2389577961922583e-09, -6.232767260492383e-10, 1.0301921120151667e-10, -2.363861196834089e-10, 5.179450634506265e-10, -1.7965183650488183e-10, -6.937562943667956e-10, -9.700216301279004e-11, 2.5243004797815354e-10]
  plain            : [0, 0, 0, 0, 0, 0, 0, 0, 0, 0, 0, 0, 0, 0, 0, 0, 0, 0, 0, 0]
  OK       2.0 km        5        5   32768/32768     3.108e-09     0.9999999992   0.9999999998     0.44s    53.292ms      0.089ms   bs  4  cheb   8
  first 20 slots : [4.2285511791886435e-10, -4.0947860032038265e-10, 5.1133677422604796e-11, 3.454781198344026e-10, 3.830887115861771e-10, 7.886954367731722e-10, -2.4895557807669216e-10, 1.8483196616113657e-10, -1.8608040044602537e-10, 2.034222013003599e-10, 2.681918383769022e-10, 7.74562331935253e-10, 1.0409159690402672e-09, 4.2478315265609874e-10, 3.729454543967504e-10, 5.95052624229013e-10, -7.53395827739771e-11, 8.188759375294249e-10, 3.67147900107258e-10, -3.760982700059091e-10]
  plain            : [0, 0, 0, 0, 0, 0, 0, 0, 0, 0, 0, 0, 0, 0, 0, 0, 0, 0, 0, 0]
  OK       3.0 km       53       53   32768/32768     2.731e-09     0.9999999989   1.0000000016     0.44s    35.061ms      0.086ms   bs  4  cheb   8
  first 20 slots : [-1.6800006390785216e-10, 1.0000000002034528, -5.842664975017302e-10, 1.0000000001313496, -1.885894931301705e-10, 2.4119559267588974e-11, -3.1271236102210393e-10, -1.2762712797888156e-10, 1.0276148468008515e-09, -3.0815845371880657e-10, -3.9000174002728775e-10, -4.8166106364880136e-12, -5.855593703525064e-10, 0.9999999993156095, 1.552634975382231e-10, -3.160475444049415e-10, 3.4474771980722155e-11, -1.2377898170053675e-09, -5.389489678003771e-10, 1.0000000001726481]
  plain            : [0, 1, 0, 1, 0, 0, 0, 0, 0, 0, 0, 0, 0, 1, 0, 0, 0, 0, 0, 1]
  OK       5.0 km      254      254   32768/32768     3.378e-09     0.9999999986   1.0000000018     0.44s    34.827ms      0.089ms   bs  4  cheb   8
  first 20 slots : [-4.5728267953954675e-10, 0.9999999999323841, -4.0372467230827267e-10, 0.9999999998569038, 2.1124801546902836e-10, -2.1204970906985384e-10, 2.1345342728195471e-10, -1.407935019638978e-10, -1.6034040035963707e-10, -5.531679429726659e-10, -3.91435785096297e-10, -2.751676819004737e-10, -1.0337501902680933e-09, 0.9999999996653767, 8.321104646488922e-11, -9.536173042903594e-11, 0.9999999986254984, 5.317118817411092e-10, 3.453794377279651e-11, 0.9999999998723748]
  plain            : [0, 1, 0, 1, 0, 0, 0, 0, 0, 0, 0, 0, 0, 1, 0, 0, 1, 0, 0, 1]

SUMMARY
  k5_kitkat         0.2 km  plain      3  cipher      3   match   0.46s / 0.094ms   bs 4  cheb 8
  k5_kitkat         0.5 km  plain     13  cipher     13   match   0.44s / 0.088ms   bs 4  cheb 8
  k5_kitkat         1.0 km  plain     52  cipher     52   match   0.44s / 0.092ms   bs 4  cheb 8
  k5_kitkat         2.0 km  plain     56  cipher     56   match   0.44s / 0.094ms   bs 4  cheb 8
  k5_kitkat         3.0 km  plain     58  cipher     58   match   0.44s / 0.087ms   bs 4  cheb 8
  k5_kitkat         5.0 km  plain     58  cipher     58   match   0.44s / 0.087ms   bs 4  cheb 8
  k5_jellybean      0.2 km  plain      4  cipher      4   match   0.44s / 0.087ms   bs 4  cheb 8
  k5_jellybean      0.5 km  plain      4  cipher      4   match   0.44s / 0.319ms   bs 4  cheb 8
  k5_jellybean      1.0 km  plain      5  cipher      5   match   0.44s / 0.292ms   bs 4  cheb 8
  k5_jellybean      2.0 km  plain      5  cipher      5   match   0.44s / 0.089ms   bs 4  cheb 8
  k5_jellybean      3.0 km  plain     53  cipher     53   match   0.44s / 0.086ms   bs 4  cheb 8
  k5_jellybean      5.0 km  plain    254  cipher    254   match   0.44s / 0.089ms   bs 4  cheb 8

 12 queries in total, 0 mismatched
Saved: results/result2.txt, results/exp1_<dataset>_summary.csv, results/exp1_all_summary.csv
Device: GPU
Key directory: /root/heaan_setting/FGb/keys/
Keys preloaded: enc, mult, conj, 45 rotation keys
Key loaded
Warm-up encrypt start [GPU]
Warm-up encrypt done
Warm-up bootstrap start
Warm-up bootstrap done

HEAAN ENGINE LOAD SUCCESS [device=GPU]


Niro call log: 204 rows   19 recorded numbers   4 distinct
Number split (3, 4, 4)   normalization denominators (999, 9999, 9999)

Per-row match and existence bit at C = 32
query number   description              exp  answer   exist value    plain  cipher   agreement   nonmatch worst   match worst    MATCH TIME  EXIST TIME  ENC TIME  PLAIN TIME
------------------------------------------------------------------------------------------------------------------------------------------------------
bootstrapping!!
bootstrapping!!
bootstrapping!!
010-5000-2924  original                    1       1   1.0000000006     12     12     32768/32768     1.291e-09     0.9999996366      2.87s      0.46s 262.937ms     0.129ms  bs 27/4
  first 20 slots : [-4.303636523290112e-11, -7.68121199260955e-13, 6.138488824820777e-12, 1.3850840739472668e-11, 1.8075759314211654e-10, 6.320628114561e-11, -3.3919264517643403e-11, 4.930567629117612e-11, 1.4161674423491129e-10, -9.301029118389478e-12, -2.186041548611523e-11, -6.911134805023363e-11, -2.6724201050555765e-10, -1.726184490153639e-10, -1.8814531933827785e-10, 3.8374913854484854e-11, -6.109832752015541e-11, -1.5282307295744244e-10, -9.459468211358736e-11, 1.51429528156338e-11]
  plain            : [0, 0, 0, 0, 0, 0, 0, 0, 0, 0, 0, 0, 0, 0, 0, 0, 0, 0, 0, 0]
bootstrapping!!
bootstrapping!!
bootstrapping!!
010-5000-2925  one digit, last group       0       0  -0.0000000000      0      0     32768/32768     4.169e-08       n/a        2.86s      0.46s 276.955ms     0.126ms  bs 27/4
bootstrapping!!
bootstrapping!!
bootstrapping!!
010-5100-9080  original                    1       1   1.0000000000      3      3     32768/32768     1.301e-09     0.9999996719      2.86s      0.46s 247.444ms     0.123ms  bs 27/4
  first 20 slots : [4.384455848945801e-11, 5.692273616377986e-11, 1.0398736850094774e-11, -5.697364161208417e-11, 1.42916375059516e-10, 5.501589323786229e-11, -1.2505940309032944e-11, -8.262689649034213e-11, 7.097618257765578e-12, 8.092110587726308e-11, 2.937992123005222e-11, 1.581760188055998e-10, -1.4832431155357654e-10, 2.538174680108744e-12, -7.921463440115234e-11, -5.733080793869731e-11, -2.1948305145849813e-11, -2.067707597662979e-10, -6.975824770099861e-11, -4.1226467386974664e-11]
  plain            : [0, 0, 0, 0, 0, 0, 0, 0, 0, 0, 0, 0, 0, 0, 0, 0, 0, 0, 0, 0]
bootstrapping!!
bootstrapping!!
bootstrapping!!
010-5100-9081  one digit, last group       0       0  -0.0000000000      0      0     32768/32768     1.551e-08       n/a        2.86s      0.46s 285.750ms     0.385ms  bs 27/4
bootstrapping!!
bootstrapping!!
bootstrapping!!
010-5200-1582  original                    1       1   0.9999999998      2      2     32768/32768     1.129e-09     0.9999996899      2.86s      0.46s 247.543ms     0.150ms  bs 27/4
  first 20 slots : [6.951406222079006e-11, -1.384023950712713e-10, 2.913021695166726e-12, 4.1946831313339855e-11, 4.080473235286359e-11, 1.462254398760984e-10, -8.27391142067524e-12, 3.077326541801048e-10, -1.32444181236697e-10, -2.330650743951811e-11, 9.248384909686287e-13, -1.7621747797495984e-10, 1.1469884587875734e-11, -2.0209301549223303e-11, 5.8024462318303934e-11, -7.989797039042345e-12, -5.786943547949442e-10, -4.772285231545718e-10, -1.993315554952555e-10, -1.664515547791571e-11]
  plain            : [0, 0, 0, 0, 0, 0, 0, 0, 0, 0, 0, 0, 0, 0, 0, 0, 0, 0, 0, 0]
bootstrapping!!
bootstrapping!!
bootstrapping!!
010-5200-1583  one digit, last group       0       0  -0.0000000005      0      0     32768/32768     2.920e-09       n/a        2.86s      0.46s 264.578ms     0.127ms  bs 27/4
bootstrapping!!
bootstrapping!!
bootstrapping!!
006-5300-4858  original                    1       1   1.0000000002      2      2     32768/32768     1.184e-09     0.9999996591      2.86s      0.46s 349.428ms     0.133ms  bs 27/4
  first 20 slots : [4.637319949578609e-11, -2.821013672237334e-10, 1.3529412371462896e-11, 3.491945219685164e-12, -6.024487991041179e-10, -4.286745102723439e-10, 5.952013884133554e-11, 7.694602553422053e-11, -1.1067793447869943e-10, 1.009033783919271e-10, -4.21099489899627e-11, 1.2427119419706021e-11, -2.018936069841405e-10, -2.2021542169624188e-10, -2.5403863228788203e-11, 2.1219691825619524e-11, 1.1042361334865441e-10, 2.163713178338685e-10, 2.1004750405281736e-11, -2.282255090915346e-11]
  plain            : [0, 0, 0, 0, 0, 0, 0, 0, 0, 0, 0, 0, 0, 0, 0, 0, 0, 0, 0, 0]
bootstrapping!!
bootstrapping!!
bootstrapping!!
006-5300-4859  one digit, last group       0       0  -0.0000000001      0      0     32768/32768     5.095e-09       n/a        2.86s      0.46s 269.605ms     0.131ms  bs 27/4
bootstrapping!!
bootstrapping!!
bootstrapping!!
020-5000-2924  one digit, first group      0       0  -0.0000000006      0      0     32768/32768     7.121e-09       n/a        2.86s      0.46s 253.956ms     0.128ms  bs 27/4
bootstrapping!!
bootstrapping!!
bootstrapping!!
010-5010-2924  one digit, middle group     0       0  -0.0000000002      0      0     32768/32768     6.939e-08       n/a        2.86s      0.46s 247.302ms     0.152ms  bs 27/4
bootstrapping!!
bootstrapping!!
bootstrapping!!
010-1111-2222  not in the log              0       0  -0.0000000003      0      0     32768/32768     1.432e-09       n/a        2.86s      0.46s 340.347ms     0.127ms  bs 27/4

 11 queries in total, 0 wrong

Existence bit as the declared bound C grows
query number        C   exp  answer    exist value   verdict      EXIST TIME
--------------------------------------------------------------------------------------------------------
010-5000-2924        32     1       1   1.0000000006     correct          0.44s
010-5000-2924       256     1       1   1.0000000001     correct          0.44s
010-5000-2924      2048     1       1   1.0000000000     correct          0.44s
010-1111-2222        32     0       0  -0.0000000003     correct          0.44s
010-1111-2222       256     0       0   0.0000000000     correct          0.44s
010-1111-2222      2048     0       0  -0.0000000000     correct          0.44s

SUMMARY
  match check  11 queries, 0 wrong
  bound check  6 existence calls over C in [32, 256, 2048] , 0 wrong
Saved: results/result2.txt, results/exp2_niro_match_summary.csv, results/exp2_niro_maxcount_sweep.csv
Device: GPU
Key directory: /root/heaan_setting/FGb/keys/
Keys preloaded: enc, mult, conj, 45 rotation keys
Key loaded
Warm-up encrypt start [GPU]
Warm-up encrypt done
Warm-up bootstrap start
Warm-up bootstrap done

HEAAN ENGINE LOAD SUCCESS [device=GPU]


Avante EDR log: 16 recorded rows, 11 rows with a recorded speed
Query parameters encrypted in 141.594 ms

Speed increase (1 means the speed rose from the previous row)
  cipher [1, 1, 1, 1, 1, 1, 1, 1, 1, 1, 0]
  plain  [1, 1, 1, 1, 1, 1, 1, 1, 1, 1, 0]
  agree  11 / 11
  rows where false   worst reading  8.622e-11
  rows where true    worst reading  0.9999999988   best 1.0000000010
  TIME 0.46 s   PLAIN TIME 0.292 ms   BS 4  CHEB 8

Overspeed (1 means the speed exceeds 60 km/h)
  cipher [0, 0, 0, 0, 0, 0, 1, 1, 1, 1, 0]
  plain  [0, 0, 0, 0, 0, 0, 1, 1, 1, 1, 0]
  agree  11 / 11
  rows where false   worst reading  8.754e-10
  rows where true    worst reading  0.9999999994   best 1.0000000001
  TIME 0.44 s   PLAIN TIME 0.338 ms   BS 4  CHEB 8

Time window: -3000.0 to -1000.0
  cipher [0, 0, 0, 0, 0, 1, 1, 1, 1, 0, 0, 0, 0, 0, 0, 0]
  plain  [0, 0, 0, 0, 0, 1, 1, 1, 1, 0, 0, 0, 0, 0, 0, 0]
  agree  32768 / 32768   (padding included)
  rows where false   worst reading  3.476e-09
  rows where true    worst reading  0.9999999990   best 1.0000000005
  TIME 0.88 s   PLAIN TIME 0.126 ms   BS 8  CHEB 16

row  t_rel  speed |    incr out  p |     over out  p |      win out  p
--------------------------------------------------------------------------
  0   -5020     42 |  1.0000000000  1 | -0.0000000001  0 | -0.0000000000  0
  1   -4520     46 |  0.9999999988  1 | -0.0000000000  0 | -0.0000000004  0
  2   -4020     50 |  1.0000000005  1 |  0.0000000007  0 |  0.0000000009  0
  3   -3520     53 |  1.0000000002  1 | -0.0000000004  0 | -0.0000000002  0
  4   -3020     56 |  1.0000000001  1 |  0.0000000009  0 | -0.0000000006  0
  5   -2520     59 |  1.0000000004  1 |  0.0000000003  0 |  1.0000000001  1
  6   -2020     61 |  1.0000000007  1 |  0.9999999994  1 |  0.9999999990  1
  7   -1520     64 |  0.9999999999  1 |  0.9999999996  1 |  0.9999999997  1
  8   -1020     66 |  1.0000000010  1 |  0.9999999996  1 |  1.0000000005  1
  9    -520     68 |  1.0000000004  1 |  1.0000000001  1 | -0.0000000006  0
 10     -20      5 |  0.0000000001  0 | -0.0000000002  0 |  0.0000000001  0
 11     -20     -1 |             .  . |             .  . |  0.0000000008  0
 12      -3     -1 |             .  . |             .  . | -0.0000000004  0
 13       0     -1 |             .  . |             .  . |  0.0000000002  0
 14       5     -1 |             .  . |             .  . |  0.0000000001  0
 15      11     -1 |             .  . |             .  . |  0.0000000006  0

 3 predicates in total, 0 mismatched
Saved: results/result2.txt, results/exp3_avante_summary.csv, results/exp3_avante_rows.csv
 
 ****************************************************************************** 
 *                                                                            * 
 *               STARTING cba72948-545f-3cab-9ee3-f6078a90bf4e                * 
 *                                                                            * 
 ****************************************************************************** 
 executing: bash
