Device: GPU
Key directory: /root/heaan_setting/FGb/keys/
Keys preloaded: enc, mult, conj, 45 rotation keys
Key loaded
Warm-up encrypt start [GPU]
Warm-up encrypt done
Warm-up bootstrap start
Warm-up bootstrap done

HEAAN ENGINE LOAD SUCCESS [device=GPU]


[k5_kitkat] 6820 of 6820 rows used, 246 rows with coordinates
Query center 37.31808 127.12741  projected to 211293.56 524321.29

  stat    radius     plain   cipher     agreement   outside worst   inside worst   inside best      TIME    ENC TIME     PLAIN TIME
  OK       0.2 km        3        3   32768/32768     3.190e-09     0.7830658551   1.0000000002     0.46s    39.496ms      0.108ms   bs  4  cheb   8
  first 20 slots : [3.6610862676956005e-10, 3.4654412435835724e-10, -4.955279699817467e-10, -1.0460303905412616e-10, 2.9633419298894606e-10, 1.3876390035317283e-09, -5.464742842408519e-10, -1.858877521327521e-10, 2.4581439168322685e-10, -4.686475830456401e-10, 1.3575762396468603e-10, 3.3640873905329774e-11, -1.2539011077086224e-09, -4.898578035817503e-10, -2.7610492753001837e-10, -3.527035385724371e-10, 1.3513740547805552e-09, 1.007898965431986e-09, -6.713008864159273e-10, -3.296718632855064e-10]
  plain            : [0, 0, 0, 0, 0, 0, 0, 0, 0, 0, 0, 0, 0, 0, 0, 0, 0, 0, 0, 0]
  OK       0.5 km       13       13   32768/32768     3.294e-09     0.9999999995   1.0000000020     0.44s    40.936ms      0.092ms   bs  4  cheb   8
  first 20 slots : [-5.544772067996739e-10, -9.937791623688383e-12, 1.058969786544605e-09, -1.796540113379214e-10, 0.999999999606033, -6.559290385593454e-10, -2.9372013659240734e-10, 1.1203256260888596e-10, -1.1670943941241436e-10, 2.5179918529283066e-10, 3.051694990227062e-10, -5.401200155904796e-10, -7.809508030387664e-10, 2.414664256802457e-10, 2.1368061569822918e-11, -2.075971537050545e-10, -2.9595682605584027e-10, 1.0000000019620907, -8.052746768946408e-12, 3.604041866683113e-10]
  plain            : [0, 0, 0, 0, 1, 0, 0, 0, 0, 0, 0, 0, 0, 0, 0, 0, 0, 1, 0, 0]
  OK       1.0 km       52       52   32768/32768     3.292e-09     0.9999999984   1.0000000013     0.44s    36.394ms      0.467ms   bs  4  cheb   8
  first 20 slots : [-3.3217155309648164e-10, 1.2131818324551058e-09, 3.607682424785048e-10, 2.42068103685004e-10, 1.0000000006444463, 1.1490079154443703e-10, 4.622512184396261e-10, 3.5294002273623996e-10, 2.0275923252872178e-10, 3.7705156052944385e-10, 3.4778346212547674e-11, -6.394715395868126e-11, 6.924666155583968e-10, 5.679118217010543e-10, -1.8903201602888912e-10, 1.0942423619854021e-10, 6.272400591178626e-10, 1.0000000012703003, 1.963312889268089e-10, 4.699345693795669e-10]
  plain            : [0, 0, 0, 0, 1, 0, 0, 0, 0, 0, 0, 0, 0, 0, 0, 0, 0, 1, 0, 0]
  OK       2.0 km       56       56   32768/32768     2.923e-09     0.9999999986   1.0000000010     0.44s    34.829ms      0.099ms   bs  4  cheb   8
  first 20 slots : [-3.802656150552575e-10, -7.42936008450816e-11, 1.852127280189099e-10, -1.1232537392506456e-10, 1.0000000008247802, 6.991806087325779e-10, 5.558234357462876e-10, -5.80028270846615e-10, -6.189183040450299e-10, 5.064634409980446e-10, 3.95179409122184e-10, -7.744385265960617e-11, 1.0832874022185405e-09, 3.062056246855104e-10, -3.7311096654701234e-10, 4.998482310450912e-10, 2.1520261946890618e-10, 1.00000000002281, -5.36934279153031e-10, 2.4438921040314686e-10]
  plain            : [0, 0, 0, 0, 1, 0, 0, 0, 0, 0, 0, 0, 0, 0, 0, 0, 0, 1, 0, 0]
  OK       3.0 km       58       58   32768/32768     3.095e-09     0.9999999987   1.0000000010     0.45s    59.311ms      0.091ms   bs  4  cheb   8
  first 20 slots : [-4.1267260150423144e-10, 4.045990540958551e-11, -9.492132009291273e-11, -4.294106547001929e-10, 1.0000000007490244, -6.834363175491954e-10, 1.1947354703217295e-10, 1.0747870768712187e-10, 1.112707772842802e-09, -2.1637249490191302e-10, 3.748600362697358e-10, 1.7727528648887735e-10, 4.733785765837718e-11, -1.0559208000401395e-10, 6.674882517656492e-10, -5.029805563824608e-10, 1.2657356153589115e-10, 0.9999999992855035, -5.015204453320846e-10, -2.165747646494003e-10]
  plain            : [0, 0, 0, 0, 1, 0, 0, 0, 0, 0, 0, 0, 0, 0, 0, 0, 0, 1, 0, 0]
  OK       5.0 km       58       58   32768/32768     3.102e-09     0.9999999989   1.0000000007     0.45s    44.264ms      0.440ms   bs  4  cheb   8
  first 20 slots : [-7.105898322304753e-10, 1.1317678552713092e-10, 7.652248789192809e-10, -4.3214056228464135e-10, 1.0000000005210774, 9.483168703958032e-10, -1.338556142584423e-10, 1.0970635597089735e-10, -1.2882178637561386e-09, -1.8871318659315936e-10, 1.8339350644983449e-10, -4.672641991278642e-10, -2.0753753112218496e-10, 3.8755398138442574e-10, 2.3326135220889607e-10, -1.5922184474726524e-10, 8.12373548346832e-10, 1.0000000001216938, -2.5890144097572696e-10, 8.265567856422988e-11]
  plain            : [0, 0, 0, 0, 1, 0, 0, 0, 0, 0, 0, 0, 0, 0, 0, 0, 0, 1, 0, 0]

[k5_jellybean] 613 of 613 rows used, 330 rows with coordinates
Query center 37.86484 127.05997  projected to 205276.97 584999.58

  stat    radius     plain   cipher     agreement   outside worst   inside worst   inside best      TIME    ENC TIME     PLAIN TIME
  OK       0.2 km        4        4   32768/32768     3.040e-09     0.9979928749   1.0000000004     0.45s    60.623ms      0.089ms   bs  4  cheb   8
  first 20 slots : [1.184021312864864e-10, 6.253773658248891e-11, -2.7814006396191337e-10, -1.4024775240669509e-10, 5.688878048583837e-10, -8.274169776898407e-10, -2.809273380489529e-10, 7.199311176293805e-10, -5.57219714410156e-10, -1.724218207780608e-10, 4.2059667137038105e-10, -4.851012374769337e-10, 3.965359826061244e-10, -2.748469090458432e-10, -7.788158854930267e-10, -2.9982558474015855e-10, -1.794673744166857e-09, -9.116425298726911e-10, -5.357485171495315e-10, -4.272231186711541e-10]
  plain            : [0, 0, 0, 0, 0, 0, 0, 0, 0, 0, 0, 0, 0, 0, 0, 0, 0, 0, 0, 0]
  OK       0.5 km        4        4   32768/32768     3.100e-09     0.9999999996   1.0000000009     0.46s    52.512ms      0.092ms   bs  4  cheb   8
  first 20 slots : [2.8060400168808504e-10, 4.916175560161682e-10, -8.887524633404012e-10, 1.5386853245499378e-10, 7.446563806646731e-10, 1.60573850081509e-10, -2.9206604338830875e-10, 2.21267231877537e-10, -2.3668060596654024e-10, -2.506922666134125e-10, 2.1922935412590155e-10, -3.106415215550122e-10, -4.4971291478895174e-10, -1.9325005813187037e-10, 4.883718577892828e-10, 3.1915573892711584e-10, 8.610336079995156e-10, -6.190073899835867e-10, 1.8566662078921936e-10, 4.6183494799769923e-10]
  plain            : [0, 0, 0, 0, 0, 0, 0, 0, 0, 0, 0, 0, 0, 0, 0, 0, 0, 0, 0, 0]
  OK       1.0 km        5        5   32768/32768     3.549e-09     0.9999999994   1.0000000012     0.44s    54.415ms      0.700ms   bs  4  cheb   8
  first 20 slots : [2.6939572131940217e-11, 6.268824414950859e-10, -9.230198251267334e-12, 4.348790445973548e-10, 7.693044908787997e-10, 4.769538464085038e-10, -1.9526113736063874e-10, -5.565115644833932e-10, 2.8321004954873484e-10, 7.194207463074698e-10, 2.0856381876857085e-10, 2.940371028096524e-11, 2.0000064842062198e-10, 1.339288927244687e-10, 1.930884896630565e-10, 4.558390620897975e-10, 8.928904115431629e-12, -1.4598550727937338e-10, 3.713791025148936e-10, 2.423393602288472e-10]
  plain            : [0, 0, 0, 0, 0, 0, 0, 0, 0, 0, 0, 0, 0, 0, 0, 0, 0, 0, 0, 0]
  OK       2.0 km        5        5   32768/32768     3.097e-09     0.9999999996   1.0000000002     0.44s    34.665ms      0.105ms   bs  4  cheb   8
  first 20 slots : [3.944345620914475e-10, -1.874395809015454e-10, 5.182762760302495e-10, 5.632269380007644e-10, 1.3038206440417617e-09, -4.424049396649802e-10, -1.0502006742873224e-11, 3.1716784503518756e-10, -1.258384839426857e-11, 5.305510977328187e-11, 2.837328485506778e-10, 1.3967693241788522e-10, 2.926385126564725e-10, 3.364825752564205e-10, 1.9857910541968393e-10, 4.941858754743487e-10, 5.664650691561997e-10, 4.1641690410930656e-10, 1.2055918486720834e-10, -3.2379451502219814e-10]
  plain            : [0, 0, 0, 0, 0, 0, 0, 0, 0, 0, 0, 0, 0, 0, 0, 0, 0, 0, 0, 0]
  OK       3.0 km       53       53   32768/32768     3.102e-09     0.9999999989   1.0000000015     0.44s    39.121ms      0.405ms   bs  4  cheb   8
  first 20 slots : [1.2423797268652782e-10, 1.000000000139462, 1.1870366886377608e-10, 1.0000000000060194, 2.6272625312834215e-11, -3.8213118931219284e-10, -7.095618099469194e-10, -1.0507292891539551e-10, 8.796858819220311e-10, -3.3800601179680515e-11, -1.2953874398231356e-10, 2.616813657945232e-10, -3.83733138387606e-10, 0.9999999999655727, -3.8321405536462787e-10, -4.4135870636579015e-10, 2.7043830061255405e-10, -9.530461452489793e-10, -4.851777818876102e-10, 1.0000000000921445]
  plain            : [0, 1, 0, 1, 0, 0, 0, 0, 0, 0, 0, 0, 0, 1, 0, 0, 0, 0, 0, 1]
  OK       5.0 km      254      254   32768/32768     4.031e-09     0.9999999975   1.0000000011     0.45s    36.773ms      0.456ms   bs  4  cheb   8
  first 20 slots : [-4.666171956548939e-10, 1.000000000530477, -5.062698703852739e-12, 0.9999999997159694, -1.9203233253864214e-10, -6.601265484623385e-10, 2.6312328758850153e-12, -6.093567661417743e-10, 1.0790230347532598e-10, 7.802775325380587e-12, 5.677519408593511e-11, 4.700292747059494e-10, 8.622193552932883e-10, 0.9999999998394367, 6.838917308417505e-11, -4.681621043200726e-10, 1.000000000151684, -4.763551449354738e-10, -1.7216075572635656e-10, 0.999999999790771]
  plain            : [0, 1, 0, 1, 0, 0, 0, 0, 0, 0, 0, 0, 0, 1, 0, 0, 1, 0, 0, 1]

SUMMARY
  k5_kitkat         0.2 km  plain      3  cipher      3   match   0.46s / 0.108ms   bs 4  cheb 8
  k5_kitkat         0.5 km  plain     13  cipher     13   match   0.44s / 0.092ms   bs 4  cheb 8
  k5_kitkat         1.0 km  plain     52  cipher     52   match   0.44s / 0.467ms   bs 4  cheb 8
  k5_kitkat         2.0 km  plain     56  cipher     56   match   0.44s / 0.099ms   bs 4  cheb 8
  k5_kitkat         3.0 km  plain     58  cipher     58   match   0.45s / 0.091ms   bs 4  cheb 8
  k5_kitkat         5.0 km  plain     58  cipher     58   match   0.45s / 0.440ms   bs 4  cheb 8
  k5_jellybean      0.2 km  plain      4  cipher      4   match   0.45s / 0.089ms   bs 4  cheb 8
  k5_jellybean      0.5 km  plain      4  cipher      4   match   0.46s / 0.092ms   bs 4  cheb 8
  k5_jellybean      1.0 km  plain      5  cipher      5   match   0.44s / 0.700ms   bs 4  cheb 8
  k5_jellybean      2.0 km  plain      5  cipher      5   match   0.44s / 0.105ms   bs 4  cheb 8
  k5_jellybean      3.0 km  plain     53  cipher     53   match   0.44s / 0.405ms   bs 4  cheb 8
  k5_jellybean      5.0 km  plain    254  cipher    254   match   0.45s / 0.456ms   bs 4  cheb 8

 12 queries in total, 0 mismatched
Saved: results/result2.txt, results/exp1_<dataset>_summary.csv, results/exp1_all_summary.csv
Device: GPU
Key directory: /root/heaan_setting/FGb/keys/
Keys preloaded: enc, mult, conj, 45 rotation keys
Key loaded
Warm-up encrypt start [GPU]
Warm-up encrypt done
Warm-up bootstrap start
Warm-up bootstrap done

HEAAN ENGINE LOAD SUCCESS [device=GPU]


Niro call log: 204 rows   19 recorded numbers   4 distinct
Number split (3, 4, 4)   normalization denominators (999, 9999, 9999)

Per-row match and existence bit at C = 32
query number   description              exp  answer   exist value    plain  cipher   agreement   nonmatch worst   match worst    MATCH TIME  EXIST TIME  ENC TIME  PLAIN TIME
------------------------------------------------------------------------------------------------------------------------------------------------------
bootstrapping!!
bootstrapping!!
bootstrapping!!
010-5000-2924  original                    1       1   1.0000000005     12     12     32768/32768     1.715e-09     0.9999996782      2.90s      0.46s 300.082ms     0.136ms  bs 27/4
  first 20 slots : [-4.849402774556919e-12, -6.847430606451753e-11, 5.441425095962979e-12, 6.199171331674068e-11, 8.52906470621606e-11, -2.733070411289834e-10, 9.680337839713553e-11, 3.128080229505639e-10, -6.394110299317823e-11, 1.6471386112510387e-10, 7.965616421138607e-11, -3.0244382434962787e-10, -5.8204418354448464e-11, -1.8749901523320745e-10, -2.5037645438973525e-11, -6.189222754009518e-12, -4.2406930808057727e-10, 1.1798352996790162e-10, 1.631341999996375e-10, -6.196296945933816e-11]
  plain            : [0, 0, 0, 0, 0, 0, 0, 0, 0, 0, 0, 0, 0, 0, 0, 0, 0, 0, 0, 0]
bootstrapping!!
bootstrapping!!
bootstrapping!!
010-5000-2925  one digit, last group       0       0   0.0000000001      0      0     32768/32768     1.498e-08       n/a        2.87s      0.46s 282.052ms     0.132ms  bs 27/4
bootstrapping!!
bootstrapping!!
bootstrapping!!
010-5100-9080  original                    1       1   1.0000000002      3      3     32768/32768     1.122e-09     0.9999996773      2.87s      0.46s 271.851ms     0.696ms  bs 27/4
  first 20 slots : [-7.712633377414551e-11, -6.716590601460543e-11, 8.240382910353683e-11, 2.362148107626277e-11, -1.7305012975995989e-10, 2.558698689379884e-10, 1.6612405377242883e-10, 8.73166167992834e-11, 2.20271980606784e-10, -4.555688817659383e-11, -8.806271236777186e-12, -3.683769193421618e-10, -2.311972537089546e-10, -1.9632504019415078e-11, 2.1953660853203662e-11, -2.495074642361397e-12, 3.778064792453598e-11, 2.422440127482636e-12, -1.9618430327435283e-10, 2.943055021087426e-11]
  plain            : [0, 0, 0, 0, 0, 0, 0, 0, 0, 0, 0, 0, 0, 0, 0, 0, 0, 0, 0, 0]
bootstrapping!!
bootstrapping!!
bootstrapping!!
010-5100-9081  one digit, last group       0       0   0.0000000002      0      0     32768/32768     3.139e-09       n/a        2.87s      0.46s 298.563ms     0.139ms  bs 27/4
bootstrapping!!
bootstrapping!!
bootstrapping!!
010-5200-1582  original                    1       1   1.0000000006      2      2     32768/32768     1.364e-09     0.9999996908      2.86s      0.46s 385.331ms     0.128ms  bs 27/4
  first 20 slots : [-3.0305001242263055e-11, 2.1741273147575653e-10, -3.59459239954242e-11, 4.219788675911472e-12, 1.1640857900140987e-10, -2.097065453887023e-11, -1.6228606456409754e-10, -9.410010773519426e-11, 2.7125196223440686e-10, 3.773024247293132e-11, 3.328717536333676e-11, -5.157886763366012e-10, -2.689407354770799e-10, 3.8366786297174805e-10, -1.0272756028095704e-10, -7.007052535696007e-11, -2.96089032563669e-10, -1.305407097717127e-10, 1.8192796283064885e-11, 4.1648343876485876e-11]
  plain            : [0, 0, 0, 0, 0, 0, 0, 0, 0, 0, 0, 0, 0, 0, 0, 0, 0, 0, 0, 0]
bootstrapping!!
bootstrapping!!
bootstrapping!!
010-5200-1583  one digit, last group       0       0  -0.0000000004      0      0     32768/32768     1.340e-08       n/a        2.87s      0.46s 249.567ms     0.128ms  bs 27/4
bootstrapping!!
bootstrapping!!
bootstrapping!!
006-5300-4858  original                    1       1   1.0000000004      2      2     32768/32768     1.294e-09     0.9999996823      2.87s      0.46s 241.891ms     0.129ms  bs 27/4
  first 20 slots : [-5.606040553222736e-11, 1.141181768163375e-10, 4.1120644784661e-11, -5.440055030625881e-11, 1.958727908035497e-10, 2.3674223371502784e-10, -2.849033354995827e-11, -1.379760079962524e-11, -2.5897917130931044e-11, -1.9206500048663898e-11, 4.350914016939889e-11, -4.0474695071233065e-10, -1.9020560532802392e-10, -1.7698609428063116e-11, -7.727416059629621e-11, 3.103566193894743e-11, -5.466248721414077e-10, 7.754151509384346e-11, -2.398474453633742e-11, -2.4650620154347045e-11]
  plain            : [0, 0, 0, 0, 0, 0, 0, 0, 0, 0, 0, 0, 0, 0, 0, 0, 0, 0, 0, 0]
bootstrapping!!
bootstrapping!!
bootstrapping!!
006-5300-4859  one digit, last group       0       0  -0.0000000002      0      0     32768/32768     2.409e-09       n/a        2.87s      0.46s 300.411ms     0.133ms  bs 27/4
bootstrapping!!
bootstrapping!!
bootstrapping!!
020-5000-2924  one digit, first group      0       0   0.0000000003      0      0     32768/32768     1.367e-08       n/a        2.87s      0.46s 253.569ms     0.126ms  bs 27/4
bootstrapping!!
bootstrapping!!
bootstrapping!!
010-5010-2924  one digit, middle group     0       0  -0.0000000000      0      0     32768/32768     1.581e-08       n/a        2.87s      0.46s 270.399ms     0.129ms  bs 27/4
bootstrapping!!
bootstrapping!!
bootstrapping!!
010-1111-2222  not in the log              0       0  -0.0000000004      0      0     32768/32768     1.207e-09       n/a        2.87s      0.46s 264.745ms     0.168ms  bs 27/4

 11 queries in total, 0 wrong

Existence bit as the declared bound C grows
query number        C   exp  answer    exist value   verdict      EXIST TIME
--------------------------------------------------------------------------------------------------------
010-5000-2924        32     1       1   1.0000000005     correct          0.44s
010-5000-2924       256     1       1   0.9999999997     correct          0.44s
010-5000-2924      2048     1       1   1.0000000002     correct          0.44s
010-1111-2222        32     0       0  -0.0000000004     correct          0.44s
010-1111-2222       256     0       0  -0.0000000001     correct          0.44s
010-1111-2222      2048     0       0  -0.0000000005     correct          0.44s

SUMMARY
  match check  11 queries, 0 wrong
  bound check  6 existence calls over C in [32, 256, 2048] , 0 wrong
Saved: results/result2.txt, results/exp2_niro_match_summary.csv, results/exp2_niro_maxcount_sweep.csv
Device: GPU
Key directory: /root/heaan_setting/FGb/keys/
Keys preloaded: enc, mult, conj, 45 rotation keys
Key loaded
Warm-up encrypt start [GPU]
Warm-up encrypt done
Warm-up bootstrap start
Warm-up bootstrap done

HEAAN ENGINE LOAD SUCCESS [device=GPU]


Avante EDR log: 16 recorded rows, 11 rows with a recorded speed
Query parameters encrypted in 132.932 ms

Speed increase (1 means the speed rose from the previous row)
  cipher [1, 1, 1, 1, 1, 1, 1, 1, 1, 1, 0]
  plain  [1, 1, 1, 1, 1, 1, 1, 1, 1, 1, 0]
  agree  11 / 11
  rows where false   worst reading  1.275e-11
  rows where true    worst reading  0.9999999997   best 1.0000000015
  TIME 0.45 s   PLAIN TIME 0.292 ms   BS 4  CHEB 8

Overspeed (1 means the speed exceeds 60 km/h)
  cipher [0, 0, 0, 0, 0, 0, 1, 1, 1, 1, 0]
  plain  [0, 0, 0, 0, 0, 0, 1, 1, 1, 1, 0]
  agree  11 / 11
  rows where false   worst reading  1.290e-09
  rows where true    worst reading  0.9999999994   best 1.0000000005
  TIME 0.43 s   PLAIN TIME 0.093 ms   BS 4  CHEB 8

Time window: -3000.0 to -1000.0
  cipher [0, 0, 0, 0, 0, 1, 1, 1, 1, 0, 0, 0, 0, 0, 0, 0]
  plain  [0, 0, 0, 0, 0, 1, 1, 1, 1, 0, 0, 0, 0, 0, 0, 0]
  agree  32768 / 32768   (padding included)
  rows where false   worst reading  3.193e-09
  rows where true    worst reading  0.9999999983   best 1.0000000004
  TIME 0.89 s   PLAIN TIME 0.134 ms   BS 8  CHEB 16

row  t_rel  speed |    incr out  p |     over out  p |      win out  p
--------------------------------------------------------------------------
  0   -5020     42 |  1.0000000003  1 | -0.0000000002  0 | -0.0000000005  0
  1   -4520     46 |  0.9999999997  1 | -0.0000000004  0 |  0.0000000004  0
  2   -4020     50 |  0.9999999999  1 |  0.0000000000  0 |  0.0000000001  0
  3   -3520     53 |  1.0000000003  1 | -0.0000000003  0 | -0.0000000005  0
  4   -3020     56 |  1.0000000005  1 |  0.0000000013  0 |  0.0000000001  0
  5   -2520     59 |  1.0000000008  1 | -0.0000000011  0 |  0.9999999997  1
  6   -2020     61 |  1.0000000001  1 |  0.9999999994  1 |  0.9999999983  1
  7   -1520     64 |  1.0000000000  1 |  0.9999999995  1 |  1.0000000004  1
  8   -1020     66 |  1.0000000015  1 |  1.0000000005  1 |  0.9999999996  1
  9    -520     68 |  0.9999999999  1 |  1.0000000003  1 | -0.0000000002  0
 10     -20      5 | -0.0000000000  0 | -0.0000000001  0 |  0.0000000001  0
 11     -20     -1 |             .  . |             .  . | -0.0000000003  0
 12      -3     -1 |             .  . |             .  . |  0.0000000003  0
 13       0     -1 |             .  . |             .  . |  0.0000000013  0
 14       5     -1 |             .  . |             .  . |  0.0000000000  0
 15      11     -1 |             .  . |             .  . |  0.0000000001  0

 3 predicates in total, 0 mismatched
Saved: results/result2.txt, results/exp3_avante_summary.csv, results/exp3_avante_rows.csv
 
 ****************************************************************************** 
 *                                                                            * 
 *               STARTING cba72948-545f-3cab-9ee3-f6078a90bf4e                * 
 *                                                                            * 
 ****************************************************************************** 
 executing: bash
