Device: GPU
Key directory: /root/heaan_setting/FGb/keys/
Keys preloaded: enc, mult, conj, 45 rotation keys
Key loaded
Warm-up encrypt start [GPU]
Warm-up encrypt done
Warm-up bootstrap start
Warm-up bootstrap done

HEAAN ENGINE LOAD SUCCESS [device=GPU]


[k5_kitkat] 6820 of 6820 rows used, 246 rows with coordinates
Query center 37.31808 127.12741  projected to 211293.56 524321.29

  stat    radius     plain   cipher     agreement   outside worst   inside worst   inside best      TIME    ENC TIME     PLAIN TIME
  OK       0.2 km        3        3   32768/32768     3.736e-09     0.7649887983   1.0000000000     0.46s    37.243ms      0.087ms   bs  4  cheb   8
  first 20 slots : [-5.319969722781566e-10, 1.8438873481981992e-11, 1.1845994755691563e-10, -7.545890570723738e-11, 8.542919998336564e-10, -4.49369029037137e-11, 4.981102573756796e-10, 7.66224860306778e-10, 1.7836971326683785e-10, 6.005779180803409e-10, -4.828485018063047e-10, -1.402608932399376e-11, -4.5158575210522716e-10, -2.640541707873652e-10, -2.1150732438500872e-10, -2.74511459594672e-10, -3.429565599960073e-10, 4.880942182754615e-10, 1.936076444567851e-10, -6.361007278107176e-10]
  plain            : [0, 0, 0, 0, 0, 0, 0, 0, 0, 0, 0, 0, 0, 0, 0, 0, 0, 0, 0, 0]
  OK       0.5 km       13       13   32768/32768     3.198e-09     0.9999999991   1.0000000017     0.44s    69.452ms      0.088ms   bs  4  cheb   8
  first 20 slots : [1.3668977766736827e-10, -6.178503717159628e-11, -6.847199784217882e-10, -5.830270681551806e-10, 1.0000000006741372, 1.3363976174099566e-10, -3.546257668270601e-11, -4.422465152526659e-10, 5.117442317975226e-10, -1.1147424439891754e-10, 3.6816759708345333e-10, 7.056432509690614e-10, 2.698315761562207e-10, -9.271471492502122e-10, -8.12167897599999e-10, 2.067027137238542e-10, 2.323326900330834e-10, 1.0000000017196786, 6.958488731428661e-10, 2.9847991829576784e-10]
  plain            : [0, 0, 0, 0, 1, 0, 0, 0, 0, 0, 0, 0, 0, 0, 0, 0, 0, 1, 0, 0]
  OK       1.0 km       52       52   32768/32768     3.185e-09     0.9999999986   1.0000000008     0.44s    75.144ms      0.090ms   bs  4  cheb   8
  first 20 slots : [3.952259092652267e-11, 2.4934771783854552e-11, -6.700126579908256e-10, -1.2797126033711177e-10, 1.0000000001743605, 1.747459285936313e-10, 4.599972590916573e-10, -5.00326062106224e-10, -6.907045094755884e-10, -4.66364828163444e-10, 4.668904477209495e-10, 1.6824920277489903e-10, -3.5706583742112906e-10, 1.8703236330849373e-10, -2.686683853223487e-10, 3.8202980108313497e-10, 3.124237626345382e-10, 1.0000000000243192, -1.6940861419321654e-10, 3.8331852620260157e-10]
  plain            : [0, 0, 0, 0, 1, 0, 0, 0, 0, 0, 0, 0, 0, 0, 0, 0, 0, 1, 0, 0]
  OK       2.0 km       56       56   32768/32768     4.095e-09     0.9999999982   1.0000000009     0.44s    47.711ms      0.088ms   bs  4  cheb   8
  first 20 slots : [-4.3960364826048305e-11, -1.0340602790793361e-10, 9.294155356307809e-11, 1.7214976132553115e-10, 0.9999999996876789, 7.930522432898903e-11, -1.7144895656820836e-10, 2.2918626146044408e-10, 2.4084601567021956e-10, -4.912736198258055e-10, 5.335843492404491e-10, -1.9296537342081598e-10, 1.248534205955272e-09, 5.621832971370488e-10, -6.163847490245533e-12, 3.917318135594723e-10, 5.55457337979851e-10, 0.9999999993453947, -2.39806156975806e-10, 3.385009671019695e-10]
  plain            : [0, 0, 0, 0, 1, 0, 0, 0, 0, 0, 0, 0, 0, 0, 0, 0, 0, 1, 0, 0]
  OK       3.0 km       58       58   32768/32768     3.542e-09     0.9999999988   1.0000000013     0.46s    58.017ms      0.090ms   bs  4  cheb   8
  first 20 slots : [-3.6811803294679803e-10, -1.1882041954565792e-09, 5.590541887934686e-11, -5.697102173226018e-10, 1.000000001274497, -4.829887800636474e-10, 1.152581524195584e-11, 1.4009476374423882e-10, 8.068542817606831e-10, 8.500583473205733e-11, 7.188565782410378e-11, -2.515921014108752e-10, -1.1617170054974226e-09, -6.416400410964298e-10, -3.4477204253675555e-10, -3.162715170231724e-10, 5.669212742870674e-10, 0.9999999997206475, 9.123955092689608e-10, -1.5683858831277357e-10]
  plain            : [0, 0, 0, 0, 1, 0, 0, 0, 0, 0, 0, 0, 0, 0, 0, 0, 0, 1, 0, 0]
  OK       5.0 km       58       58   32768/32768     2.894e-09     0.9999999992   1.0000000012     0.44s    56.991ms      0.087ms   bs  4  cheb   8
  first 20 slots : [-5.427873830003694e-11, -2.1145047226510872e-10, 3.4908635612894373e-10, -3.815742311428602e-10, 1.0000000003466256, 1.4846983436617934e-09, -6.43134870635327e-10, 5.824961374761155e-11, 4.880782663736442e-10, -2.447042880673823e-10, 7.498799459669695e-11, 5.888749743569876e-10, -3.0565046142116237e-10, 1.6089422668605817e-10, -3.3328226761116876e-10, 1.8170990507616713e-10, -1.5288280215560035e-09, 0.9999999993234523, 5.084984662368512e-12, -2.1235626887421888e-10]
  plain            : [0, 0, 0, 0, 1, 0, 0, 0, 0, 0, 0, 0, 0, 0, 0, 0, 0, 1, 0, 0]

[k5_jellybean] 613 of 613 rows used, 330 rows with coordinates
Query center 37.86484 127.05997  projected to 205276.97 584999.58

  stat    radius     plain   cipher     agreement   outside worst   inside worst   inside best      TIME    ENC TIME     PLAIN TIME
  OK       0.2 km        4        4   32768/32768     3.798e-09     0.9981321838   1.0000000003     0.43s    37.580ms      0.087ms   bs  4  cheb   8
  first 20 slots : [-7.880191020840713e-11, 9.410314970380108e-11, -3.337385648339664e-10, -1.7378313695602288e-10, -2.4418932752580216e-10, -9.875364011779796e-10, 7.015384682175433e-11, 7.806493950474733e-10, -4.3649922695767063e-10, 5.189555448445547e-10, -3.8275851682935793e-10, 3.2424432752908145e-10, -7.692001960860746e-10, -8.22105937203936e-11, 2.371818185225288e-10, 2.663993310340146e-10, 2.256797188022019e-10, -1.3452072115621281e-10, 4.286297875337197e-10, -5.263660880284757e-10]
  plain            : [0, 0, 0, 0, 0, 0, 0, 0, 0, 0, 0, 0, 0, 0, 0, 0, 0, 0, 0, 0]
  OK       0.5 km        4        4   32768/32768     3.865e-09     0.9999999992   1.0000000000     0.43s    38.738ms      0.091ms   bs  4  cheb   8
  first 20 slots : [3.681778339414364e-10, 9.97885447713162e-10, -8.818558442218442e-12, 3.0144767048974116e-10, 6.153088208306851e-10, -9.164467037589232e-10, -2.180712282418007e-10, 2.797656338909263e-10, 1.0802950183710253e-10, -6.164698287207579e-10, 1.9047709499557185e-10, -5.082170238119454e-10, -3.209224094166861e-10, -6.943300675241075e-10, 2.622996318384646e-10, 2.920194471802986e-10, 6.511608878955078e-10, -6.961965418627582e-10, 1.2527335808943902e-10, 5.744859336140976e-10]
  plain            : [0, 0, 0, 0, 0, 0, 0, 0, 0, 0, 0, 0, 0, 0, 0, 0, 0, 0, 0, 0]
  OK       1.0 km        5        5   32768/32768     3.108e-09     0.9999999995   1.0000000003     0.44s    41.832ms      0.469ms   bs  4  cheb   8
  first 20 slots : [6.291707328154792e-10, -7.568683018692771e-10, 8.42502006758302e-12, 4.612040013643234e-10, 7.248527091465981e-10, -2.6639211434789864e-10, -1.7247154349099398e-10, 5.552782951509678e-10, 4.946837144250337e-10, 6.168413078575332e-11, -1.722825696826893e-10, -1.251319014556321e-10, 9.447440277610325e-11, 1.4279201480827345e-09, 1.1831602835770032e-10, 3.1863973841273013e-10, 5.041013523721558e-10, 3.801153398008171e-10, 1.1671388261885286e-10, 2.503369326499662e-10]
  plain            : [0, 0, 0, 0, 0, 0, 0, 0, 0, 0, 0, 0, 0, 0, 0, 0, 0, 0, 0, 0]
  OK       2.0 km        5        5   32768/32768     3.074e-09     0.9999999994   1.0000000006     0.48s    53.621ms      0.486ms   bs  4  cheb   8
  first 20 slots : [4.738376825332989e-10, 5.480654756562979e-10, 2.1981738134221103e-10, 3.6144525700527904e-10, 3.733330095842203e-10, -6.718336810304681e-10, 8.807033596138455e-11, 1.3275951937211258e-10, 4.800778352262492e-10, -3.1432441435687506e-10, 3.003072107838858e-10, 2.1347025802047013e-10, -8.368173896923453e-10, -6.319348106596253e-10, 6.019337808775277e-10, 5.039614182882272e-10, -3.012115085115386e-10, -4.082569329194851e-10, 4.3775898538333046e-10, -3.2505609991516804e-10]
  plain            : [0, 0, 0, 0, 0, 0, 0, 0, 0, 0, 0, 0, 0, 0, 0, 0, 0, 0, 0, 0]
  OK       3.0 km       53       53   32768/32768     2.920e-09     0.9999999984   1.0000000008     0.44s    49.652ms      0.362ms   bs  4  cheb   8
  first 20 slots : [2.744674991064039e-10, 1.000000000083992, 1.2560838579924883e-10, 1.000000000404052, -2.7258262096716815e-10, -3.9406021026043713e-10, 5.610800394757543e-10, -5.616053576683435e-10, -4.939668136710449e-10, -4.917232064811612e-10, -4.607309768819238e-10, -3.618428898546888e-10, 1.8868729851762603e-11, 0.9999999999019527, -6.838327253416891e-10, -8.713428127093719e-11, -1.6771308620011313e-10, -1.0882945893401514e-09, -6.582964508187576e-11, 1.0000000004151006]
  plain            : [0, 1, 0, 1, 0, 0, 0, 0, 0, 0, 0, 0, 0, 1, 0, 0, 0, 0, 0, 1]
  OK       5.0 km      254      254   32768/32768     3.219e-09     0.9999999989   1.0000000015     0.46s    54.181ms      0.102ms   bs  4  cheb   8
  first 20 slots : [-6.718506342108136e-11, 1.0000000001861002, 2.4307506463363125e-10, 0.9999999997694302, -5.535273546135338e-10, -4.1418014157721165e-11, -7.430295754940972e-10, -3.4739036894915685e-10, -2.040668469295548e-10, -5.455808912137901e-10, 2.062012467746289e-10, 8.147714416986273e-10, -4.699891427777577e-10, 0.9999999990715818, -4.3397105736006545e-10, 1.015208267950867e-11, 1.00000000051228, -2.7895994526378996e-10, 1.5798936277102937e-10, 0.9999999996294782]
  plain            : [0, 1, 0, 1, 0, 0, 0, 0, 0, 0, 0, 0, 0, 1, 0, 0, 1, 0, 0, 1]

SUMMARY
  k5_kitkat         0.2 km  plain      3  cipher      3   match   0.46s / 0.087ms   bs 4  cheb 8
  k5_kitkat         0.5 km  plain     13  cipher     13   match   0.44s / 0.088ms   bs 4  cheb 8
  k5_kitkat         1.0 km  plain     52  cipher     52   match   0.44s / 0.090ms   bs 4  cheb 8
  k5_kitkat         2.0 km  plain     56  cipher     56   match   0.44s / 0.088ms   bs 4  cheb 8
  k5_kitkat         3.0 km  plain     58  cipher     58   match   0.46s / 0.090ms   bs 4  cheb 8
  k5_kitkat         5.0 km  plain     58  cipher     58   match   0.44s / 0.087ms   bs 4  cheb 8
  k5_jellybean      0.2 km  plain      4  cipher      4   match   0.43s / 0.087ms   bs 4  cheb 8
  k5_jellybean      0.5 km  plain      4  cipher      4   match   0.43s / 0.091ms   bs 4  cheb 8
  k5_jellybean      1.0 km  plain      5  cipher      5   match   0.44s / 0.469ms   bs 4  cheb 8
  k5_jellybean      2.0 km  plain      5  cipher      5   match   0.48s / 0.486ms   bs 4  cheb 8
  k5_jellybean      3.0 km  plain     53  cipher     53   match   0.44s / 0.362ms   bs 4  cheb 8
  k5_jellybean      5.0 km  plain    254  cipher    254   match   0.46s / 0.102ms   bs 4  cheb 8

 12 queries in total, 0 mismatched
Saved: results/result2.txt, results/exp1_<dataset>_summary.csv, results/exp1_all_summary.csv
Device: GPU
Key directory: /root/heaan_setting/FGb/keys/
Keys preloaded: enc, mult, conj, 45 rotation keys
Key loaded
Warm-up encrypt start [GPU]
Warm-up encrypt done
Warm-up bootstrap start
Warm-up bootstrap done

HEAAN ENGINE LOAD SUCCESS [device=GPU]


Niro call log: 204 rows   19 recorded numbers   4 distinct
Number split (3, 4, 4)   normalization denominators (999, 9999, 9999)

Per-row match and existence bit at C = 32
query number   description              exp  answer   exist value    plain  cipher   agreement   nonmatch worst   match worst    MATCH TIME  EXIST TIME  ENC TIME  PLAIN TIME
------------------------------------------------------------------------------------------------------------------------------------------------------
bootstrapping!!
bootstrapping!!
bootstrapping!!
010-5000-2924  original                    1       1   1.0000000004     12     12     32768/32768     1.095e-09     0.9999996383      2.90s      0.46s 364.396ms     0.121ms  bs 27/4
  first 20 slots : [1.8369349443135055e-11, -1.9402665678224764e-11, -2.739480552492334e-10, -3.465774915390875e-11, 1.0391175059449736e-10, 1.802476900031796e-12, -1.3150433180537712e-11, 1.4094534889043991e-10, 2.2495969967323652e-10, 6.715916549109964e-11, -6.512916433753156e-11, 2.2507408233515998e-10, -1.8280578565766967e-11, 2.788427540382279e-10, -1.0637233499401141e-10, -4.119356926917083e-11, -2.495466647818492e-10, -6.9393033239489394e-12, 1.1497613462211066e-11, -4.2424930403583557e-11]
  plain            : [0, 0, 0, 0, 0, 0, 0, 0, 0, 0, 0, 0, 0, 0, 0, 0, 0, 0, 0, 0]
bootstrapping!!
bootstrapping!!
bootstrapping!!
010-5000-2925  one digit, last group       0       0  -0.0000000001      0      0     32768/32768     1.081e-08       n/a        2.87s      0.46s 245.566ms     0.118ms  bs 27/4
bootstrapping!!
bootstrapping!!
bootstrapping!!
010-5100-9080  original                    1       1   0.9999999997      3      3     32768/32768     1.220e-09     0.9999996856      2.87s      0.46s 220.961ms     0.435ms  bs 27/4
  first 20 slots : [-1.9944828205882352e-12, -4.984210964305997e-11, -1.3051105534385636e-10, -4.8450376626074797e-11, 6.56266866450515e-11, 1.522862352320404e-10, 9.046091407714355e-11, 1.6119012077829326e-10, -1.720569274597473e-10, 4.32744365053228e-11, -1.18513274690193e-10, 4.283761241222859e-11, -5.32165228048942e-11, -2.5598904129934355e-10, -1.0464080864440295e-10, -3.350463630618769e-11, -1.4327279062076212e-11, 1.5481571359520338e-10, -1.6315007424530664e-10, 5.040750697690842e-11]
  plain            : [0, 0, 0, 0, 0, 0, 0, 0, 0, 0, 0, 0, 0, 0, 0, 0, 0, 0, 0, 0]
bootstrapping!!
bootstrapping!!
bootstrapping!!
010-5100-9081  one digit, last group       0       0  -0.0000000002      0      0     32768/32768     2.917e-08       n/a        2.87s      0.46s 261.258ms     0.126ms  bs 27/4
bootstrapping!!
bootstrapping!!
bootstrapping!!
010-5200-1582  original                    1       1   1.0000000002      2      2     32768/32768     1.118e-09     0.9999996839      2.87s      0.46s 334.853ms     0.120ms  bs 27/4
  first 20 slots : [6.81248805830484e-11, -1.0428201565483283e-10, -2.0791511514803917e-10, -1.027202857008979e-11, -2.6621809154226404e-10, 3.0254246963216313e-12, -5.081220162388389e-11, -7.608961822578987e-11, -6.752392508081352e-12, 1.0492114245944215e-12, -1.0311365326976865e-11, 2.1569985622466418e-10, 1.470636882301394e-11, -3.1646603548471074e-10, 7.453909279566877e-11, 4.1527545729763115e-11, 3.097168715123163e-10, 2.646810421469994e-11, 4.862575548942165e-11, -2.0936013766392544e-11]
  plain            : [0, 0, 0, 0, 0, 0, 0, 0, 0, 0, 0, 0, 0, 0, 0, 0, 0, 0, 0, 0]
bootstrapping!!
bootstrapping!!
bootstrapping!!
010-5200-1583  one digit, last group       0       0   0.0000000002      0      0     32768/32768     2.008e-09       n/a        2.87s      0.46s 231.720ms     0.125ms  bs 27/4
bootstrapping!!
bootstrapping!!
bootstrapping!!
006-5300-4858  original                    1       1   1.0000000002      2      2     32768/32768     1.167e-09     0.9999996887      2.87s      0.46s 242.230ms     0.124ms  bs 27/4
  first 20 slots : [-1.0543200191223673e-10, 3.3191100415988166e-11, 2.1953642639018856e-10, 2.520588095150199e-11, 1.3748043108045169e-10, 1.0993363015611935e-10, 1.5876946063754207e-10, 1.644788290023705e-10, -4.4595404665816406e-11, 4.1496899642793626e-11, 9.049680824630589e-12, 1.5626873755276547e-10, 1.1175919382016974e-10, 3.029533398100661e-11, -6.217176954554912e-11, 4.170868526030551e-12, 1.8285823934863993e-10, 4.6014414828171147e-10, -1.4384399899802315e-10, 5.530137670689243e-11]
  plain            : [0, 0, 0, 0, 0, 0, 0, 0, 0, 0, 0, 0, 0, 0, 0, 0, 0, 0, 0, 0]
bootstrapping!!
bootstrapping!!
bootstrapping!!
006-5300-4859  one digit, last group       0       0  -0.0000000003      0      0     32768/32768     4.557e-09       n/a        2.87s      0.46s 351.821ms     0.126ms  bs 27/4
bootstrapping!!
bootstrapping!!
bootstrapping!!
020-5000-2924  one digit, first group      0       0  -0.0000000001      0      0     32768/32768     1.050e-08       n/a        2.87s      0.46s 222.165ms     0.125ms  bs 27/4
bootstrapping!!
bootstrapping!!
bootstrapping!!
010-5010-2924  one digit, middle group     0       0  -0.0000000002      0      0     32768/32768     9.457e-09       n/a        2.87s      0.46s 282.542ms     0.120ms  bs 27/4
bootstrapping!!
bootstrapping!!
bootstrapping!!
010-1111-2222  not in the log              0       0  -0.0000000002      0      0     32768/32768     1.333e-09       n/a        2.87s      0.46s 265.378ms     0.164ms  bs 27/4

 11 queries in total, 0 wrong

Existence bit as the declared bound C grows
query number        C   exp  answer    exist value   verdict      EXIST TIME
--------------------------------------------------------------------------------------------------------
010-5000-2924        32     1       1   1.0000000004     correct          0.44s
010-5000-2924       256     1       1   1.0000000002     correct          0.44s
010-5000-2924      2048     1       1   1.0000000001     correct          0.44s
010-1111-2222        32     0       0  -0.0000000002     correct          0.44s
010-1111-2222       256     0       0   0.0000000003     correct          0.44s
010-1111-2222      2048     0       0  -0.0000000003     correct          0.44s

SUMMARY
  match check  11 queries, 0 wrong
  bound check  6 existence calls over C in [32, 256, 2048] , 0 wrong
Saved: results/result2.txt, results/exp2_niro_match_summary.csv, results/exp2_niro_maxcount_sweep.csv
Device: GPU
Key directory: /root/heaan_setting/FGb/keys/
Keys preloaded: enc, mult, conj, 45 rotation keys
Key loaded
Warm-up encrypt start [GPU]
Warm-up encrypt done
Warm-up bootstrap start
Warm-up bootstrap done

HEAAN ENGINE LOAD SUCCESS [device=GPU]


Avante EDR log: 16 recorded rows, 11 rows with a recorded speed
Query parameters encrypted in 128.56 ms

Speed increase (1 means the speed rose from the previous row)
  cipher [1, 1, 1, 1, 1, 1, 1, 1, 1, 1, 0]
  plain  [1, 1, 1, 1, 1, 1, 1, 1, 1, 1, 0]
  agree  11 / 11
  rows where false   worst reading  1.342e-10
  rows where true    worst reading  0.9999999992   best 1.0000000008
  TIME 0.45 s   PLAIN TIME 0.53 ms   BS 4  CHEB 8

Overspeed (1 means the speed exceeds 60 km/h)
  cipher [0, 0, 0, 0, 0, 0, 1, 1, 1, 1, 0]
  plain  [0, 0, 0, 0, 0, 0, 1, 1, 1, 1, 0]
  agree  11 / 11
  rows where false   worst reading  1.012e-09
  rows where true    worst reading  0.9999999999   best 1.0000000002
  TIME 0.43 s   PLAIN TIME 0.107 ms   BS 4  CHEB 8

Time window: -3000.0 to -1000.0
  cipher [0, 0, 0, 0, 0, 1, 1, 1, 1, 0, 0, 0, 0, 0, 0, 0]
  plain  [0, 0, 0, 0, 0, 1, 1, 1, 1, 0, 0, 0, 0, 0, 0, 0]
  agree  32768 / 32768   (padding included)
  rows where false   worst reading  3.475e-09
  rows where true    worst reading  0.9999999996   best 1.0000000006
  TIME 0.88 s   PLAIN TIME 0.14 ms   BS 8  CHEB 16

row  t_rel  speed |    incr out  p |     over out  p |      win out  p
--------------------------------------------------------------------------
  0   -5020     42 |  1.0000000004  1 | -0.0000000000  0 | -0.0000000003  0
  1   -4520     46 |  0.9999999992  1 | -0.0000000004  0 |  0.0000000002  0
  2   -4020     50 |  1.0000000006  1 |  0.0000000008  0 | -0.0000000000  0
  3   -3520     53 |  1.0000000001  1 | -0.0000000003  0 | -0.0000000004  0
  4   -3020     56 |  1.0000000006  1 | -0.0000000005  0 | -0.0000000001  0
  5   -2520     59 |  0.9999999996  1 | -0.0000000010  0 |  1.0000000006  1
  6   -2020     61 |  1.0000000002  1 |  1.0000000000  1 |  0.9999999998  1
  7   -1520     64 |  1.0000000008  1 |  0.9999999999  1 |  0.9999999996  1
  8   -1020     66 |  1.0000000002  1 |  1.0000000002  1 |  1.0000000005  1
  9    -520     68 |  1.0000000003  1 |  1.0000000000  1 | -0.0000000006  0
 10     -20      5 |  0.0000000001  0 |  0.0000000001  0 |  0.0000000003  0
 11     -20     -1 |             .  . |             .  . | -0.0000000000  0
 12      -3     -1 |             .  . |             .  . | -0.0000000000  0
 13       0     -1 |             .  . |             .  . |  0.0000000001  0
 14       5     -1 |             .  . |             .  . | -0.0000000004  0
 15      11     -1 |             .  . |             .  . |  0.0000000004  0

 3 predicates in total, 0 mismatched
Saved: results/result2.txt, results/exp3_avante_summary.csv, results/exp3_avante_rows.csv
 
 ****************************************************************************** 
 *                                                                            * 
 *               STARTING cba72948-545f-3cab-9ee3-f6078a90bf4e                * 
 *                                                                            * 
 ****************************************************************************** 
 executing: bash
