Device: GPU
Key directory: /root/heaan_setting/FGb/keys/
Keys preloaded: enc, mult, conj, 45 rotation keys
Key loaded
Warm-up encrypt start [GPU]
Warm-up encrypt done
Warm-up bootstrap start
Warm-up bootstrap done

HEAAN ENGINE LOAD SUCCESS [device=GPU]


[k5_kitkat] 6820 of 6820 rows used, 246 rows with coordinates
Query center 37.31808 127.12741  projected to 211293.56 524321.29

  stat    radius     plain   cipher     agreement   outside worst   inside worst   inside best      TIME    ENC TIME     PLAIN TIME
  OK       0.2 km        3        3   32768/32768     3.504e-09     0.7757214423   1.0000000007     0.47s    38.065ms      0.089ms   bs  4  cheb   8
  first 20 slots : [-1.9768599449141176e-10, -2.4775755476998356e-12, 8.908716628913013e-11, -3.387038009957659e-10, 1.395330719031568e-10, 1.2241951918191059e-09, -9.05124681422187e-11, 3.132593766149815e-10, 1.0429775778025261e-10, -3.804929204224496e-10, 3.290751614362626e-10, -4.719865130624597e-10, 2.0221862326993805e-10, -4.682228599446999e-10, 2.7924399398931353e-10, 4.011282456082508e-10, 8.877279206644906e-10, 5.908132584843527e-10, -7.472997158820211e-11, -7.878249852295637e-11]
  plain            : [0, 0, 0, 0, 0, 0, 0, 0, 0, 0, 0, 0, 0, 0, 0, 0, 0, 0, 0, 0]
  OK       0.5 km       13       13   32768/32768     3.502e-09     0.9999999998   1.0000000015     0.44s    43.607ms      0.444ms   bs  4  cheb   8
  first 20 slots : [-2.0303269379876173e-11, -1.0101088704295637e-09, 3.253228385396102e-10, 5.236010954058394e-10, 1.0000000006175096, 2.805981039211203e-10, -2.382388051315532e-10, -6.254471072165498e-10, -6.727510930191649e-10, 4.1984509670928325e-10, -3.386904413529016e-10, 5.786989911510796e-10, 5.033038000655002e-10, 1.0941079050218472e-09, -1.9485283416877315e-11, -3.693037033558781e-10, -2.800164878400717e-10, 1.0000000014928454, -2.1683116000156734e-10, -4.83120110242466e-10]
  plain            : [0, 0, 0, 0, 1, 0, 0, 0, 0, 0, 0, 0, 0, 0, 0, 0, 0, 1, 0, 0]
  OK       1.0 km       52       52   32768/32768     3.682e-09     0.9999999985   1.0000000009     0.44s    44.025ms      0.101ms   bs  4  cheb   8
  first 20 slots : [-1.0479285994940835e-10, -7.959722943915648e-11, -8.892994592750504e-11, 1.2767079171665924e-10, 1.000000000853223, -6.406422621071439e-10, 3.004888972985329e-10, 8.55674463508403e-10, -6.799230930309778e-10, 6.474423129903097e-10, -3.2291635276731607e-10, 1.0322268489387526e-10, -4.2585404438491313e-11, -1.0701562628242414e-09, -4.768760810013819e-10, -3.617503708481944e-10, 6.816832091741659e-10, 1.0000000006867387, -4.790252750168941e-10, 2.4997882198061983e-10]
  plain            : [0, 0, 0, 0, 1, 0, 0, 0, 0, 0, 0, 0, 0, 0, 0, 0, 0, 1, 0, 0]
  OK       2.0 km       56       56   32768/32768     3.503e-09     0.9999999985   1.0000000017     0.44s    40.608ms      0.093ms   bs  4  cheb   8
  first 20 slots : [4.638402847065964e-11, 4.6398563961832577e-10, 2.903655344249488e-10, 2.490385368314052e-10, 1.0000000000656204, 7.649321581658737e-10, 3.636802801801349e-10, 4.989565399905172e-10, -4.153400541106075e-10, 2.549643164152702e-10, -5.946817548834369e-11, -2.2979568952616314e-10, -7.573050406977574e-10, -2.356006154886106e-10, -4.2951300504774744e-10, -5.728470463397333e-11, -2.032779900448678e-12, 1.0000000002715566, 3.9697618109584634e-10, 2.947667366255033e-10]
  plain            : [0, 0, 0, 0, 1, 0, 0, 0, 0, 0, 0, 0, 0, 0, 0, 0, 0, 1, 0, 0]
  OK       3.0 km       58       58   32768/32768     3.830e-09     0.9999999988   1.0000000012     0.44s    33.662ms      0.544ms   bs  4  cheb   8
  first 20 slots : [-2.9918322030878856e-10, 5.323848057809465e-10, 1.740394610985768e-10, -2.263707626904255e-10, 1.0000000003562655, -2.4360656718201917e-10, -4.784435960725592e-10, -3.6532278381782804e-10, 3.1804457912850774e-10, 1.666298469486941e-10, -7.428575550669638e-11, 1.0234493143727245e-10, 7.734208628224192e-10, 2.626059614449077e-10, 3.7812877271333244e-10, 1.2813188968119145e-10, -6.091894886248873e-10, 1.0000000004494956, 4.973110255765444e-10, -4.43081389588094e-10]
  plain            : [0, 0, 0, 0, 1, 0, 0, 0, 0, 0, 0, 0, 0, 0, 0, 0, 0, 1, 0, 0]
  OK       5.0 km       58       58   32768/32768     2.968e-09     0.9999999987   1.0000000010     0.46s    33.881ms      0.093ms   bs  4  cheb   8
  first 20 slots : [-3.0795594980545487e-10, 6.987414950729081e-10, -3.974459661412584e-10, 3.497829553526066e-11, 0.9999999996233079, -9.651080333626233e-10, -6.270682022480631e-10, -2.9594739274345416e-10, -1.637890717182463e-10, 2.5056058021777547e-11, -4.2740689668692417e-10, 9.212482060861304e-10, 8.572654336164407e-10, -7.510638857028483e-11, -4.314086447464901e-10, -1.5757815156058791e-10, -1.1388865401229865e-09, 1.0000000001418563, 3.18036617323906e-10, -1.6714084990573542e-10]
  plain            : [0, 0, 0, 0, 1, 0, 0, 0, 0, 0, 0, 0, 0, 0, 0, 0, 0, 1, 0, 0]

[k5_jellybean] 613 of 613 rows used, 330 rows with coordinates
Query center 37.86484 127.05997  projected to 205276.97 584999.58

  stat    radius     plain   cipher     agreement   outside worst   inside worst   inside best      TIME    ENC TIME     PLAIN TIME
  OK       0.2 km        4        4   32768/32768     2.765e-09     0.9981493737   1.0000000005     0.45s    47.317ms      0.090ms   bs  4  cheb   8
  first 20 slots : [-4.0788598671337573e-10, 8.189957620422492e-10, 3.18464680343465e-10, -1.432939257856091e-10, -1.1663103853621084e-10, 6.390205859197704e-10, 6.624424886527436e-10, 2.50619420553711e-10, 2.4874456766104844e-10, 5.517921958789497e-10, 3.740113806352656e-13, 4.374651356575139e-10, 2.3935532667528274e-10, 5.473909990140348e-10, -2.6957118956113406e-10, -3.5285654554618857e-10, 2.7028927856578855e-10, 6.252515642647345e-11, -2.3589239944254876e-10, -4.445402739310323e-10]
  plain            : [0, 0, 0, 0, 0, 0, 0, 0, 0, 0, 0, 0, 0, 0, 0, 0, 0, 0, 0, 0]
  OK       0.5 km        4        4   32768/32768     4.524e-09     0.9999999985   1.0000000005     0.45s    39.034ms      0.090ms   bs  4  cheb   8
  first 20 slots : [-1.924318239628035e-10, 1.9275138899139466e-10, -1.6717126273246463e-10, 1.851127203706106e-10, -2.443143282631986e-10, 8.022979474920232e-10, -4.3073740484844663e-10, 6.435832467019745e-11, -7.523120068857545e-11, -5.414275545674398e-10, 1.8663311658551666e-10, -5.833156273365328e-10, -1.5168269429243218e-10, 1.1744214992141596e-09, -4.300084047107217e-10, 2.5451463816236484e-10, 9.001655453075777e-10, -1.1881513765332197e-09, -1.5507094372291082e-10, 4.162378719301567e-10]
  plain            : [0, 0, 0, 0, 0, 0, 0, 0, 0, 0, 0, 0, 0, 0, 0, 0, 0, 0, 0, 0]
  OK       1.0 km        5        5   32768/32768     3.515e-09     0.9999999989   1.0000000014     0.44s    42.266ms      0.398ms   bs  4  cheb   8
  first 20 slots : [1.8421641672952427e-10, 2.7878969083344205e-10, -1.2751906368046676e-10, 3.9205550265279583e-10, 5.133091940840625e-12, -8.130725239283168e-11, -7.237591428828456e-10, 1.790174731377422e-10, -3.43564962160665e-10, 4.5893891564907477e-10, 4.329190721838916e-10, -2.99562671772356e-10, -8.702649207851181e-10, 3.2502273719586753e-10, 9.549058736401635e-11, 5.359846259454198e-10, -5.7948882134878576e-11, 1.1184539207711458e-09, 7.824614458259729e-10, 5.946656870865401e-10]
  plain            : [0, 0, 0, 0, 0, 0, 0, 0, 0, 0, 0, 0, 0, 0, 0, 0, 0, 0, 0, 0]
  OK       2.0 km        5        5   32768/32768     3.271e-09     0.9999999995   1.0000000001     0.44s    39.385ms      0.087ms   bs  4  cheb   8
  first 20 slots : [1.721521359669283e-10, -2.7302653091776897e-10, 8.293762935629865e-10, 3.979025467665326e-10, 5.438936439441265e-10, -3.9028713880981333e-10, 3.065791813367661e-10, 5.547504144073849e-10, 8.626967744173059e-10, -1.80816779061761e-10, 2.7374060836799266e-10, 3.95950131433004e-10, 4.22891589318229e-10, -4.805863743569699e-11, -4.341056709988588e-10, 1.7046550830538934e-10, -3.0498221440829373e-10, 3.4543844232073764e-10, 2.092226107377362e-10, -3.083109265580341e-10]
  plain            : [0, 0, 0, 0, 0, 0, 0, 0, 0, 0, 0, 0, 0, 0, 0, 0, 0, 0, 0, 0]
  OK       3.0 km       53       53   32768/32768     3.248e-09     0.9999999991   1.0000000015     0.44s    37.425ms      0.089ms   bs  4  cheb   8
  first 20 slots : [-3.032266338076382e-10, 1.0000000000245428, -1.1024733756352903e-09, 0.9999999999502374, 2.547828422691875e-10, 5.1989940191771366e-11, 8.702680205448202e-10, 4.588666896682371e-10, 3.635969182039701e-11, -3.8787935214785057e-10, -1.5888303315329472e-10, 4.408268318782642e-10, 1.402125142220791e-09, 0.9999999994385672, -5.950683451679676e-13, -3.8065923213464306e-10, -1.046632392437862e-09, -2.8732483322907106e-10, -2.904278616119737e-10, 1.0000000004053806]
  plain            : [0, 1, 0, 1, 0, 0, 0, 0, 0, 0, 0, 0, 0, 1, 0, 0, 0, 0, 0, 1]
  OK       5.0 km      254      254   32768/32768     3.108e-09     0.9999999989   1.0000000014     0.44s    49.206ms      0.518ms   bs  4  cheb   8
  first 20 slots : [1.028167936737425e-10, 1.0000000007753251, -1.7503435649222963e-09, 1.000000000010449, -9.428268971906418e-11, 9.836971978343692e-11, 6.178370535320748e-10, 6.764338028854921e-10, -1.8389191452686283e-09, 1.0957501900010179e-10, -3.2394236661627045e-10, 6.49599065564187e-10, 3.782243304849444e-10, 0.9999999995582649, -1.7095625781907967e-10, 7.374395561721246e-11, 1.0000000001614295, -9.907086351919487e-11, 2.5030058040720215e-10, 0.9999999995477109]
  plain            : [0, 1, 0, 1, 0, 0, 0, 0, 0, 0, 0, 0, 0, 1, 0, 0, 1, 0, 0, 1]

SUMMARY
  k5_kitkat         0.2 km  plain      3  cipher      3   match   0.47s / 0.089ms   bs 4  cheb 8
  k5_kitkat         0.5 km  plain     13  cipher     13   match   0.44s / 0.444ms   bs 4  cheb 8
  k5_kitkat         1.0 km  plain     52  cipher     52   match   0.44s / 0.101ms   bs 4  cheb 8
  k5_kitkat         2.0 km  plain     56  cipher     56   match   0.44s / 0.093ms   bs 4  cheb 8
  k5_kitkat         3.0 km  plain     58  cipher     58   match   0.44s / 0.544ms   bs 4  cheb 8
  k5_kitkat         5.0 km  plain     58  cipher     58   match   0.46s / 0.093ms   bs 4  cheb 8
  k5_jellybean      0.2 km  plain      4  cipher      4   match   0.45s / 0.090ms   bs 4  cheb 8
  k5_jellybean      0.5 km  plain      4  cipher      4   match   0.45s / 0.090ms   bs 4  cheb 8
  k5_jellybean      1.0 km  plain      5  cipher      5   match   0.44s / 0.398ms   bs 4  cheb 8
  k5_jellybean      2.0 km  plain      5  cipher      5   match   0.44s / 0.087ms   bs 4  cheb 8
  k5_jellybean      3.0 km  plain     53  cipher     53   match   0.44s / 0.089ms   bs 4  cheb 8
  k5_jellybean      5.0 km  plain    254  cipher    254   match   0.44s / 0.518ms   bs 4  cheb 8

 12 queries in total, 0 mismatched
Saved: results/result2.txt, results/exp1_<dataset>_summary.csv, results/exp1_all_summary.csv
Device: GPU
Key directory: /root/heaan_setting/FGb/keys/
Keys preloaded: enc, mult, conj, 45 rotation keys
Key loaded
Warm-up encrypt start [GPU]
Warm-up encrypt done
Warm-up bootstrap start
Warm-up bootstrap done

HEAAN ENGINE LOAD SUCCESS [device=GPU]


Niro call log: 204 rows   19 recorded numbers   4 distinct
Number split (3, 4, 4)   normalization denominators (999, 9999, 9999)

Per-row match and existence bit at C = 32
query number   description              exp  answer   exist value    plain  cipher   agreement   nonmatch worst   match worst    MATCH TIME  EXIST TIME  ENC TIME  PLAIN TIME
------------------------------------------------------------------------------------------------------------------------------------------------------
bootstrapping!!
bootstrapping!!
bootstrapping!!
010-5000-2924  original                    1       1   1.0000000007     12     12     32768/32768     1.270e-09     0.9999996172      2.88s      0.46s 225.155ms     0.129ms  bs 27/4
  first 20 slots : [-8.270051167175382e-11, -1.169537036148643e-10, -3.778668357341605e-10, -2.1560780967123557e-11, 2.7379412279047515e-11, 3.9288089696129347e-10, -1.0318758194503581e-10, 9.808043461476701e-11, -2.3553921240915567e-10, -4.231478063577721e-11, 4.996400029553568e-11, -2.0862951956521765e-10, 9.755470552902853e-11, 1.199974444128063e-10, -1.5159926790944155e-10, 1.6767018482868145e-11, 2.569666784681807e-10, 8.043745545868602e-11, 6.159648582288122e-11, -5.787536492113072e-12]
  plain            : [0, 0, 0, 0, 0, 0, 0, 0, 0, 0, 0, 0, 0, 0, 0, 0, 0, 0, 0, 0]
bootstrapping!!
bootstrapping!!
bootstrapping!!
010-5000-2925  one digit, last group       0       0   0.0000000002      0      0     32768/32768     1.378e-08       n/a        2.86s      0.46s 247.883ms     0.130ms  bs 27/4
bootstrapping!!
bootstrapping!!
bootstrapping!!
010-5100-9080  original                    1       1   1.0000000005      3      3     32768/32768     1.573e-09     0.9999996530      2.86s      0.46s 261.044ms     0.124ms  bs 27/4
  first 20 slots : [-1.2304944560081583e-10, 9.104614232086284e-11, 1.0996777226265904e-10, -1.149690899264798e-10, -1.5102418175277304e-10, 5.2675594512714663e-11, -2.1421460585366763e-10, -9.598547847974786e-11, -1.7212511344246004e-10, 3.8369513126452744e-11, 2.0663538872472977e-12, -5.102875876028251e-12, -1.3909605285319571e-10, 2.5363088293516564e-10, 5.477603239367075e-11, 8.111137847746381e-11, -1.0746485866221466e-10, -3.756113039045057e-10, 1.735747021942428e-11, -2.1039408862007534e-11]
  plain            : [0, 0, 0, 0, 0, 0, 0, 0, 0, 0, 0, 0, 0, 0, 0, 0, 0, 0, 0, 0]
bootstrapping!!
bootstrapping!!
bootstrapping!!
010-5100-9081  one digit, last group       0       0   0.0000000001      0      0     32768/32768     7.692e-09       n/a        2.86s      0.46s 212.504ms     0.125ms  bs 27/4
bootstrapping!!
bootstrapping!!
bootstrapping!!
010-5200-1582  original                    1       1   1.0000000002      2      2     32768/32768     1.418e-09     0.9999996847      2.86s      0.46s 259.468ms     0.126ms  bs 27/4
  first 20 slots : [-6.358002715514077e-11, 5.590477403512863e-11, -3.8473080498657126e-11, -1.0534052099486306e-11, -4.744752934276707e-11, 3.124109388869079e-10, 7.157113625416109e-11, 2.1399243199729616e-10, -1.7684015666708988e-10, 3.8718482754398405e-11, 7.162333805713234e-12, -1.4867678973507302e-10, 1.0106151746236084e-11, -3.0210950028087176e-10, -3.5711769564270036e-11, 3.6364969743799085e-11, -1.1652761061054756e-10, -4.44975008493355e-10, -1.0060617193421496e-10, 3.724761447790521e-11]
  plain            : [0, 0, 0, 0, 0, 0, 0, 0, 0, 0, 0, 0, 0, 0, 0, 0, 0, 0, 0, 0]
bootstrapping!!
bootstrapping!!
bootstrapping!!
010-5200-1583  one digit, last group       0       0  -0.0000000002      0      0     32768/32768     1.240e-08       n/a        2.86s      0.46s 238.537ms     0.144ms  bs 27/4
bootstrapping!!
bootstrapping!!
bootstrapping!!
006-5300-4858  original                    1       1   1.0000000001      2      2     32768/32768     1.235e-09     0.9999996811      2.86s      0.46s 329.462ms     0.160ms  bs 27/4
  first 20 slots : [5.268748801121776e-12, 1.0723358254567774e-10, -2.4804658449195484e-10, 2.9855287989118505e-11, 1.3246494939010976e-10, -6.92505007933727e-11, -3.1293448133911253e-10, 1.0726499884456142e-10, -1.80581103074104e-10, -1.1349207427631615e-10, -9.98237549491702e-12, -2.558295803953375e-10, -2.37263097432305e-10, 3.119024640095676e-10, -6.98543254466587e-11, -2.3958469473809626e-11, -9.012709259039358e-11, 4.496465479754802e-12, 3.192240384030391e-10, -4.3513462336309143e-11]
  plain            : [0, 0, 0, 0, 0, 0, 0, 0, 0, 0, 0, 0, 0, 0, 0, 0, 0, 0, 0, 0]
bootstrapping!!
bootstrapping!!
bootstrapping!!
006-5300-4859  one digit, last group       0       0  -0.0000000001      0      0     32768/32768     3.642e-09       n/a        2.86s      0.46s 273.155ms     0.130ms  bs 27/4
bootstrapping!!
bootstrapping!!
bootstrapping!!
020-5000-2924  one digit, first group      0       0   0.0000000000      0      0     32768/32768     1.303e-08       n/a        2.86s      0.46s 273.832ms     0.130ms  bs 27/4
bootstrapping!!
bootstrapping!!
bootstrapping!!
010-5010-2924  one digit, middle group     0       0   0.0000000001      0      0     32768/32768     9.419e-09       n/a        2.86s      0.46s 257.667ms     0.132ms  bs 27/4
bootstrapping!!
bootstrapping!!
bootstrapping!!
010-1111-2222  not in the log              0       0  -0.0000000000      0      0     32768/32768     1.529e-09       n/a        2.86s      0.46s 313.899ms     0.124ms  bs 27/4

 11 queries in total, 0 wrong

Existence bit as the declared bound C grows
query number        C   exp  answer    exist value   verdict      EXIST TIME
--------------------------------------------------------------------------------------------------------
010-5000-2924        32     1       1   1.0000000007     correct          0.44s
010-5000-2924       256     1       1   0.9999999998     correct          0.44s
010-5000-2924      2048     1       1   1.0000000000     correct          0.44s
010-1111-2222        32     0       0  -0.0000000000     correct          0.44s
010-1111-2222       256     0       0   0.0000000008     correct          0.44s
010-1111-2222      2048     0       0  -0.0000000005     correct          0.44s

SUMMARY
  match check  11 queries, 0 wrong
  bound check  6 existence calls over C in [32, 256, 2048] , 0 wrong
Saved: results/result2.txt, results/exp2_niro_match_summary.csv, results/exp2_niro_maxcount_sweep.csv
Device: GPU
Key directory: /root/heaan_setting/FGb/keys/
Keys preloaded: enc, mult, conj, 45 rotation keys
Key loaded
Warm-up encrypt start [GPU]
Warm-up encrypt done
Warm-up bootstrap start
Warm-up bootstrap done

HEAAN ENGINE LOAD SUCCESS [device=GPU]


Avante EDR log: 16 recorded rows, 11 rows with a recorded speed
Query parameters encrypted in 123.458 ms

Speed increase (1 means the speed rose from the previous row)
  cipher [1, 1, 1, 1, 1, 1, 1, 1, 1, 1, 0]
  plain  [1, 1, 1, 1, 1, 1, 1, 1, 1, 1, 0]
  agree  11 / 11
  rows where false   worst reading  7.868e-11
  rows where true    worst reading  0.9999999993   best 1.0000000024
  TIME 0.44 s   PLAIN TIME 0.536 ms   BS 4  CHEB 8

Overspeed (1 means the speed exceeds 60 km/h)
  cipher [0, 0, 0, 0, 0, 0, 1, 1, 1, 1, 0]
  plain  [0, 0, 0, 0, 0, 0, 1, 1, 1, 1, 0]
  agree  11 / 11
  rows where false   worst reading  1.460e-09
  rows where true    worst reading  0.9999999998   best 1.0000000002
  TIME 0.43 s   PLAIN TIME 0.085 ms   BS 4  CHEB 8

Time window: -3000.0 to -1000.0
  cipher [0, 0, 0, 0, 0, 1, 1, 1, 1, 0, 0, 0, 0, 0, 0, 0]
  plain  [0, 0, 0, 0, 0, 1, 1, 1, 1, 0, 0, 0, 0, 0, 0, 0]
  agree  32768 / 32768   (padding included)
  rows where false   worst reading  3.080e-09
  rows where true    worst reading  0.9999999997   best 1.0000000010
  TIME 0.88 s   PLAIN TIME 0.116 ms   BS 8  CHEB 16

row  t_rel  speed |    incr out  p |     over out  p |      win out  p
--------------------------------------------------------------------------
  0   -5020     42 |  1.0000000003  1 | -0.0000000004  0 |  0.0000000001  0
  1   -4520     46 |  0.9999999993  1 | -0.0000000002  0 |  0.0000000008  0
  2   -4020     50 |  1.0000000000  1 |  0.0000000015  0 |  0.0000000001  0
  3   -3520     53 |  1.0000000003  1 | -0.0000000002  0 | -0.0000000001  0
  4   -3020     56 |  1.0000000005  1 |  0.0000000009  0 |  0.0000000006  0
  5   -2520     59 |  1.0000000024  1 |  0.0000000007  0 |  1.0000000010  1
  6   -2020     61 |  1.0000000001  1 |  1.0000000001  1 |  1.0000000001  1
  7   -1520     64 |  1.0000000002  1 |  1.0000000002  1 |  0.9999999998  1
  8   -1020     66 |  1.0000000002  1 |  0.9999999998  1 |  0.9999999997  1
  9    -520     68 |  1.0000000004  1 |  1.0000000001  1 | -0.0000000004  0
 10     -20      5 |  0.0000000001  0 | -0.0000000001  0 |  0.0000000003  0
 11     -20     -1 |             .  . |             .  . |  0.0000000002  0
 12      -3     -1 |             .  . |             .  . |  0.0000000002  0
 13       0     -1 |             .  . |             .  . | -0.0000000007  0
 14       5     -1 |             .  . |             .  . | -0.0000000001  0
 15      11     -1 |             .  . |             .  . |  0.0000000005  0

 3 predicates in total, 0 mismatched
Saved: results/result2.txt, results/exp3_avante_summary.csv, results/exp3_avante_rows.csv
 
 ****************************************************************************** 
 *                                                                            * 
 *               STARTING cba72948-545f-3cab-9ee3-f6078a90bf4e                * 
 *                                                                            * 
 ****************************************************************************** 
 executing: bash
