Device: GPU
Key directory: /root/heaan_setting/FGb/keys/
Keys preloaded: enc, mult, conj, 45 rotation keys
Key loaded
Warm-up encrypt start [GPU]
Warm-up encrypt done
Warm-up bootstrap start
Warm-up bootstrap done

HEAAN ENGINE LOAD SUCCESS [device=GPU]


[k5_kitkat] 6820 of 6820 rows used, 246 rows with coordinates
Query center 37.31808 127.12741  projected to 211293.56 524321.29

  stat    radius     plain   cipher     agreement   outside worst   inside worst   inside best      TIME    ENC TIME     PLAIN TIME
  OK       0.2 km        3        3   32768/32768     3.560e-09     0.7728364248   1.0000000004     0.46s    50.051ms      0.086ms   bs  4  cheb   8
  first 20 slots : [-5.135878901753687e-10, -5.592712669681251e-10, -7.395550256901897e-10, 4.4265666872877824e-10, 1.7631989017037045e-10, -1.06691357840814e-09, -4.420126064943254e-10, -1.111082970167309e-10, 3.612549990290052e-10, 5.463062353089302e-10, -4.3783141036544043e-10, 1.4937348542500063e-09, 4.857306819231732e-10, -1.0236280578193862e-09, -1.4087815177791124e-10, -3.400478318101332e-10, -1.25574421612276e-10, -1.3240534647434892e-09, -2.589452984982324e-10, 5.558752014066393e-10]
  plain            : [0, 0, 0, 0, 0, 0, 0, 0, 0, 0, 0, 0, 0, 0, 0, 0, 0, 0, 0, 0]
  OK       0.5 km       13       13   32768/32768     4.017e-09     0.9999999996   1.0000000006     0.44s    40.631ms      0.300ms   bs  4  cheb   8
  first 20 slots : [4.148266653434897e-10, -5.629886584991324e-10, -6.999408046827591e-10, -6.785944850923277e-11, 1.0000000001132863, -2.988596225879118e-11, 2.9784296654934465e-10, 2.362347447094633e-10, -8.281315322318966e-10, -5.244694872826519e-10, -3.349885226495359e-10, -6.949491884252528e-10, 1.536914950941901e-10, -7.869522133800843e-10, -3.7795125348797343e-10, 3.422724562572258e-10, 6.787386633149847e-10, 1.0000000002973841, -2.597374682494379e-10, -8.819378838830766e-11]
  plain            : [0, 0, 0, 0, 1, 0, 0, 0, 0, 0, 0, 0, 0, 0, 0, 0, 0, 1, 0, 0]
  OK       1.0 km       52       52   32768/32768     3.296e-09     0.9999999990   1.0000000009     0.44s    44.041ms      0.093ms   bs  4  cheb   8
  first 20 slots : [5.976992270627932e-10, -7.454289021166287e-11, 1.428703500110611e-10, -4.472887959123333e-10, 1.0000000004534852, 2.603062184621575e-10, 3.656679012295198e-10, 2.350030547478041e-10, -1.1421193972110224e-09, -1.9350041995255213e-10, 2.588830690927103e-10, -7.319737208036464e-10, -2.9104153760275086e-11, 3.445565936128846e-10, -3.7617508951443183e-10, 6.012749186600312e-10, 1.7547508356944542e-09, 1.0000000004430412, -3.725369886140903e-10, -3.020621795298109e-10]
  plain            : [0, 0, 0, 0, 1, 0, 0, 0, 0, 0, 0, 0, 0, 0, 0, 0, 0, 1, 0, 0]
  OK       2.0 km       56       56   32768/32768     2.960e-09     0.9999999988   1.0000000007     0.44s    38.531ms      0.090ms   bs  4  cheb   8
  first 20 slots : [-7.458275135147474e-11, -1.980394451971339e-10, -5.222905232505661e-10, -2.694248614762434e-10, 1.0000000006922205, 1.4719134656846634e-09, -7.125217461387817e-11, -6.402188591467344e-10, 3.525917289288046e-10, -5.922629789254546e-10, -7.539178966844918e-11, -2.562406854897856e-10, -2.9185788227051114e-10, 2.017861791521097e-10, 1.3365622629424418e-11, 3.452821882450797e-10, 1.5616266973035252e-10, 1.0000000003328908, 5.165695790068741e-10, -3.180166693679838e-10]
  plain            : [0, 0, 0, 0, 1, 0, 0, 0, 0, 0, 0, 0, 0, 0, 0, 0, 0, 1, 0, 0]
  OK       3.0 km       58       58   32768/32768     3.237e-09     0.9999999989   1.0000000013     0.44s    49.654ms      0.528ms   bs  4  cheb   8
  first 20 slots : [-2.91352533608272e-10, -6.361040689608011e-10, 1.6691716805752922e-10, 4.9684231611730407e-11, 1.0000000005758154, 2.7705553233833057e-10, -4.874722103962141e-10, 5.73807696238386e-11, 1.9030082800769686e-11, 3.78153102084157e-11, -3.185713689312724e-10, 5.627753743857935e-10, -7.383568698741918e-10, 7.99345341041599e-11, -2.661289086086263e-10, 1.4674588716525913e-10, -1.7807921524520027e-09, 1.0000000005348983, 2.869722200521673e-10, -8.422815161817883e-11]
  plain            : [0, 0, 0, 0, 1, 0, 0, 0, 0, 0, 0, 0, 0, 0, 0, 0, 0, 1, 0, 0]
  OK       5.0 km       58       58   32768/32768     3.159e-09     0.9999999990   1.0000000012     0.45s    35.228ms      0.091ms   bs  4  cheb   8
  first 20 slots : [-2.7460824065920304e-10, -6.46442534583282e-10, 7.33946272908116e-10, -4.2380002643341915e-10, 1.0000000006331664, 3.2944725195108144e-10, 5.2684659429427197e-11, -3.7042052596099994e-10, -9.947327882679368e-11, -5.840614824257913e-10, 3.1048445223647213e-10, -1.3642944878287967e-10, -4.721496617825791e-10, -1.7695529863976701e-10, -3.2752394140788104e-10, -3.317909014093967e-11, -2.9675036539526857e-10, 1.000000001127582, 3.0257173570307394e-10, -3.684892977206351e-10]
  plain            : [0, 0, 0, 0, 1, 0, 0, 0, 0, 0, 0, 0, 0, 0, 0, 0, 0, 1, 0, 0]

[k5_jellybean] 613 of 613 rows used, 330 rows with coordinates
Query center 37.86484 127.05997  projected to 205276.97 584999.58

  stat    radius     plain   cipher     agreement   outside worst   inside worst   inside best      TIME    ENC TIME     PLAIN TIME
  OK       0.2 km        4        4   32768/32768     2.862e-09     0.9979938738   1.0000000006     0.44s    41.039ms      0.108ms   bs  4  cheb   8
  first 20 slots : [-8.630166968486507e-10, -1.434598030336514e-10, -1.7216248915354415e-10, -7.492389021360313e-11, 2.7095392846132734e-10, -7.55725816779516e-10, -6.226178054672106e-10, 2.612795937227638e-10, 4.698211824978475e-11, 2.947079957478399e-10, -4.1756596792422176e-10, -1.0904349405806323e-10, -3.119062834906202e-10, -9.392899627542656e-10, -3.8432628565760094e-10, -2.459495696011457e-10, 1.019623744818748e-09, 4.515981379420236e-10, -1.9922547166180257e-10, -5.235316810034228e-10]
  plain            : [0, 0, 0, 0, 0, 0, 0, 0, 0, 0, 0, 0, 0, 0, 0, 0, 0, 0, 0, 0]
  OK       0.5 km        4        4   32768/32768     3.351e-09     0.9999999997   1.0000000003     0.46s    34.009ms      0.089ms   bs  4  cheb   8
  first 20 slots : [5.216780969074091e-10, 5.17758400059916e-10, -1.7100249217813934e-10, 1.1745244867548588e-10, 5.772729485734191e-10, 6.00307255531379e-10, -2.96678500374989e-10, 1.2527565245243026e-10, -4.910220450573109e-10, -1.884142918103023e-10, 2.4033486556838795e-10, -5.630160457067038e-11, -2.537756455744707e-10, 3.487805485995936e-10, -2.1870266509874377e-10, 9.929880407614336e-11, -7.624383500844764e-10, 7.917675533548724e-10, 1.2703024783492185e-10, 2.578328287213892e-10]
  plain            : [0, 0, 0, 0, 0, 0, 0, 0, 0, 0, 0, 0, 0, 0, 0, 0, 0, 0, 0, 0]
  OK       1.0 km        5        5   32768/32768     3.681e-09     0.9999999996   1.0000000006     0.44s    40.264ms      0.087ms   bs  4  cheb   8
  first 20 slots : [1.590249951469199e-10, -1.769287270129563e-10, -3.759656613448907e-10, 4.244346782878602e-10, 3.605996479848539e-10, 7.79253777311885e-10, 3.262752162299915e-11, 8.432467893676047e-10, -5.69070933903956e-10, 8.829666080159566e-11, 3.4245642929258164e-10, 3.4546329435116383e-10, -4.561853412732093e-10, 3.2670224773100335e-11, 5.018716272650447e-12, 5.331612803463834e-10, 1.0013920544715616e-09, -2.579753048202925e-10, 3.4577734665951635e-10, 4.794548595373433e-10]
  plain            : [0, 0, 0, 0, 0, 0, 0, 0, 0, 0, 0, 0, 0, 0, 0, 0, 0, 0, 0, 0]
  OK       2.0 km        5        5   32768/32768     3.079e-09     0.9999999994   1.0000000004     0.44s    52.748ms      0.091ms   bs  4  cheb   8
  first 20 slots : [-4.0327973629601664e-11, -9.902182831172398e-12, -8.042870854475837e-10, 3.7263001476234046e-10, -2.1277596865500608e-10, -4.457971306701346e-10, 1.4711243039438885e-10, -3.456473141927017e-10, -6.107057364468946e-10, -7.217759361903256e-11, 3.907740303071352e-10, 1.1979710869450159e-09, 2.5523496560402827e-10, -2.9077396851200136e-10, 1.1832661083408722e-10, 9.280848292383374e-11, -1.7889599649034017e-10, 9.250868720172494e-10, 9.562289354838192e-10, -2.737343996834111e-10]
  plain            : [0, 0, 0, 0, 0, 0, 0, 0, 0, 0, 0, 0, 0, 0, 0, 0, 0, 0, 0, 0]
  OK       3.0 km       53       53   32768/32768     3.151e-09     0.9999999991   1.0000000009     0.44s    37.607ms      0.092ms   bs  4  cheb   8
  first 20 slots : [-2.8041794259129767e-10, 1.0000000001839617, 3.174696736514576e-10, 1.0000000001864282, 1.3325556258265692e-10, 1.4293188798600022e-10, -2.867737718917546e-11, 2.6599726163933467e-10, 7.343219473058771e-10, -1.7899293464955792e-10, -4.311386617152825e-10, 3.9906887035123844e-10, -1.2453265925726113e-09, 0.9999999998101944, -2.2922807885294086e-10, -2.563161561137256e-10, -4.4779000754772175e-10, -9.3314456925916e-10, -1.344776998481465e-10, 1.000000000206816]
  plain            : [0, 1, 0, 1, 0, 0, 0, 0, 0, 0, 0, 0, 0, 1, 0, 0, 0, 0, 0, 1]
  OK       5.0 km      254      254   32768/32768     3.762e-09     0.9999999987   1.0000000021     0.44s    41.143ms      0.090ms   bs  4  cheb   8
  first 20 slots : [3.122307157633284e-10, 1.000000000189114, 4.991424620201653e-10, 0.9999999999352374, 5.624174525337899e-10, -1.5216431730866158e-09, 1.1800143047137314e-09, -2.0427065834073504e-10, 3.940550491695371e-10, -4.1826824393011015e-10, 1.2550215958807185e-10, 1.955896593590432e-10, 4.812336951313003e-10, 1.0000000002587432, 3.602230876729866e-10, -3.0217037589025646e-10, 1.0000000000448237, -1.0074351873912112e-10, 7.27241045969195e-10, 0.9999999998517735]
  plain            : [0, 1, 0, 1, 0, 0, 0, 0, 0, 0, 0, 0, 0, 1, 0, 0, 1, 0, 0, 1]

SUMMARY
  k5_kitkat         0.2 km  plain      3  cipher      3   match   0.46s / 0.086ms   bs 4  cheb 8
  k5_kitkat         0.5 km  plain     13  cipher     13   match   0.44s / 0.300ms   bs 4  cheb 8
  k5_kitkat         1.0 km  plain     52  cipher     52   match   0.44s / 0.093ms   bs 4  cheb 8
  k5_kitkat         2.0 km  plain     56  cipher     56   match   0.44s / 0.090ms   bs 4  cheb 8
  k5_kitkat         3.0 km  plain     58  cipher     58   match   0.44s / 0.528ms   bs 4  cheb 8
  k5_kitkat         5.0 km  plain     58  cipher     58   match   0.45s / 0.091ms   bs 4  cheb 8
  k5_jellybean      0.2 km  plain      4  cipher      4   match   0.44s / 0.108ms   bs 4  cheb 8
  k5_jellybean      0.5 km  plain      4  cipher      4   match   0.46s / 0.089ms   bs 4  cheb 8
  k5_jellybean      1.0 km  plain      5  cipher      5   match   0.44s / 0.087ms   bs 4  cheb 8
  k5_jellybean      2.0 km  plain      5  cipher      5   match   0.44s / 0.091ms   bs 4  cheb 8
  k5_jellybean      3.0 km  plain     53  cipher     53   match   0.44s / 0.092ms   bs 4  cheb 8
  k5_jellybean      5.0 km  plain    254  cipher    254   match   0.44s / 0.090ms   bs 4  cheb 8

 12 queries in total, 0 mismatched
Saved: results/result2.txt, results/exp1_<dataset>_summary.csv, results/exp1_all_summary.csv
Device: GPU
Key directory: /root/heaan_setting/FGb/keys/
Keys preloaded: enc, mult, conj, 45 rotation keys
Key loaded
Warm-up encrypt start [GPU]
Warm-up encrypt done
Warm-up bootstrap start
Warm-up bootstrap done

HEAAN ENGINE LOAD SUCCESS [device=GPU]


Niro call log: 204 rows   19 recorded numbers   4 distinct
Number split (3, 4, 4)   normalization denominators (999, 9999, 9999)

Per-row match and existence bit at C = 32
query number   description              exp  answer   exist value    plain  cipher   agreement   nonmatch worst   match worst    MATCH TIME  EXIST TIME  ENC TIME  PLAIN TIME
------------------------------------------------------------------------------------------------------------------------------------------------------
bootstrapping!!
bootstrapping!!
bootstrapping!!
010-5000-2924  original                    1       1   1.0000000005     12     12     32768/32768     1.355e-09     0.9999996069      2.88s      0.46s 219.526ms     0.131ms  bs 27/4
  first 20 slots : [-5.341795010601791e-11, 1.433658389968112e-10, -4.7385024639739e-10, 2.346530550170482e-11, 2.8447564544179135e-10, -1.9102534768959385e-10, 5.5509882183023295e-11, 2.7767495051689592e-11, 2.1962443951402898e-10, 1.0570194880420791e-11, 5.04630946526529e-11, 9.091602910336473e-11, -7.892587977910319e-11, 2.148729187427383e-10, 1.543169978270983e-12, -3.184995759694147e-12, -2.9234956022794935e-10, -2.5878619149769836e-10, -5.4725083810499126e-11, 3.2636792083655663e-12]
  plain            : [0, 0, 0, 0, 0, 0, 0, 0, 0, 0, 0, 0, 0, 0, 0, 0, 0, 0, 0, 0]
bootstrapping!!
bootstrapping!!
bootstrapping!!
010-5000-2925  one digit, last group       0       0  -0.0000000001      0      0     32768/32768     1.014e-07       n/a        2.86s      0.46s 249.711ms     0.124ms  bs 27/4
bootstrapping!!
bootstrapping!!
bootstrapping!!
010-5100-9080  original                    1       1   1.0000000000      3      3     32768/32768     1.137e-09     0.9999996828      2.86s      0.46s 332.199ms     0.128ms  bs 27/4
  first 20 slots : [1.0759037279743323e-10, -1.737606145524768e-10, 2.3920285289423113e-10, -4.790768866402344e-11, -7.358295380895676e-11, -4.0826199441042587e-10, 1.127611998271496e-10, 1.9522952486573273e-10, -4.3540011407815494e-10, -1.178004260926842e-10, -2.5392182105456205e-11, 1.9034665373270883e-10, -3.12505031714457e-10, -9.128330233627234e-11, 1.0129220171466602e-10, -9.965574987884586e-11, -9.142829612054139e-11, 4.449310770522678e-10, 3.0279841824066694e-11, 2.9392588470732986e-11]
  plain            : [0, 0, 0, 0, 0, 0, 0, 0, 0, 0, 0, 0, 0, 0, 0, 0, 0, 0, 0, 0]
bootstrapping!!
bootstrapping!!
bootstrapping!!
010-5100-9081  one digit, last group       0       0  -0.0000000003      0      0     32768/32768     2.255e-09       n/a        2.86s      0.46s 251.701ms     0.118ms  bs 27/4
bootstrapping!!
bootstrapping!!
bootstrapping!!
010-5200-1582  original                    1       1   1.0000000003      2      2     32768/32768     1.399e-09     0.9999996896      2.86s      0.46s 233.501ms     0.126ms  bs 27/4
  first 20 slots : [4.9425852098421724e-11, 1.02486250942538e-10, 3.216970087963856e-10, 4.495302225380088e-11, -1.558800467304819e-11, 2.8558020310703785e-10, 4.0254522679285995e-11, 2.129147655479734e-10, -6.60364659394083e-11, 1.1351376987030526e-10, -2.0842333340166174e-11, 6.225387719231474e-11, 1.705629319046668e-10, 4.510116200854444e-10, 1.0123210993953386e-10, 1.0851861735076935e-10, -4.798906024056822e-11, -6.927962994647242e-12, 3.7457434074053665e-11, -3.8814376614017525e-11]
  plain            : [0, 0, 0, 0, 0, 0, 0, 0, 0, 0, 0, 0, 0, 0, 0, 0, 0, 0, 0, 0]
bootstrapping!!
bootstrapping!!
bootstrapping!!
010-5200-1583  one digit, last group       0       0  -0.0000000003      0      0     32768/32768     1.472e-09       n/a        2.86s      0.46s 336.963ms     0.134ms  bs 27/4
bootstrapping!!
bootstrapping!!
bootstrapping!!
006-5300-4858  original                    1       1   1.0000000001      2      2     32768/32768     1.782e-09     0.9999996930      2.86s      0.46s 235.729ms     0.136ms  bs 27/4
  first 20 slots : [8.17034330050256e-11, -6.294803170767596e-11, -2.649843920177355e-10, -6.111495646042282e-11, 2.4913567477228483e-12, -2.831406012586228e-10, 1.8232727695088985e-10, -5.457202999066429e-11, 7.90158239047511e-11, 6.64757355595399e-11, 1.4326660149908496e-11, 1.576562437112153e-10, -8.865630139612285e-11, -1.2778967624572478e-11, -3.263216215782499e-11, 3.088694253603675e-11, 3.674085855711272e-10, 4.132184807608562e-10, 9.672715908779606e-11, -7.653572640360477e-11]
  plain            : [0, 0, 0, 0, 0, 0, 0, 0, 0, 0, 0, 0, 0, 0, 0, 0, 0, 0, 0, 0]
bootstrapping!!
bootstrapping!!
bootstrapping!!
006-5300-4859  one digit, last group       0       0   0.0000000002      0      0     32768/32768     2.318e-09       n/a        2.86s      0.46s 240.184ms     0.124ms  bs 27/4
bootstrapping!!
bootstrapping!!
bootstrapping!!
020-5000-2924  one digit, first group      0       0   0.0000000002      0      0     32768/32768     1.347e-08       n/a        2.86s      0.46s 272.712ms     0.131ms  bs 27/4
bootstrapping!!
bootstrapping!!
bootstrapping!!
010-5010-2924  one digit, middle group     0       0   0.0000000001      0      0     32768/32768     1.882e-08       n/a        2.86s      0.46s 319.469ms     0.124ms  bs 27/4
bootstrapping!!
bootstrapping!!
bootstrapping!!
010-1111-2222  not in the log              0       0  -0.0000000004      0      0     32768/32768     1.318e-09       n/a        2.86s      0.46s 239.672ms     0.126ms  bs 27/4

 11 queries in total, 0 wrong

Existence bit as the declared bound C grows
query number        C   exp  answer    exist value   verdict      EXIST TIME
--------------------------------------------------------------------------------------------------------
010-5000-2924        32     1       1   1.0000000005     correct          0.44s
010-5000-2924       256     1       1   0.9999999995     correct          0.44s
010-5000-2924      2048     1       1   1.0000000002     correct          0.44s
010-1111-2222        32     0       0  -0.0000000004     correct          0.44s
010-1111-2222       256     0       0   0.0000000003     correct          0.44s
010-1111-2222      2048     0       0  -0.0000000001     correct          0.44s

SUMMARY
  match check  11 queries, 0 wrong
  bound check  6 existence calls over C in [32, 256, 2048] , 0 wrong
Saved: results/result2.txt, results/exp2_niro_match_summary.csv, results/exp2_niro_maxcount_sweep.csv
Device: GPU
Key directory: /root/heaan_setting/FGb/keys/
Keys preloaded: enc, mult, conj, 45 rotation keys
Key loaded
Warm-up encrypt start [GPU]
Warm-up encrypt done
Warm-up bootstrap start
Warm-up bootstrap done

HEAAN ENGINE LOAD SUCCESS [device=GPU]


Avante EDR log: 16 recorded rows, 11 rows with a recorded speed
Query parameters encrypted in 126.594 ms

Speed increase (1 means the speed rose from the previous row)
  cipher [1, 1, 1, 1, 1, 1, 1, 1, 1, 1, 0]
  plain  [1, 1, 1, 1, 1, 1, 1, 1, 1, 1, 0]
  agree  11 / 11
  rows where false   worst reading  5.421e-11
  rows where true    worst reading  0.9999999995   best 1.0000000006
  TIME 0.45 s   PLAIN TIME 0.675 ms   BS 4  CHEB 8

Overspeed (1 means the speed exceeds 60 km/h)
  cipher [0, 0, 0, 0, 0, 0, 1, 1, 1, 1, 0]
  plain  [0, 0, 0, 0, 0, 0, 1, 1, 1, 1, 0]
  agree  11 / 11
  rows where false   worst reading  1.143e-09
  rows where true    worst reading  0.9999999991   best 1.0000000010
  TIME 0.43 s   PLAIN TIME 0.087 ms   BS 4  CHEB 8

Time window: -3000.0 to -1000.0
  cipher [0, 0, 0, 0, 0, 1, 1, 1, 1, 0, 0, 0, 0, 0, 0, 0]
  plain  [0, 0, 0, 0, 0, 1, 1, 1, 1, 0, 0, 0, 0, 0, 0, 0]
  agree  32768 / 32768   (padding included)
  rows where false   worst reading  2.811e-09
  rows where true    worst reading  0.9999999993   best 1.0000000012
  TIME 0.87 s   PLAIN TIME 0.112 ms   BS 8  CHEB 16

row  t_rel  speed |    incr out  p |     over out  p |      win out  p
--------------------------------------------------------------------------
  0   -5020     42 |  1.0000000002  1 |  0.0000000001  0 | -0.0000000004  0
  1   -4520     46 |  0.9999999997  1 | -0.0000000000  0 |  0.0000000002  0
  2   -4020     50 |  0.9999999995  1 |  0.0000000008  0 |  0.0000000006  0
  3   -3520     53 |  1.0000000004  1 | -0.0000000000  0 | -0.0000000003  0
  4   -3020     56 |  1.0000000001  1 |  0.0000000006  0 | -0.0000000001  0
  5   -2520     59 |  1.0000000000  1 | -0.0000000011  0 |  0.9999999993  1
  6   -2020     61 |  1.0000000002  1 |  0.9999999999  1 |  0.9999999999  1
  7   -1520     64 |  1.0000000006  1 |  0.9999999991  1 |  1.0000000006  1
  8   -1020     66 |  1.0000000004  1 |  1.0000000010  1 |  1.0000000012  1
  9    -520     68 |  1.0000000004  1 |  1.0000000002  1 | -0.0000000003  0
 10     -20      5 |  0.0000000001  0 | -0.0000000000  0 |  0.0000000002  0
 11     -20     -1 |             .  . |             .  . |  0.0000000003  0
 12      -3     -1 |             .  . |             .  . | -0.0000000009  0
 13       0     -1 |             .  . |             .  . |  0.0000000007  0
 14       5     -1 |             .  . |             .  . | -0.0000000005  0
 15      11     -1 |             .  . |             .  . |  0.0000000002  0

 3 predicates in total, 0 mismatched
Saved: results/result2.txt, results/exp3_avante_summary.csv, results/exp3_avante_rows.csv
 
 ****************************************************************************** 
 *                                                                            * 
 *               STARTING cba72948-545f-3cab-9ee3-f6078a90bf4e                * 
 *                                                                            * 
 ****************************************************************************** 
 executing: bash
