Device: GPU
Key directory: /root/heaan_setting/FGb/keys/
Keys preloaded: enc, mult, conj, 45 rotation keys
Key loaded
Warm-up encrypt start [GPU]
Warm-up encrypt done
Warm-up bootstrap start
Warm-up bootstrap done

HEAAN ENGINE LOAD SUCCESS [device=GPU]


[k5_kitkat] 6820 of 6820 rows used, 246 rows with coordinates
Query center 37.31808 127.12741  projected to 211293.56 524321.29

  stat    radius     plain   cipher     agreement   outside worst   inside worst   inside best      TIME    ENC TIME     PLAIN TIME
  OK       0.2 km        3        3   32768/32768     3.932e-09     0.7926466423   1.0000000008     0.46s    51.039ms      0.101ms   bs  4  cheb   8
  first 20 slots : [-5.033513424689115e-10, -4.1995857972139724e-10, -9.37640369732709e-11, 1.6574337978412305e-10, 3.11209062414532e-10, 1.8863755976002593e-10, -2.669203152789217e-10, 4.6010665580973244e-10, 5.102594049212188e-10, 4.529880426169686e-10, -3.793205437438567e-10, -7.960604311576673e-10, -5.598672825830938e-10, -2.2582325109893537e-10, -5.558141161130028e-10, -5.324155128843739e-10, -1.3701012219361863e-09, 3.531443834492144e-10, -3.3938728177400084e-10, -5.346869400034162e-10]
  plain            : [0, 0, 0, 0, 0, 0, 0, 0, 0, 0, 0, 0, 0, 0, 0, 0, 0, 0, 0, 0]
  OK       0.5 km       13       13   32768/32768     3.093e-09     0.9999999996   1.0000000006     0.44s    41.074ms      0.121ms   bs  4  cheb   8
  first 20 slots : [-2.359781721530526e-10, -8.095980130352052e-11, -1.5008178231785487e-10, -4.842079908597989e-10, 1.0000000001714449, 3.199097756719357e-10, -7.345024298279792e-10, -1.2033566519287817e-10, -1.3011073025665971e-09, -2.0182500936011212e-10, -1.3757386984880854e-10, 4.4563603541646754e-10, -5.786037074984532e-10, 3.1622008984076257e-10, 1.6682308689379562e-10, -2.797513354700047e-11, 1.6711776056217853e-10, 1.0000000002534484, -2.551488580310512e-10, 2.2386914276623713e-10]
  plain            : [0, 0, 0, 0, 1, 0, 0, 0, 0, 0, 0, 0, 0, 0, 0, 0, 0, 1, 0, 0]
  OK       1.0 km       52       52   32768/32768     3.637e-09     0.9999999986   1.0000000011     0.45s    40.532ms      0.474ms   bs  4  cheb   8
  first 20 slots : [5.02565070271665e-10, -5.940798225838003e-10, -1.5411550934416095e-10, -1.300868690648081e-10, 1.0000000005587983, -7.901784971946859e-10, 3.916869700112119e-11, -7.172023244465194e-10, 3.1763133004275904e-11, -3.9239801308923456e-10, 3.7606275866166637e-10, 1.3561949272643713e-10, 7.345345267599852e-10, -7.754938396834177e-10, 2.042403528840319e-11, 5.344798975054706e-10, -7.280024049874559e-10, 1.000000000187243, 7.964163218110247e-10, 3.5925594120383086e-10]
  plain            : [0, 0, 0, 0, 1, 0, 0, 0, 0, 0, 0, 0, 0, 0, 0, 0, 0, 1, 0, 0]
  OK       2.0 km       56       56   32768/32768     3.108e-09     0.9999999987   1.0000000013     0.45s    36.873ms      0.096ms   bs  4  cheb   8
  first 20 slots : [6.206581458297897e-10, -6.700324614250837e-10, -1.4444344849927561e-10, -4.847550286083867e-11, 1.00000000014267, 5.493893479369726e-10, 2.307351487814551e-10, -1.0812340895764881e-10, -3.280756319949316e-10, -7.652489887774576e-11, 3.555175245244549e-10, -5.688109186625353e-10, -1.1635698227012098e-09, -1.0216787683659202e-10, 3.108693220510838e-10, 4.508379934425882e-10, 3.911730511522268e-10, 1.0000000012021308, 3.3092923661360275e-10, 2.507822548202366e-10]
  plain            : [0, 0, 0, 0, 1, 0, 0, 0, 0, 0, 0, 0, 0, 0, 0, 0, 0, 1, 0, 0]
  OK       3.0 km       58       58   32768/32768     2.784e-09     0.9999999991   1.0000000006     0.44s    41.371ms      0.097ms   bs  4  cheb   8
  first 20 slots : [-8.381860509233284e-11, 3.3482924033646746e-11, -2.1903264528420536e-10, -2.685828768939632e-10, 1.0000000000064673, -1.3679151628568888e-09, -8.940775220468047e-11, -1.5891691374796651e-10, 2.806826349352881e-10, -3.6569797809290603e-10, -3.543554073946065e-10, 9.823316837326815e-11, -2.579380111483887e-10, -1.6508134247906442e-11, -2.0246571714882184e-10, -3.301327063529178e-10, -2.9784036987712844e-10, 0.999999999105967, -5.183264509761359e-10, -3.3919411402108197e-10]
  plain            : [0, 0, 0, 0, 1, 0, 0, 0, 0, 0, 0, 0, 0, 0, 0, 0, 0, 1, 0, 0]
  OK       5.0 km       58       58   32768/32768     3.263e-09     0.9999999977   1.0000000011     0.44s    46.585ms      0.137ms   bs  4  cheb   8
  first 20 slots : [-1.8801356656690333e-10, -4.836552912782817e-10, 3.8198741608111674e-10, -3.9889297221209525e-10, 1.0000000003400458, 6.429130519936967e-10, 2.363225564737491e-10, -7.294181448330923e-10, -4.404057547967388e-10, -2.999590415554901e-10, -1.1850859029055535e-10, -1.8561797161201884e-10, 2.5734621330811516e-10, 1.4817493705260307e-09, -2.2053949476024764e-10, 1.322560257335494e-11, 7.039532756798347e-10, 1.0000000010764538, -4.1766039412293955e-10, -1.96560496314685e-10]
  plain            : [0, 0, 0, 0, 1, 0, 0, 0, 0, 0, 0, 0, 0, 0, 0, 0, 0, 1, 0, 0]

[k5_jellybean] 613 of 613 rows used, 330 rows with coordinates
Query center 37.86484 127.05997  projected to 205276.97 584999.58

  stat    radius     plain   cipher     agreement   outside worst   inside worst   inside best      TIME    ENC TIME     PLAIN TIME
  OK       0.2 km        4        4   32768/32768     3.599e-09     0.9977552243   1.0000000001     0.44s    73.492ms      0.089ms   bs  4  cheb   8
  first 20 slots : [-8.155476990012458e-10, -9.380666761709447e-10, -8.83574812857974e-10, -1.078185171867853e-10, -3.159972567181901e-10, 1.7325426128843829e-10, 3.4827427853377937e-10, 2.20816966995846e-10, -1.5767081913541812e-10, 2.2672675612942023e-10, -1.8852684770978524e-10, -5.39769771996423e-10, 1.6559939142974217e-09, 2.2579952360014973e-10, -4.625441028869618e-10, 5.273139912170068e-10, -2.0568521215282476e-10, -1.0085802833113397e-09, -3.1127780832719683e-11, -3.195521560102878e-10]
  plain            : [0, 0, 0, 0, 0, 0, 0, 0, 0, 0, 0, 0, 0, 0, 0, 0, 0, 0, 0, 0]
  OK       0.5 km        4        4   32768/32768     3.783e-09     0.9999999990   1.0000000005     0.44s    60.231ms      0.097ms   bs  4  cheb   8
  first 20 slots : [2.804771814014335e-10, 8.148744148295262e-10, 4.097659455656609e-11, 3.040540567159413e-10, 5.818424831779582e-10, 1.7603337935921451e-09, -2.656003659280776e-10, 6.432664320010926e-10, 2.7453668106622745e-10, -5.703829334704009e-10, 1.8653406771427302e-10, -2.8984622978233016e-10, 2.4108468046697145e-10, 8.326705674954296e-10, -3.1829096767194506e-10, 2.941275463859803e-10, -2.1849600940751116e-10, -3.861012641395227e-11, -4.896776655477728e-10, 6.786398573569202e-10]
  plain            : [0, 0, 0, 0, 0, 0, 0, 0, 0, 0, 0, 0, 0, 0, 0, 0, 0, 0, 0, 0]
  OK       1.0 km        5        5   32768/32768     4.650e-09     0.9999999992   1.0000000006     0.44s    59.937ms      0.095ms   bs  4  cheb   8
  first 20 slots : [2.6171238147342743e-10, -1.2158467385862212e-10, 9.403824477253877e-10, 4.1305679122240166e-10, 1.0747417193145363e-09, -1.3952214953511994e-09, 4.157208280372291e-10, 2.713947532226062e-10, 7.699271822793036e-10, 2.711888695472091e-10, 6.070801780151203e-10, 1.615613781893247e-10, 6.272466106787662e-10, 9.35501463960857e-10, -5.820546648581598e-10, 3.0135630221355423e-10, 9.746194739805716e-10, 9.121947097404729e-11, -9.400513026159718e-10, 3.7489478421436753e-10]
  plain            : [0, 0, 0, 0, 0, 0, 0, 0, 0, 0, 0, 0, 0, 0, 0, 0, 0, 0, 0, 0]
  OK       2.0 km        5        5   32768/32768     3.380e-09     0.9999999995   1.0000000006     0.44s    59.192ms      0.103ms   bs  4  cheb   8
  first 20 slots : [3.214897513076627e-10, -4.055765379822974e-10, 2.807751557649157e-10, 2.8927848683602935e-10, -2.4386964757279033e-10, 4.511963416189034e-10, 9.18012027197376e-12, -9.46985462581011e-11, 9.967867228584265e-11, 6.411594259656186e-11, 2.931164061083815e-10, 1.0827497765520995e-09, 4.979911902214525e-10, 2.891274882790969e-10, 3.2373590110202253e-11, 1.3016120293081934e-10, -5.188632642730522e-10, -7.441434831239401e-10, 1.708222944064375e-10, -4.3196644343499144e-10]
  plain            : [0, 0, 0, 0, 0, 0, 0, 0, 0, 0, 0, 0, 0, 0, 0, 0, 0, 0, 0, 0]
  OK       3.0 km       53       53   32768/32768     2.901e-09     0.9999999989   1.0000000008     0.44s    36.544ms      0.106ms   bs  4  cheb   8
  first 20 slots : [-6.161803695227576e-10, 1.0000000006723524, -1.4522193159026829e-09, 0.9999999999120235, -2.2521988479139746e-10, -6.513833607907236e-10, 6.305291682574553e-10, -5.698601914967696e-10, -5.190540506388812e-11, -4.502145647362744e-10, -5.148084967743505e-10, 1.117393459717382e-09, 6.64258574791589e-10, 0.9999999997508284, -3.2808996209974694e-10, -4.1743916700777426e-10, 6.187940419572632e-10, 1.356814982819249e-09, 7.003054004838035e-10, 0.9999999999421467]
  plain            : [0, 1, 0, 1, 0, 0, 0, 0, 0, 0, 0, 0, 0, 1, 0, 0, 0, 0, 0, 1]
  OK       5.0 km      254      254   32768/32768     3.076e-09     0.9999999990   1.0000000016     0.44s    50.221ms      0.097ms   bs  4  cheb   8
  first 20 slots : [-1.518334464348255e-10, 1.0000000000713563, 1.0337301968896383e-09, 0.9999999997980146, 8.169385759483951e-10, 7.015697170105396e-10, 1.3944844901582246e-10, -5.532457682620696e-11, 1.3012866999228676e-10, -4.631536196303743e-10, -4.295071683362036e-10, 1.7838123726099427e-10, 5.989016713793239e-10, 1.000000000259357, 7.575136716299415e-10, -1.1745343850848372e-10, 0.9999999992906298, 3.555630928696257e-10, -2.207194544247528e-10, 0.9999999997125731]
  plain            : [0, 1, 0, 1, 0, 0, 0, 0, 0, 0, 0, 0, 0, 1, 0, 0, 1, 0, 0, 1]

SUMMARY
  k5_kitkat         0.2 km  plain      3  cipher      3   match   0.46s / 0.101ms   bs 4  cheb 8
  k5_kitkat         0.5 km  plain     13  cipher     13   match   0.44s / 0.121ms   bs 4  cheb 8
  k5_kitkat         1.0 km  plain     52  cipher     52   match   0.45s / 0.474ms   bs 4  cheb 8
  k5_kitkat         2.0 km  plain     56  cipher     56   match   0.45s / 0.096ms   bs 4  cheb 8
  k5_kitkat         3.0 km  plain     58  cipher     58   match   0.44s / 0.097ms   bs 4  cheb 8
  k5_kitkat         5.0 km  plain     58  cipher     58   match   0.44s / 0.137ms   bs 4  cheb 8
  k5_jellybean      0.2 km  plain      4  cipher      4   match   0.44s / 0.089ms   bs 4  cheb 8
  k5_jellybean      0.5 km  plain      4  cipher      4   match   0.44s / 0.097ms   bs 4  cheb 8
  k5_jellybean      1.0 km  plain      5  cipher      5   match   0.44s / 0.095ms   bs 4  cheb 8
  k5_jellybean      2.0 km  plain      5  cipher      5   match   0.44s / 0.103ms   bs 4  cheb 8
  k5_jellybean      3.0 km  plain     53  cipher     53   match   0.44s / 0.106ms   bs 4  cheb 8
  k5_jellybean      5.0 km  plain    254  cipher    254   match   0.44s / 0.097ms   bs 4  cheb 8

 12 queries in total, 0 mismatched
Saved: results/result2.txt, results/exp1_<dataset>_summary.csv, results/exp1_all_summary.csv
Device: GPU
Key directory: /root/heaan_setting/FGb/keys/
Keys preloaded: enc, mult, conj, 45 rotation keys
Key loaded
Warm-up encrypt start [GPU]
Warm-up encrypt done
Warm-up bootstrap start
Warm-up bootstrap done

HEAAN ENGINE LOAD SUCCESS [device=GPU]


Niro call log: 204 rows   19 recorded numbers   4 distinct
Number split (3, 4, 4)   normalization denominators (999, 9999, 9999)

Per-row match and existence bit at C = 32
query number   description              exp  answer   exist value    plain  cipher   agreement   nonmatch worst   match worst    MATCH TIME  EXIST TIME  ENC TIME  PLAIN TIME
------------------------------------------------------------------------------------------------------------------------------------------------------
bootstrapping!!
bootstrapping!!
bootstrapping!!
010-5000-2924  original                    1       1   1.0000000000     12     12     32768/32768     1.283e-09     0.9999996748      2.92s      0.46s 240.345ms     0.134ms  bs 27/4
  first 20 slots : [3.385677843418833e-11, -1.5704624210313896e-10, -2.655880977038934e-12, -1.017087635142932e-11, -7.275055192203206e-11, 2.7597524107685743e-10, 2.2556619181388891e-10, -3.697493442556221e-11, 3.745930381411613e-12, 1.054351491933894e-11, -2.1886716897971174e-11, -2.480152827043217e-11, 4.905146390765771e-13, -4.459985927425559e-12, 1.202320993731278e-10, -6.597648242367602e-11, 1.7052040002091474e-10, 4.125778140318277e-10, 1.5017673928709865e-10, 8.961135272162329e-12]
  plain            : [0, 0, 0, 0, 0, 0, 0, 0, 0, 0, 0, 0, 0, 0, 0, 0, 0, 0, 0, 0]
bootstrapping!!
bootstrapping!!
bootstrapping!!
010-5000-2925  one digit, last group       0       0  -0.0000000002      0      0     32768/32768     1.362e-08       n/a        2.88s      0.46s 283.078ms     0.133ms  bs 27/4
bootstrapping!!
bootstrapping!!
bootstrapping!!
010-5100-9080  original                    1       1   0.9999999999      3      3     32768/32768     1.543e-09     0.9999996115      2.88s      0.46s 258.635ms     0.135ms  bs 27/4
  first 20 slots : [1.0758352890138344e-10, -2.8754730766700767e-10, -1.5605774417950441e-10, 3.276677812956344e-11, -7.9346326629312e-11, 5.417913239140265e-10, -2.4966272256313433e-10, 5.893936015473127e-11, 4.000074646185836e-10, -9.818631398015809e-11, -1.4665075665517332e-12, 8.033958417358256e-11, -1.8637702977769098e-10, -6.717818511181463e-10, -4.114682187002659e-11, -3.271183748613508e-11, -2.6686926808399816e-11, -2.9949706580050487e-10, 8.093995358074334e-11, -5.286642905235006e-11]
  plain            : [0, 0, 0, 0, 0, 0, 0, 0, 0, 0, 0, 0, 0, 0, 0, 0, 0, 0, 0, 0]
bootstrapping!!
bootstrapping!!
bootstrapping!!
010-5100-9081  one digit, last group       0       0  -0.0000000002      0      0     32768/32768     1.070e-08       n/a        2.88s      0.46s 259.366ms     0.135ms  bs 27/4
bootstrapping!!
bootstrapping!!
bootstrapping!!
010-5200-1582  original                    1       1   1.0000000000      2      2     32768/32768     1.171e-09     0.9999996562      2.88s      0.46s 345.199ms     0.525ms  bs 27/4
  first 20 slots : [4.401128130461784e-11, -6.659546647760017e-11, 3.073694820546538e-10, -9.181501966350194e-11, 5.3035109795697394e-11, 2.2886207493774914e-10, -5.823612027205963e-11, 8.246118638560877e-11, -1.511161994615237e-11, 8.185448391350114e-11, -2.828530630393435e-11, -1.3502984333039728e-10, -3.104144834111738e-10, -7.89232461433276e-12, -7.63816767521212e-11, 1.9029287740488385e-11, 3.8458293882992593e-10, -1.759771658328852e-10, 2.85476513957315e-10, -4.808227355871185e-11]
  plain            : [0, 0, 0, 0, 0, 0, 0, 0, 0, 0, 0, 0, 0, 0, 0, 0, 0, 0, 0, 0]
bootstrapping!!
bootstrapping!!
bootstrapping!!
010-5200-1583  one digit, last group       0       0  -0.0000000002      0      0     32768/32768     1.353e-08       n/a        2.88s      0.46s 261.723ms     0.146ms  bs 27/4
bootstrapping!!
bootstrapping!!
bootstrapping!!
006-5300-4858  original                    1       1   1.0000000006      2      2     32768/32768     1.272e-09     0.9999996839      2.88s      0.46s 257.055ms     0.134ms  bs 27/4
  first 20 slots : [-5.687037566047726e-11, -1.170431009143669e-10, -3.736115866624671e-10, -2.5870870422509942e-11, -5.318956119980806e-11, 6.99420154564081e-11, 2.1007172085761981e-10, -6.982351602491398e-11, 1.7993648578582068e-10, 1.1981649967519467e-11, -3.052307540876633e-11, -1.586524879404475e-10, 2.462804672536011e-10, -3.108303552915007e-10, -3.5135836794488484e-11, 1.4494274850704174e-11, 7.351731798005997e-11, 3.8418783516169956e-10, 1.5861217301645675e-10, 4.977235236268004e-11]
  plain            : [0, 0, 0, 0, 0, 0, 0, 0, 0, 0, 0, 0, 0, 0, 0, 0, 0, 0, 0, 0]
bootstrapping!!
bootstrapping!!
bootstrapping!!
006-5300-4859  one digit, last group       0       0   0.0000000002      0      0     32768/32768     5.781e-09       n/a        2.88s      0.46s 258.413ms     0.151ms  bs 27/4
bootstrapping!!
bootstrapping!!
bootstrapping!!
020-5000-2924  one digit, first group      0       0  -0.0000000002      0      0     32768/32768     2.666e-08       n/a        2.88s      0.46s 307.342ms     0.134ms  bs 27/4
bootstrapping!!
bootstrapping!!
bootstrapping!!
010-5010-2924  one digit, middle group     0       0   0.0000000004      0      0     32768/32768     2.248e-08       n/a        2.88s      0.46s 247.055ms     0.133ms  bs 27/4
bootstrapping!!
bootstrapping!!
bootstrapping!!
010-1111-2222  not in the log              0       0  -0.0000000000      0      0     32768/32768     1.161e-09       n/a        2.88s      0.46s 249.144ms     0.136ms  bs 27/4

 11 queries in total, 0 wrong

Existence bit as the declared bound C grows
query number        C   exp  answer    exist value   verdict      EXIST TIME
--------------------------------------------------------------------------------------------------------
010-5000-2924        32     1       1   1.0000000000     correct          0.44s
010-5000-2924       256     1       1   1.0000000000     correct          0.44s
010-5000-2924      2048     1       1   0.9999999997     correct          0.44s
010-1111-2222        32     0       0  -0.0000000000     correct          0.44s
010-1111-2222       256     0       0   0.0000000003     correct          0.44s
010-1111-2222      2048     0       0  -0.0000000003     correct          0.44s

SUMMARY
  match check  11 queries, 0 wrong
  bound check  6 existence calls over C in [32, 256, 2048] , 0 wrong
Saved: results/result2.txt, results/exp2_niro_match_summary.csv, results/exp2_niro_maxcount_sweep.csv
Device: GPU
Key directory: /root/heaan_setting/FGb/keys/
Keys preloaded: enc, mult, conj, 45 rotation keys
Key loaded
Warm-up encrypt start [GPU]
Warm-up encrypt done
Warm-up bootstrap start
Warm-up bootstrap done

HEAAN ENGINE LOAD SUCCESS [device=GPU]


Avante EDR log: 16 recorded rows, 11 rows with a recorded speed
Query parameters encrypted in 135.603 ms

Speed increase (1 means the speed rose from the previous row)
  cipher [1, 1, 1, 1, 1, 1, 1, 1, 1, 1, 0]
  plain  [1, 1, 1, 1, 1, 1, 1, 1, 1, 1, 0]
  agree  11 / 11
  rows where false   worst reading  2.010e-10
  rows where true    worst reading  0.9999999996   best 1.0000000005
  TIME 0.46 s   PLAIN TIME 0.627 ms   BS 4  CHEB 8

Overspeed (1 means the speed exceeds 60 km/h)
  cipher [0, 0, 0, 0, 0, 0, 1, 1, 1, 1, 0]
  plain  [0, 0, 0, 0, 0, 0, 1, 1, 1, 1, 0]
  agree  11 / 11
  rows where false   worst reading  8.445e-10
  rows where true    worst reading  0.9999999998   best 1.0000000008
  TIME 0.44 s   PLAIN TIME 0.088 ms   BS 4  CHEB 8

Time window: -3000.0 to -1000.0
  cipher [0, 0, 0, 0, 0, 1, 1, 1, 1, 0, 0, 0, 0, 0, 0, 0]
  plain  [0, 0, 0, 0, 0, 1, 1, 1, 1, 0, 0, 0, 0, 0, 0, 0]
  agree  32768 / 32768   (padding included)
  rows where false   worst reading  2.993e-09
  rows where true    worst reading  0.9999999993   best 1.0000000001
  TIME 0.89 s   PLAIN TIME 0.117 ms   BS 8  CHEB 16

row  t_rel  speed |    incr out  p |     over out  p |      win out  p
--------------------------------------------------------------------------
  0   -5020     42 |  1.0000000004  1 | -0.0000000000  0 | -0.0000000004  0
  1   -4520     46 |  0.9999999996  1 | -0.0000000008  0 |  0.0000000000  0
  2   -4020     50 |  1.0000000002  1 |  0.0000000005  0 |  0.0000000002  0
  3   -3520     53 |  1.0000000002  1 | -0.0000000001  0 | -0.0000000002  0
  4   -3020     56 |  0.9999999999  1 | -0.0000000001  0 | -0.0000000004  0
  5   -2520     59 |  1.0000000003  1 | -0.0000000001  0 |  0.9999999993  1
  6   -2020     61 |  1.0000000005  1 |  1.0000000008  1 |  1.0000000001  1
  7   -1520     64 |  1.0000000001  1 |  0.9999999998  1 |  0.9999999997  1
  8   -1020     66 |  1.0000000004  1 |  1.0000000000  1 |  0.9999999999  1
  9    -520     68 |  1.0000000002  1 |  1.0000000001  1 | -0.0000000000  0
 10     -20      5 |  0.0000000002  0 | -0.0000000000  0 |  0.0000000001  0
 11     -20     -1 |             .  . |             .  . |  0.0000000001  0
 12      -3     -1 |             .  . |             .  . |  0.0000000013  0
 13       0     -1 |             .  . |             .  . |  0.0000000004  0
 14       5     -1 |             .  . |             .  . | -0.0000000001  0
 15      11     -1 |             .  . |             .  . |  0.0000000004  0

 3 predicates in total, 0 mismatched
Saved: results/result2.txt, results/exp3_avante_summary.csv, results/exp3_avante_rows.csv
 
 ****************************************************************************** 
 *                                                                            * 
 *               STARTING cba72948-545f-3cab-9ee3-f6078a90bf4e                * 
 *                                                                            * 
 ****************************************************************************** 
 executing: bash
