=== experiment1 start 12:41:24 ===
Device: CPU
Key directory: /root/heaan_setting/FGb/keys/
Key 로드 완료
Warm-up encrypt 시작 [CPU]
Warm-up encrypt 완료
Warm-up bootstrap 시작
Warm-up bootstrap 완료

HEAAN ENGINE LOAD SUCCESS [device=CPU]


Sorento cell-tower log: 32768 of 154272 rows used, 20462 rows with cell coordinates
Query center 37.18897 127.11443

  stat    radius     plain   cipher     agreement   outside worst   inside worst   inside best      TIME     PLAIN TIME
  OK       0.5 km     5784     5784   32768/32768     2.939e-09     0.9999999976   1.0000000027    15.34s      0.225ms
  first 20 slots : [-6.330708735013957e-10, -7.252183853445615e-10, -4.491595984035257e-11, -6.876421654311571e-11, -5.858038498729456e-10, 2.479828564716513e-10, -6.072481406604879e-11, -1.6870460584073044e-10, 4.668456177192581e-10, 9.507407638942311e-10, 1.0016053603239192e-13, 2.34662023123483e-10, 2.8125515187850403e-11, 1.000000000243702, 0.9999999997188553, 3.644278311112147e-10, 7.541184706534713e-11, 1.0000000000592526, 0.9999999999337148, 1.000000000541101]
  plain            : [0, 0, 0, 0, 0, 0, 0, 0, 0, 0, 0, 0, 0, 1, 1, 0, 0, 1, 1, 1]
  OK       1.0 km     5784     5784   32768/32768     3.298e-09     0.9999999970   1.0000000028    13.04s      0.179ms
  first 20 slots : [-9.146007284854818e-10, 7.915867961116874e-11, 4.847439671884501e-10, 1.1320283044291557e-09, 1.38686284678613e-10, 9.200680217702484e-10, 1.6556955806379392e-10, 3.390523417579061e-10, 4.5467724030245904e-10, 1.4544182525000338e-09, 3.4310706186098045e-10, 4.027932671743872e-10, 3.665471336043734e-10, 0.9999999995983528, 1.0000000001840577, 2.3552470828877944e-10, 4.4952011093000075e-10, 0.9999999998933109, 0.9999999999933529, 0.9999999998931719]
  plain            : [0, 0, 0, 0, 0, 0, 0, 0, 0, 0, 0, 0, 0, 1, 1, 0, 0, 1, 1, 1]
  OK       2.0 km     5784     5784   32768/32768     3.580e-09     0.9999999977   1.0000000026    12.87s      0.118ms
  first 20 slots : [1.446002040328409e-09, 2.1003743189140778e-10, -3.2244601433362163e-10, 1.579950614782888e-10, -4.560970490175009e-10, 3.368739731612891e-10, 2.918920660732738e-11, -4.366660366628139e-10, 4.458401980933502e-10, 8.01031574404476e-10, 3.81321914358958e-10, -1.426403336378769e-10, 5.096635271047478e-10, 0.9999999996867619, 1.000000000116322, 1.547549747387252e-10, 4.940524300634617e-10, 0.9999999996613949, 0.9999999995867377, 0.9999999993284753]
  plain            : [0, 0, 0, 0, 0, 0, 0, 0, 0, 0, 0, 0, 0, 1, 1, 0, 0, 1, 1, 1]
  OK       3.0 km    12380    12380   32768/32768     3.351e-09     0.9999999978   1.0000000029    13.17s      0.186ms
  first 20 slots : [6.842720279287562e-10, -1.841382601952546e-11, 3.8063469043336795e-10, 7.249855160651464e-10, 6.38883279613367e-10, 0.9999999994377489, 0.9999999995439456, 1.0000000006198737, 0.9999999996391727, 0.9999999987804928, 0.999999999018481, 0.9999999997613606, 0.9999999996668826, 0.9999999999549897, 1.0000000003111484, 0.9999999997767425, 0.999999999586151, 1.0000000003303575, 1.000000000419464, 1.0000000001864273]
  plain            : [0, 0, 0, 0, 0, 1, 1, 1, 1, 1, 1, 1, 1, 1, 1, 1, 1, 1, 1, 1]
  OK       5.0 km    17370    17370   32768/32768     2.580e-09     0.9999999973   1.0000000023    13.10s      0.124ms
  first 20 slots : [7.796785994607092e-10, 3.282201177512434e-10, 1.8234286303098202e-10, 6.226309468004843e-10, 4.484973503693368e-10, 1.0000000001317453, 0.9999999996876039, 1.0000000003010436, 0.9999999996211393, 0.9999999991865924, 0.999999999633947, 0.9999999998713187, 0.9999999995356134, 0.9999999999167984, 0.9999999992890628, 0.9999999999173992, 0.9999999995457668, 0.9999999998882666, 0.9999999997522637, 1.0000000000172011]
  plain            : [0, 0, 0, 0, 0, 1, 1, 1, 1, 1, 1, 1, 1, 1, 1, 1, 1, 1, 1, 1]
  OK      10.0 km    19410    19410   32768/32768     2.884e-09     0.9999999971   1.0000000026    13.19s      0.118ms
  first 20 slots : [-2.4349111615862284e-10, -2.1804708039141474e-10, -5.107607115029111e-10, 1.394975246427066e-10, 3.441846807561433e-11, 1.0000000005621994, 1.0000000002386182, 0.9999999998557234, 0.9999999998805015, 1.0000000002196086, 1.0000000000903668, 0.9999999999048087, 0.9999999998247765, 1.0000000007204908, 0.9999999997157216, 1.0000000004995167, 1.000000000169361, 1.0000000002709246, 1.0000000000643359, 1.0000000004671032]
  plain            : [0, 0, 0, 0, 0, 1, 1, 1, 1, 1, 1, 1, 1, 1, 1, 1, 1, 1, 1, 1]

 6 queries in total, 0 mismatched
Saved: results/result2.txt, results/exp1_sorento_summary.csv, results/exp1_sorento_slots.csv
=== experiment1 end 12:43:02 ===
=== experiment2 start 12:43:02 ===
Device: CPU
Key directory: /root/heaan_setting/FGb/keys/
Key 로드 완료
Warm-up encrypt 시작 [CPU]
Warm-up encrypt 완료
Warm-up bootstrap 시작
Warm-up bootstrap 완료

HEAAN ENGINE LOAD SUCCESS [device=CPU]


[k5_kitkat] 6820 of 6820 rows used, 246 rows with coordinates
Query center 37.31808 127.12741

  stat    radius     plain   cipher     agreement   outside worst   inside worst   inside best      TIME     PLAIN TIME
  OK       0.2 km        3        3   32768/32768     3.695e-09     0.7981170162   0.9999999997    13.69s      0.124ms
  first 20 slots : [8.25176794144227e-10, 6.103937527886327e-10, 2.3319710235265494e-10, 2.576541829673276e-10, 3.202881987095033e-10, 2.2460997360456304e-10, -9.43781684389814e-12, -5.781925824971382e-11, 3.345804956166829e-11, 1.5420733982426518e-09, 3.5146209980428575e-10, 8.092309191011168e-10, 6.09135455854459e-10, 5.366948497317243e-12, 4.509777249406855e-10, 2.531545192415632e-10, 4.158710888733575e-10, 1.0801132787527162e-10, 4.341057483509959e-10, 3.586830074124308e-10]
  plain            : [0, 0, 0, 0, 0, 0, 0, 0, 0, 0, 0, 0, 0, 0, 0, 0, 0, 0, 0, 0]
  OK       0.5 km       13       13   32768/32768     2.729e-09     0.9999999989   1.0000000003    13.30s      0.117ms
  first 20 slots : [-2.973454426412559e-11, -2.9532366074769914e-10, -2.2584034303955915e-10, -7.434238858041918e-10, 1.0000000002171872, -4.888996114722785e-10, -4.280253925490663e-10, -5.619687140000735e-10, -7.44441691223292e-11, -8.521898435894988e-10, -6.953085522781991e-11, -5.29908402530788e-10, -4.127268914682991e-11, -6.913035236739744e-10, -1.1746131050102285e-10, -1.5218378791964496e-10, -3.4173828599870893e-10, 1.0000000002425355, -4.911118551664985e-10, -1.6111141132422538e-10]
  plain            : [0, 0, 0, 0, 1, 0, 0, 0, 0, 0, 0, 0, 0, 0, 0, 0, 0, 1, 0, 0]
  OK       1.0 km       52       52   32768/32768     4.345e-09     0.9999999993   1.0000000013    13.56s      0.140ms
  first 20 slots : [-2.963081721602567e-10, -4.599296144044364e-10, -1.02878830255962e-09, -8.518444303120473e-10, 1.0000000005106418, -7.231242691327527e-10, -3.671270318192957e-11, -2.1546194660444584e-10, -1.2698715215034685e-10, -6.964608171584885e-10, -4.765907982483917e-10, -1.0087802904870042e-10, -8.023663266400432e-10, -1.0899643579205532e-09, -3.9173323792565303e-10, -6.684104816978537e-10, -4.518204525887296e-10, 1.0000000005559437, -4.1263019438308667e-10, -3.6914712656678283e-10]
  plain            : [0, 0, 0, 0, 1, 0, 0, 0, 0, 0, 0, 0, 0, 0, 0, 0, 0, 1, 0, 0]
  OK       2.0 km       56       56   32768/32768     4.158e-09     0.9999999981   1.0000000015    12.95s      0.123ms
  first 20 slots : [-5.56204044834607e-10, 5.78039742789561e-10, -1.4943717417592693e-11, -4.401982315980684e-10, 1.0000000003439244, 7.681149032374787e-10, 3.004708325265921e-11, 2.038727615807274e-10, -1.9025678415881136e-10, -2.3092448588184814e-10, 3.322009948123512e-10, -3.7842424892088895e-10, 2.6789246301967126e-10, 6.840476705569315e-11, 3.68136708315928e-10, 2.5325124834084916e-11, -3.150767122786787e-11, 1.0000000005752223, -3.102190643248814e-11, -1.1628872891401678e-10]
  plain            : [0, 0, 0, 0, 1, 0, 0, 0, 0, 0, 0, 0, 0, 0, 0, 0, 0, 1, 0, 0]
  OK       3.0 km       58       58   32768/32768     3.308e-09     0.9999999990   1.0000000011    12.95s      9.269ms
  first 20 slots : [-7.045193851580602e-10, -2.509916868515714e-10, -1.6837256597333082e-11, -2.4672827365243283e-10, 1.000000000181068, -7.216948972418111e-11, 3.3165611935794686e-10, -1.3734222261423681e-11, 4.733405423683085e-10, 1.9141883167834306e-11, 3.5308778598942136e-10, 5.989338045206472e-10, 1.6054385755839015e-11, -4.300386121330656e-10, -1.008462120818284e-10, 4.271104329474818e-10, 6.020140884290996e-11, 1.0000000002871463, 1.5305959311867938e-10, 1.140620881802809e-10]
  plain            : [0, 0, 0, 0, 1, 0, 0, 0, 0, 0, 0, 0, 0, 0, 0, 0, 0, 1, 0, 0]
  OK       5.0 km       58       58   32768/32768     2.765e-09     0.9999999981   1.0000000009    13.51s      0.116ms
  first 20 slots : [-4.6148058440119016e-10, -5.458338907882574e-10, 2.60711311965785e-10, -4.135870914446008e-10, 1.0000000002394913, 2.4243310010198983e-10, 4.8941759510188305e-11, -1.1971515769753354e-10, -5.934404724853473e-11, 2.170958836859106e-10, 1.214145032404752e-10, 1.288854333900874e-10, -9.920258183151729e-11, 8.134473926762437e-10, 7.293005067458067e-10, 5.307853416332685e-10, 2.2754381060267628e-10, 1.0000000001483678, 3.094894910512824e-10, -1.5958002854414564e-10]
  plain            : [0, 0, 0, 0, 1, 0, 0, 0, 0, 0, 0, 0, 0, 0, 0, 0, 0, 1, 0, 0]

[k5_jellybean] 613 of 613 rows used, 330 rows with coordinates
Query center 37.86484 127.05997

  stat    radius     plain   cipher     agreement   outside worst   inside worst   inside best      TIME     PLAIN TIME
  OK       0.2 km        4        4   32768/32768     3.840e-09     0.9970101015   1.0000000005    12.54s      0.156ms
  first 20 slots : [1.4177659443369502e-10, -2.0924457166978756e-10, 1.9129664514359235e-11, -2.047861695764428e-11, 3.0923137115147055e-10, 6.198345325135713e-10, 3.96255959429701e-10, -2.394677037212943e-10, -4.423725568627366e-10, 3.591374343837666e-10, -3.4360864726844055e-10, -2.1864202397894873e-10, -1.5831656854258435e-10, 3.118967362729726e-11, -4.94907319744284e-10, -2.471677777874837e-10, 4.9330423904243516e-12, 1.048444799648488e-10, -1.851587643758033e-10, 4.773209848273697e-10]
  plain            : [0, 0, 0, 0, 0, 0, 0, 0, 0, 0, 0, 0, 0, 0, 0, 0, 0, 0, 0, 0]
  OK       0.5 km        4        4   32768/32768     3.372e-09     0.9999999997   1.0000000003    13.56s      0.186ms
  first 20 slots : [-7.037726668273749e-10, 9.042737370594961e-10, -1.4076053716634044e-10, 3.6810473632445616e-10, 1.460350700677004e-10, -3.403403231846447e-10, 5.580742574461694e-10, 2.501734687708127e-10, -2.2647804489513276e-10, 4.125243861606043e-10, 3.788779157615929e-10, 5.292444859436031e-10, 2.946517028822324e-10, -5.499317096029538e-10, -1.014491193187247e-11, 3.3532133927755044e-10, 2.4910190732221972e-11, 9.270451056777955e-10, 1.286182349633736e-10, 2.5817025291529216e-10]
  plain            : [0, 0, 0, 0, 0, 0, 0, 0, 0, 0, 0, 0, 0, 0, 0, 0, 0, 0, 0, 0]
  OK       1.0 km        5        5   32768/32768     3.721e-09     0.9999999997   1.0000000012    13.24s      0.120ms
  first 20 slots : [2.573648531536076e-10, -1.1853778341942203e-09, -3.7634780446950844e-10, 3.594721624191193e-10, -5.177014984127189e-10, 2.3101302559664521e-10, -4.196570468349511e-10, -1.6370456815003075e-10, -5.868997715109336e-10, 2.492363136136399e-10, -7.820744330457723e-10, -7.560074196810488e-11, -1.8690604150163454e-10, -2.1393913650829453e-10, 3.3038386928058006e-10, -3.7330140123411767e-10, 2.512585995135506e-10, -1.7058389501658298e-10, -3.4671204012716607e-10, -2.9197854141615577e-10]
  plain            : [0, 0, 0, 0, 0, 0, 0, 0, 0, 0, 0, 0, 0, 0, 0, 0, 0, 0, 0, 0]
  OK       2.0 km        5        5   32768/32768     2.692e-09     0.9999999992   1.0000000005    13.23s      0.111ms
  first 20 slots : [-4.065893889628006e-11, -7.137510501211293e-10, 2.579172837430776e-10, 5.203008101871796e-10, 3.2132173694003674e-10, -8.275189843156423e-10, -1.14303871195283e-11, -4.6244150456447327e-10, 4.792277096357657e-10, -3.8002962448364725e-10, 4.382669531533861e-11, 1.0684810552483936e-10, 4.891788050310843e-10, 7.405251023904517e-11, 3.9155973700641725e-10, 2.1782468248956243e-12, -4.452933614721028e-10, 5.319207746326139e-10, 3.402752088707298e-10, 5.5821294574175006e-11]
  plain            : [0, 0, 0, 0, 0, 0, 0, 0, 0, 0, 0, 0, 0, 0, 0, 0, 0, 0, 0, 0]
  OK       3.0 km       53       53   32768/32768     3.854e-09     0.9999999992   1.0000000012    12.12s      0.114ms
  first 20 slots : [-4.364282080806676e-11, 1.000000000337517, -8.911545932711297e-11, 0.9999999996375757, -1.9125235088378446e-10, -6.294703439125302e-10, -3.155027066372151e-10, -6.618470461069049e-10, -1.8811731543915882e-10, -2.0197821435091258e-11, -9.86744137014534e-10, 8.747879996040866e-10, -4.190250468739883e-10, 0.9999999996897819, -2.075745727308717e-10, -2.8125822690774006e-10, -3.8717895824994e-10, -4.03343835452771e-10, -1.840582540992087e-10, 1.0000000004510474]
  plain            : [0, 1, 0, 1, 0, 0, 0, 0, 0, 0, 0, 0, 0, 1, 0, 0, 0, 0, 0, 1]
  OK       5.0 km      254      254   32768/32768     3.204e-09     0.9999999988   1.0000000020    12.95s      0.125ms
  first 20 slots : [-1.4273103369081614e-09, 1.0000000002090523, -4.3977109813990505e-11, 0.9999999999744655, 3.989748114483781e-10, 9.718200171099532e-11, 8.71980349447179e-11, -3.0285610392777064e-10, 9.527854385111079e-12, 7.372248348527596e-10, 3.1744874614311487e-10, 3.897706400528913e-10, -1.512591267807971e-10, 0.9999999995898237, -2.545917222653879e-10, 1.012030218124957e-11, 0.9999999997750454, 2.51731742660366e-11, 1.4968142468155036e-10, 0.99999999996864]
  plain            : [0, 1, 0, 1, 0, 0, 0, 0, 0, 0, 0, 0, 0, 1, 0, 0, 1, 0, 0, 1]

SUMMARY
  k5_kitkat         0.2 km  plain      3  cipher      3   match   13.69s / 0.124ms
  k5_kitkat         0.5 km  plain     13  cipher     13   match   13.30s / 0.117ms
  k5_kitkat         1.0 km  plain     52  cipher     52   match   13.56s / 0.140ms
  k5_kitkat         2.0 km  plain     56  cipher     56   match   12.95s / 0.123ms
  k5_kitkat         3.0 km  plain     58  cipher     58   match   12.95s / 9.269ms
  k5_kitkat         5.0 km  plain     58  cipher     58   match   13.51s / 0.116ms
  k5_jellybean      0.2 km  plain      4  cipher      4   match   12.54s / 0.156ms
  k5_jellybean      0.5 km  plain      4  cipher      4   match   13.56s / 0.186ms
  k5_jellybean      1.0 km  plain      5  cipher      5   match   13.24s / 0.120ms
  k5_jellybean      2.0 km  plain      5  cipher      5   match   13.23s / 0.111ms
  k5_jellybean      3.0 km  plain     53  cipher     53   match   12.12s / 0.114ms
  k5_jellybean      5.0 km  plain    254  cipher    254   match   12.95s / 0.125ms

 12 queries in total, 0 mismatched
Saved: results/result2.txt, results/exp2_<dataset>_summary.csv, results/exp2_all_summary.csv
=== experiment2 end 12:45:56 ===
=== experiment3 start 12:45:56 ===
Device: CPU
Key directory: /root/heaan_setting/FGb/keys/
Key 로드 완료
Warm-up encrypt 시작 [CPU]
Warm-up encrypt 완료
Warm-up bootstrap 시작
Warm-up bootstrap 완료

HEAAN ENGINE LOAD SUCCESS [device=CPU]


Niro call log: 204 rows   19 recorded numbers   4 distinct
Number split (3, 4, 4)   normalization denominators (999, 9999, 9999)

Per-row match and existence bit at C = 32
query number   description              exp  answer   exist value    plain  cipher   agreement   nonmatch worst   match worst    MATCH TIME  EXIST TIME  PLAIN TIME
------------------------------------------------------------------------------------------------------------------------------------------------------
bootstrapping!!
bootstrapping!!
bootstrapping!!
010-2013-2924  original                    1       1   1.0000000005     12     12     32768/32768     1.245e-09     0.9999996717     86.07s     13.26s     0.216ms
  first 20 slots : [-4.0429276891438386e-10, 3.13467388091216e-10, 4.5978236335027556e-11, -2.7055902553944045e-10, 8.412692397091928e-11, -1.1499316775963832e-10, -3.5444969536617527e-11, 3.660702612008915e-11, 5.93993178716215e-11, -4.8269682183666636e-11, -1.2706831986113103e-10, -7.094035080218696e-11, -1.465639621385786e-11, 1.0813430123293166e-10, 9.654058334524989e-11, 1.357013591409941e-10, -7.682262424993595e-12, -8.614414261146456e-11, -9.65628004802336e-11, 1.828611524259525e-10]
  plain            : [0, 0, 0, 0, 0, 0, 0, 0, 0, 0, 0, 0, 0, 0, 0, 0, 0, 0, 0, 0]
bootstrapping!!
bootstrapping!!
bootstrapping!!
010-2013-2925  one digit, last group       0       0   0.0000000001      0      0     32768/32768     6.994e-09       n/a       85.28s     13.43s     0.163ms
bootstrapping!!
bootstrapping!!
bootstrapping!!
010-6574-9080  original                    1       1   0.9999999999      3      3     32768/32768     1.481e-09     0.9999996683     84.96s     13.31s     0.218ms
  first 20 slots : [2.5979484546119503e-10, 1.6690890105763014e-10, -4.307495337550246e-12, -3.504258955841249e-10, -1.298928939601564e-10, -3.821617558158627e-11, -2.184237685664476e-11, 7.1413280652387444e-12, 1.20549551894811e-10, 3.5768327620004567e-10, 1.066426422287918e-10, -1.063453083450356e-10, 7.231593661731416e-12, -1.662954821532786e-10, 6.915594005271619e-12, -1.9963851500334082e-11, 5.653778263084826e-11, 1.481188550962795e-10, 7.846436817935157e-11, -3.458421776054843e-11]
  plain            : [0, 0, 0, 0, 0, 0, 0, 0, 0, 0, 0, 0, 0, 0, 0, 0, 0, 0, 0, 0]
bootstrapping!!
bootstrapping!!
bootstrapping!!
010-6574-9081  one digit, last group       0       0  -0.0000000007      0      0     32768/32768     6.413e-09       n/a       83.33s     12.21s     0.365ms
bootstrapping!!
bootstrapping!!
bootstrapping!!
010-2673-1582  original                    1       1   1.0000000004      2      2     32768/32768     1.225e-09     0.9999996915     81.72s     12.84s     0.265ms
  first 20 slots : [-1.911855177923937e-10, 1.0629924512574788e-11, -6.538319605244655e-11, -2.3050376096602224e-10, 1.553898647562e-10, -7.549151058609515e-11, 5.7541475828070666e-11, 3.567789597145251e-10, 3.252352755964646e-11, -6.36966443525001e-11, -1.6177642784778286e-10, -1.720995078008145e-10, -8.708734502378624e-11, 1.392359238284076e-10, -3.619632726418227e-10, -1.4622357231222502e-11, 5.632447203894688e-11, -3.950353175786892e-12, 7.192103605723309e-11, -1.158915708094139e-10]
  plain            : [0, 0, 0, 0, 0, 0, 0, 0, 0, 0, 0, 0, 0, 0, 0, 0, 0, 0, 0, 0]
bootstrapping!!
bootstrapping!!
bootstrapping!!
010-2673-1583  one digit, last group       0       0   0.0000000000      0      0     32768/32768     1.164e-08       n/a       84.09s     12.71s     0.226ms
bootstrapping!!
bootstrapping!!
bootstrapping!!
006-8752-4858  original                    1       1   0.9999999991      2      2     32768/32768     1.357e-09     0.9999996866     83.86s     12.83s     0.178ms
  first 20 slots : [2.5631302910384444e-10, -5.318533887464368e-11, 1.2766125874702629e-10, -2.2209924055320592e-10, -1.1101500002361675e-10, -5.631686541254052e-11, -1.2780600108151271e-11, -9.133610235897729e-11, -1.0503542312545242e-10, -5.345495809007638e-10, 2.094273703557734e-12, -2.0164537657939056e-10, -1.2307744066302988e-10, -3.972279784164531e-10, -9.881239767554424e-11, 1.8885126295113857e-11, -1.6741255653371405e-11, 1.3246367962443656e-10, -5.292388596085592e-12, -7.296918675104628e-11]
  plain            : [0, 0, 0, 0, 0, 0, 0, 0, 0, 0, 0, 0, 0, 0, 0, 0, 0, 0, 0, 0]
bootstrapping!!
bootstrapping!!
bootstrapping!!
006-8752-4859  one digit, last group       0       0   0.0000000005      0      0     32768/32768     1.102e-08       n/a       84.68s     13.02s     0.159ms
bootstrapping!!
bootstrapping!!
bootstrapping!!
020-2013-2924  one digit, first group      0       0  -0.0000000003      0      0     32768/32768     6.117e-08       n/a       86.18s     13.31s     0.251ms
bootstrapping!!
bootstrapping!!
bootstrapping!!
010-2023-2924  one digit, middle group     0       0   0.0000000000      0      0     32768/32768     1.601e-08       n/a       83.00s     12.14s     0.226ms
bootstrapping!!
bootstrapping!!
bootstrapping!!
010-1111-2222  not in the log              0       0   0.0000000004      0      0     32768/32768     1.060e-09       n/a       79.41s     12.32s     0.122ms

 11 queries in total, 0 wrong

Existence bit as the declared bound C grows
query number        C   exp  answer    exist value   verdict      EXIST TIME
--------------------------------------------------------------------------------------------------------
010-2013-2924        32     1       1   1.0000000005     correct         12.26s
010-2013-2924       256     1       1   0.9999999998     correct         12.08s
010-2013-2924      2048     1       1   1.0000000000     correct         12.14s
010-1111-2222        32     0       0   0.0000000004     correct         12.01s
010-1111-2222       256     0       0  -0.0000000001     correct         12.26s
010-1111-2222      2048     0       0  -0.0000000001     correct         12.32s

SUMMARY
  match check  11 queries, 0 wrong
  bound check  6 existence calls over C in [32, 256, 2048] , 0 wrong
Saved: results/result2.txt, results/exp3_niro_match_summary.csv, results/exp3_niro_maxcount_sweep.csv
=== experiment3 end 13:05:11 ===
=== experiment4 start 13:05:11 ===
Device: CPU
Key directory: /root/heaan_setting/FGb/keys/
Key 로드 완료
Warm-up encrypt 시작 [CPU]
Warm-up encrypt 완료
Warm-up bootstrap 시작
Warm-up bootstrap 완료

HEAAN ENGINE LOAD SUCCESS [device=CPU]


Avante EDR log: 16 recorded rows, 11 rows with a recorded speed

속도 증가 여부 (1인 경우 속도가 증가한 것을 의미)
  cipher [1, 1, 1, 1, 1, 1, 1, 1, 1, 1, 0]
  plain  [1, 1, 1, 1, 1, 1, 1, 1, 1, 1, 0]
  agree  11 / 11
  rows where false   worst reading  4.114e-10
  rows where true    worst reading  0.9999999993   best 1.0000000013
  TIME 14.2 s   PLAIN TIME 0.336 ms

속도 위반 여부 (1인 경우 속도가 60보다 크다는 것을 의미)
  cipher [0, 0, 0, 0, 0, 0, 1, 1, 1, 1, 0]
  plain  [0, 0, 0, 0, 0, 0, 1, 1, 1, 1, 0]
  agree  11 / 11
  rows where false   worst reading  1.420e-09
  rows where true    worst reading  0.9999999991   best 1.0000000003
  TIME 13.57 s   PLAIN TIME 0.158 ms

시간 범위: -3000.0 , -1000.0
  cipher [0, 0, 0, 0, 0, 1, 1, 1, 1, 0, 0, 0, 0, 0, 0, 0]
  plain  [0, 0, 0, 0, 0, 1, 1, 1, 1, 0, 0, 0, 0, 0, 0, 0]
  agree  32768 / 32768   (padding included)
  rows where false   worst reading  3.087e-09
  rows where true    worst reading  0.9999999995   best 1.0000000002
  TIME 27.07 s   PLAIN TIME 0.216 ms

row  t_real  speed |    incr out  p |     over out  p |      win out  p
--------------------------------------------------------------------------
  0   -5020     42 |  1.0000000001  1 |  0.0000000014  0 | -0.0000000012  0
  1   -4520     46 |  0.9999999996  1 | -0.0000000007  0 |  0.0000000007  0
  2   -4020     50 |  0.9999999993  1 |  0.0000000006  0 |  0.0000000006  0
  3   -3520     53 |  1.0000000005  1 | -0.0000000006  0 | -0.0000000008  0
  4   -3020     56 |  1.0000000005  1 | -0.0000000003  0 | -0.0000000003  0
  5   -2520     59 |  1.0000000009  1 | -0.0000000001  0 |  0.9999999995  1
  6   -2020     61 |  1.0000000002  1 |  0.9999999992  1 |  0.9999999995  1
  7   -1520     64 |  1.0000000013  1 |  0.9999999991  1 |  1.0000000002  1
  8   -1020     66 |  1.0000000005  1 |  1.0000000003  1 |  0.9999999999  1
  9    -520     68 |  1.0000000002  1 |  0.9999999997  1 | -0.0000000007  0
 10     -20      5 |  0.0000000004  0 |  0.0000000001  0 |  0.0000000005  0
 11     -20     -1 |             .  . |             .  . |  0.0000000005  0
 12      -3     -1 |             .  . |             .  . |  0.0000000005  0
 13       0     -1 |             .  . |             .  . |  0.0000000002  0
 14       5     -1 |             .  . |             .  . | -0.0000000005  0
 15      11     -1 |             .  . |             .  . |  0.0000000004  0

 3 predicates in total, 0 mismatched
Saved: results/result2.txt, results/exp4_avante_summary.csv, results/exp4_avante_rows.csv
=== experiment4 end 13:06:23 ===
